B-7a616ae227c9
╔════════════════════╦════════════════╦═══════════════╦═══════╗
║ Device             ║ Job            ║ State / phase ║ Error ║
╠════════════════════╬════════════════╬═══════════════╬═══════╣
║ chromecast-test-01 ║ J-e01b28ace7cd ║ recording     ║       ║
╠════════════════════╬════════════════╬═══════════════╬═══════╣
║ chromecast-test-02 ║ J-819e6fd27240 ║ recording     ║       ║
╚════════════════════╩════════════════╩═══════════════╩═══════╝
B-7a616ae227c9
╔════════════════════╦════════════════╦═══════════════╦═══════╗
║ Device             ║ Job            ║ State / phase ║ Error ║
╠════════════════════╬════════════════╬═══════════════╬═══════╣
║ chromecast-test-01 ║ J-e01b28ace7cd ║ recording     ║       ║
╠════════════════════╬════════════════╬═══════════════╬═══════╣
║ chromecast-test-02 ║ J-819e6fd27240 ║ downloading   ║       ║
╚════════════════════╩════════════════╩═══════════════╩═══════╝
B-7a616ae227c9
╔════════════════════╦════════════════╦═══════════════╦═══════╗
║ Device             ║ Job            ║ State / phase ║ Error ║
╠════════════════════╬════════════════╬═══════════════╬═══════╣
║ chromecast-test-01 ║ J-e01b28ace7cd ║ downloading   ║       ║
╠════════════════════╬════════════════╬═══════════════╬═══════╣
║ chromecast-test-02 ║ J-819e6fd27240 ║ downloading   ║       ║
╚════════════════════╩════════════════╩═══════════════╩═══════╝
B-7a616ae227c9
╔════════════════════╦════════════════╦═══════════════╦═══════╗
║ Device             ║ Job            ║ State / phase ║ Error ║
╠════════════════════╬════════════════╬═══════════════╬═══════╣
║ chromecast-test-01 ║ J-e01b28ace7cd ║ restoring     ║       ║
╠════════════════════╬════════════════╬═══════════════╬═══════╣
║ chromecast-test-02 ║ J-819e6fd27240 ║ downloading   ║       ║
╚════════════════════╩════════════════╩═══════════════╩═══════╝
B-7a616ae227c9
╔════════════════════╦════════════════╦═══════════════╦═══════╗
║ Device             ║ Job            ║ State / phase ║ Error ║
╠════════════════════╬════════════════╬═══════════════╬═══════╣
║ chromecast-test-01 ║ J-e01b28ace7cd ║ completed     ║       ║
╠════════════════════╬════════════════╬═══════════════╬═══════╣
║ chromecast-test-02 ║ J-819e6fd27240 ║ downloading   ║       ║
╚════════════════════╩════════════════╩═══════════════╩═══════╝
B-7a616ae227c9
╔════════════════════╦════════════════╦═══════════════╦═══════╗
║ Device             ║ Job            ║ State / phase ║ Error ║
╠════════════════════╬════════════════╬═══════════════╬═══════╣
║ chromecast-test-01 ║ J-e01b28ace7cd ║ completed     ║       ║
╠════════════════════╬════════════════╬═══════════════╬═══════╣
║ chromecast-test-02 ║ J-819e6fd27240 ║ restoring     ║       ║
╚════════════════════╩════════════════╩═══════════════╩═══════╝
B-7a616ae227c9
╔════════════════════╦════════════════╦═══════════════╦═══════╗
║ Device             ║ Job            ║ State / phase ║ Error ║
╠════════════════════╬════════════════╬═══════════════╬═══════╣
║ chromecast-test-01 ║ J-e01b28ace7cd ║ completed     ║       ║
╠════════════════════╬════════════════╬═══════════════╬═══════╣
║ chromecast-test-02 ║ J-819e6fd27240 ║ completed     ║       ║
╚════════════════════╩════════════════╩═══════════════╩═══════╝
