[0/2] Re-checking globbed directories...
[1/301] Building C object CMakeFiles/zforth.dir/engine/vendor/zforth-41db72d1/src/zforth/zforth.c.o
[2/301] Building CXX object CMakeFiles/Jolt.dir/engine/vendor/jolt-physics-5.5.0/Jolt/Core/Color.cpp.o
[3/301] Building CXX object CMakeFiles/Jolt.dir/engine/vendor/jolt-physics-5.5.0/Jolt/AABBTree/AABBTreeBuilder.cpp.o
[4/301] Building CXX object CMakeFiles/Jolt.dir/engine/vendor/jolt-physics-5.5.0/Jolt/Core/IssueReporting.cpp.o
[5/301] Building CXX object CMakeFiles/Jolt.dir/engine/vendor/jolt-physics-5.5.0/Jolt/Core/Factory.cpp.o
[6/301] Building CXX object CMakeFiles/Jolt.dir/engine/vendor/jolt-physics-5.5.0/Jolt/Core/JobSystemSingleThreaded.cpp.o
[7/301] Building CXX object CMakeFiles/Jolt.dir/engine/vendor/jolt-physics-5.5.0/Jolt/Core/JobSystemWithBarrier.cpp.o
[8/301] Building CXX object CMakeFiles/Jolt.dir/engine/vendor/jolt-physics-5.5.0/Jolt/Core/LinearCurve.cpp.o
[9/301] Building CXX object CMakeFiles/Jolt.dir/engine/vendor/jolt-physics-5.5.0/Jolt/Core/JobSystemThreadPool.cpp.o
[10/301] Building CXX object CMakeFiles/Jolt.dir/engine/vendor/jolt-physics-5.5.0/Jolt/Core/Memory.cpp.o
[11/301] Building CXX object CMakeFiles/Jolt.dir/engine/vendor/jolt-physics-5.5.0/Jolt/Core/Profiler.cpp.o
[12/301] Building CXX object CMakeFiles/Jolt.dir/engine/vendor/jolt-physics-5.5.0/Jolt/Core/RTTI.cpp.o
[13/301] Building CXX object CMakeFiles/Jolt.dir/engine/vendor/jolt-physics-5.5.0/Jolt/Core/Semaphore.cpp.o
[14/301] Building CXX object CMakeFiles/Jolt.dir/engine/vendor/jolt-physics-5.5.0/Jolt/Core/StringTools.cpp.o
[15/301] Building CXX object CMakeFiles/Jolt.dir/engine/vendor/jolt-physics-5.5.0/Jolt/Core/TickCounter.cpp.o
[16/301] Building CXX object CMakeFiles/Jolt.dir/engine/vendor/jolt-physics-5.5.0/Jolt/Geometry/ConvexHullBuilder2D.cpp.o
[17/301] Building CXX object CMakeFiles/Jolt.dir/engine/vendor/jolt-physics-5.5.0/Jolt/Geometry/ConvexHullBuilder.cpp.o
[18/301] Building CXX object CMakeFiles/Jolt.dir/engine/vendor/jolt-physics-5.5.0/Jolt/Geometry/Indexify.cpp.o
[19/301] Building CXX object CMakeFiles/Jolt.dir/engine/vendor/jolt-physics-5.5.0/Jolt/Math/Vec3.cpp.o
[20/301] Building CXX object CMakeFiles/Jolt.dir/engine/vendor/jolt-physics-5.5.0/Jolt/ObjectStream/SerializableObject.cpp.o
[21/301] Building CXX object CMakeFiles/Jolt.dir/engine/vendor/jolt-physics-5.5.0/Jolt/Geometry/OrientedBox.cpp.o
[22/301] Building CXX object CMakeFiles/Jolt.dir/engine/vendor/jolt-physics-5.5.0/Jolt/Physics/Body/Body.cpp.o
[23/301] Building CXX object CMakeFiles/Jolt.dir/engine/vendor/jolt-physics-5.5.0/Jolt/Physics/Body/BodyCreationSettings.cpp.o
[24/301] Building CXX object CMakeFiles/Jolt.dir/engine/vendor/jolt-physics-5.5.0/Jolt/Physics/Body/BodyInterface.cpp.o
[25/301] Building CXX object CMakeFiles/Jolt.dir/engine/vendor/jolt-physics-5.5.0/Jolt/Physics/Body/BodyManager.cpp.o
[26/301] Building CXX object CMakeFiles/Jolt.dir/engine/vendor/jolt-physics-5.5.0/Jolt/Physics/Body/MassProperties.cpp.o
[27/301] Building CXX object CMakeFiles/Jolt.dir/engine/vendor/jolt-physics-5.5.0/Jolt/Physics/Body/MotionProperties.cpp.o
[28/301] Building CXX object CMakeFiles/Jolt.dir/engine/vendor/jolt-physics-5.5.0/Jolt/Physics/Character/CharacterBase.cpp.o
[29/301] Building CXX object CMakeFiles/Jolt.dir/engine/vendor/jolt-physics-5.5.0/Jolt/Physics/Character/Character.cpp.o
[30/301] Building CXX object CMakeFiles/Jolt.dir/engine/vendor/jolt-physics-5.5.0/Jolt/Physics/Collision/BroadPhase/BroadPhase.cpp.o
[31/301] Building CXX object CMakeFiles/Jolt.dir/engine/vendor/jolt-physics-5.5.0/Jolt/Physics/Collision/BroadPhase/BroadPhaseBruteForce.cpp.o
[32/301] Building CXX object CMakeFiles/Jolt.dir/engine/vendor/jolt-physics-5.5.0/Jolt/Physics/Collision/BroadPhase/BroadPhaseQuadTree.cpp.o
[33/301] Building CXX object CMakeFiles/Jolt.dir/engine/vendor/jolt-physics-5.5.0/Jolt/Physics/Character/CharacterVirtual.cpp.o
[34/301] Building CXX object CMakeFiles/Jolt.dir/engine/vendor/jolt-physics-5.5.0/Jolt/Physics/Collision/BroadPhase/QuadTree.cpp.o
[35/301] Building CXX object CMakeFiles/Jolt.dir/engine/vendor/jolt-physics-5.5.0/Jolt/Physics/Collision/CastSphereVsTriangles.cpp.o
[36/301] Building CXX object CMakeFiles/Jolt.dir/engine/vendor/jolt-physics-5.5.0/Jolt/Physics/Collision/CastConvexVsTriangles.cpp.o
[37/301] Building CXX object CMakeFiles/Jolt.dir/engine/vendor/jolt-physics-5.5.0/Jolt/Physics/Collision/CollideConvexVsTriangles.cpp.o
[38/301] Building CXX object CMakeFiles/Jolt.dir/engine/vendor/jolt-physics-5.5.0/Jolt/Physics/Collision/CollisionDispatch.cpp.o
[39/301] Building CXX object CMakeFiles/Jolt.dir/engine/vendor/jolt-physics-5.5.0/Jolt/Physics/Collision/CollideSphereVsTriangles.cpp.o
[40/301] Building CXX object CMakeFiles/Jolt.dir/engine/vendor/jolt-physics-5.5.0/Jolt/Physics/Collision/CollisionGroup.cpp.o
[41/301] Building CXX object CMakeFiles/Jolt.dir/engine/vendor/jolt-physics-5.5.0/Jolt/Physics/Collision/EstimateCollisionResponse.cpp.o
[42/301] Building CXX object CMakeFiles/Jolt.dir/engine/vendor/jolt-physics-5.5.0/Jolt/Physics/Collision/GroupFilter.cpp.o
[43/301] Building CXX object CMakeFiles/Jolt.dir/engine/vendor/jolt-physics-5.5.0/Jolt/Physics/Collision/GroupFilterTable.cpp.o
[44/301] Building CXX object CMakeFiles/Jolt.dir/engine/vendor/jolt-physics-5.5.0/Jolt/Physics/Collision/ManifoldBetweenTwoFaces.cpp.o
[45/301] Building CXX object CMakeFiles/Jolt.dir/engine/vendor/jolt-physics-5.5.0/Jolt/Physics/Collision/NarrowPhaseStats.cpp.o
[46/301] Building CXX object CMakeFiles/Jolt.dir/engine/vendor/jolt-physics-5.5.0/Jolt/Physics/Collision/PhysicsMaterial.cpp.o
[47/301] Building CXX object CMakeFiles/Jolt.dir/engine/vendor/jolt-physics-5.5.0/Jolt/Physics/Collision/NarrowPhaseQuery.cpp.o
[48/301] Building CXX object CMakeFiles/Jolt.dir/engine/vendor/jolt-physics-5.5.0/Jolt/Physics/Collision/PhysicsMaterialSimple.cpp.o
[49/301] Building CXX object CMakeFiles/Jolt.dir/engine/vendor/jolt-physics-5.5.0/Jolt/Physics/Collision/Shape/CapsuleShape.cpp.o
[50/301] Building CXX object CMakeFiles/Jolt.dir/engine/vendor/jolt-physics-5.5.0/Jolt/Physics/Collision/Shape/BoxShape.cpp.o
[51/301] Building CXX object CMakeFiles/Jolt.dir/engine/vendor/jolt-physics-5.5.0/Jolt/Physics/Collision/Shape/CompoundShape.cpp.o
[52/301] Building CXX object CMakeFiles/Jolt.dir/engine/vendor/jolt-physics-5.5.0/Jolt/Physics/Collision/Shape/ConvexHullShape.cpp.o
[53/301] Building CXX object CMakeFiles/Jolt.dir/engine/vendor/jolt-physics-5.5.0/Jolt/Physics/Collision/Shape/CylinderShape.cpp.o
[54/301] Building CXX object CMakeFiles/Jolt.dir/engine/vendor/jolt-physics-5.5.0/Jolt/Physics/Collision/Shape/DecoratedShape.cpp.o
[55/301] Building CXX object CMakeFiles/Jolt.dir/engine/vendor/jolt-physics-5.5.0/Jolt/Physics/Collision/Shape/EmptyShape.cpp.o
[56/301] Building CXX object CMakeFiles/Jolt.dir/engine/vendor/jolt-physics-5.5.0/Jolt/Physics/Collision/Shape/ConvexShape.cpp.o
[57/301] Building CXX object CMakeFiles/Jolt.dir/engine/vendor/jolt-physics-5.5.0/Jolt/Physics/Collision/Shape/OffsetCenterOfMassShape.cpp.o
[58/301] Building CXX object CMakeFiles/Jolt.dir/engine/vendor/jolt-physics-5.5.0/Jolt/Physics/Collision/Shape/MutableCompoundShape.cpp.o
[59/301] Building CXX object CMakeFiles/Jolt.dir/engine/vendor/jolt-physics-5.5.0/Jolt/Physics/Collision/Shape/PlaneShape.cpp.o
[60/301] Building CXX object CMakeFiles/Jolt.dir/engine/vendor/jolt-physics-5.5.0/Jolt/Physics/Collision/Shape/HeightFieldShape.cpp.o
[61/301] Building CXX object CMakeFiles/Jolt.dir/engine/vendor/jolt-physics-5.5.0/Jolt/Physics/Collision/Shape/RotatedTranslatedShape.cpp.o
[62/301] Building CXX object CMakeFiles/Jolt.dir/engine/vendor/jolt-physics-5.5.0/Jolt/Physics/Collision/Shape/ScaledShape.cpp.o
[63/301] Building CXX object CMakeFiles/Jolt.dir/engine/vendor/jolt-physics-5.5.0/Jolt/Physics/Collision/Shape/MeshShape.cpp.o
[64/301] Building CXX object CMakeFiles/Jolt.dir/engine/vendor/jolt-physics-5.5.0/Jolt/Physics/Collision/Shape/SphereShape.cpp.o
[65/301] Building CXX object CMakeFiles/Jolt.dir/engine/vendor/jolt-physics-5.5.0/Jolt/Physics/Collision/Shape/TaperedCapsuleShape.cpp.o
[66/301] Building CXX object CMakeFiles/Jolt.dir/engine/vendor/jolt-physics-5.5.0/Jolt/Physics/Collision/Shape/Shape.cpp.o
[67/301] Building CXX object CMakeFiles/Jolt.dir/engine/vendor/jolt-physics-5.5.0/Jolt/Physics/Collision/Shape/TaperedCylinderShape.cpp.o
[68/301] Building CXX object CMakeFiles/Jolt.dir/engine/vendor/jolt-physics-5.5.0/Jolt/Physics/Collision/Shape/StaticCompoundShape.cpp.o
[69/301] Building CXX object CMakeFiles/Jolt.dir/engine/vendor/jolt-physics-5.5.0/Jolt/Physics/Collision/TransformedShape.cpp.o
[70/301] Building CXX object CMakeFiles/Jolt.dir/engine/vendor/jolt-physics-5.5.0/Jolt/Physics/Collision/Shape/TriangleShape.cpp.o
[71/301] Building CXX object CMakeFiles/Jolt.dir/engine/vendor/jolt-physics-5.5.0/Jolt/Physics/Constraints/ConeConstraint.cpp.o
[72/301] Building CXX object CMakeFiles/Jolt.dir/engine/vendor/jolt-physics-5.5.0/Jolt/Physics/Constraints/Constraint.cpp.o
[73/301] Building CXX object CMakeFiles/Jolt.dir/engine/vendor/jolt-physics-5.5.0/Jolt/Physics/Constraints/ConstraintManager.cpp.o
[74/301] Building CXX object CMakeFiles/Jolt.dir/engine/vendor/jolt-physics-5.5.0/Jolt/Physics/Constraints/DistanceConstraint.cpp.o
[75/301] Building CXX object CMakeFiles/Jolt.dir/engine/vendor/jolt-physics-5.5.0/Jolt/Physics/Constraints/FixedConstraint.cpp.o
[76/301] Building CXX object CMakeFiles/Jolt.dir/engine/vendor/jolt-physics-5.5.0/Jolt/Physics/Constraints/GearConstraint.cpp.o
[77/301] Building CXX object CMakeFiles/Jolt.dir/engine/vendor/jolt-physics-5.5.0/Jolt/Physics/Constraints/ContactConstraintManager.cpp.o
[78/301] Building CXX object CMakeFiles/Jolt.dir/engine/vendor/jolt-physics-5.5.0/Jolt/Physics/Constraints/HingeConstraint.cpp.o
[79/301] Building CXX object CMakeFiles/Jolt.dir/engine/vendor/jolt-physics-5.5.0/Jolt/Physics/Constraints/MotorSettings.cpp.o
[80/301] Building CXX object CMakeFiles/Jolt.dir/engine/vendor/jolt-physics-5.5.0/Jolt/Physics/Constraints/PathConstraintPath.cpp.o
[81/301] Building CXX object CMakeFiles/Jolt.dir/engine/vendor/jolt-physics-5.5.0/Jolt/Physics/Constraints/PathConstraint.cpp.o
[82/301] Building CXX object CMakeFiles/Jolt.dir/engine/vendor/jolt-physics-5.5.0/Jolt/Physics/Constraints/PathConstraintPathHermite.cpp.o
[83/301] Building CXX object CMakeFiles/Jolt.dir/engine/vendor/jolt-physics-5.5.0/Jolt/Physics/Constraints/PointConstraint.cpp.o
[84/301] Building CXX object CMakeFiles/Jolt.dir/engine/vendor/jolt-physics-5.5.0/Jolt/Physics/Constraints/PulleyConstraint.cpp.o
[85/301] Building CXX object CMakeFiles/Jolt.dir/engine/vendor/jolt-physics-5.5.0/Jolt/Physics/Constraints/RackAndPinionConstraint.cpp.o
[86/301] Building CXX object CMakeFiles/Jolt.dir/engine/vendor/jolt-physics-5.5.0/Jolt/Physics/Constraints/SixDOFConstraint.cpp.o
[87/301] Building CXX object CMakeFiles/Jolt.dir/engine/vendor/jolt-physics-5.5.0/Jolt/Physics/Constraints/SliderConstraint.cpp.o
[88/301] Building CXX object CMakeFiles/Jolt.dir/engine/vendor/jolt-physics-5.5.0/Jolt/Physics/Constraints/SpringSettings.cpp.o
[89/301] Building CXX object CMakeFiles/Jolt.dir/engine/vendor/jolt-physics-5.5.0/Jolt/Physics/Constraints/TwoBodyConstraint.cpp.o
[90/301] Building CXX object CMakeFiles/Jolt.dir/engine/vendor/jolt-physics-5.5.0/Jolt/Physics/DeterminismLog.cpp.o
[91/301] Building CXX object CMakeFiles/Jolt.dir/engine/vendor/jolt-physics-5.5.0/Jolt/Physics/Constraints/SwingTwistConstraint.cpp.o
[92/301] Building CXX object CMakeFiles/Jolt.dir/engine/vendor/jolt-physics-5.5.0/Jolt/Physics/IslandBuilder.cpp.o
[93/301] Building CXX object CMakeFiles/Jolt.dir/engine/vendor/jolt-physics-5.5.0/Jolt/Physics/LargeIslandSplitter.cpp.o
[94/301] Building CXX object CMakeFiles/Jolt.dir/engine/vendor/jolt-physics-5.5.0/Jolt/Physics/PhysicsUpdateContext.cpp.o
[95/301] Building CXX object CMakeFiles/Jolt.dir/engine/vendor/jolt-physics-5.5.0/Jolt/Physics/PhysicsScene.cpp.o
[96/301] Building CXX object CMakeFiles/Jolt.dir/engine/vendor/jolt-physics-5.5.0/Jolt/Physics/SoftBody/SoftBodyCreationSettings.cpp.o
[97/301] Building CXX object CMakeFiles/Jolt.dir/engine/vendor/jolt-physics-5.5.0/Jolt/Physics/Ragdoll/Ragdoll.cpp.o
[98/301] Building CXX object CMakeFiles/Jolt.dir/engine/vendor/jolt-physics-5.5.0/Jolt/Physics/SoftBody/SoftBodyMotionProperties.cpp.o
[99/301] Building CXX object CMakeFiles/Jolt.dir/engine/vendor/jolt-physics-5.5.0/Jolt/Physics/SoftBody/SoftBodyShape.cpp.o
[100/301] Building CXX object CMakeFiles/Jolt.dir/engine/vendor/jolt-physics-5.5.0/Jolt/Physics/StateRecorderImpl.cpp.o
[101/301] Building CXX object CMakeFiles/Jolt.dir/engine/vendor/jolt-physics-5.5.0/Jolt/Physics/PhysicsSystem.cpp.o
[102/301] Building CXX object CMakeFiles/Jolt.dir/engine/vendor/jolt-physics-5.5.0/Jolt/Physics/Vehicle/MotorcycleController.cpp.o
[103/301] Building CXX object CMakeFiles/Jolt.dir/engine/vendor/jolt-physics-5.5.0/Jolt/Physics/Vehicle/VehicleAntiRollBar.cpp.o
[104/301] Building CXX object CMakeFiles/Jolt.dir/engine/vendor/jolt-physics-5.5.0/Jolt/Physics/Vehicle/TrackedVehicleController.cpp.o
[105/301] Building CXX object CMakeFiles/Jolt.dir/engine/vendor/jolt-physics-5.5.0/Jolt/Physics/SoftBody/SoftBodySharedSettings.cpp.o
[106/301] Building CXX object CMakeFiles/Jolt.dir/engine/vendor/jolt-physics-5.5.0/Jolt/Physics/Vehicle/VehicleCollisionTester.cpp.o
[107/301] Building CXX object CMakeFiles/Jolt.dir/engine/vendor/jolt-physics-5.5.0/Jolt/Physics/Vehicle/VehicleController.cpp.o
[108/301] Building CXX object CMakeFiles/Jolt.dir/engine/vendor/jolt-physics-5.5.0/Jolt/Physics/Vehicle/VehicleDifferential.cpp.o
[109/301] Building CXX object CMakeFiles/Jolt.dir/engine/vendor/jolt-physics-5.5.0/Jolt/Physics/Vehicle/VehicleEngine.cpp.o
[110/301] Building CXX object CMakeFiles/Jolt.dir/engine/vendor/jolt-physics-5.5.0/Jolt/Physics/Vehicle/VehicleConstraint.cpp.o
[111/301] Building CXX object CMakeFiles/Jolt.dir/engine/vendor/jolt-physics-5.5.0/Jolt/Physics/Vehicle/VehicleTrack.cpp.o
[112/301] Building CXX object CMakeFiles/Jolt.dir/engine/vendor/jolt-physics-5.5.0/Jolt/Physics/Vehicle/VehicleTransmission.cpp.o
[113/301] Building CXX object CMakeFiles/Jolt.dir/engine/vendor/jolt-physics-5.5.0/Jolt/Physics/Vehicle/Wheel.cpp.o
[114/301] Building CXX object CMakeFiles/Jolt.dir/engine/vendor/jolt-physics-5.5.0/Jolt/RegisterTypes.cpp.o
[115/301] Building CXX object CMakeFiles/Jolt.dir/engine/vendor/jolt-physics-5.5.0/Jolt/Renderer/DebugRenderer.cpp.o
[116/301] Building CXX object CMakeFiles/Jolt.dir/engine/vendor/jolt-physics-5.5.0/Jolt/Physics/Vehicle/WheeledVehicleController.cpp.o
[117/301] Building CXX object CMakeFiles/Jolt.dir/engine/vendor/jolt-physics-5.5.0/Jolt/Renderer/DebugRendererPlayback.cpp.o
[118/301] Building CXX object CMakeFiles/Jolt.dir/engine/vendor/jolt-physics-5.5.0/Jolt/Renderer/DebugRendererRecorder.cpp.o
[119/301] Building CXX object CMakeFiles/Jolt.dir/engine/vendor/jolt-physics-5.5.0/Jolt/Renderer/DebugRendererSimple.cpp.o
[120/301] Building CXX object CMakeFiles/Jolt.dir/engine/vendor/jolt-physics-5.5.0/Jolt/Skeleton/SkeletalAnimation.cpp.o
[121/301] Building CXX object CMakeFiles/Jolt.dir/engine/vendor/jolt-physics-5.5.0/Jolt/Skeleton/Skeleton.cpp.o
[122/301] Building CXX object CMakeFiles/Jolt.dir/engine/vendor/jolt-physics-5.5.0/Jolt/Skeleton/SkeletonPose.cpp.o
[123/301] Building CXX object CMakeFiles/Jolt.dir/engine/vendor/jolt-physics-5.5.0/Jolt/Skeleton/SkeletonMapper.cpp.o
[124/301] Building CXX object CMakeFiles/Jolt.dir/engine/vendor/jolt-physics-5.5.0/Jolt/TriangleSplitter/TriangleSplitter.cpp.o
[125/301] Linking C static library libzforth.a
[126/301] Building CXX object CMakeFiles/Jolt.dir/engine/vendor/jolt-physics-5.5.0/Jolt/TriangleSplitter/TriangleSplitterBinning.cpp.o
[127/301] Building CXX object CMakeFiles/Jolt.dir/engine/vendor/jolt-physics-5.5.0/Jolt/TriangleSplitter/TriangleSplitterMean.cpp.o
[128/301] Linking CXX static library libJolt.a
[129/301] Generating runtime-properties/libwf_attr_edit.a
   Compiling wf_oad v0.1.0 (/home/will/WorldFoundry-wbniv/.worktrees/teleport-audit/wftools/wf_oad)
   Compiling wf_attr_schema v0.1.0 (/home/will/WorldFoundry-wbniv/.worktrees/teleport-audit/wftools/wf_attr_schema)
   Compiling wf_attr_validate v0.1.0 (/home/will/WorldFoundry-wbniv/.worktrees/teleport-audit/wftools/wf_attr_validate)
   Compiling wf_attr_edit v0.1.0 (/home/will/WorldFoundry-wbniv/.worktrees/teleport-audit/wftools/wf_attr_edit)
    Finished `release` profile [optimized] target(s) in 1.57s
[130/301] Building CXX object CMakeFiles/wfengine.dir/wfsource/source/pigsys/_atexit.cc.o
[131/301] Building CXX object CMakeFiles/wfengine.dir/wfsource/source/pigsys/endian.cc.o
[132/301] Building CXX object CMakeFiles/wfengine.dir/wfsource/source/pigsys/assert.cc.o
[133/301] Building CXX object CMakeFiles/wfengine.dir/wfsource/source/pigsys/_cf_linux.cc.o
[134/301] Building CXX object CMakeFiles/wfengine.dir/wfsource/source/pigsys/fatal.cc.o
[135/301] Building CXX object CMakeFiles/wfengine.dir/wfsource/source/pigsys/pigsys.cc.o
[136/301] Building CXX object CMakeFiles/wfengine.dir/wfsource/source/pigsys/new.cc.o
[137/301] Building CXX object CMakeFiles/wfengine.dir/wfsource/source/pigsys/stack.cc.o
[138/301] Building CXX object CMakeFiles/wfengine.dir/wfsource/source/streams/binstrm.cc.o
[139/301] Building CXX object CMakeFiles/wfengine.dir/wfsource/source/cpplib/range.cc.o
[140/301] Building CXX object CMakeFiles/wfengine.dir/wfsource/source/math/angle.cc.o
[141/301] Building CXX object CMakeFiles/wfengine.dir/wfsource/source/math/euler.cc.o
[142/301] Building CXX object CMakeFiles/wfengine.dir/wfsource/source/math/plane.cc.o
[143/301] Building CXX object CMakeFiles/wfengine.dir/wfsource/source/math/matrix34.cc.o
[144/301] Building CXX object CMakeFiles/wfengine.dir/wfsource/source/math/scalar.cc.o
[145/301] Building CXX object CMakeFiles/wfengine.dir/wfsource/source/math/vector2.cc.o
[146/301] Building CXX object CMakeFiles/wfengine.dir/wfsource/source/math/vector3.cc.o
[147/301] Building CXX object CMakeFiles/wfengine.dir/wfsource/source/memory/dmalloc.cc.o
[148/301] Building CXX object CMakeFiles/wfengine.dir/wfsource/source/memory/lmalloc.cc.o
[149/301] Building CXX object CMakeFiles/wfengine.dir/wfsource/source/memory/memory.cc.o
[150/301] Building CXX object CMakeFiles/wfengine.dir/wfsource/source/memory/mempool.cc.o
[151/301] Building CXX object CMakeFiles/wfengine.dir/wfsource/source/memory/pooltest.cc.o
[152/301] Building CXX object CMakeFiles/wfengine.dir/wfsource/source/memory/realmalloc.cc.o
[153/301] Building CXX object CMakeFiles/wfengine.dir/wfsource/source/iff/disktoc.cc.o
[154/301] Building CXX object CMakeFiles/wfengine.dir/wfsource/source/iff/iffread.cc.o
[155/301] Building CXX object CMakeFiles/wfengine.dir/wfsource/source/mailbox/mailbox.cc.o
[156/301] Building CXX object CMakeFiles/wfengine.dir/wfsource/source/hal/_list.cc.o
[157/301] Building CXX object CMakeFiles/wfengine.dir/wfsource/source/hal/asset_accessor.cc.o
[158/301] Building CXX object CMakeFiles/wfengine.dir/wfsource/source/hal/dfhd.cc.o
[159/301] Building CXX object CMakeFiles/wfengine.dir/wfsource/source/hal/diskfile.cc.o
[160/301] Building CXX object CMakeFiles/wfengine.dir/wfsource/source/hal/general.cc.o
[161/301] Building CXX object CMakeFiles/wfengine.dir/wfsource/source/hal/hal.cc.o
[162/301] Building CXX object CMakeFiles/wfengine.dir/wfsource/source/hal/mempool.cc.o
[163/301] Building CXX object CMakeFiles/wfengine.dir/wfsource/source/hal/message.cc.o
[164/301] Building CXX object CMakeFiles/wfengine.dir/wfsource/source/hal/salloc.cc.o
[165/301] Building CXX object CMakeFiles/wfengine.dir/wfsource/source/hal/android/audio.cc.o
[166/301] Building CXX object CMakeFiles/wfengine.dir/wfsource/source/hal/sjoystic.cc.o
[167/301] Building CXX object CMakeFiles/wfengine.dir/wfsource/source/hal/android/lifecycle.cc.o
[168/301] Building CXX object CMakeFiles/wfengine.dir/wfsource/source/hal/time.cc.o
[169/301] Building CXX object CMakeFiles/wfengine.dir/wfsource/source/hal/android/asset_accessor_aasset.cc.o
[170/301] Building CXX object CMakeFiles/wfengine.dir/wfsource/source/hal/android/input.cc.o
[171/301] Building CXX object CMakeFiles/wfengine.dir/wfsource/source/gfx/callbacks.cc.o
[172/301] Building CXX object CMakeFiles/wfengine.dir/wfsource/source/hal/android/platform.cc.o
[173/301] Building CXX object CMakeFiles/wfengine.dir/wfsource/source/gfx/camera.cc.o
[174/301] Building CXX object CMakeFiles/wfengine.dir/wfsource/source/gfx/ccyc.cc.o
[175/301] Building CXX object CMakeFiles/wfengine.dir/wfsource/source/gfx/color.cc.o
[176/301] Building CXX object CMakeFiles/wfengine.dir/wfsource/source/gfx/ccycle.cc.o
[177/301] Building CXX object CMakeFiles/wfengine.dir/wfsource/source/gfx/handle.cc.o
[178/301] Building CXX object CMakeFiles/wfengine.dir/wfsource/source/gfx/pixelmap.cc.o
[179/301] Building CXX object CMakeFiles/wfengine.dir/wfsource/source/gfx/material.cc.o
[180/301] Building CXX object CMakeFiles/wfengine.dir/wfsource/source/gfx/display.cc.o
[181/301] Building CXX object CMakeFiles/wfengine.dir/wfsource/source/gfx/rendmatt.cc.o
[182/301] Building CXX object CMakeFiles/wfengine.dir/wfsource/source/gfx/rendobj2.cc.o
[183/301] Building CXX object CMakeFiles/wfengine.dir/wfsource/source/gfx/rmuv.cc.o
[184/301] Building CXX object CMakeFiles/wfengine.dir/wfsource/source/gfx/rendobj3.cc.o
[185/301] Building CXX object CMakeFiles/wfengine.dir/wfsource/source/gfx/gl/host_gl_context.cc.o
[186/301] Building CXX object CMakeFiles/wfengine.dir/wfsource/source/gfx/texture.cc.o
[187/301] Building CXX object CMakeFiles/wfengine.dir/wfsource/source/gfx/viewport.cc.o
[188/301] Building CXX object CMakeFiles/wfengine.dir/wfsource/source/gfx/vmem.cc.o
[189/301] Building CXX object CMakeFiles/wfengine.dir/wfsource/source/gfx/glpipeline/backend_factory.cc.o
[190/301] Building CXX object CMakeFiles/wfengine.dir/wfsource/source/gfx/glpipeline/rendfcl.cc.o
[191/301] Building CXX object CMakeFiles/wfengine.dir/wfsource/source/gfx/glpipeline/backend_modern.cc.o
[192/301] Building CXX object CMakeFiles/wfengine.dir/wfsource/source/gfx/glpipeline/rendfcp.cc.o
[193/301] Building CXX object CMakeFiles/wfengine.dir/wfsource/source/gfx/glpipeline/rendftl.cc.o
[194/301] Building CXX object CMakeFiles/wfengine.dir/wfsource/source/gfx/glpipeline/rendgcl.cc.o
[195/301] Building CXX object CMakeFiles/wfengine.dir/wfsource/source/gfx/glpipeline/rendgcp.cc.o
[196/301] Building CXX object CMakeFiles/wfengine.dir/wfsource/source/gfx/glpipeline/rendftp.cc.o
[197/301] Building CXX object CMakeFiles/wfengine.dir/wfsource/source/gfx/glpipeline/rendgtl.cc.o
[198/301] Building CXX object CMakeFiles/wfengine.dir/wfsource/source/input/inputdig.cc.o
[199/301] Building CXX object CMakeFiles/wfengine.dir/wfsource/source/gfx/glpipeline/rendgtp.cc.o
[200/301] Building CXX object CMakeFiles/wfengine.dir/wfsource/source/asset/assets.cc.o
[201/301] Building CXX object CMakeFiles/wfengine.dir/wfsource/source/baseobject/baseobject.cc.o
[202/301] Building CXX object CMakeFiles/wfengine.dir/wfsource/source/baseobject/msgport.cc.o
[203/301] Building CXX object CMakeFiles/wfengine.dir/wfsource/source/asset/assslot.cc.o
[204/301] Building CXX object CMakeFiles/wfengine.dir/wfsource/source/baseobject/commonblock.cc.o
[205/301] Building CXX object CMakeFiles/wfengine.dir/wfsource/source/movement/movefoll.cc.o
[206/301] Building CXX object CMakeFiles/wfengine.dir/wfsource/source/movement/movementmanager.cc.o
[207/301] Building CXX object CMakeFiles/wfengine.dir/wfsource/source/movement/movementobject.cc.o
[208/301] Building CXX object CMakeFiles/wfengine.dir/wfsource/source/movement/movement.cc.o
[209/301] Building CXX object CMakeFiles/wfengine.dir/wfsource/source/movement/movepath.cc.o
[210/301] Building CXX object CMakeFiles/wfengine.dir/wfsource/source/movement/movevehicle.cc.o
[211/301] Building CXX object CMakeFiles/wfengine.dir/wfsource/source/room/actroit.cc.o
[212/301] Building CXX object CMakeFiles/wfengine.dir/wfsource/source/room/actrooms.cc.o
[213/301] Building CXX object CMakeFiles/wfengine.dir/wfsource/source/room/room.cc.o
[214/301] Building CXX object CMakeFiles/wfengine.dir/wfsource/source/room/rooms.cc.o
[215/301] Building CXX object CMakeFiles/wfengine.dir/wfsource/source/physics/activate.cc.o
[216/301] Building CXX object CMakeFiles/wfengine.dir/wfsource/source/physics/colbox.cc.o
[217/301] Building CXX object CMakeFiles/wfengine.dir/wfsource/source/physics/colspace.cc.o
[218/301] Building CXX object CMakeFiles/wfengine.dir/wfsource/source/physics/collision.cc.o
[219/301] Building CXX object CMakeFiles/wfengine.dir/wfsource/source/physics/physicalobject.cc.o
[220/301] Building CXX object CMakeFiles/wfengine.dir/wfsource/source/physics/physical.cc.o
[221/301] Building CXX object CMakeFiles/wfengine.dir/wfsource/source/anim/anim.cc.o
[222/301] Building CXX object CMakeFiles/wfengine.dir/wfsource/source/anim/channel.cc.o
[223/301] Building CXX object CMakeFiles/wfengine.dir/wfsource/source/anim/animcycl.cc.o
[224/301] Building CXX object CMakeFiles/wfengine.dir/wfsource/source/anim/animmang.cc.o
[225/301] Building CXX object CMakeFiles/wfengine.dir/wfsource/source/anim/path.cc.o
[226/301] Building CXX object CMakeFiles/wfengine.dir/wfsource/source/timer/clock.cc.o
[227/301] Building CXX object CMakeFiles/wfengine.dir/wfsource/source/game/actbox.cc.o
[228/301] Building CXX object CMakeFiles/wfengine.dir/wfsource/source/game/actboxor.cc.o
[229/301] Building CXX object CMakeFiles/wfengine.dir/wfsource/source/game/callbacks.cc.o
[230/301] Building CXX object CMakeFiles/wfengine.dir/wfsource/source/game/actor.cc.o
[231/301] Building CXX object CMakeFiles/wfengine.dir/wfsource/source/game/camera.cc.o
[232/301] Building CXX object CMakeFiles/wfengine.dir/wfsource/source/game/camshot.cc.o
[233/301] Building CXX object CMakeFiles/wfengine.dir/wfsource/source/game/destroyer.cc.o
[234/301] Building CXX object CMakeFiles/wfengine.dir/wfsource/source/game/dir.cc.o
[235/301] Building CXX object CMakeFiles/wfengine.dir/wfsource/source/game/director.cc.o
[236/301] Building CXX object CMakeFiles/wfengine.dir/wfsource/source/game/enemy.cc.o
[237/301] Building CXX object CMakeFiles/wfengine.dir/wfsource/source/game/explode.cc.o
[238/301] Building CXX object CMakeFiles/wfengine.dir/wfsource/source/game/fps_overlay.cc.o
[239/301] Building CXX object CMakeFiles/wfengine.dir/wfsource/source/game/file.cc.o
[240/301] Building CXX object CMakeFiles/wfengine.dir/wfsource/source/game/hscore.cc.o
[241/301] Building CXX object CMakeFiles/wfengine.dir/wfsource/source/game/generator.cc.o
[242/301] Building CXX object CMakeFiles/wfengine.dir/wfsource/source/game/gold.cc.o
[243/301] Building CXX object CMakeFiles/wfengine.dir/wfsource/source/game/level_menu_host.cc.o
[244/301] Building CXX object CMakeFiles/wfengine.dir/wfsource/source/game/game.cc.o
[245/301] Building CXX object CMakeFiles/wfengine.dir/wfsource/source/game/levelobj.cc.o
[246/301] Building CXX object CMakeFiles/wfengine.dir/wfsource/source/game/level_menu.cc.o
[247/301] Building CXX object CMakeFiles/wfengine.dir/wfsource/source/game/level.cc.o
[248/301] Building CXX object CMakeFiles/wfengine.dir/wfsource/source/game/light.cc.o
[249/301] Building CXX object CMakeFiles/wfengine.dir/wfsource/source/game/mailbox.cc.o
[250/301] Building CXX object CMakeFiles/wfengine.dir/wfsource/source/game/matte.cc.o
[251/301] Building CXX object CMakeFiles/wfengine.dir/wfsource/source/game/main.cc.o
[252/301] Building CXX object CMakeFiles/wfengine.dir/wfsource/source/game/missile.cc.o
[253/301] Building CXX object CMakeFiles/wfengine.dir/wfsource/source/game/movecam.cc.o
[254/301] Building CXX object CMakeFiles/wfengine.dir/wfsource/source/game/plant_ui.cc.o
[255/301] Building CXX object CMakeFiles/wfengine.dir/wfsource/source/game/platform.cc.o
[256/301] Building CXX object CMakeFiles/wfengine.dir/wfsource/source/game/scripting_stub.cc.o
[257/301] Building CXX object CMakeFiles/wfengine.dir/wfsource/source/game/player.cc.o
[258/301] Building CXX object CMakeFiles/wfengine.dir/wfsource/source/game/runtime_settings_ui.cc.o
[259/301] Building CXX object CMakeFiles/wfengine.dir/wfsource/source/game/runtime_property_ui.cc.o
[260/301] Building CXX object CMakeFiles/wfengine.dir/wfsource/source/game/shadow.cc.o
[261/301] Building CXX object CMakeFiles/wfengine.dir/wfsource/source/game/shield.cc.o
[262/301] Building CXX object CMakeFiles/wfengine.dir/wfsource/source/game/spike.cc.o
[263/301] Building CXX object CMakeFiles/wfengine.dir/wfsource/source/game/statplat.cc.o
[264/301] Building CXX object CMakeFiles/wfengine.dir/wfsource/source/game/target.cc.o
[265/301] Building CXX object CMakeFiles/wfengine.dir/wfsource/source/game/version.cc.o
[266/301] Building CXX object CMakeFiles/wfengine.dir/wfsource/source/game/tool.cc.o
[267/301] Building CXX object CMakeFiles/wfengine.dir/wfsource/source/game/toolngun.cc.o
[268/301] Building CXX object CMakeFiles/wfengine.dir/wfsource/source/game/toolshld.cc.o
[269/301] Building CXX object CMakeFiles/wfengine.dir/wfsource/source/game/warp.cc.o
[270/301] Building CXX object CMakeFiles/wfengine.dir/wfsource/source/particle/emitter.cc.o
[271/301] Building CXX object CMakeFiles/wfengine.dir/wfsource/source/renderassets/rendcrow.cc.o
[272/301] Building CXX object CMakeFiles/wfengine.dir/wfsource/source/audio/linux/device.cc.o
[273/301] Building CXX object CMakeFiles/wfengine.dir/wfsource/source/audio/linux/buffer.cc.o
[274/301] Building CXX object CMakeFiles/wfengine.dir/wfsource/source/particle/particle.cc.o
[275/301] Building CXX object CMakeFiles/wfengine.dir/wfsource/source/renderassets/rendacto.cc.o
[276/301] Building CXX object CMakeFiles/wfengine.dir/engine/stubs/scripting_stub.cc.o
[277/301] Building CXX object CMakeFiles/wfengine.dir/engine/stubs/platform_stubs.cc.o
[278/301] Building CXX object CMakeFiles/wfengine.dir/wfsource/source/audio/linux/sfx_library.cc.o
[279/301] Building CXX object CMakeFiles/wfengine.dir/wfsource/source/audio/linux/music.cc.o
[280/301] Building C object CMakeFiles/wfengine.dir/engine/neural-forth/dictionary.c.o
[281/301] Building C object CMakeFiles/wfengine.dir/engine/neural-forth/tensor.c.o
[282/301] Building C object CMakeFiles/wfengine.dir/engine/neural-forth/autograd.c.o
[283/301] Building C object CMakeFiles/wfengine.dir/engine/neural-forth/fuzzy.c.o
[284/301] Building CXX object CMakeFiles/wfengine.dir/engine/stubs/stb_image_write_impl.cc.o
[285/301] Building C object CMakeFiles/wfengine.dir/engine/neural-forth/nn.c.o
[286/301] Building C object CMakeFiles/wfengine.dir/engine/neural-forth/slot.c.o
[287/301] Building CXX object CMakeFiles/wfengine.dir/engine/stubs/physics_jolt.cc.o
[288/301] Building CXX object CMakeFiles/wfengine.dir/engine/runtime_properties.cpp.o
[289/301] Building CXX object CMakeFiles/wfengine.dir/wfsource/source/physics/jolt/jolt_backend.cc.o
[290/301] Building CXX object CMakeFiles/wfengine.dir/wfsource/source/audio/linux/miniaudio_impl.cc.o
[291/301] Building CXX object CMakeFiles/wfengine.dir/engine/runtime_property_form.cpp.o
[292/301] Building CXX object CMakeFiles/wfengine.dir/engine/stubs/scripting_zforth.cc.o
[293/301] Building CXX object CMakeFiles/wfengine.dir/engine/runtime_property_host.cpp.o
[294/301] Linking CXX static library libwfengine.a
[295/301] Building C object CMakeFiles/wf_game.dir/engine/vendor/qrcodegen-3c6d0b3c/qrcodegen.c.o
[296/301] Building C object CMakeFiles/wf_game.dir/home/will/android-sdk-local/ndk/26.2.11394342/sources/android/native_app_glue/android_native_app_glue.c.o
[297/301] Building CXX object CMakeFiles/wf_game.dir/wfsource/source/hal/phonepad/phonepad.cc.o
[298/301] Building CXX object CMakeFiles/wf_game.dir/wfsource/source/hal/phonepad/phonepad_overlay.cc.o
[299/301] Building CXX object CMakeFiles/wf_game.dir/wfsource/source/hal/android/native_app_entry.cc.o
[300/301] Linking CXX shared library libwf_game.so
