> Task :app:preBuild UP-TO-DATE
> Task :app:preAquariumReleaseBuild UP-TO-DATE
> Task :app:javaPreCompileAquariumRelease UP-TO-DATE
> Task :app:checkAquariumReleaseAarMetadata UP-TO-DATE
> Task :app:generateAquariumReleaseResValues UP-TO-DATE
> Task :app:mapAquariumReleaseSourceSetPaths UP-TO-DATE
> Task :app:generateAquariumReleaseResources UP-TO-DATE
> Task :app:mergeAquariumReleaseResources UP-TO-DATE
> Task :app:packageAquariumReleaseResources UP-TO-DATE
> Task :app:parseAquariumReleaseLocalResources UP-TO-DATE
> Task :app:createAquariumReleaseCompatibleScreenManifests UP-TO-DATE
> Task :app:extractDeepLinksAquariumRelease UP-TO-DATE
> Task :app:processAquariumReleaseMainManifest UP-TO-DATE
> Task :app:processAquariumReleaseManifest UP-TO-DATE
> Task :app:processAquariumReleaseManifestForPackage UP-TO-DATE
> Task :app:extractProguardFiles UP-TO-DATE
> Task :app:preQbertReleaseBuild UP-TO-DATE
> Task :app:processAquariumReleaseResources
> Task :app:configureCMakeRelease[arm64-v8a]

> Task :app:compileAquariumReleaseJavaWithJavac
Java compiler version 21 has deprecated support for compiling with source/target version 8.
Try one of the following options:
    1. [Recommended] Use Java toolchain with a lower language version
    2. Set a higher source/target version
    3. Use a lower version of the JDK running the build (if you're not using Java toolchain)
For more details on how to configure these settings, see https://developer.android.com/build/jdks.
To suppress this warning, set android.javaCompile.suppressSourceTargetDeprecationWarning=true in gradle.properties.
warning: [options] source value 8 is obsolete and will be removed in a future release
warning: [options] target value 8 is obsolete and will be removed in a future release
warning: [options] To suppress warnings about obsolete options, use -Xlint:-options.
3 warnings

> Task :app:generateAquariumReleaseLintVitalReportModel
> Task :app:lintVitalAnalyzeAquariumRelease
> Task :app:buildCMakeRelease[arm64-v8a]
> Task :app:lintVitalReportAquariumRelease
> Task :app:configureCMakeRelease[armeabi-v7a]
> Task :app:lintVitalAquariumRelease
> Task :app:buildCMakeRelease[armeabi-v7a]
> Task :app:mergeAquariumReleaseJniLibFolders
> Task :app:desugarAquariumReleaseFileDependencies
> Task :app:mergeAquariumReleaseArtProfile
> Task :app:mergeAquariumReleaseNativeLibs
> Task :app:dexBuilderAquariumRelease
> Task :app:mergeAquariumReleaseStartupProfile
> Task :app:checkAquariumReleaseDuplicateClasses
> Task :app:mergeAquariumReleaseShaders
> Task :app:stripAquariumReleaseDebugSymbols
> Task :app:compileAquariumReleaseShaders NO-SOURCE
> Task :app:generateAquariumReleaseAssets UP-TO-DATE
> Task :app:mergeExtDexAquariumRelease
> Task :app:mergeAquariumReleaseGlobalSynthetics
> Task :app:mergeAquariumReleaseAssets
> Task :app:extractAquariumReleaseVersionControlInfo
> Task :app:processAquariumReleaseJavaRes NO-SOURCE
> Task :app:extractAquariumReleaseNativeSymbolTables
> Task :app:compressAquariumReleaseAssets
> Task :app:collectAquariumReleaseDependencies
> Task :app:optimizeAquariumReleaseResources
> Task :app:mergeAquariumReleaseJavaResource
> Task :app:mergeDexAquariumRelease
> Task :app:sdkAquariumReleaseDependencyData
> Task :app:compileAquariumReleaseArtProfile
> Task :app:validateSigningAquariumRelease
> Task :app:writeAquariumReleaseAppMetadata
> Task :app:writeAquariumReleaseSigningConfigVersions
> Task :app:mergeAquariumReleaseNativeDebugMetadata
> Task :app:packageAquariumRelease
> Task :app:createAquariumReleaseApkListingFileRedirect
> Task :app:assembleAquariumRelease

BUILD SUCCESSFUL in 5m 25s
51 actionable tasks: 37 executed, 14 up-to-date
