material: texture=""  bTranslucent=0  bitdepth=16  flags_in=0x2
material: texture=""  bTranslucent=0  bitdepth=16  flags_in=0x2
audio: miniaudio v0.11.25 ready
wf_game v0.4.1, Built:Oct  8 2026,22:36:07 by kts
-L/tmp/t4-final-follow-level/teleport_regression-standalone.iff
--windowed
--debug-print-actors
game Error: Unrecognized command line switch "-"
--debug-port
--debug-bind
argc = 8, commandIndex = 8
Level=-1
cerror:
cwarn:
cstats:
wf_game Ver 0.4.1, Built:Oct  8 2026,22:36:07 by kts
DBSTREAMS jolt: RegisterDefaultAllocator
jolt: Factory
jolt: RegisterTypes
jolt: RunSelftest
jolt: selftest ok (sphere fell to z=5.098)
jolt: backend init
jolt: backend ready (gravity -Z)
jolt: init complete
LMalloc of 412 not 8-byte aligned, rounding up
LMalloc of 7620 not 8-byte aligned, rounding up
LMalloc of 20 not 8-byte aligned, rounding up
LMalloc of 20 not 8-byte aligned, rounding up
Level::Level: leveldata= 0x7fb512b34140, object count  = 20
ASS closed without all data read (bytesLeft = 4118)
ASS closed without all data read (bytesLeft = 150)
ASS closed without all data read (bytesLeft = 16)
ASS closed without all data read (bytesLeft = 16)
ASS closed without all data read (bytesLeft = 12100)
PixelMap::Load: this = 0x7fb50ff27de8
PixelMap::Load: this = 0x7fb50ff27e28
LMalloc of 28 not 8-byte aligned, rounding up
LMalloc of 28 not 8-byte aligned, rounding up
LMalloc of 28 not 8-byte aligned, rounding up
LMalloc of 28 not 8-byte aligned, rounding up
[Actor] idx=6 class=13 commonOff=644 NumberOfLocalMailboxes=0
this = 0x7fb50ff2b198,setting _memory to 0x7fb50ff2ae70
DMalloc of 52 not 8-byte aligned, rounding up
[Actor] idx=7 class=20 commonOff=1200 NumberOfLocalMailboxes=0
[Actor] idx=8 class=16 commonOff=644 NumberOfLocalMailboxes=0
[Actor] idx=9 class=22 commonOff=1460 NumberOfLocalMailboxes=6
[Actor] idx=10 class=3 commonOff=644 NumberOfLocalMailboxes=0
[Actor] idx=11 class=3 commonOff=644 NumberOfLocalMailboxes=0
[Actor] idx=12 class=6 commonOff=644 NumberOfLocalMailboxes=0
[Actor] idx=13 class=23 commonOff=644 NumberOfLocalMailboxes=0
[Actor] idx=14 class=6 commonOff=644 NumberOfLocalMailboxes=0
[Actor] idx=15 class=23 commonOff=644 NumberOfLocalMailboxes=0
[Actor] idx=16 class=6 commonOff=644 NumberOfLocalMailboxes=0
[Actor] idx=17 class=23 commonOff=644 NumberOfLocalMailboxes=0
[Actor] idx=18 class=6 commonOff=644 NumberOfLocalMailboxes=0
[Actor] idx=19 class=23 commonOff=644 NumberOfLocalMailboxes=0
DMalloc of 20 not 8-byte aligned, rounding up
DMalloc of 402 not 8-byte aligned, rounding up
DMalloc of 406 not 8-byte aligned, rounding up
DMalloc of 410 not 8-byte aligned, rounding up
DMalloc of 402 not 8-byte aligned, rounding up
DMalloc of 4 not 8-byte aligned, rounding up
DMalloc of 404 not 8-byte aligned, rounding up
DMalloc of 404 not 8-byte aligned, rounding up
DMalloc of 402 not 8-byte aligned, rounding up
DMalloc of 4 not 8-byte aligned, rounding up
DMalloc of 404 not 8-byte aligned, rounding up
DMalloc of 404 not 8-byte aligned, rounding up
DMalloc of 402 not 8-byte aligned, rounding up
DMalloc of 4 not 8-byte aligned, rounding up
DMalloc of 404 not 8-byte aligned, rounding up
DMalloc of 404 not 8-byte aligned, rounding up
DMalloc of 402 not 8-byte aligned, rounding up
Walking from 0
0->0
forward
2->1
backward
1->2
Walking from 3
3->0
0->0, 1->2, 2->1
1->2, 0->0
2->1, 0->0
3->0
ASS closed without all data read (bytesLeft = 4118)
ASS closed without all data read (bytesLeft = 150)
ASS closed without all data read (bytesLeft = 16)
ASS closed without all data read (bytesLeft = 16)
ASS closed without all data read (bytesLeft = 1948)
PixelMap::Load: this = 0x7fb50ff27e68
PixelMap::Load: this = 0x7fb50ff27ea8
LMalloc of 28 not 8-byte aligned, rounding up
LMalloc of 28 not 8-byte aligned, rounding up
LMalloc of 28 not 8-byte aligned, rounding up
LMalloc of 28 not 8-byte aligned, rounding up
LMalloc of 7396 not 8-byte aligned, rounding up
RenderActor3DAnimates constructed with no animations!
LMalloc of 1636 not 8-byte aligned, rounding up
RenderActor3DAnimates constructed with no animations!
ASS closed without all data read (bytesLeft = 4118)
ASS closed without all data read (bytesLeft = 150)
ASS closed without all data read (bytesLeft = 16)
ASS closed without all data read (bytesLeft = 16)
ASS closed without all data read (bytesLeft = 1948)
PixelMap::Load: this = 0x7fb50ff27f68
PixelMap::Load: this = 0x7fb50ff27fa8
LMalloc of 28 not 8-byte aligned, rounding up
LMalloc of 28 not 8-byte aligned, rounding up
LMalloc of 28 not 8-byte aligned, rounding up
LMalloc of 28 not 8-byte aligned, rounding up
LMalloc of 1636 not 8-byte aligned, rounding up
RenderActor3DAnimates constructed with no animations!
ASS closed without all data read (bytesLeft = 4118)
ASS closed without all data read (bytesLeft = 150)
ASS closed without all data read (bytesLeft = 16)
ASS closed without all data read (bytesLeft = 16)
ASS closed without all data read (bytesLeft = 1948)
PixelMap::Load: this = 0x7fb50ff27ee8
PixelMap::Load: this = 0x7fb50ff27f28
LMalloc of 28 not 8-byte aligned, rounding up
LMalloc of 28 not 8-byte aligned, rounding up
LMalloc of 28 not 8-byte aligned, rounding up
LMalloc of 28 not 8-byte aligned, rounding up
LMalloc of 1636 not 8-byte aligned, rounding up
RenderActor3DAnimates constructed with no animations!
zforth: INDEXOF_CAMSHOT = 1921 (expect 1921)
zforth: INDEXOF_CAMSHOT = 1921 (expect 1921)
jolt: OptimizeBroadPhase done (0 static bodies)
audio: MusicPlayer — soundfont not found: florestan-subset.sf2
audio: sfx[0] not found: wflevels/qbert_practice/sfx/qbert_hop.wav
audio: sfx[1] not found: wflevels/qbert_practice/sfx/qbert_land.wav
audio: sfx[2] not found: wflevels/qbert_practice/sfx/qbert_fall.wav
audio: sfx[3] not found: wflevels/qbert_practice/sfx/qbert_swear.wav
audio: sfx[4] not found: wflevels/qbert_practice/sfx/qbert_round_clear.wav
audio: sfx[5] not found: wflevels/qbert_practice/sfx/qbert_kill.wav
audio: sfx[6] not found: wflevels/qbert_practice/sfx/qbert_disc.wav
rest_api: listening on http://127.0.0.1:0
[debug] listening on :50347
[debug] client connected fd=20 from 127.0.0.1
Actor::setCurrentPosition: MovementObject:
Actor #9 (unknown) Mailboxes = [Mailboxes: 
Local storage: 0,0,0,0,0,0
] doesn't have mobility set!
Asset manager
Perm
LMalloc Dump: [named Room #4095]
_flags = 0
_memory = 0x7fb5103340d8
_endMemory = 0x7fb5113340d8
_currentFree = 0x7fb5103475b0
_parentMemory = 0
79064/16777216 free=16698152


Room 0
LMalloc Dump: [named Room #0]
_flags = 0
_memory = 0x7fb5113340d8
_endMemory = 0x7fb511b340d8
_currentFree = 0x7fb511338190
_parentMemory = 0
16568/8388608 free=8372040

Room 1
Room 2
LMalloc Dump: [named Room #1]
_flags = 0
_memory = 0x7fb5123340d8
_endMemory = 0x7fb512b340d8
_currentFree = 0x7fb512338190
_parentMemory = 0
16568/8388608 free=8372040

Room 3
Room 4
Room 5
Room 6
Room 7
Room 8

Room::UpdateRoomContents: object 9 kind=22 pos=(100,0,7) fell out of room 0 roompos=(0,0,0) roombox=(-20,-30,-20)-(20,30,40); re-adding
Room::UpdateRoomContents: object 6 kind=13 pos=(23.55625916,-15,7.267635822) fell out of room 0 roompos=(0,0,0) roombox=(-20,-30,-20)-(20,30,40); re-adding
BaseObject:
Actor #6 (unknown) Mailboxes = [Mailboxes: 
Local storage: 
] is not in any room (or is in the wrong room at startup)
refusing to remove camera object!!
[debug] client disconnected fd=20
