material: texture=""  bTranslucent=0  bitdepth=16  flags_in=0x2
material: texture=""  bTranslucent=0  bitdepth=16  flags_in=0x2
audio: miniaudio v0.11.25 ready
DEBUG = 1,
DO_ASSERTIONS = 1, NO_ASSERT_EXPR = 0, USE_INLINE_DEFS = 1, WF_BIG_ENDIAN = 0
argc = 9, argv: /home/will/WorldFoundry-wbniv/engine/wf_game -L/home/will/WorldFoundry-wbniv/wflevels/aquarium_plants-standalone.iff -rate20 -width=960 -height=540 --debug-port 17921 --debug-bind 127.0.0.1 
cbHalLmalloc = 64000000, cbHalScratchLmalloc = 180000
wf_game v0.4.1, Built:Jul 31 2026,10:21:50 by kts
-L/home/will/WorldFoundry-wbniv/wflevels/aquarium_plants-standalone.iff
-rate20
Fake clock delta = 0.05000000075
-width=960
-height=540
--debug-port
--debug-bind
argc = 9, commandIndex = 9
Level=-1
cerror:
cwarn:
cstats:
wf_game Ver 0.4.1, Built:Jul 31 2026,10:21:50 by kts
DBSTREAMS jolt: RegisterDefaultAllocator
jolt: Factory
jolt: RegisterTypes
jolt: RunSelftest
jolt: selftest ok (sphere fell to z=5.098)
jolt: backend init
jolt: backend ready (gravity -Z)
jolt: init complete
LMalloc of 412 not 8-byte aligned, rounding up
LMalloc of 7620 not 8-byte aligned, rounding up
LMalloc of 20 not 8-byte aligned, rounding up
LMalloc of 20 not 8-byte aligned, rounding up
Level::Level: leveldata= 0x770760046b80, object count  = 34
ASS closed without all data read (bytesLeft = 4118)
ASS closed without all data read (bytesLeft = 150)
ASS closed without all data read (bytesLeft = 16)
ASS closed without all data read (bytesLeft = 16)
ASS closed without all data read (bytesLeft = 13508)
PixelMap::Load: this = 0x77075ed27b80
PixelMap::Load: this = 0x77075ed27bc0
LMalloc of 28 not 8-byte aligned, rounding up
LMalloc of 28 not 8-byte aligned, rounding up
LMalloc of 28 not 8-byte aligned, rounding up
LMalloc of 28 not 8-byte aligned, rounding up
LMalloc of 100 not 8-byte aligned, rounding up
[Actor] idx=2 class=23 commonOff=9516 NumberOfLocalMailboxes=0
[Actor] idx=3 class=13 commonOff=9516 NumberOfLocalMailboxes=0
this = 0x77075ed2b0c0,setting _memory to 0x77075ed2abc8
DMalloc of 52 not 8-byte aligned, rounding up
[Actor] idx=4 class=20 commonOff=10228 NumberOfLocalMailboxes=0
[Actor] idx=6 class=11 commonOff=9516 NumberOfLocalMailboxes=0
[Actor] idx=7 class=16 commonOff=9516 NumberOfLocalMailboxes=0
[Actor] idx=8 class=3 commonOff=9516 NumberOfLocalMailboxes=0
[Actor] idx=9 class=22 commonOff=10968 NumberOfLocalMailboxes=6
jolt: character 0 created at (0.00, -0.85, 0.86) ctr=(0.00,0.00,0.00)
[Actor] idx=10 class=7 commonOff=9516 NumberOfLocalMailboxes=0
[Actor] idx=11 class=7 commonOff=9516 NumberOfLocalMailboxes=0
[Actor] idx=12 class=7 commonOff=9516 NumberOfLocalMailboxes=0
[Actor] idx=13 class=7 commonOff=9516 NumberOfLocalMailboxes=0
[Actor] idx=14 class=7 commonOff=9516 NumberOfLocalMailboxes=0
[Actor] idx=15 class=7 commonOff=9516 NumberOfLocalMailboxes=0
[Actor] idx=16 class=7 commonOff=9516 NumberOfLocalMailboxes=0
[Actor] idx=17 class=7 commonOff=9516 NumberOfLocalMailboxes=0
[Actor] idx=18 class=5 commonOff=9516 NumberOfLocalMailboxes=0
jolt: body STATIC pos=(0.00,0.00,0.00) half=(6.10,1.65,0.12) id=8388608
[Actor] idx=19 class=5 commonOff=9516 NumberOfLocalMailboxes=0
jolt: body STATIC pos=(0.00,1.53,2.73) half=(5.97,0.12,2.10) id=8388609
[Actor] idx=20 class=5 commonOff=9516 NumberOfLocalMailboxes=0
jolt: body STATIC pos=(0.00,1.53,5.08) half=(6.10,0.12,0.25) id=8388610
[Actor] idx=21 class=5 commonOff=9516 NumberOfLocalMailboxes=0
jolt: body STATIC pos=(-6.09,0.00,2.67) half=(0.12,1.65,2.67) id=8388611
[Actor] idx=22 class=5 commonOff=9516 NumberOfLocalMailboxes=0
jolt: body STATIC pos=(5.97,0.00,2.67) half=(0.12,1.65,2.67) id=8388612
[Actor] idx=23 class=5 commonOff=9516 NumberOfLocalMailboxes=0
jolt: body STATIC pos=(0.00,-1.78,2.67) half=(6.10,0.12,2.67) id=8388613
[Actor] idx=24 class=7 commonOff=9516 NumberOfLocalMailboxes=0
[Actor] idx=25 class=5 commonOff=9516 NumberOfLocalMailboxes=0
jolt: body STATIC pos=(0.00,0.00,0.38) half=(5.97,1.52,0.25) id=8388614
[Actor] idx=26 class=7 commonOff=11540 NumberOfLocalMailboxes=0
[Actor] idx=27 class=7 commonOff=11584 NumberOfLocalMailboxes=0
[Actor] idx=28 class=7 commonOff=11628 NumberOfLocalMailboxes=0
[Actor] idx=29 class=5 commonOff=9516 NumberOfLocalMailboxes=0
jolt: body STATIC pos=(0.00,0.00,-1.26) half=(6.25,1.80,1.24) id=8388615
[Actor] idx=30 class=5 commonOff=9516 NumberOfLocalMailboxes=0
jolt: body STATIC pos=(0.00,2.97,7.50) half=(30.00,0.12,12.50) id=8388616
[Actor] idx=31 class=23 commonOff=9516 NumberOfLocalMailboxes=0
[Actor] idx=32 class=3 commonOff=9516 NumberOfLocalMailboxes=0
[Actor] idx=33 class=16 commonOff=9516 NumberOfLocalMailboxes=0
LMalloc of 20 not 8-byte aligned, rounding up
DMalloc of 66 not 8-byte aligned, rounding up
DMalloc of 404 not 8-byte aligned, rounding up
DMalloc of 404 not 8-byte aligned, rounding up
Walking from 0
0->0
0->0
LMalloc of 20 not 8-byte aligned, rounding up
LMalloc of 20 not 8-byte aligned, rounding up
ASS closed without all data read (bytesLeft = 4118)
ASS closed without all data read (bytesLeft = 150)
ASS closed without all data read (bytesLeft = 16)
ASS closed without all data read (bytesLeft = 16)
ASS closed without all data read (bytesLeft = 1516)
ASS closed without all data read (bytesLeft = 588)
ASS closed without all data read (bytesLeft = 4692)
ASS closed without all data read (bytesLeft = 588)
ASS closed without all data read (bytesLeft = 588)
ASS closed without all data read (bytesLeft = 588)
ASS closed without all data read (bytesLeft = 588)
ASS closed without all data read (bytesLeft = 1260)
ASS closed without all data read (bytesLeft = 588)
ASS closed without all data read (bytesLeft = 24900)
ASS closed without all data read (bytesLeft = 19716)
ASS closed without all data read (bytesLeft = 14964)
ASS closed without all data read (bytesLeft = 588)
ASS closed without all data read (bytesLeft = 588)
PixelMap::Load: this = 0x77075ed27c00
PixelMap::Load: this = 0x77075ed27c40
LMalloc of 28 not 8-byte aligned, rounding up
LMalloc of 28 not 8-byte aligned, rounding up
LMalloc of 28 not 8-byte aligned, rounding up
LMalloc of 28 not 8-byte aligned, rounding up
LMalloc of 8276 not 8-byte aligned, rounding up
RenderActor3DAnimates constructed with no animations!
LMalloc of 1156 not 8-byte aligned, rounding up
RenderActor3DAnimates constructed with no animations!
LMalloc of 1156 not 8-byte aligned, rounding up
RenderActor3DAnimates constructed with no animations!
LMalloc of 1156 not 8-byte aligned, rounding up
RenderActor3DAnimates constructed with no animations!
LMalloc of 1156 not 8-byte aligned, rounding up
RenderActor3DAnimates constructed with no animations!
LMalloc of 1156 not 8-byte aligned, rounding up
RenderActor3DAnimates constructed with no animations!
LMalloc of 1156 not 8-byte aligned, rounding up
RenderActor3DAnimates constructed with no animations!
LMalloc of 1156 not 8-byte aligned, rounding up
RenderActor3DAnimates constructed with no animations!
LMalloc of 1156 not 8-byte aligned, rounding up
RenderActor3DAnimates constructed with no animations!
LMalloc of 276 not 8-byte aligned, rounding up
RenderActor3DAnimates constructed with no animations!
MATL closed without all data read (bytesLeft = 264)
jolt: mesh actor_pos=(0.000,0.000,0.000)
jolt: mesh v0 local=(-6.096,-1.651,0.000) world=(-6.096,-1.651,0.000)
jolt: mesh v1 local=(-6.096,-1.651,0.127) world=(-6.096,-1.651,0.127)
jolt: mesh v2 local=(-6.096,1.651,0.000) world=(-6.096,1.651,0.000)
jolt: mesh v3 local=(-6.096,1.651,0.127) world=(-6.096,1.651,0.127)
jolt: mesh v4 local=(6.096,-1.651,0.000) world=(6.096,-1.651,0.000)
jolt: mesh v5 local=(6.096,-1.651,0.127) world=(6.096,-1.651,0.127)
jolt: mesh v6 local=(6.096,1.651,0.000) world=(6.096,1.651,0.000)
jolt: mesh v7 local=(6.096,1.651,0.127) world=(6.096,1.651,0.127)
jolt: body MESH_STATIC verts=8 faces=12 id=16777216
LMalloc of 2436 not 8-byte aligned, rounding up
RenderActor3DAnimates constructed with no animations!
MATL closed without all data read (bytesLeft = 2640)
jolt: mesh actor_pos=(0.000,0.000,0.000)
jolt: mesh v0 local=(-5.969,1.524,0.635) world=(-5.969,1.524,0.635)
jolt: mesh v1 local=(-5.969,1.524,1.054) world=(-5.969,1.524,1.054)
jolt: mesh v2 local=(-5.969,1.524,1.473) world=(-5.969,1.524,1.473)
jolt: mesh v3 local=(-5.969,1.524,1.892) world=(-5.969,1.524,1.892)
jolt: mesh v4 local=(-5.969,1.524,2.311) world=(-5.969,1.524,2.311)
jolt: mesh v5 local=(-5.969,1.524,2.730) world=(-5.969,1.524,2.730)
jolt: mesh v6 local=(-5.969,1.524,3.150) world=(-5.969,1.524,3.150)
jolt: mesh v7 local=(-5.969,1.524,3.569) world=(-5.969,1.524,3.569)
jolt: mesh v8 local=(-5.969,1.524,3.988) world=(-5.969,1.524,3.988)
jolt: mesh v9 local=(-5.969,1.524,4.407) world=(-5.969,1.524,4.407)
jolt: mesh v10 local=(-5.969,1.524,4.826) world=(-5.969,1.524,4.826)
jolt: mesh v11 local=(-5.969,1.651,0.635) world=(-5.969,1.651,0.635)
jolt: mesh v12 local=(-5.969,1.651,1.054) world=(-5.969,1.651,1.054)
jolt: mesh v13 local=(-5.969,1.651,1.473) world=(-5.969,1.651,1.473)
jolt: mesh v14 local=(-5.969,1.651,1.892) world=(-5.969,1.651,1.892)
jolt: mesh v15 local=(-5.969,1.651,2.311) world=(-5.969,1.651,2.311)
jolt: mesh v16 local=(-5.969,1.651,2.730) world=(-5.969,1.651,2.730)
jolt: mesh v17 local=(-5.969,1.651,3.150) world=(-5.969,1.651,3.150)
jolt: mesh v18 local=(-5.969,1.651,3.569) world=(-5.969,1.651,3.569)
jolt: mesh v19 local=(-5.969,1.651,3.988) world=(-5.969,1.651,3.988)
jolt: mesh v20 local=(-5.969,1.651,4.407) world=(-5.969,1.651,4.407)
jolt: mesh v21 local=(-5.969,1.651,4.826) world=(-5.969,1.651,4.826)
jolt: mesh v22 local=(5.969,1.524,0.635) world=(5.969,1.524,0.635)
jolt: mesh v23 local=(5.969,1.524,1.054) world=(5.969,1.524,1.054)
jolt: mesh v24 local=(5.969,1.524,1.473) world=(5.969,1.524,1.473)
jolt: mesh v25 local=(5.969,1.524,1.892) world=(5.969,1.524,1.892)
jolt: mesh v26 local=(5.969,1.524,2.311) world=(5.969,1.524,2.311)
jolt: mesh v27 local=(5.969,1.524,2.730) world=(5.969,1.524,2.730)
jolt: mesh v28 local=(5.969,1.524,3.150) world=(5.969,1.524,3.150)
jolt: mesh v29 local=(5.969,1.524,3.569) world=(5.969,1.524,3.569)
jolt: mesh v30 local=(5.969,1.524,3.988) world=(5.969,1.524,3.988)
jolt: mesh v31 local=(5.969,1.524,4.407) world=(5.969,1.524,4.407)
jolt: mesh v32 local=(5.969,1.524,4.826) world=(5.969,1.524,4.826)
jolt: mesh v33 local=(5.969,1.651,0.635) world=(5.969,1.651,0.635)
jolt: mesh v34 local=(5.969,1.651,1.054) world=(5.969,1.651,1.054)
jolt: mesh v35 local=(5.969,1.651,1.473) world=(5.969,1.651,1.473)
jolt: mesh v36 local=(5.969,1.651,1.892) world=(5.969,1.651,1.892)
jolt: mesh v37 local=(5.969,1.651,2.311) world=(5.969,1.651,2.311)
jolt: mesh v38 local=(5.969,1.651,2.730) world=(5.969,1.651,2.730)
jolt: mesh v39 local=(5.969,1.651,3.150) world=(5.969,1.651,3.150)
jolt: mesh v40 local=(5.969,1.651,3.569) world=(5.969,1.651,3.569)
jolt: mesh v41 local=(5.969,1.651,3.988) world=(5.969,1.651,3.988)
jolt: mesh v42 local=(5.969,1.651,4.407) world=(5.969,1.651,4.407)
jolt: mesh v43 local=(5.969,1.651,4.826) world=(5.969,1.651,4.826)
jolt: body MESH_STATIC verts=44 faces=120 id=16777217
LMalloc of 276 not 8-byte aligned, rounding up
RenderActor3DAnimates constructed with no animations!
MATL closed without all data read (bytesLeft = 264)
jolt: mesh actor_pos=(0.000,0.000,0.000)
jolt: mesh v0 local=(-6.096,1.524,4.826) world=(-6.096,1.524,4.826)
jolt: mesh v1 local=(-6.096,1.524,5.334) world=(-6.096,1.524,5.334)
jolt: mesh v2 local=(-6.096,1.651,4.826) world=(-6.096,1.651,4.826)
jolt: mesh v3 local=(-6.096,1.651,5.334) world=(-6.096,1.651,5.334)
jolt: mesh v4 local=(6.096,1.524,4.826) world=(6.096,1.524,4.826)
jolt: mesh v5 local=(6.096,1.524,5.334) world=(6.096,1.524,5.334)
jolt: mesh v6 local=(6.096,1.651,4.826) world=(6.096,1.651,4.826)
jolt: mesh v7 local=(6.096,1.651,5.334) world=(6.096,1.651,5.334)
jolt: body MESH_STATIC verts=8 faces=12 id=16777218
LMalloc of 276 not 8-byte aligned, rounding up
RenderActor3DAnimates constructed with no animations!
MATL closed without all data read (bytesLeft = 264)
jolt: mesh actor_pos=(0.000,0.000,0.000)
jolt: mesh v0 local=(-6.096,-1.651,0.000) world=(-6.096,-1.651,0.000)
jolt: mesh v1 local=(-6.096,-1.651,5.334) world=(-6.096,-1.651,5.334)
jolt: mesh v2 local=(-6.096,1.651,0.000) world=(-6.096,1.651,0.000)
jolt: mesh v3 local=(-6.096,1.651,5.334) world=(-6.096,1.651,5.334)
jolt: mesh v4 local=(-5.969,-1.651,0.000) world=(-5.969,-1.651,0.000)
jolt: mesh v5 local=(-5.969,-1.651,5.334) world=(-5.969,-1.651,5.334)
jolt: mesh v6 local=(-5.969,1.651,0.000) world=(-5.969,1.651,0.000)
jolt: mesh v7 local=(-5.969,1.651,5.334) world=(-5.969,1.651,5.334)
jolt: body MESH_STATIC verts=8 faces=12 id=16777219
LMalloc of 276 not 8-byte aligned, rounding up
RenderActor3DAnimates constructed with no animations!
MATL closed without all data read (bytesLeft = 264)
jolt: mesh actor_pos=(0.000,0.000,0.000)
jolt: mesh v0 local=(5.969,-1.651,0.000) world=(5.969,-1.651,0.000)
jolt: mesh v1 local=(5.969,-1.651,5.334) world=(5.969,-1.651,5.334)
jolt: mesh v2 local=(5.969,1.651,0.000) world=(5.969,1.651,0.000)
jolt: mesh v3 local=(5.969,1.651,5.334) world=(5.969,1.651,5.334)
jolt: mesh v4 local=(6.096,-1.651,0.000) world=(6.096,-1.651,0.000)
jolt: mesh v5 local=(6.096,-1.651,5.334) world=(6.096,-1.651,5.334)
jolt: mesh v6 local=(6.096,1.651,0.000) world=(6.096,1.651,0.000)
jolt: mesh v7 local=(6.096,1.651,5.334) world=(6.096,1.651,5.334)
jolt: body MESH_STATIC verts=8 faces=12 id=16777220
LMalloc of 276 not 8-byte aligned, rounding up
RenderActor3DAnimates constructed with no animations!
MATL closed without all data read (bytesLeft = 264)
jolt: mesh actor_pos=(0.000,0.000,0.000)
jolt: mesh v0 local=(-6.096,-1.778,0.000) world=(-6.096,-1.778,0.000)
jolt: mesh v1 local=(-6.096,-1.778,5.334) world=(-6.096,-1.778,5.334)
jolt: mesh v2 local=(-6.096,-1.651,0.000) world=(-6.096,-1.651,0.000)
jolt: mesh v3 local=(-6.096,-1.651,5.334) world=(-6.096,-1.651,5.334)
jolt: mesh v4 local=(6.096,-1.778,0.000) world=(6.096,-1.778,0.000)
jolt: mesh v5 local=(6.096,-1.778,5.334) world=(6.096,-1.778,5.334)
jolt: mesh v6 local=(6.096,-1.651,0.000) world=(6.096,-1.651,0.000)
jolt: mesh v7 local=(6.096,-1.651,5.334) world=(6.096,-1.651,5.334)
jolt: body MESH_STATIC verts=8 faces=12 id=16777221
LMalloc of 996 not 8-byte aligned, rounding up
RenderActor3DAnimates constructed with no animations!
LMalloc of 276 not 8-byte aligned, rounding up
RenderActor3DAnimates constructed with no animations!
MATL closed without all data read (bytesLeft = 264)
jolt: mesh actor_pos=(0.000,0.000,0.000)
jolt: mesh v0 local=(-5.969,-1.524,0.127) world=(-5.969,-1.524,0.127)
jolt: mesh v1 local=(-5.969,-1.524,0.635) world=(-5.969,-1.524,0.635)
jolt: mesh v2 local=(-5.969,1.524,0.127) world=(-5.969,1.524,0.127)
jolt: mesh v3 local=(-5.969,1.524,0.635) world=(-5.969,1.524,0.635)
jolt: mesh v4 local=(5.969,-1.524,0.127) world=(5.969,-1.524,0.127)
jolt: mesh v5 local=(5.969,-1.524,0.635) world=(5.969,-1.524,0.635)
jolt: mesh v6 local=(5.969,1.524,0.127) world=(5.969,1.524,0.127)
jolt: mesh v7 local=(5.969,1.524,0.635) world=(5.969,1.524,0.635)
jolt: body MESH_STATIC verts=8 faces=12 id=16777222
LMalloc of 19236 not 8-byte aligned, rounding up
RenderActor3DAnimates constructed with no animations!
LMalloc of 15396 not 8-byte aligned, rounding up
RenderActor3DAnimates constructed with no animations!
LMalloc of 12036 not 8-byte aligned, rounding up
RenderActor3DAnimates constructed with no animations!
LMalloc of 276 not 8-byte aligned, rounding up
RenderActor3DAnimates constructed with no animations!
MATL closed without all data read (bytesLeft = 264)
jolt: mesh actor_pos=(0.000,0.000,0.000)
jolt: mesh v0 local=(-6.246,-1.801,-2.500) world=(-6.246,-1.801,-2.500)
jolt: mesh v1 local=(-6.246,-1.801,-0.025) world=(-6.246,-1.801,-0.025)
jolt: mesh v2 local=(-6.246,1.801,-2.500) world=(-6.246,1.801,-2.500)
jolt: mesh v3 local=(-6.246,1.801,-0.025) world=(-6.246,1.801,-0.025)
jolt: mesh v4 local=(6.246,-1.801,-2.500) world=(6.246,-1.801,-2.500)
jolt: mesh v5 local=(6.246,-1.801,-0.025) world=(6.246,-1.801,-0.025)
jolt: mesh v6 local=(6.246,1.801,-2.500) world=(6.246,1.801,-2.500)
jolt: mesh v7 local=(6.246,1.801,-0.025) world=(6.246,1.801,-0.025)
jolt: body MESH_STATIC verts=8 faces=12 id=16777223
LMalloc of 276 not 8-byte aligned, rounding up
RenderActor3DAnimates constructed with no animations!
MATL closed without all data read (bytesLeft = 264)
jolt: mesh actor_pos=(0.000,0.000,0.000)
jolt: mesh v0 local=(-30.000,3.000,-5.000) world=(-30.000,3.000,-5.000)
jolt: mesh v1 local=(-30.000,3.000,20.000) world=(-30.000,3.000,20.000)
jolt: mesh v2 local=(-30.000,3.100,-5.000) world=(-30.000,3.100,-5.000)
jolt: mesh v3 local=(-30.000,3.100,20.000) world=(-30.000,3.100,20.000)
jolt: mesh v4 local=(30.000,3.000,-5.000) world=(30.000,3.000,-5.000)
jolt: mesh v5 local=(30.000,3.000,20.000) world=(30.000,3.000,20.000)
jolt: mesh v6 local=(30.000,3.100,-5.000) world=(30.000,3.100,-5.000)
jolt: mesh v7 local=(30.000,3.100,20.000) world=(30.000,3.100,20.000)
jolt: body MESH_STATIC verts=8 faces=12 id=16777224
zforth: INDEXOF_CAMSHOT = 1921 (expect 1921)
zforth: INDEXOF_CAMSHOT = 1921 (expect 1921)
jolt: OptimizeBroadPhase done (9 static bodies)
audio: MusicPlayer — soundfont not found: florestan-subset.sf2
audio: sfx[0] not found: wflevels/qbert_practice/sfx/qbert_hop.wav
audio: sfx[1] not found: wflevels/qbert_practice/sfx/qbert_land.wav
audio: sfx[2] not found: wflevels/qbert_practice/sfx/qbert_fall.wav
audio: sfx[3] not found: wflevels/qbert_practice/sfx/qbert_swear.wav
audio: sfx[4] not found: wflevels/qbert_practice/sfx/qbert_round_clear.wav
audio: sfx[5] not found: wflevels/qbert_practice/sfx/qbert_kill.wav
audio: sfx[6] not found: wflevels/qbert_practice/sfx/qbert_disc.wav
rest_api: listening on http://127.0.0.1:8765
[debug] listening on :17921
[debug] client connected fd=18 from 127.0.0.1
delta too large: 0.4537811279
timeofday:1790995684:760290
lasttimeofday: 1790995684:306508
deltatime:0:453782
delta: 0.4537811279
delta too large: 0.4471588135
timeofday:1790995685:270601
lasttimeofday: 1790995684:823437
deltatime:0:447164
delta: 0.4471588135
delta too large: 0.4593811035
timeofday:1790995685:729996
lasttimeofday: 1790995685:270601
deltatime:0:459395
delta: 0.4593811035
delta too large: 0.4533233643
timeofday:1790995686:300946
lasttimeofday: 1790995685:847621
deltatime:0:453325
delta: 0.4533233643
delta too large: 0.4552612305
timeofday:1790995686:841166
lasttimeofday: 1790995686:385902
deltatime:0:455264
delta: 0.4552612305
delta too large: 0.4540557861
timeofday:1790995687:370574
lasttimeofday: 1790995686:916504
deltatime:0:454070
delta: 0.4540557861
delta too large: 0.4614105225
timeofday:1790995687:915718
lasttimeofday: 1790995687:454293
deltatime:0:461425
delta: 0.4614105225
delta too large: 0.4545593262
timeofday:1790995688:459557
lasttimeofday: 1790995688:4991
deltatime:0:454566
delta: 0.4545593262
delta too large: 0.4472961426
timeofday:1790995688:969684
lasttimeofday: 1790995688:522378
deltatime:0:447306
delta: 0.4472961426
delta too large: 0.4476928711
timeofday:1790995689:502766
lasttimeofday: 1790995689:55065
deltatime:0:447701
delta: 0.4476928711
delta too large: 0.4845581055
timeofday:1790995690:59920
lasttimeofday: 1790995689:575350
deltatime:0:484570
delta: 0.4845581055
delta too large: 0.4463043213
timeofday:1790995690:580178
lasttimeofday: 1790995690:133871
deltatime:0:446307
delta: 0.4463043213
ball pos: (0.007, -0.843, 0.865)
delta too large: 0.526184082
timeofday:1790995691:178539
lasttimeofday: 1790995690:652350
deltatime:0:526189
delta: 0.526184082
delta too large: 0.4950561523
timeofday:1790995691:748110
lasttimeofday: 1790995691:253045
deltatime:0:495065
delta: 0.4950561523
delta too large: 0.4920043945
timeofday:1790995692:325486
lasttimeofday: 1790995691:833478
deltatime:0:492008
delta: 0.4920043945
delta too large: 0.4585876465
timeofday:1790995692:875670
lasttimeofday: 1790995692:417077
deltatime:0:458593
delta: 0.4585876465
delta too large: 0.4454803467
timeofday:1790995693:390034
lasttimeofday: 1790995692:944551
deltatime:0:445483
delta: 0.4454803467
delta too large: 0.4590148926
timeofday:1790995693:913362
lasttimeofday: 1790995693:454347
deltatime:0:459015
delta: 0.4590148926
delta too large: 0.44871521
timeofday:1790995694:427865
lasttimeofday: 1790995693:979145
deltatime:0:448720
delta: 0.44871521
delta too large: 0.4532470703
timeofday:1790995694:949421
lasttimeofday: 1790995694:496168
deltatime:0:453253
delta: 0.4532470703
delta too large: 0.447052002
timeofday:1790995695:461210
lasttimeofday: 1790995695:14146
deltatime:0:447064
delta: 0.447052002
delta too large: 0.4523468018
timeofday:1790995695:986917
lasttimeofday: 1790995695:534567
deltatime:0:452350
delta: 0.4523468018
delta too large: 0.4476165771
timeofday:1790995696:499496
lasttimeofday: 1790995696:51873
deltatime:0:447623
delta: 0.4476165771
delta too large: 0.445526123
timeofday:1790995696:945028
lasttimeofday: 1790995696:499496
deltatime:0:445532
delta: 0.445526123
delta too large: 0.440612793
timeofday:1790995697:492680
lasttimeofday: 1790995697:52056
deltatime:0:440624
delta: 0.440612793
delta too large: 0.4335174561
timeofday:1790995698:5445
lasttimeofday: 1790995697:571920
deltatime:0:433525
delta: 0.4335174561
delta too large: 0.4352264404
timeofday:1790995698:440674
lasttimeofday: 1790995698:5445
deltatime:0:435229
delta: 0.4352264404
delta too large: 0.4443054199
timeofday:1790995698:973725
lasttimeofday: 1790995698:529418
deltatime:0:444307
delta: 0.4443054199
delta too large: 0.4550323486
timeofday:1790995699:501375
lasttimeofday: 1790995699:46341
deltatime:0:455034
delta: 0.4550323486
ball pos: (0.018, -0.832, 0.865)
delta too large: 0.4353179932
timeofday:1790995700:19138
lasttimeofday: 1790995699:583820
deltatime:0:435318
delta: 0.4353179932
delta too large: 0.4290924072
timeofday:1790995700:513281
lasttimeofday: 1790995700:84175
deltatime:0:429106
delta: 0.4290924072
delta too large: 0.4344787598
timeofday:1790995701:17871
lasttimeofday: 1790995700:583378
deltatime:0:434493
delta: 0.4344787598
delta too large: 0.4759979248
timeofday:1790995701:559332
lasttimeofday: 1790995701:83325
deltatime:0:476007
delta: 0.4759979248
delta too large: 0.4778747559
timeofday:1790995702:97564
lasttimeofday: 1790995701:619684
deltatime:0:477880
delta: 0.4778747559
delta too large: 0.4609527588
timeofday:1790995702:647147
lasttimeofday: 1790995702:186184
deltatime:0:460963
delta: 0.4609527588
delta too large: 0.4375457764
timeofday:1790995703:162138
lasttimeofday: 1790995702:724577
deltatime:0:437561
delta: 0.4375457764
delta too large: 0.4205627441
timeofday:1790995703:665341
lasttimeofday: 1790995703:244777
deltatime:0:420564
delta: 0.4205627441
delta too large: 0.4207000732
timeofday:1790995704:166250
lasttimeofday: 1790995703:745537
deltatime:0:420713
delta: 0.4207000732
delta too large: 0.4147644043
timeofday:1790995704:659829
lasttimeofday: 1790995704:245061
deltatime:0:414768
delta: 0.4147644043
delta too large: 0.4208831787
timeofday:1790995705:165149
lasttimeofday: 1790995704:744254
deltatime:0:420895
delta: 0.4208831787
delta too large: 0.4195861816
timeofday:1790995705:650510
lasttimeofday: 1790995705:230923
deltatime:0:419587
delta: 0.4195861816
delta too large: 0.4194335938
timeofday:1790995706:154066
lasttimeofday: 1790995705:734629
deltatime:0:419437
delta: 0.4194335938
delta too large: 0.4315032959
timeofday:1790995706:653062
lasttimeofday: 1790995706:221557
deltatime:0:431505
delta: 0.4315032959
delta too large: 0.4183044434
timeofday:1790995707:140674
lasttimeofday: 1790995706:722362
deltatime:0:418312
delta: 0.4183044434
ball pos: (0.018, -0.832, 0.865)
delta too large: 0.4410095215
timeofday:1790995707:649573
lasttimeofday: 1790995707:208549
deltatime:0:441024
delta: 0.4410095215
delta too large: 0.4217681885
timeofday:1790995708:148033
lasttimeofday: 1790995707:726258
deltatime:0:421775
delta: 0.4217681885
delta too large: 0.4134979248
timeofday:1790995708:633442
lasttimeofday: 1790995708:219943
deltatime:0:413499
delta: 0.4134979248
delta too large: 0.4319152832
timeofday:1790995709:65372
lasttimeofday: 1790995708:633442
deltatime:0:431930
delta: 0.4319152832
[debug] client disconnected fd=18
