material: texture=""  bTranslucent=0  bitdepth=16  flags_in=0x2
material: texture=""  bTranslucent=0  bitdepth=16  flags_in=0x2
audio: miniaudio v0.11.25 ready
DEBUG = 1,
DO_ASSERTIONS = 1, NO_ASSERT_EXPR = 0, USE_INLINE_DEFS = 1, WF_BIG_ENDIAN = 0
argc = 8, argv: /home/will/WorldFoundry-wbniv/engine/wf_game -L/home/will/WorldFoundry-wbniv/wflevels/aquarium_jellyfish-standalone.iff -rate20 --debug-port 17932 --debug-bind 127.0.0.1 --debug-print-actors 
cbHalLmalloc = 64000000, cbHalScratchLmalloc = 180000
wf_game v0.4.1, Built:Jul 31 2026,10:21:50 by kts
-L/home/will/WorldFoundry-wbniv/wflevels/aquarium_jellyfish-standalone.iff
-rate20
Fake clock delta = 0.05000000075
--debug-port
--debug-bind
--debug-print-actors
argc = 8, commandIndex = 8
Level=-1
cerror:
cwarn:
cstats:
wf_game Ver 0.4.1, Built:Jul 31 2026,10:21:50 by kts
DBSTREAMS jolt: RegisterDefaultAllocator
jolt: Factory
jolt: RegisterTypes
jolt: RunSelftest
jolt: selftest ok (sphere fell to z=5.098)
jolt: backend init
jolt: backend ready (gravity -Z)
jolt: init complete
LMalloc of 412 not 8-byte aligned, rounding up
LMalloc of 7620 not 8-byte aligned, rounding up
LMalloc of 20 not 8-byte aligned, rounding up
LMalloc of 20 not 8-byte aligned, rounding up
Level::Level: leveldata= 0x7875a5046b98, object count  = 36
ASS closed without all data read (bytesLeft = 4118)
ASS closed without all data read (bytesLeft = 150)
ASS closed without all data read (bytesLeft = 16)
ASS closed without all data read (bytesLeft = 16)
ASS closed without all data read (bytesLeft = 9740)
PixelMap::Load: this = 0x7875a3d27b98
PixelMap::Load: this = 0x7875a3d27bd8
LMalloc of 28 not 8-byte aligned, rounding up
LMalloc of 28 not 8-byte aligned, rounding up
LMalloc of 28 not 8-byte aligned, rounding up
LMalloc of 28 not 8-byte aligned, rounding up
LMalloc of 100 not 8-byte aligned, rounding up
[Actor] idx=2 class=23 commonOff=23028 NumberOfLocalMailboxes=0
actor idx=2 mesh=(none) mobility=Anchored pos=(0.00,-20.00,1.00)
[Actor] idx=3 class=13 commonOff=23028 NumberOfLocalMailboxes=0
actor idx=3 mesh=(none) mobility=Camera pos=(0.00,-12.00,2.50)
this = 0x7875a3d2b0d8,setting _memory to 0x7875a3d2abe0
DMalloc of 52 not 8-byte aligned, rounding up
[Actor] idx=4 class=20 commonOff=23740 NumberOfLocalMailboxes=0
actor idx=4 mesh=(none) mobility=Anchored pos=(0.00,-20.00,1.00)
[Actor] idx=6 class=11 commonOff=23028 NumberOfLocalMailboxes=0
actor idx=6 mesh=(none) mobility=Anchored pos=(0.00,-20.00,1.00)
[Actor] idx=7 class=16 commonOff=23028 NumberOfLocalMailboxes=0
actor idx=7 mesh=(none) mobility=Anchored pos=(0.00,-12.00,2.50)
[Actor] idx=8 class=3 commonOff=23028 NumberOfLocalMailboxes=0
actor idx=8 mesh=(none) mobility=Anchored pos=(0.00,0.00,2.50)
[Actor] idx=9 class=22 commonOff=24480 NumberOfLocalMailboxes=6
actor idx=9 mesh=player_hull.iff mobility=Physics pos=(0.00,-0.25,2.60)
jolt: character 0 created at (0.00, -0.25, 2.60) ctr=(0.00,0.00,0.00)
[Actor] idx=10 class=7 commonOff=24788 NumberOfLocalMailboxes=0
actor idx=10 mesh=bell.iff mobility=Anchored pos=(0.00,-0.25,2.60)
[Actor] idx=11 class=7 commonOff=24988 NumberOfLocalMailboxes=0
actor idx=11 mesh=arms.iff mobility=Anchored pos=(0.00,-0.25,2.60)
[Actor] idx=12 class=7 commonOff=25032 NumberOfLocalMailboxes=0
actor idx=12 mesh=bell.iff mobility=Anchored pos=(-3.80,0.10,3.00)
[Actor] idx=13 class=7 commonOff=25076 NumberOfLocalMailboxes=0
actor idx=13 mesh=arms.iff mobility=Anchored pos=(-3.80,0.10,3.00)
[Actor] idx=14 class=7 commonOff=25120 NumberOfLocalMailboxes=0
actor idx=14 mesh=bell.iff mobility=Anchored pos=(-2.00,0.20,2.10)
[Actor] idx=15 class=7 commonOff=25164 NumberOfLocalMailboxes=0
actor idx=15 mesh=arms.iff mobility=Anchored pos=(-2.00,0.20,2.10)
[Actor] idx=16 class=7 commonOff=25208 NumberOfLocalMailboxes=0
actor idx=16 mesh=bell.iff mobility=Anchored pos=(1.80,0.20,3.50)
[Actor] idx=17 class=7 commonOff=25252 NumberOfLocalMailboxes=0
actor idx=17 mesh=arms.iff mobility=Anchored pos=(1.80,0.20,3.50)
[Actor] idx=18 class=7 commonOff=25296 NumberOfLocalMailboxes=0
actor idx=18 mesh=bell.iff mobility=Anchored pos=(3.80,0.10,2.20)
[Actor] idx=19 class=7 commonOff=25340 NumberOfLocalMailboxes=0
actor idx=19 mesh=arms.iff mobility=Anchored pos=(3.80,0.10,2.20)
[Actor] idx=20 class=7 commonOff=25384 NumberOfLocalMailboxes=0
actor idx=20 mesh=bell.iff mobility=Anchored pos=(3.50,0.25,3.55)
[Actor] idx=21 class=7 commonOff=25428 NumberOfLocalMailboxes=0
actor idx=21 mesh=arms.iff mobility=Anchored pos=(3.50,0.25,3.55)
[Actor] idx=22 class=5 commonOff=23028 NumberOfLocalMailboxes=0
actor idx=22 mesh=tank_base.iff mobility=Anchored pos=(0.00,0.00,0.00)
jolt: body STATIC pos=(0.00,0.00,0.00) half=(6.10,1.65,0.12) id=8388608
[Actor] idx=23 class=5 commonOff=23028 NumberOfLocalMailboxes=0
actor idx=23 mesh=water_back.iff mobility=Anchored pos=(0.00,0.00,0.00)
jolt: body STATIC pos=(0.00,1.53,2.73) half=(5.97,0.12,2.10) id=8388609
[Actor] idx=24 class=5 commonOff=23028 NumberOfLocalMailboxes=0
actor idx=24 mesh=back_air.iff mobility=Anchored pos=(0.00,0.00,0.00)
jolt: body STATIC pos=(0.00,1.53,5.08) half=(6.10,0.12,0.25) id=8388610
[Actor] idx=25 class=5 commonOff=23028 NumberOfLocalMailboxes=0
actor idx=25 mesh=tank_end__1.iff mobility=Anchored pos=(0.00,0.00,0.00)
jolt: body STATIC pos=(-6.09,0.00,2.67) half=(0.12,1.65,2.67) id=8388611
[Actor] idx=26 class=5 commonOff=23028 NumberOfLocalMailboxes=0
actor idx=26 mesh=tank_end_1.iff mobility=Anchored pos=(0.00,0.00,0.00)
jolt: body STATIC pos=(5.97,0.00,2.67) half=(0.12,1.65,2.67) id=8388612
[Actor] idx=27 class=5 commonOff=23028 NumberOfLocalMailboxes=0
actor idx=27 mesh=front_collider.iff mobility=Anchored pos=(0.00,0.00,0.00)
jolt: body STATIC pos=(0.00,-1.78,2.67) half=(6.10,0.12,2.67) id=8388613
[Actor] idx=28 class=7 commonOff=23028 NumberOfLocalMailboxes=0
actor idx=28 mesh=rim.iff mobility=Anchored pos=(0.00,0.00,0.00)
[Actor] idx=29 class=5 commonOff=23028 NumberOfLocalMailboxes=0
actor idx=29 mesh=floor.iff mobility=Anchored pos=(0.00,0.00,0.00)
jolt: body STATIC pos=(0.00,0.00,0.38) half=(5.97,1.52,0.25) id=8388614
[Actor] idx=30 class=7 commonOff=23028 NumberOfLocalMailboxes=0
actor idx=30 mesh=rounded_display.iff mobility=Anchored pos=(0.00,0.00,0.00)
[Actor] idx=31 class=5 commonOff=23028 NumberOfLocalMailboxes=0
actor idx=31 mesh=stand.iff mobility=Anchored pos=(0.00,0.00,0.00)
jolt: body STATIC pos=(0.00,0.00,-1.26) half=(6.25,1.80,1.24) id=8388615
[Actor] idx=32 class=5 commonOff=23028 NumberOfLocalMailboxes=0
actor idx=32 mesh=room_backdrop.iff mobility=Anchored pos=(0.00,0.00,0.00)
jolt: body STATIC pos=(0.00,2.97,7.50) half=(30.00,0.12,12.50) id=8388616
[Actor] idx=33 class=23 commonOff=23028 NumberOfLocalMailboxes=0
actor idx=33 mesh=(none) mobility=Anchored pos=(0.00,-20.00,1.00)
[Actor] idx=34 class=3 commonOff=23028 NumberOfLocalMailboxes=0
actor idx=34 mesh=(none) mobility=Anchored pos=(0.00,0.00,2.60)
[Actor] idx=35 class=16 commonOff=23028 NumberOfLocalMailboxes=0
actor idx=35 mesh=(none) mobility=Anchored pos=(0.00,-4.60,2.80)
LMalloc of 20 not 8-byte aligned, rounding up
DMalloc of 70 not 8-byte aligned, rounding up
DMalloc of 404 not 8-byte aligned, rounding up
DMalloc of 452 not 8-byte aligned, rounding up
DMalloc of 460 not 8-byte aligned, rounding up
DMalloc of 404 not 8-byte aligned, rounding up
Walking from 0
0->0
0->0
LMalloc of 20 not 8-byte aligned, rounding up
LMalloc of 20 not 8-byte aligned, rounding up
ASS closed without all data read (bytesLeft = 4118)
ASS closed without all data read (bytesLeft = 150)
ASS closed without all data read (bytesLeft = 16)
ASS closed without all data read (bytesLeft = 16)
ASS closed without all data read (bytesLeft = 9740)
ASS closed without all data read (bytesLeft = 4992)
ASS closed without all data read (bytesLeft = 588)
ASS closed without all data read (bytesLeft = 4692)
ASS closed without all data read (bytesLeft = 588)
ASS closed without all data read (bytesLeft = 588)
ASS closed without all data read (bytesLeft = 588)
ASS closed without all data read (bytesLeft = 588)
ASS closed without all data read (bytesLeft = 1260)
ASS closed without all data read (bytesLeft = 588)
ASS closed without all data read (bytesLeft = 10860)
ASS closed without all data read (bytesLeft = 588)
ASS closed without all data read (bytesLeft = 588)
PixelMap::Load: this = 0x7875a3d27c18
PixelMap::Load: this = 0x7875a3d27c58
LMalloc of 28 not 8-byte aligned, rounding up
LMalloc of 28 not 8-byte aligned, rounding up
LMalloc of 5004 not 8-byte aligned, rounding up
LMalloc of 28 not 8-byte aligned, rounding up
LMalloc of 28 not 8-byte aligned, rounding up
LMalloc of 7836 not 8-byte aligned, rounding up
RenderActor3DAnimates constructed with no animations!
LMalloc of 7836 not 8-byte aligned, rounding up
RenderActor3DAnimates constructed with no animations!
LMalloc of 4516 not 8-byte aligned, rounding up
RenderActor3DAnimates constructed with no animations!
LMalloc of 7836 not 8-byte aligned, rounding up
RenderActor3DAnimates constructed with no animations!
LMalloc of 4516 not 8-byte aligned, rounding up
RenderActor3DAnimates constructed with no animations!
LMalloc of 7836 not 8-byte aligned, rounding up
RenderActor3DAnimates constructed with no animations!
LMalloc of 4516 not 8-byte aligned, rounding up
RenderActor3DAnimates constructed with no animations!
LMalloc of 7836 not 8-byte aligned, rounding up
RenderActor3DAnimates constructed with no animations!
LMalloc of 4516 not 8-byte aligned, rounding up
RenderActor3DAnimates constructed with no animations!
LMalloc of 7836 not 8-byte aligned, rounding up
RenderActor3DAnimates constructed with no animations!
LMalloc of 4516 not 8-byte aligned, rounding up
RenderActor3DAnimates constructed with no animations!
LMalloc of 7836 not 8-byte aligned, rounding up
RenderActor3DAnimates constructed with no animations!
LMalloc of 4516 not 8-byte aligned, rounding up
RenderActor3DAnimates constructed with no animations!
LMalloc of 276 not 8-byte aligned, rounding up
RenderActor3DAnimates constructed with no animations!
MATL closed without all data read (bytesLeft = 264)
jolt: mesh actor_pos=(0.000,0.000,0.000)
jolt: mesh v0 local=(-6.096,-1.651,0.000) world=(-6.096,-1.651,0.000)
jolt: mesh v1 local=(-6.096,-1.651,0.127) world=(-6.096,-1.651,0.127)
jolt: mesh v2 local=(-6.096,1.651,0.000) world=(-6.096,1.651,0.000)
jolt: mesh v3 local=(-6.096,1.651,0.127) world=(-6.096,1.651,0.127)
jolt: mesh v4 local=(6.096,-1.651,0.000) world=(6.096,-1.651,0.000)
jolt: mesh v5 local=(6.096,-1.651,0.127) world=(6.096,-1.651,0.127)
jolt: mesh v6 local=(6.096,1.651,0.000) world=(6.096,1.651,0.000)
jolt: mesh v7 local=(6.096,1.651,0.127) world=(6.096,1.651,0.127)
jolt: body MESH_STATIC verts=8 faces=12 id=16777216
LMalloc of 2436 not 8-byte aligned, rounding up
RenderActor3DAnimates constructed with no animations!
MATL closed without all data read (bytesLeft = 2640)
jolt: mesh actor_pos=(0.000,0.000,0.000)
jolt: mesh v0 local=(-5.969,1.524,0.635) world=(-5.969,1.524,0.635)
jolt: mesh v1 local=(-5.969,1.524,1.054) world=(-5.969,1.524,1.054)
jolt: mesh v2 local=(-5.969,1.524,1.473) world=(-5.969,1.524,1.473)
jolt: mesh v3 local=(-5.969,1.524,1.892) world=(-5.969,1.524,1.892)
jolt: mesh v4 local=(-5.969,1.524,2.311) world=(-5.969,1.524,2.311)
jolt: mesh v5 local=(-5.969,1.524,2.730) world=(-5.969,1.524,2.730)
jolt: mesh v6 local=(-5.969,1.524,3.150) world=(-5.969,1.524,3.150)
jolt: mesh v7 local=(-5.969,1.524,3.569) world=(-5.969,1.524,3.569)
jolt: mesh v8 local=(-5.969,1.524,3.988) world=(-5.969,1.524,3.988)
jolt: mesh v9 local=(-5.969,1.524,4.407) world=(-5.969,1.524,4.407)
jolt: mesh v10 local=(-5.969,1.524,4.826) world=(-5.969,1.524,4.826)
jolt: mesh v11 local=(-5.969,1.651,0.635) world=(-5.969,1.651,0.635)
jolt: mesh v12 local=(-5.969,1.651,1.054) world=(-5.969,1.651,1.054)
jolt: mesh v13 local=(-5.969,1.651,1.473) world=(-5.969,1.651,1.473)
jolt: mesh v14 local=(-5.969,1.651,1.892) world=(-5.969,1.651,1.892)
jolt: mesh v15 local=(-5.969,1.651,2.311) world=(-5.969,1.651,2.311)
jolt: mesh v16 local=(-5.969,1.651,2.730) world=(-5.969,1.651,2.730)
jolt: mesh v17 local=(-5.969,1.651,3.150) world=(-5.969,1.651,3.150)
jolt: mesh v18 local=(-5.969,1.651,3.569) world=(-5.969,1.651,3.569)
jolt: mesh v19 local=(-5.969,1.651,3.988) world=(-5.969,1.651,3.988)
jolt: mesh v20 local=(-5.969,1.651,4.407) world=(-5.969,1.651,4.407)
jolt: mesh v21 local=(-5.969,1.651,4.826) world=(-5.969,1.651,4.826)
jolt: mesh v22 local=(5.969,1.524,0.635) world=(5.969,1.524,0.635)
jolt: mesh v23 local=(5.969,1.524,1.054) world=(5.969,1.524,1.054)
jolt: mesh v24 local=(5.969,1.524,1.473) world=(5.969,1.524,1.473)
jolt: mesh v25 local=(5.969,1.524,1.892) world=(5.969,1.524,1.892)
jolt: mesh v26 local=(5.969,1.524,2.311) world=(5.969,1.524,2.311)
jolt: mesh v27 local=(5.969,1.524,2.730) world=(5.969,1.524,2.730)
jolt: mesh v28 local=(5.969,1.524,3.150) world=(5.969,1.524,3.150)
jolt: mesh v29 local=(5.969,1.524,3.569) world=(5.969,1.524,3.569)
jolt: mesh v30 local=(5.969,1.524,3.988) world=(5.969,1.524,3.988)
jolt: mesh v31 local=(5.969,1.524,4.407) world=(5.969,1.524,4.407)
jolt: mesh v32 local=(5.969,1.524,4.826) world=(5.969,1.524,4.826)
jolt: mesh v33 local=(5.969,1.651,0.635) world=(5.969,1.651,0.635)
jolt: mesh v34 local=(5.969,1.651,1.054) world=(5.969,1.651,1.054)
jolt: mesh v35 local=(5.969,1.651,1.473) world=(5.969,1.651,1.473)
jolt: mesh v36 local=(5.969,1.651,1.892) world=(5.969,1.651,1.892)
jolt: mesh v37 local=(5.969,1.651,2.311) world=(5.969,1.651,2.311)
jolt: mesh v38 local=(5.969,1.651,2.730) world=(5.969,1.651,2.730)
jolt: mesh v39 local=(5.969,1.651,3.150) world=(5.969,1.651,3.150)
jolt: mesh v40 local=(5.969,1.651,3.569) world=(5.969,1.651,3.569)
jolt: mesh v41 local=(5.969,1.651,3.988) world=(5.969,1.651,3.988)
jolt: mesh v42 local=(5.969,1.651,4.407) world=(5.969,1.651,4.407)
jolt: mesh v43 local=(5.969,1.651,4.826) world=(5.969,1.651,4.826)
jolt: body MESH_STATIC verts=44 faces=120 id=16777217
LMalloc of 276 not 8-byte aligned, rounding up
RenderActor3DAnimates constructed with no animations!
MATL closed without all data read (bytesLeft = 264)
jolt: mesh actor_pos=(0.000,0.000,0.000)
jolt: mesh v0 local=(-6.096,1.524,4.826) world=(-6.096,1.524,4.826)
jolt: mesh v1 local=(-6.096,1.524,5.334) world=(-6.096,1.524,5.334)
jolt: mesh v2 local=(-6.096,1.651,4.826) world=(-6.096,1.651,4.826)
jolt: mesh v3 local=(-6.096,1.651,5.334) world=(-6.096,1.651,5.334)
jolt: mesh v4 local=(6.096,1.524,4.826) world=(6.096,1.524,4.826)
jolt: mesh v5 local=(6.096,1.524,5.334) world=(6.096,1.524,5.334)
jolt: mesh v6 local=(6.096,1.651,4.826) world=(6.096,1.651,4.826)
jolt: mesh v7 local=(6.096,1.651,5.334) world=(6.096,1.651,5.334)
jolt: body MESH_STATIC verts=8 faces=12 id=16777218
LMalloc of 276 not 8-byte aligned, rounding up
RenderActor3DAnimates constructed with no animations!
MATL closed without all data read (bytesLeft = 264)
jolt: mesh actor_pos=(0.000,0.000,0.000)
jolt: mesh v0 local=(-6.096,-1.651,0.000) world=(-6.096,-1.651,0.000)
jolt: mesh v1 local=(-6.096,-1.651,5.334) world=(-6.096,-1.651,5.334)
jolt: mesh v2 local=(-6.096,1.651,0.000) world=(-6.096,1.651,0.000)
jolt: mesh v3 local=(-6.096,1.651,5.334) world=(-6.096,1.651,5.334)
jolt: mesh v4 local=(-5.969,-1.651,0.000) world=(-5.969,-1.651,0.000)
jolt: mesh v5 local=(-5.969,-1.651,5.334) world=(-5.969,-1.651,5.334)
jolt: mesh v6 local=(-5.969,1.651,0.000) world=(-5.969,1.651,0.000)
jolt: mesh v7 local=(-5.969,1.651,5.334) world=(-5.969,1.651,5.334)
jolt: body MESH_STATIC verts=8 faces=12 id=16777219
LMalloc of 276 not 8-byte aligned, rounding up
RenderActor3DAnimates constructed with no animations!
MATL closed without all data read (bytesLeft = 264)
jolt: mesh actor_pos=(0.000,0.000,0.000)
jolt: mesh v0 local=(5.969,-1.651,0.000) world=(5.969,-1.651,0.000)
jolt: mesh v1 local=(5.969,-1.651,5.334) world=(5.969,-1.651,5.334)
jolt: mesh v2 local=(5.969,1.651,0.000) world=(5.969,1.651,0.000)
jolt: mesh v3 local=(5.969,1.651,5.334) world=(5.969,1.651,5.334)
jolt: mesh v4 local=(6.096,-1.651,0.000) world=(6.096,-1.651,0.000)
jolt: mesh v5 local=(6.096,-1.651,5.334) world=(6.096,-1.651,5.334)
jolt: mesh v6 local=(6.096,1.651,0.000) world=(6.096,1.651,0.000)
jolt: mesh v7 local=(6.096,1.651,5.334) world=(6.096,1.651,5.334)
jolt: body MESH_STATIC verts=8 faces=12 id=16777220
LMalloc of 276 not 8-byte aligned, rounding up
RenderActor3DAnimates constructed with no animations!
MATL closed without all data read (bytesLeft = 264)
jolt: mesh actor_pos=(0.000,0.000,0.000)
jolt: mesh v0 local=(-6.096,-1.778,0.000) world=(-6.096,-1.778,0.000)
jolt: mesh v1 local=(-6.096,-1.778,5.334) world=(-6.096,-1.778,5.334)
jolt: mesh v2 local=(-6.096,-1.651,0.000) world=(-6.096,-1.651,0.000)
jolt: mesh v3 local=(-6.096,-1.651,5.334) world=(-6.096,-1.651,5.334)
jolt: mesh v4 local=(6.096,-1.778,0.000) world=(6.096,-1.778,0.000)
jolt: mesh v5 local=(6.096,-1.778,5.334) world=(6.096,-1.778,5.334)
jolt: mesh v6 local=(6.096,-1.651,0.000) world=(6.096,-1.651,0.000)
jolt: mesh v7 local=(6.096,-1.651,5.334) world=(6.096,-1.651,5.334)
jolt: body MESH_STATIC verts=8 faces=12 id=16777221
LMalloc of 996 not 8-byte aligned, rounding up
RenderActor3DAnimates constructed with no animations!
LMalloc of 276 not 8-byte aligned, rounding up
RenderActor3DAnimates constructed with no animations!
MATL closed without all data read (bytesLeft = 264)
jolt: mesh actor_pos=(0.000,0.000,0.000)
jolt: mesh v0 local=(-5.969,-1.524,0.127) world=(-5.969,-1.524,0.127)
jolt: mesh v1 local=(-5.969,-1.524,0.635) world=(-5.969,-1.524,0.635)
jolt: mesh v2 local=(-5.969,1.524,0.127) world=(-5.969,1.524,0.127)
jolt: mesh v3 local=(-5.969,1.524,0.635) world=(-5.969,1.524,0.635)
jolt: mesh v4 local=(5.969,-1.524,0.127) world=(5.969,-1.524,0.127)
jolt: mesh v5 local=(5.969,-1.524,0.635) world=(5.969,-1.524,0.635)
jolt: mesh v6 local=(5.969,1.524,0.127) world=(5.969,1.524,0.127)
jolt: mesh v7 local=(5.969,1.524,0.635) world=(5.969,1.524,0.635)
jolt: body MESH_STATIC verts=8 faces=12 id=16777222
LMalloc of 9636 not 8-byte aligned, rounding up
RenderActor3DAnimates constructed with no animations!
LMalloc of 276 not 8-byte aligned, rounding up
RenderActor3DAnimates constructed with no animations!
MATL closed without all data read (bytesLeft = 264)
jolt: mesh actor_pos=(0.000,0.000,0.000)
jolt: mesh v0 local=(-6.246,-1.801,-2.500) world=(-6.246,-1.801,-2.500)
jolt: mesh v1 local=(-6.246,-1.801,-0.025) world=(-6.246,-1.801,-0.025)
jolt: mesh v2 local=(-6.246,1.801,-2.500) world=(-6.246,1.801,-2.500)
jolt: mesh v3 local=(-6.246,1.801,-0.025) world=(-6.246,1.801,-0.025)
jolt: mesh v4 local=(6.246,-1.801,-2.500) world=(6.246,-1.801,-2.500)
jolt: mesh v5 local=(6.246,-1.801,-0.025) world=(6.246,-1.801,-0.025)
jolt: mesh v6 local=(6.246,1.801,-2.500) world=(6.246,1.801,-2.500)
jolt: mesh v7 local=(6.246,1.801,-0.025) world=(6.246,1.801,-0.025)
jolt: body MESH_STATIC verts=8 faces=12 id=16777223
LMalloc of 276 not 8-byte aligned, rounding up
RenderActor3DAnimates constructed with no animations!
MATL closed without all data read (bytesLeft = 264)
jolt: mesh actor_pos=(0.000,0.000,0.000)
jolt: mesh v0 local=(-30.000,3.000,-5.000) world=(-30.000,3.000,-5.000)
jolt: mesh v1 local=(-30.000,3.000,20.000) world=(-30.000,3.000,20.000)
jolt: mesh v2 local=(-30.000,3.100,-5.000) world=(-30.000,3.100,-5.000)
jolt: mesh v3 local=(-30.000,3.100,20.000) world=(-30.000,3.100,20.000)
jolt: mesh v4 local=(30.000,3.000,-5.000) world=(30.000,3.000,-5.000)
jolt: mesh v5 local=(30.000,3.000,20.000) world=(30.000,3.000,20.000)
jolt: mesh v6 local=(30.000,3.100,-5.000) world=(30.000,3.100,-5.000)
jolt: mesh v7 local=(30.000,3.100,20.000) world=(30.000,3.100,20.000)
jolt: body MESH_STATIC verts=8 faces=12 id=16777224
fennel: loaded (143294 bytes embedded)
quickjs: runtime initialised
quickjs smoke: 1+2 -> 3 (expect 3)
zforth: INDEXOF_CAMSHOT = 1921 (expect 1921)
zforth: INDEXOF_CAMSHOT = 1921 (expect 1921)
jolt: OptimizeBroadPhase done (9 static bodies)
audio: MusicPlayer — soundfont not found: florestan-subset.sf2
audio: sfx[0] not found: wflevels/qbert_practice/sfx/qbert_hop.wav
audio: sfx[1] not found: wflevels/qbert_practice/sfx/qbert_land.wav
audio: sfx[2] not found: wflevels/qbert_practice/sfx/qbert_fall.wav
audio: sfx[3] not found: wflevels/qbert_practice/sfx/qbert_swear.wav
audio: sfx[4] not found: wflevels/qbert_practice/sfx/qbert_round_clear.wav
audio: sfx[5] not found: wflevels/qbert_practice/sfx/qbert_kill.wav
audio: sfx[6] not found: wflevels/qbert_practice/sfx/qbert_disc.wav
rest_api: listening on http://127.0.0.1:18932
[debug] listening on :17932
[debug] client connected fd=18 from 127.0.0.1
delta too large: 0.4359588623
timeofday:1791026757:909861
lasttimeofday: 1791026757:473900
deltatime:0:435961
delta: 0.4359588623
ball pos: (-3.404, -0.199, 2.751)
ball pos: (-3.440, -0.194, 2.579)
ball pos: (-3.490, -0.186, 2.453)
ball pos: (-3.542, -0.179, 2.743)
delta too large: 0.4779815674
timeofday:1791026761:883810
lasttimeofday: 1791026761:405819
deltatime:0:477991
delta: 0.4779815674
ball pos: (-0.012, -0.244, 2.482)
ball pos: (-0.030, -0.233, 2.621)
ball pos: (-0.050, -0.221, 2.717)
delta too large: 0.4375152588
timeofday:1791026765:2902
lasttimeofday: 1791026764:565374
deltatime:0:437528
delta: 0.4375152588
ball pos: (-0.069, -0.210, 2.536)
ball pos: (-0.088, -0.198, 2.839)
ball pos: (-0.105, -0.186, 2.789)
[debug] client disconnected fd=18
