 (log → /storage/emulated/0/Android/data/org.worldfoundry.wf_game.aquarium/files/wf.log) ===
[98282.057448] (f_game.aquarium) Successfully parsed 1 environment variable(s) from /vendor/etc/mali_platform.config.
Could not open module param file '/sys/module/mali_kbase/parameters/large_page_conf'
[98282.066045] (f_game.aquarium) Successfully parsed 1 environment variable(s) from /vendor/etc/mali_platform.config.
audio: miniaudio v0.11.25 ready
wf_game v0.4.1, Built:Oct  1 2026,02:27:16 by kts
--frame-profile
argc = 2, commandIndex = 2
Level=-1
cerror:
cwarn:
cstats:
wf_game Ver 0.4.1, Built:Oct  1 2026,02:27:16 by kts
DBSTREAMS jolt: RegisterDefaultAllocator
jolt: Factory
jolt: RegisterTypes
jolt: RunSelftest
jolt: selftest ok (sphere fell to z=5.098)
jolt: backend init
jolt: backend ready (gravity -Z)
jolt: init complete
LMalloc of 76 not 8-byte aligned, rounding up
Opening cd.iff
LMalloc of 114 not 8-byte aligned, rounding up
zforth: INDEXOF_CAMSHOT = 1921 (expect 1921)
zforth: INDEXOF_CAMSHOT = 1921 (expect 1921)
LMalloc of 412 not 8-byte aligned, rounding up
LMalloc of 7620 not 8-byte aligned, rounding up
LMalloc of 20 not 8-byte aligned, rounding up
LMalloc of 20 not 8-byte aligned, rounding up
LMalloc of 44 not 8-byte aligned, rounding up
LMalloc of 44 not 8-byte aligned, rounding up
LMalloc of 44 not 8-byte aligned, rounding up
LMalloc of 44 not 8-byte aligned, rounding up
LMalloc of 44 not 8-byte aligned, rounding up
LMalloc of 44 not 8-byte aligned, rounding up
LMalloc of 44 not 8-byte aligned, rounding up
LMalloc of 44 not 8-byte aligned, rounding up
LMalloc of 44 not 8-byte aligned, rounding up
LMalloc of 44 not 8-byte aligned, rounding up
LMalloc of 44 not 8-byte aligned, rounding up
LMalloc of 44 not 8-byte aligned, rounding up
LMalloc of 44 not 8-byte aligned, rounding up
LMalloc of 44 not 8-byte aligned, rounding up
LMalloc of 44 not 8-byte aligned, rounding up
LMalloc of 44 not 8-byte aligned, rounding up
LMalloc of 44 not 8-byte aligned, rounding up
LMalloc of 44 not 8-byte aligned, rounding up
LMalloc of 44 not 8-byte aligned, rounding up
LMalloc of 44 not 8-byte aligned, rounding up
LMalloc of 44 not 8-byte aligned, rounding up
LMalloc of 44 not 8-byte aligned, rounding up
Level::Level: leveldata= 0xe0a294c8, object count  = 62
ASS closed without all data read (bytesLeft = 4118)
ASS closed without all data read (bytesLeft = 150)
ASS closed without all data read (bytesLeft = 16)
ASS closed without all data read (bytesLeft = 16)
ASS closed without all data read (bytesLeft = 8732)
DMalloc of 84 not 8-byte aligned, rounding up
LMalloc of 76 not 8-byte aligned, rounding up
PixelMap::Load: this = 0xe0032140
PixelMap::Load: this = 0xe0032170
LMalloc of 28 not 8-byte aligned, rounding up
LMalloc of 28 not 8-byte aligned, rounding up
LMalloc of 28 not 8-byte aligned, rounding up
LMalloc of 28 not 8-byte aligned, rounding up
[Actor] idx=1 class=13 commonOff=87960 NumberOfLocalMailboxes=0
DMalloc of 84 not 8-byte aligned, rounding up
this = 0xe0035448,setting _memory to 0xe00351b8
DMalloc of 52 not 8-byte aligned, rounding up
DMalloc of 252 not 8-byte aligned, rounding up
[Actor] idx=2 class=20 commonOff=88276 NumberOfLocalMailboxes=0
DMalloc of 84 not 8-byte aligned, rounding up
DMalloc of 228 not 8-byte aligned, rounding up
[Actor] idx=4 class=11 commonOff=87960 NumberOfLocalMailboxes=0
DMalloc of 84 not 8-byte aligned, rounding up
[Actor] idx=5 class=16 commonOff=87960 NumberOfLocalMailboxes=0
DMalloc of 84 not 8-byte aligned, rounding up
[Actor] idx=6 class=3 commonOff=87960 NumberOfLocalMailboxes=0
DMalloc of 84 not 8-byte aligned, rounding up
[Actor] idx=8 class=22 commonOff=89172 NumberOfLocalMailboxes=6
DMalloc of 84 not 8-byte aligned, rounding up
jolt: character 0 created at (-1.60, 0.00, 2.40) ctr=(0.00,0.00,0.00)
DMalloc of 228 not 8-byte aligned, rounding up
[Actor] idx=9 class=23 commonOff=87960 NumberOfLocalMailboxes=0
DMalloc of 84 not 8-byte aligned, rounding up
[Actor] idx=10 class=7 commonOff=89744 NumberOfLocalMailboxes=0
DMalloc of 84 not 8-byte aligned, rounding up
[Actor] idx=11 class=7 commonOff=89944 NumberOfLocalMailboxes=0
DMalloc of 84 not 8-byte aligned, rounding up
[Actor] idx=12 class=7 commonOff=89988 NumberOfLocalMailboxes=0
DMalloc of 84 not 8-byte aligned, rounding up
[Actor] idx=13 class=7 commonOff=90032 NumberOfLocalMailboxes=0
DMalloc of 84 not 8-byte aligned, rounding up
[Actor] idx=14 class=7 commonOff=90032 NumberOfLocalMailboxes=0
DMalloc of 84 not 8-byte aligned, rounding up
[Actor] idx=15 class=7 commonOff=90076 NumberOfLocalMailboxes=0
DMalloc of 84 not 8-byte aligned, rounding up
[Actor] idx=16 class=7 commonOff=90076 NumberOfLocalMailboxes=0
DMalloc of 84 not 8-byte aligned, rounding up
[Actor] idx=17 class=7 commonOff=90076 NumberOfLocalMailboxes=0
DMalloc of 84 not 8-byte aligned, rounding up
[Actor] idx=18 class=7 commonOff=90076 NumberOfLocalMailboxes=0
DMalloc of 84 not 8-byte aligned, rounding up
[Actor] idx=19 class=7 commonOff=90076 NumberOfLocalMailboxes=0
DMalloc of 84 not 8-byte aligned, rounding up
[Actor] idx=20 class=7 commonOff=90076 NumberOfLocalMailboxes=0
DMalloc of 84 not 8-byte aligned, rounding up
[Actor] idx=21 class=7 commonOff=90076 NumberOfLocalMailboxes=0
DMalloc of 84 not 8-byte aligned, rounding up
[Actor] idx=22 class=7 commonOff=90076 NumberOfLocalMailboxes=0
DMalloc of 84 not 8-byte aligned, rounding up
[Actor] idx=23 class=7 commonOff=90076 NumberOfLocalMailboxes=0
DMalloc of 84 not 8-byte aligned, rounding up
[Actor] idx=24 class=7 commonOff=90076 NumberOfLocalMailboxes=0
DMalloc of 84 not 8-byte aligned, rounding up
[Actor] idx=25 class=7 commonOff=90076 NumberOfLocalMailboxes=0
DMalloc of 84 not 8-byte aligned, rounding up
[Actor] idx=26 class=7 commonOff=90076 NumberOfLocalMailboxes=0
DMalloc of 84 not 8-byte aligned, rounding up
[Actor] idx=27 class=7 commonOff=90076 NumberOfLocalMailboxes=0
DMalloc of 84 not 8-byte aligned, rounding up
[Actor] idx=28 class=7 commonOff=90076 NumberOfLocalMailboxes=0
DMalloc of 84 not 8-byte aligned, rounding up
[Actor] idx=29 class=7 commonOff=90076 NumberOfLocalMailboxes=0
DMalloc of 84 not 8-byte aligned, rounding up
[Actor] idx=30 class=7 commonOff=90076 NumberOfLocalMailboxes=0
DMalloc of 84 not 8-byte aligned, rounding up
[Actor] idx=31 class=7 commonOff=90076 NumberOfLocalMailboxes=0
DMalloc of 84 not 8-byte aligned, rounding up
[Actor] idx=32 class=7 commonOff=90076 NumberOfLocalMailboxes=0
DMalloc of 84 not 8-byte aligned, rounding up
[Actor] idx=33 class=7 commonOff=90076 NumberOfLocalMailboxes=0
DMalloc of 84 not 8-byte aligned, rounding up
[Actor] idx=34 class=7 commonOff=90076 NumberOfLocalMailboxes=0
DMalloc of 84 not 8-byte aligned, rounding up
[Actor] idx=35 class=7 commonOff=90076 NumberOfLocalMailboxes=0
DMalloc of 84 not 8-byte aligned, rounding up
[Actor] idx=36 class=7 commonOff=90076 NumberOfLocalMailboxes=0
DMalloc of 84 not 8-byte aligned, rounding up
[Actor] idx=37 class=7 commonOff=90076 NumberOfLocalMailboxes=0
DMalloc of 84 not 8-byte aligned, rounding up
[Actor] idx=38 class=7 commonOff=90076 NumberOfLocalMailboxes=0
DMalloc of 84 not 8-byte aligned, rounding up
[Actor] idx=39 class=7 commonOff=90076 NumberOfLocalMailboxes=0
DMalloc of 84 not 8-byte aligned, rounding up
[Actor] idx=40 class=7 commonOff=90076 NumberOfLocalMailboxes=0
DMalloc of 84 not 8-byte aligned, rounding up
[Actor] idx=41 class=7 commonOff=90076 NumberOfLocalMailboxes=0
DMalloc of 84 not 8-byte aligned, rounding up
[Actor] idx=42 class=7 commonOff=90076 NumberOfLocalMailboxes=0
DMalloc of 84 not 8-byte aligned, rounding up
[Actor] idx=43 class=7 commonOff=90076 NumberOfLocalMailboxes=0
DMalloc of 84 not 8-byte aligned, rounding up
[Actor] idx=44 class=5 commonOff=90228 NumberOfLocalMailboxes=0
jolt: body STATIC pos=(0.00,0.00,2.67) half=(6.10,1.65,2.67) id=8388608
[Actor] idx=45 class=5 commonOff=87960 NumberOfLocalMailboxes=0
jolt: body STATIC pos=(0.00,-1.65,2.73) half=(5.97,0.12,2.60) id=8388609
[Actor] idx=46 class=5 commonOff=90272 NumberOfLocalMailboxes=0
jolt: body STATIC pos=(0.00,0.00,5.27) half=(6.16,1.71,0.12) id=8388610
[Actor] idx=47 class=5 commonOff=90316 NumberOfLocalMailboxes=0
jolt: body STATIC pos=(0.00,0.00,0.38) half=(5.96,1.52,0.25) id=8388611
[Actor] idx=48 class=5 commonOff=90360 NumberOfLocalMailboxes=0
jolt: body STATIC pos=(2.48,-0.02,0.91) half=(0.76,0.56,0.27) id=8388612
[Actor] idx=49 class=5 commonOff=90404 NumberOfLocalMailboxes=0
jolt: body STATIC pos=(2.50,0.00,1.56) half=(0.50,0.50,0.38) id=8388613
[Actor] idx=50 class=7 commonOff=90448 NumberOfLocalMailboxes=0
DMalloc of 84 not 8-byte aligned, rounding up
[Actor] idx=51 class=7 commonOff=90448 NumberOfLocalMailboxes=0
DMalloc of 84 not 8-byte aligned, rounding up
[Actor] idx=52 class=7 commonOff=90448 NumberOfLocalMailboxes=0
DMalloc of 84 not 8-byte aligned, rounding up
[Actor] idx=53 class=7 commonOff=90492 NumberOfLocalMailboxes=0
DMalloc of 84 not 8-byte aligned, rounding up
[Actor] idx=54 class=7 commonOff=90492 NumberOfLocalMailboxes=0
DMalloc of 84 not 8-byte aligned, rounding up
[Actor] idx=55 class=7 commonOff=90492 NumberOfLocalMailboxes=0
DMalloc of 84 not 8-byte aligned, rounding up
[Actor] idx=56 class=3 commonOff=87960 NumberOfLocalMailboxes=0
DMalloc of 84 not 8-byte aligned, rounding up
[Actor] idx=57 class=5 commonOff=87960 NumberOfLocalMailboxes=0
jolt: body STATIC pos=(0.00,0.00,-4.50) half=(6.30,1.85,4.50) id=8388614
[Actor] idx=58 class=5 commonOff=90536 NumberOfLocalMailboxes=0
jolt: body STATIC pos=(0.00,3.88,3.50) half=(20.00,0.12,12.50) id=8388615
DMalloc of 228 not 8-byte aligned, rounding up
[Actor] idx=59 class=23 commonOff=87960 NumberOfLocalMailboxes=0
DMalloc of 84 not 8-byte aligned, rounding up
[Actor] idx=60 class=7 commonOff=87960 NumberOfLocalMailboxes=0
DMalloc of 84 not 8-byte aligned, rounding up
[Actor] idx=61 class=16 commonOff=87960 NumberOfLocalMailboxes=0
DMalloc of 84 not 8-byte aligned, rounding up
LMalloc of 20 not 8-byte aligned, rounding up
LMalloc of 212 not 8-byte aligned, rounding up
DMalloc of 122 not 8-byte aligned, rounding up
DMalloc of 404 not 8-byte aligned, rounding up
DMalloc of 502 not 8-byte aligned, rounding up
DMalloc of 404 not 8-byte aligned, rounding up
Walking from 0
0->0
0->0
LMalloc of 20 not 8-byte aligned, rounding up
LMalloc of 20 not 8-byte aligned, rounding up
ASS closed without all data read (bytesLeft = 4118)
ASS closed without all data read (bytesLeft = 65558)
ASS closed without all data read (bytesLeft = 64)
ASS closed without all data read (bytesLeft = 16)
ASS closed without all data read (bytesLeft = 8732)
ASS closed without all data read (bytesLeft = 1732)
ASS closed without all data read (bytesLeft = 1572)
ASS closed without all data read (bytesLeft = 1252)
ASS closed without all data read (bytesLeft = 1252)
ASS closed without all data read (bytesLeft = 3148)
ASS closed without all data read (bytesLeft = 19380)
ASS closed without all data read (bytesLeft = 588)
ASS closed without all data read (bytesLeft = 1364)
ASS closed without all data read (bytesLeft = 10012)
ASS closed without all data read (bytesLeft = 1716)
ASS closed without all data read (bytesLeft = 4308)
ASS closed without all data read (bytesLeft = 4668)
ASS closed without all data read (bytesLeft = 5772)
ASS closed without all data read (bytesLeft = 4668)
ASS closed without all data read (bytesLeft = 4668)
ASS closed without all data read (bytesLeft = 3564)
ASS closed without all data read (bytesLeft = 4668)
ASS closed without all data read (bytesLeft = 852)
ASS closed without all data read (bytesLeft = 412)
DMalloc of 84 not 8-byte aligned, rounding up
PixelMap::Load: this = 0xe00321a0
PixelMap::Load: this = 0xe00321d0
LMalloc of 76 not 8-byte aligned, rounding up
LMalloc of 28 not 8-byte aligned, rounding up
LMalloc of 76 not 8-byte aligned, rounding up
LMalloc of 28 not 8-byte aligned, rounding up
LMalloc of 244 not 8-byte aligned, rounding up
LMalloc of 44 not 8-byte aligned, rounding up
LMalloc of 44 not 8-byte aligned, rounding up
LMalloc of 44 not 8-byte aligned, rounding up
LMalloc of 6236 not 8-byte aligned, rounding up
RenderActor3DAnimates constructed with no animations!
LMalloc of 244 not 8-byte aligned, rounding up
LMalloc of 44 not 8-byte aligned, rounding up
LMalloc of 44 not 8-byte aligned, rounding up
LMalloc of 44 not 8-byte aligned, rounding up
LMalloc of 6236 not 8-byte aligned, rounding up
RenderActor3DAnimates constructed with no animations!
LMalloc of 244 not 8-byte aligned, rounding up
LMalloc of 44 not 8-byte aligned, rounding up
LMalloc of 44 not 8-byte aligned, rounding up
LMalloc of 44 not 8-byte aligned, rounding up
LMalloc of 1156 not 8-byte aligned, rounding up
RenderActor3DAnimates constructed with no animations!
LMalloc of 244 not 8-byte aligned, rounding up
LMalloc of 44 not 8-byte aligned, rounding up
LMalloc of 44 not 8-byte aligned, rounding up
LMalloc of 44 not 8-byte aligned, rounding up
LMalloc of 996 not 8-byte aligned, rounding up
RenderActor3DAnimates constructed with no animations!
LMalloc of 244 not 8-byte aligned, rounding up
LMalloc of 44 not 8-byte aligned, rounding up
LMalloc of 44 not 8-byte aligned, rounding up
LMalloc of 44 not 8-byte aligned, rounding up
LMalloc of 676 not 8-byte aligned, rounding up
RenderActor3DAnimates constructed with no animations!
LMalloc of 244 not 8-byte aligned, rounding up
LMalloc of 44 not 8-byte aligned, rounding up
LMalloc of 44 not 8-byte aligned, rounding up
LMalloc of 44 not 8-byte aligned, rounding up
LMalloc of 676 not 8-byte aligned, rounding up
RenderActor3DAnimates constructed with no animations!
LMalloc of 244 not 8-byte aligned, rounding up
LMalloc of 44 not 8-byte aligned, rounding up
LMalloc of 44 not 8-byte aligned, rounding up
material: texture="tiger_barb.tga"  bTranslucent=0  bitdepth=15  flags_in=0x16
LMalloc of 44 not 8-byte aligned, rounding up
LMalloc of 2596 not 8-byte aligned, rounding up
RenderActor3DAnimates constructed with no animations!
LMalloc of 244 not 8-byte aligned, rounding up
LMalloc of 44 not 8-byte aligned, rounding up
LMalloc of 44 not 8-byte aligned, rounding up
material: texture="tiger_barb.tga"  bTranslucent=0  bitdepth=15  flags_in=0x16
LMalloc of 44 not 8-byte aligned, rounding up
LMalloc of 2596 not 8-byte aligned, rounding up
RenderActor3DAnimates constructed with no animations!
LMalloc of 244 not 8-byte aligned, rounding up
LMalloc of 44 not 8-byte aligned, rounding up
LMalloc of 44 not 8-byte aligned, rounding up
material: texture="tiger_barb.tga"  bTranslucent=0  bitdepth=15  flags_in=0x16
LMalloc of 44 not 8-byte aligned, rounding up
LMalloc of 2596 not 8-byte aligned, rounding up
RenderActor3DAnimates constructed with no animations!
LMalloc of 244 not 8-byte aligned, rounding up
LMalloc of 44 not 8-byte aligned, rounding up
LMalloc of 44 not 8-byte aligned, rounding up
material: texture="tiger_barb.tga"  bTranslucent=0  bitdepth=15  flags_in=0x16
LMalloc of 44 not 8-byte aligned, rounding up
LMalloc of 2596 not 8-byte aligned, rounding up
RenderActor3DAnimates constructed with no animations!
LMalloc of 244 not 8-byte aligned, rounding up
LMalloc of 44 not 8-byte aligned, rounding up
LMalloc of 44 not 8-byte aligned, rounding up
material: texture="tiger_barb.tga"  bTranslucent=0  bitdepth=15  flags_in=0x16
LMalloc of 44 not 8-byte aligned, rounding up
LMalloc of 2596 not 8-byte aligned, rounding up
RenderActor3DAnimates constructed with no animations!
LMalloc of 244 not 8-byte aligned, rounding up
LMalloc of 44 not 8-byte aligned, rounding up
LMalloc of 44 not 8-byte aligned, rounding up
material: texture="tiger_barb.tga"  bTranslucent=0  bitdepth=15  flags_in=0x16
LMalloc of 44 not 8-byte aligned, rounding up
LMalloc of 2596 not 8-byte aligned, rounding up
RenderActor3DAnimates constructed with no animations!
LMalloc of 244 not 8-byte aligned, rounding up
LMalloc of 44 not 8-byte aligned, rounding up
LMalloc of 44 not 8-byte aligned, rounding up
material: texture="tiger_barb.tga"  bTranslucent=0  bitdepth=15  flags_in=0x16
LMalloc of 44 not 8-byte aligned, rounding up
LMalloc of 2596 not 8-byte aligned, rounding up
RenderActor3DAnimates constructed with no animations!
LMalloc of 244 not 8-byte aligned, rounding up
LMalloc of 44 not 8-byte aligned, rounding up
LMalloc of 44 not 8-byte aligned, rounding up
material: texture="tiger_barb.tga"  bTranslucent=0  bitdepth=15  flags_in=0x16
LMalloc of 44 not 8-byte aligned, rounding up
LMalloc of 2596 not 8-byte aligned, rounding up
RenderActor3DAnimates constructed with no animations!
LMalloc of 244 not 8-byte aligned, rounding up
LMalloc of 44 not 8-byte aligned, rounding up
LMalloc of 44 not 8-byte aligned, rounding up
material: texture="tiger_barb.tga"  bTranslucent=0  bitdepth=15  flags_in=0x16
LMalloc of 44 not 8-byte aligned, rounding up
LMalloc of 2596 not 8-byte aligned, rounding up
RenderActor3DAnimates constructed with no animations!
LMalloc of 244 not 8-byte aligned, rounding up
LMalloc of 44 not 8-byte aligned, rounding up
LMalloc of 44 not 8-byte aligned, rounding up
material: texture="tiger_barb.tga"  bTranslucent=0  bitdepth=15  flags_in=0x16
LMalloc of 44 not 8-byte aligned, rounding up
LMalloc of 2596 not 8-byte aligned, rounding up
RenderActor3DAnimates constructed with no animations!
LMalloc of 244 not 8-byte aligned, rounding up
LMalloc of 44 not 8-byte aligned, rounding up
LMalloc of 44 not 8-byte aligned, rounding up
material: texture="tiger_barb.tga"  bTranslucent=0  bitdepth=15  flags_in=0x16
LMalloc of 44 not 8-byte aligned, rounding up
LMalloc of 2596 not 8-byte aligned, rounding up
RenderActor3DAnimates constructed with no animations!
LMalloc of 244 not 8-byte aligned, rounding up
LMalloc of 44 not 8-byte aligned, rounding up
LMalloc of 44 not 8-byte aligned, rounding up
material: texture="tiger_barb.tga"  bTranslucent=0  bitdepth=15  flags_in=0x16
LMalloc of 44 not 8-byte aligned, rounding up
LMalloc of 2596 not 8-byte aligned, rounding up
RenderActor3DAnimates constructed with no animations!
LMalloc of 244 not 8-byte aligned, rounding up
LMalloc of 44 not 8-byte aligned, rounding up
LMalloc of 44 not 8-byte aligned, rounding up
material: texture="tiger_barb.tga"  bTranslucent=0  bitdepth=15  flags_in=0x16
LMalloc of 44 not 8-byte aligned, rounding up
LMalloc of 2596 not 8-byte aligned, rounding up
RenderActor3DAnimates constructed with no animations!
LMalloc of 244 not 8-byte aligned, rounding up
LMalloc of 44 not 8-byte aligned, rounding up
LMalloc of 44 not 8-byte aligned, rounding up
material: texture="tiger_barb.tga"  bTranslucent=0  bitdepth=15  flags_in=0x16
LMalloc of 44 not 8-byte aligned, rounding up
LMalloc of 2596 not 8-byte aligned, rounding up
RenderActor3DAnimates constructed with no animations!
LMalloc of 244 not 8-byte aligned, rounding up
LMalloc of 44 not 8-byte aligned, rounding up
LMalloc of 44 not 8-byte aligned, rounding up
material: texture="tiger_barb.tga"  bTranslucent=0  bitdepth=15  flags_in=0x16
LMalloc of 44 not 8-byte aligned, rounding up
LMalloc of 2596 not 8-byte aligned, rounding up
RenderActor3DAnimates constructed with no animations!
LMalloc of 244 not 8-byte aligned, rounding up
LMalloc of 44 not 8-byte aligned, rounding up
LMalloc of 44 not 8-byte aligned, rounding up
material: texture="tiger_barb.tga"  bTranslucent=0  bitdepth=15  flags_in=0x16
LMalloc of 44 not 8-byte aligned, rounding up
LMalloc of 2596 not 8-byte aligned, rounding up
RenderActor3DAnimates constructed with no animations!
LMalloc of 244 not 8-byte aligned, rounding up
LMalloc of 44 not 8-byte aligned, rounding up
LMalloc of 44 not 8-byte aligned, rounding up
material: texture="tiger_barb.tga"  bTranslucent=0  bitdepth=15  flags_in=0x16
LMalloc of 44 not 8-byte aligned, rounding up
LMalloc of 2596 not 8-byte aligned, rounding up
RenderActor3DAnimates constructed with no animations!
LMalloc of 244 not 8-byte aligned, rounding up
LMalloc of 44 not 8-byte aligned, rounding up
LMalloc of 44 not 8-byte aligned, rounding up
material: texture="tiger_barb.tga"  bTranslucent=0  bitdepth=15  flags_in=0x16
LMalloc of 44 not 8-byte aligned, rounding up
LMalloc of 2596 not 8-byte aligned, rounding up
RenderActor3DAnimates constructed with no animations!
LMalloc of 244 not 8-byte aligned, rounding up
LMalloc of 44 not 8-byte aligned, rounding up
LMalloc of 44 not 8-byte aligned, rounding up
material: texture="tiger_barb.tga"  bTranslucent=0  bitdepth=15  flags_in=0x16
LMalloc of 44 not 8-byte aligned, rounding up
LMalloc of 2596 not 8-byte aligned, rounding up
RenderActor3DAnimates constructed with no animations!
LMalloc of 244 not 8-byte aligned, rounding up
LMalloc of 44 not 8-byte aligned, rounding up
LMalloc of 44 not 8-byte aligned, rounding up
material: texture="tiger_barb.tga"  bTranslucent=0  bitdepth=15  flags_in=0x16
LMalloc of 44 not 8-byte aligned, rounding up
LMalloc of 2596 not 8-byte aligned, rounding up
RenderActor3DAnimates constructed with no animations!
LMalloc of 244 not 8-byte aligned, rounding up
LMalloc of 44 not 8-byte aligned, rounding up
LMalloc of 44 not 8-byte aligned, rounding up
material: texture="tiger_barb.tga"  bTranslucent=0  bitdepth=15  flags_in=0x16
LMalloc of 44 not 8-byte aligned, rounding up
LMalloc of 2596 not 8-byte aligned, rounding up
RenderActor3DAnimates constructed with no animations!
LMalloc of 244 not 8-byte aligned, rounding up
LMalloc of 44 not 8-byte aligned, rounding up
LMalloc of 44 not 8-byte aligned, rounding up
material: texture="tiger_barb.tga"  bTranslucent=0  bitdepth=15  flags_in=0x16
LMalloc of 44 not 8-byte aligned, rounding up
LMalloc of 2596 not 8-byte aligned, rounding up
RenderActor3DAnimates constructed with no animations!
LMalloc of 244 not 8-byte aligned, rounding up
LMalloc of 44 not 8-byte aligned, rounding up
LMalloc of 44 not 8-byte aligned, rounding up
material: texture="tiger_barb.tga"  bTranslucent=0  bitdepth=15  flags_in=0x16
LMalloc of 44 not 8-byte aligned, rounding up
LMalloc of 2596 not 8-byte aligned, rounding up
RenderActor3DAnimates constructed with no animations!
LMalloc of 244 not 8-byte aligned, rounding up
LMalloc of 44 not 8-byte aligned, rounding up
LMalloc of 44 not 8-byte aligned, rounding up
material: texture="tiger_barb.tga"  bTranslucent=0  bitdepth=15  flags_in=0x16
LMalloc of 44 not 8-byte aligned, rounding up
LMalloc of 2596 not 8-byte aligned, rounding up
RenderActor3DAnimates constructed with no animations!
LMalloc of 244 not 8-byte aligned, rounding up
LMalloc of 44 not 8-byte aligned, rounding up
LMalloc of 44 not 8-byte aligned, rounding up
material: texture="tiger_barb.tga"  bTranslucent=0  bitdepth=15  flags_in=0x16
LMalloc of 44 not 8-byte aligned, rounding up
LMalloc of 2596 not 8-byte aligned, rounding up
RenderActor3DAnimates constructed with no animations!
LMalloc of 244 not 8-byte aligned, rounding up
LMalloc of 44 not 8-byte aligned, rounding up
LMalloc of 44 not 8-byte aligned, rounding up
material: texture="tiger_barb.tga"  bTranslucent=0  bitdepth=15  flags_in=0x16
LMalloc of 44 not 8-byte aligned, rounding up
LMalloc of 2596 not 8-byte aligned, rounding up
RenderActor3DAnimates constructed with no animations!
LMalloc of 244 not 8-byte aligned, rounding up
LMalloc of 44 not 8-byte aligned, rounding up
LMalloc of 44 not 8-byte aligned, rounding up
material: texture="tiger_barb.tga"  bTranslucent=0  bitdepth=15  flags_in=0x16
LMalloc of 44 not 8-byte aligned, rounding up
LMalloc of 2596 not 8-byte aligned, rounding up
RenderActor3DAnimates constructed with no animations!
LMalloc of 244 not 8-byte aligned, rounding up
LMalloc of 44 not 8-byte aligned, rounding up
LMalloc of 44 not 8-byte aligned, rounding up
material: texture="tiger_barb.tga"  bTranslucent=0  bitdepth=15  flags_in=0x16
LMalloc of 44 not 8-byte aligned, rounding up
LMalloc of 2596 not 8-byte aligned, rounding up
RenderActor3DAnimates constructed with no animations!
LMalloc of 244 not 8-byte aligned, rounding up
LMalloc of 44 not 8-byte aligned, rounding up
LMalloc of 44 not 8-byte aligned, rounding up
material: texture="tiger_barb.tga"  bTranslucent=0  bitdepth=15  flags_in=0x16
LMalloc of 44 not 8-byte aligned, rounding up
LMalloc of 2596 not 8-byte aligned, rounding up
RenderActor3DAnimates constructed with no animations!
LMalloc of 244 not 8-byte aligned, rounding up
LMalloc of 44 not 8-byte aligned, rounding up
LMalloc of 44 not 8-byte aligned, rounding up
LMalloc of 44 not 8-byte aligned, rounding up
LMalloc of 12036 not 8-byte aligned, rounding up
RenderActor3DAnimates constructed with no animations!
LMalloc of 44 not 8-byte aligned, rounding up
LMalloc of 44 not 8-byte aligned, rounding up
MATL closed without all data read (bytesLeft = 9504)
LMalloc of 44 not 8-byte aligned, rounding up
jolt: mesh actor_pos=(0.000,0.000,0.000)
jolt: mesh v0 local=(-6.096,-1.651,0.000) world=(-6.096,-1.651,0.000)
jolt: mesh v1 local=(-6.096,-1.651,0.127) world=(-6.096,-1.651,0.127)
jolt: mesh v2 local=(-6.096,-1.651,0.635) world=(-6.096,-1.651,0.635)
jolt: mesh v3 local=(-6.096,-1.651,1.044) world=(-6.096,-1.651,1.044)
jolt: mesh v4 local=(-6.096,-1.651,1.453) world=(-6.096,-1.651,1.453)
jolt: mesh v5 local=(-6.096,-1.651,1.862) world=(-6.096,-1.651,1.862)
jolt: mesh v6 local=(-6.096,-1.651,2.271) world=(-6.096,-1.651,2.271)
jolt: mesh v7 local=(-6.096,-1.651,2.680) world=(-6.096,-1.651,2.680)
jolt: mesh v8 local=(-6.096,-1.651,3.089) world=(-6.096,-1.651,3.089)
jolt: mesh v9 local=(-6.096,-1.651,3.498) world=(-6.096,-1.651,3.498)
jolt: mesh v10 local=(-6.096,-1.651,3.907) world=(-6.096,-1.651,3.907)
jolt: mesh v11 local=(-6.096,-1.651,4.315) world=(-6.096,-1.651,4.315)
jolt: mesh v12 local=(-6.096,-1.651,4.724) world=(-6.096,-1.651,4.724)
jolt: mesh v13 local=(-6.096,-1.651,4.826) world=(-6.096,-1.651,4.826)
jolt: mesh v14 local=(-6.096,-1.651,5.334) world=(-6.096,-1.651,5.334)
jolt: mesh v15 local=(-6.096,1.524,0.127) world=(-6.096,1.524,0.127)
jolt: mesh v16 local=(-6.096,1.524,0.635) world=(-6.096,1.524,0.635)
jolt: mesh v17 local=(-6.096,1.524,1.044) world=(-6.096,1.524,1.044)
jolt: mesh v18 local=(-6.096,1.524,1.453) world=(-6.096,1.524,1.453)
jolt: mesh v19 local=(-6.096,1.524,1.862) world=(-6.096,1.524,1.862)
jolt: mesh v20 local=(-6.096,1.524,2.271) world=(-6.096,1.524,2.271)
jolt: mesh v21 local=(-6.096,1.524,2.680) world=(-6.096,1.524,2.680)
jolt: mesh v22 local=(-6.096,1.524,3.089) world=(-6.096,1.524,3.089)
jolt: mesh v23 local=(-6.096,1.524,3.498) world=(-6.096,1.524,3.498)
jolt: mesh v24 local=(-6.096,1.524,3.907) world=(-6.096,1.524,3.907)
jolt: mesh v25 local=(-6.096,1.524,4.315) world=(-6.096,1.524,4.315)
jolt: mesh v26 local=(-6.096,1.524,4.724) world=(-6.096,1.524,4.724)
jolt: mesh v27 local=(-6.096,1.524,4.826) world=(-6.096,1.524,4.826)
jolt: mesh v28 local=(-6.096,1.524,5.334) world=(-6.096,1.524,5.334)
jolt: mesh v29 local=(-6.096,1.651,0.000) world=(-6.096,1.651,0.000)
jolt: mesh v30 local=(-6.096,1.651,0.127) world=(-6.096,1.651,0.127)
jolt: mesh v31 local=(-6.096,1.651,0.635) world=(-6.096,1.651,0.635)
jolt: mesh v32 local=(-6.096,1.651,1.044) world=(-6.096,1.651,1.044)
jolt: mesh v33 local=(-6.096,1.651,1.453) world=(-6.096,1.651,1.453)
jolt: mesh v34 local=(-6.096,1.651,1.862) world=(-6.096,1.651,1.862)
jolt: mesh v35 local=(-6.096,1.651,2.271) world=(-6.096,1.651,2.271)
jolt: mesh v36 local=(-6.096,1.651,2.680) world=(-6.096,1.651,2.680)
jolt: mesh v37 local=(-6.096,1.651,3.089) world=(-6.096,1.651,3.089)
jolt: mesh v38 local=(-6.096,1.651,3.498) world=(-6.096,1.651,3.498)
jolt: mesh v39 local=(-6.096,1.651,3.907) world=(-6.096,1.651,3.907)
jolt: mesh v40 local=(-6.096,1.651,4.315) world=(-6.096,1.651,4.315)
jolt: mesh v41 local=(-6.096,1.651,4.724) world=(-6.096,1.651,4.724)
jolt: mesh v42 local=(-6.096,1.651,4.826) world=(-6.096,1.651,4.826)
jolt: mesh v43 local=(-6.096,1.651,5.334) world=(-6.096,1.651,5.334)
jolt: mesh v44 local=(-5.969,-1.651,0.127) world=(-5.969,-1.651,0.127)
jolt: mesh v45 local=(-5.969,-1.651,0.635) world=(-5.969,-1.651,0.635)
jolt: mesh v46 local=(-5.969,-1.651,1.044) world=(-5.969,-1.651,1.044)
jolt: mesh v47 local=(-5.969,-1.651,1.453) world=(-5.969,-1.651,1.453)
jolt: mesh v48 local=(-5.969,-1.651,1.862) world=(-5.969,-1.651,1.862)
jolt: mesh v49 local=(-5.969,-1.651,2.271) world=(-5.969,-1.651,2.271)
jolt: mesh v50 local=(-5.969,-1.651,2.680) world=(-5.969,-1.651,2.680)
jolt: mesh v51 local=(-5.969,-1.651,3.089) world=(-5.969,-1.651,3.089)
jolt: mesh v52 local=(-5.969,-1.651,3.498) world=(-5.969,-1.651,3.498)
jolt: mesh v53 local=(-5.969,-1.651,3.907) world=(-5.969,-1.651,3.907)
jolt: mesh v54 local=(-5.969,-1.651,4.315) world=(-5.969,-1.651,4.315)
jolt: mesh v55 local=(-5.969,-1.651,4.724) world=(-5.969,-1.651,4.724)
jolt: mesh v56 local=(-5.969,-1.651,4.826) world=(-5.969,-1.651,4.826)
jolt: mesh v57 local=(-5.969,-1.651,5.334) world=(-5.969,-1.651,5.334)
jolt: mesh v58 local=(-5.969,1.524,0.127) world=(-5.969,1.524,0.127)
jolt: mesh v59 local=(-5.969,1.524,0.635) world=(-5.969,1.524,0.635)
jolt: mesh v60 local=(-5.969,1.524,1.044) world=(-5.969,1.524,1.044)
jolt: mesh v61 local=(-5.969,1.524,1.453) world=(-5.969,1.524,1.453)
jolt: mesh v62 local=(-5.969,1.524,1.862) world=(-5.969,1.524,1.862)
jolt: mesh v63 local=(-5.969,1.524,2.271) world=(-5.969,1.524,2.271)
jolt: mesh v64 local=(-5.969,1.524,2.680) world=(-5.969,1.524,2.680)
jolt: mesh v65 local=(-5.969,1.524,3.089) world=(-5.969,1.524,3.089)
jolt: mesh v66 local=(-5.969,1.524,3.498) world=(-5.969,1.524,3.498)
jolt: mesh v67 local=(-5.969,1.524,3.907) world=(-5.969,1.524,3.907)
jolt: mesh v68 local=(-5.969,1.524,4.315) world=(-5.969,1.524,4.315)
jolt: mesh v69 local=(-5.969,1.524,4.724) world=(-5.969,1.524,4.724)
jolt: mesh v70 local=(-5.969,1.524,4.826) world=(-5.969,1.524,4.826)
jolt: mesh v71 local=(-5.969,1.524,5.334) world=(-5.969,1.524,5.334)
jolt: mesh v72 local=(-4.185,1.524,4.724) world=(-4.185,1.524,4.724)
jolt: mesh v73 local=(-4.127,1.524,4.315) world=(-4.127,1.524,4.315)
jolt: mesh v74 local=(-4.068,1.524,3.907) world=(-4.068,1.524,3.907)
jolt: mesh v75 local=(-4.010,1.524,3.498) world=(-4.010,1.524,3.498)
jolt: mesh v76 local=(-3.951,1.524,3.089) world=(-3.951,1.524,3.089)
jolt: mesh v77 local=(-3.893,1.524,2.680) world=(-3.893,1.524,2.680)
jolt: mesh v78 local=(-3.834,1.524,2.271) world=(-3.834,1.524,2.271)
jolt: mesh v79 local=(-3.776,1.524,1.862) world=(-3.776,1.524,1.862)
jolt: mesh v80 local=(-3.717,1.524,1.453) world=(-3.717,1.524,1.453)
jolt: mesh v81 local=(-3.659,1.524,1.044) world=(-3.659,1.524,1.044)
jolt: mesh v82 local=(-3.600,1.524,0.635) world=(-3.600,1.524,0.635)
jolt: mesh v83 local=(-3.254,1.524,4.724) world=(-3.254,1.524,4.724)
jolt: mesh v84 local=(-3.069,1.524,4.315) world=(-3.069,1.524,4.315)
jolt: mesh v85 local=(-2.883,1.524,3.907) world=(-2.883,1.524,3.907)
jolt: mesh v86 local=(-2.698,1.524,3.498) world=(-2.698,1.524,3.498)
jolt: mesh v87 local=(-2.512,1.524,3.089) world=(-2.512,1.524,3.089)
jolt: mesh v88 local=(-2.327,1.524,2.680) world=(-2.327,1.524,2.680)
jolt: mesh v89 local=(-2.142,1.524,2.271) world=(-2.142,1.524,2.271)
jolt: mesh v90 local=(-1.956,1.524,1.862) world=(-1.956,1.524,1.862)
jolt: mesh v91 local=(-1.771,1.524,1.453) world=(-1.771,1.524,1.453)
jolt: mesh v92 local=(-1.585,1.524,1.044) world=(-1.585,1.524,1.044)
jolt: mesh v93 local=(-1.400,1.524,0.635) world=(-1.400,1.524,0.635)
jolt: mesh v94 local=(-0.385,1.524,4.724) world=(-0.385,1.524,4.724)
jolt: mesh v95 local=(-0.327,1.524,4.315) world=(-0.327,1.524,4.315)
jolt: mesh v96 local=(-0.268,1.524,3.907) world=(-0.268,1.524,3.907)
jolt: mesh v97 local=(-0.210,1.524,3.498) world=(-0.210,1.524,3.498)
jolt: mesh v98 local=(-0.151,1.524,3.089) world=(-0.151,1.524,3.089)
jolt: mesh v99 local=(-0.093,1.524,2.680) world=(-0.093,1.524,2.680)
jolt: mesh v100 local=(-0.034,1.524,2.271) world=(-0.034,1.524,2.271)
jolt: mesh v101 local=(0.024,1.524,1.862) world=(0.024,1.524,1.862)
jolt: mesh v102 local=(0.083,1.524,1.453) world=(0.083,1.524,1.453)
jolt: mesh v103 local=(0.141,1.524,1.044) world=(0.141,1.524,1.044)
jolt: mesh v104 local=(0.200,1.524,0.635) world=(0.200,1.524,0.635)
jolt: mesh v105 local=(0.546,1.524,4.724) world=(0.546,1.524,4.724)
jolt: mesh v106 local=(0.731,1.524,4.315) world=(0.731,1.524,4.315)
jolt: mesh v107 local=(0.917,1.524,3.907) world=(0.917,1.524,3.907)
jolt: mesh v108 local=(1.102,1.524,3.498) world=(1.102,1.524,3.498)
jolt: mesh v109 local=(1.288,1.524,3.089) world=(1.288,1.524,3.089)
jolt: mesh v110 local=(1.473,1.524,2.680) world=(1.473,1.524,2.680)
jolt: mesh v111 local=(1.658,1.524,2.271) world=(1.658,1.524,2.271)
jolt: mesh v112 local=(1.844,1.524,1.862) world=(1.844,1.524,1.862)
jolt: mesh v113 local=(2.029,1.524,1.453) world=(2.029,1.524,1.453)
jolt: mesh v114 local=(2.215,1.524,1.044) world=(2.215,1.524,1.044)
jolt: mesh v115 local=(2.400,1.524,0.635) world=(2.400,1.524,0.635)
jolt: mesh v116 local=(3.612,1.524,4.724) world=(3.612,1.524,4.724)
jolt: mesh v117 local=(3.661,1.524,4.315) world=(3.661,1.524,4.315)
jolt: mesh v118 local=(3.710,1.524,3.907) world=(3.710,1.524,3.907)
jolt: mesh v119 local=(3.758,1.524,3.498) world=(3.758,1.524,3.498)
jolt: mesh v120 local=(3.807,1.524,3.089) world=(3.807,1.524,3.089)
jolt: mesh v121 local=(3.856,1.524,2.680) world=(3.856,1.524,2.680)
jolt: mesh v122 local=(3.905,1.524,2.271) world=(3.905,1.524,2.271)
jolt: mesh v123 local=(3.954,1.524,1.862) world=(3.954,1.524,1.862)
jolt: mesh v124 local=(4.002,1.524,1.453) world=(4.002,1.524,1.453)
jolt: mesh v125 local=(4.051,1.524,1.044) world=(4.051,1.524,1.044)
jolt: mesh v126 local=(4.100,1.524,0.635) world=(4.100,1.524,0.635)
jolt: mesh v127 local=(4.339,1.524,4.724) world=(4.339,1.524,4.724)
jolt: mesh v128 local=(4.495,1.524,4.315) world=(4.495,1.524,4.315)
jolt: mesh v129 local=(4.651,1.524,3.907) world=(4.651,1.524,3.907)
jolt: mesh v130 local=(4.807,1.524,3.498) world=(4.807,1.524,3.498)
jolt: mesh v131 local=(4.963,1.524,3.089) world=(4.963,1.524,3.089)
jolt: mesh v132 local=(5.119,1.524,2.680) world=(5.119,1.524,2.680)
jolt: mesh v133 local=(5.276,1.524,2.271) world=(5.276,1.524,2.271)
jolt: mesh v134 local=(5.432,1.524,1.862) world=(5.432,1.524,1.862)
jolt: mesh v135 local=(5.588,1.524,1.453) world=(5.588,1.524,1.453)
jolt: mesh v136 local=(5.744,1.524,1.044) world=(5.744,1.524,1.044)
jolt: mesh v137 local=(5.900,1.524,0.635) world=(5.900,1.524,0.635)
jolt: mesh v138 local=(5.969,-1.651,0.127) world=(5.969,-1.651,0.127)
jolt: mesh v139 local=(5.969,-1.651,0.635) world=(5.969,-1.651,0.635)
jolt: mesh v140 local=(5.969,-1.651,1.044) world=(5.969,-1.651,1.044)
jolt: mesh v141 local=(5.969,-1.651,1.453) world=(5.969,-1.651,1.453)
jolt: mesh v142 local=(5.969,-1.651,1.862) world=(5.969,-1.651,1.862)
jolt: mesh v143 local=(5.969,-1.651,2.271) world=(5.969,-1.651,2.271)
jolt: mesh v144 local=(5.969,-1.651,2.680) world=(5.969,-1.651,2.680)
jolt: mesh v145 local=(5.969,-1.651,3.089) world=(5.969,-1.651,3.089)
jolt: mesh v146 local=(5.969,-1.651,3.498) world=(5.969,-1.651,3.498)
jolt: mesh v147 local=(5.969,-1.651,3.907) world=(5.969,-1.651,3.907)
jolt: mesh v148 local=(5.969,-1.651,4.315) world=(5.969,-1.651,4.315)
jolt: mesh v149 local=(5.969,-1.651,4.724) world=(5.969,-1.651,4.724)
jolt: mesh v150 local=(5.969,-1.651,4.826) world=(5.969,-1.651,4.826)
jolt: mesh v151 local=(5.969,-1.651,5.334) world=(5.969,-1.651,5.334)
jolt: mesh v152 local=(5.969,1.524,0.127) world=(5.969,1.524,0.127)
jolt: mesh v153 local=(5.969,1.524,0.635) world=(5.969,1.524,0.635)
jolt: mesh v154 local=(5.969,1.524,1.044) world=(5.969,1.524,1.044)
jolt: mesh v155 local=(5.969,1.524,1.453) world=(5.969,1.524,1.453)
jolt: mesh v156 local=(5.969,1.524,1.862) world=(5.969,1.524,1.862)
jolt: mesh v157 local=(5.969,1.524,2.271) world=(5.969,1.524,2.271)
jolt: mesh v158 local=(5.969,1.524,2.680) world=(5.969,1.524,2.680)
jolt: mesh v159 local=(5.969,1.524,3.089) world=(5.969,1.524,3.089)
jolt: mesh v160 local=(5.969,1.524,3.498) world=(5.969,1.524,3.498)
jolt: mesh v161 local=(5.969,1.524,3.907) world=(5.969,1.524,3.907)
jolt: mesh v162 local=(5.969,1.524,4.315) world=(5.969,1.524,4.315)
jolt: mesh v163 local=(5.969,1.524,4.724) world=(5.969,1.524,4.724)
jolt: mesh v164 local=(5.969,1.524,4.826) world=(5.969,1.524,4.826)
jolt: mesh v165 local=(5.969,1.524,5.334) world=(5.969,1.524,5.334)
jolt: mesh v166 local=(6.096,-1.651,0.000) world=(6.096,-1.651,0.000)
jolt: mesh v167 local=(6.096,-1.651,0.127) world=(6.096,-1.651,0.127)
jolt: mesh v168 local=(6.096,-1.651,0.635) world=(6.096,-1.651,0.635)
jolt: mesh v169 local=(6.096,-1.651,1.044) world=(6.096,-1.651,1.044)
jolt: mesh v170 local=(6.096,-1.651,1.453) world=(6.096,-1.651,1.453)
jolt: mesh v171 local=(6.096,-1.651,1.862) world=(6.096,-1.651,1.862)
jolt: mesh v172 local=(6.096,-1.651,2.271) world=(6.096,-1.651,2.271)
jolt: mesh v173 local=(6.096,-1.651,2.680) world=(6.096,-1.651,2.680)
jolt: mesh v174 local=(6.096,-1.651,3.089) world=(6.096,-1.651,3.089)
jolt: mesh v175 local=(6.096,-1.651,3.498) world=(6.096,-1.651,3.498)
jolt: mesh v176 local=(6.096,-1.651,3.907) world=(6.096,-1.651,3.907)
jolt: mesh v177 local=(6.096,-1.651,4.315) world=(6.096,-1.651,4.315)
jolt: mesh v178 local=(6.096,-1.651,4.724) world=(6.096,-1.651,4.724)
jolt: mesh v179 local=(6.096,-1.651,4.826) world=(6.096,-1.651,4.826)
jolt: mesh v180 local=(6.096,-1.651,5.334) world=(6.096,-1.651,5.334)
jolt: mesh v181 local=(6.096,1.524,0.127) world=(6.096,1.524,0.127)
jolt: mesh v182 local=(6.096,1.524,0.635) world=(6.096,1.524,0.635)
jolt: mesh v183 local=(6.096,1.524,1.044) world=(6.096,1.524,1.044)
jolt: mesh v184 local=(6.096,1.524,1.453) world=(6.096,1.524,1.453)
jolt: mesh v185 local=(6.096,1.524,1.862) world=(6.096,1.524,1.862)
jolt: mesh v186 local=(6.096,1.524,2.271) world=(6.096,1.524,2.271)
jolt: mesh v187 local=(6.096,1.524,2.680) world=(6.096,1.524,2.680)
jolt: mesh v188 local=(6.096,1.524,3.089) world=(6.096,1.524,3.089)
jolt: mesh v189 local=(6.096,1.524,3.498) world=(6.096,1.524,3.498)
jolt: mesh v190 local=(6.096,1.524,3.907) world=(6.096,1.524,3.907)
jolt: mesh v191 local=(6.096,1.524,4.315) world=(6.096,1.524,4.315)
jolt: mesh v192 local=(6.096,1.524,4.724) world=(6.096,1.524,4.724)
jolt: mesh v193 local=(6.096,1.524,4.826) world=(6.096,1.524,4.826)
jolt: mesh v194 local=(6.096,1.524,5.334) world=(6.096,1.524,5.334)
jolt: mesh v195 local=(6.096,1.651,0.000) world=(6.096,1.651,0.000)
jolt: mesh v196 local=(6.096,1.651,0.127) world=(6.096,1.651,0.127)
jolt: mesh v197 local=(6.096,1.651,0.635) world=(6.096,1.651,0.635)
jolt: mesh v198 local=(6.096,1.651,1.044) world=(6.096,1.651,1.044)
jolt: mesh v199 local=(6.096,1.651,1.453) world=(6.096,1.651,1.453)
jolt: mesh v200 local=(6.096,1.651,1.862) world=(6.096,1.651,1.862)
jolt: mesh v201 local=(6.096,1.651,2.271) world=(6.096,1.651,2.271)
jolt: mesh v202 local=(6.096,1.651,2.680) world=(6.096,1.651,2.680)
jolt: mesh v203 local=(6.096,1.651,3.089) world=(6.096,1.651,3.089)
jolt: mesh v204 local=(6.096,1.651,3.498) world=(6.096,1.651,3.498)
jolt: mesh v205 local=(6.096,1.651,3.907) world=(6.096,1.651,3.907)
jolt: mesh v206 local=(6.096,1.651,4.315) world=(6.096,1.651,4.315)
jolt: mesh v207 local=(6.096,1.651,4.724) world=(6.096,1.651,4.724)
jolt: mesh v208 local=(6.096,1.651,4.826) world=(6.096,1.651,4.826)
jolt: mesh v209 local=(6.096,1.651,5.334) world=(6.096,1.651,5.334)
jolt: body MESH_STATIC verts=210 faces=600 id=16777216
LMalloc of 244 not 8-byte aligned, rounding up
LMalloc of 44 not 8-byte aligned, rounding up
LMalloc of 44 not 8-byte aligned, rounding up
LMalloc of 44 not 8-byte aligned, rounding up
LMalloc of 276 not 8-byte aligned, rounding up
RenderActor3DAnimates constructed with no animations!
LMalloc of 44 not 8-byte aligned, rounding up
LMalloc of 44 not 8-byte aligned, rounding up
MATL closed without all data read (bytesLeft = 264)
LMalloc of 44 not 8-byte aligned, rounding up
jolt: mesh actor_pos=(0.000,0.000,0.000)
jolt: mesh v0 local=(-5.969,-1.651,0.127) world=(-5.969,-1.651,0.127)
jolt: mesh v1 local=(-5.969,-1.651,5.334) world=(-5.969,-1.651,5.334)
jolt: mesh v2 local=(-5.969,-1.524,0.127) world=(-5.969,-1.524,0.127)
jolt: mesh v3 local=(-5.969,-1.524,5.334) world=(-5.969,-1.524,5.334)
jolt: mesh v4 local=(5.969,-1.651,0.127) world=(5.969,-1.651,0.127)
jolt: mesh v5 local=(5.969,-1.651,5.334) world=(5.969,-1.651,5.334)
jolt: mesh v6 local=(5.969,-1.524,0.127) world=(5.969,-1.524,0.127)
jolt: mesh v7 local=(5.969,-1.524,5.334) world=(5.969,-1.524,5.334)
jolt: body MESH_STATIC verts=8 faces=12 id=16777217
LMalloc of 244 not 8-byte aligned, rounding up
LMalloc of 44 not 8-byte aligned, rounding up
LMalloc of 44 not 8-byte aligned, rounding up
LMalloc of 44 not 8-byte aligned, rounding up
LMalloc of 836 not 8-byte aligned, rounding up
RenderActor3DAnimates constructed with no animations!
LMalloc of 44 not 8-byte aligned, rounding up
LMalloc of 44 not 8-byte aligned, rounding up
MATL closed without all data read (bytesLeft = 528)
LMalloc of 44 not 8-byte aligned, rounding up
jolt: mesh actor_pos=(0.000,0.000,0.000)
jolt: mesh v0 local=(-6.160,-1.714,5.207) world=(-6.160,-1.714,5.207)
jolt: mesh v1 local=(-6.160,-1.714,5.334) world=(-6.160,-1.714,5.334)
jolt: mesh v2 local=(-6.160,1.714,5.207) world=(-6.160,1.714,5.207)
jolt: mesh v3 local=(-6.160,1.714,5.334) world=(-6.160,1.714,5.334)
jolt: mesh v4 local=(-6.096,-1.651,5.397) world=(-6.096,-1.651,5.397)
jolt: mesh v5 local=(-6.096,1.651,5.397) world=(-6.096,1.651,5.397)
jolt: mesh v6 local=(-5.905,-1.460,5.207) world=(-5.905,-1.460,5.207)
jolt: mesh v7 local=(-5.905,-1.460,5.397) world=(-5.905,-1.460,5.397)
jolt: mesh v8 local=(-5.905,1.460,5.207) world=(-5.905,1.460,5.207)
jolt: mesh v9 local=(-5.905,1.460,5.397) world=(-5.905,1.460,5.397)
jolt: mesh v10 local=(5.905,-1.460,5.207) world=(5.905,-1.460,5.207)
jolt: mesh v11 local=(5.905,-1.460,5.397) world=(5.905,-1.460,5.397)
jolt: mesh v12 local=(5.905,1.460,5.207) world=(5.905,1.460,5.207)
jolt: mesh v13 local=(5.905,1.460,5.397) world=(5.905,1.460,5.397)
jolt: mesh v14 local=(6.096,-1.651,5.397) world=(6.096,-1.651,5.397)
jolt: mesh v15 local=(6.096,1.651,5.397) world=(6.096,1.651,5.397)
jolt: mesh v16 local=(6.160,-1.714,5.207) world=(6.160,-1.714,5.207)
jolt: mesh v17 local=(6.160,-1.714,5.334) world=(6.160,-1.714,5.334)
jolt: mesh v18 local=(6.160,1.714,5.207) world=(6.160,1.714,5.207)
jolt: mesh v19 local=(6.160,1.714,5.334) world=(6.160,1.714,5.334)
jolt: body MESH_STATIC verts=20 faces=40 id=16777218
LMalloc of 244 not 8-byte aligned, rounding up
LMalloc of 44 not 8-byte aligned, rounding up
LMalloc of 44 not 8-byte aligned, rounding up
LMalloc of 44 not 8-byte aligned, rounding up
LMalloc of 8236 not 8-byte aligned, rounding up
RenderActor3DAnimates constructed with no animations!
LMalloc of 44 not 8-byte aligned, rounding up
LMalloc of 44 not 8-byte aligned, rounding up
MATL closed without all data read (bytesLeft = 1056)
LMalloc of 44 not 8-byte aligned, rounding up
jolt: mesh actor_pos=(0.000,0.000,0.000)
jolt: mesh v0 local=(-5.964,-1.519,0.132) world=(-5.964,-1.519,0.132)
jolt: mesh v1 local=(-5.964,-1.519,0.635) world=(-5.964,-1.519,0.635)
jolt: mesh v2 local=(-5.964,-1.013,0.132) world=(-5.964,-1.013,0.132)
jolt: mesh v3 local=(-5.964,-1.013,0.635) world=(-5.964,-1.013,0.635)
jolt: mesh v4 local=(-5.964,-0.506,0.132) world=(-5.964,-0.506,0.132)
jolt: mesh v5 local=(-5.964,-0.506,0.635) world=(-5.964,-0.506,0.635)
jolt: mesh v6 local=(-5.964,0.000,0.132) world=(-5.964,0.000,0.132)
jolt: mesh v7 local=(-5.964,0.000,0.635) world=(-5.964,0.000,0.635)
jolt: mesh v8 local=(-5.964,0.506,0.132) world=(-5.964,0.506,0.132)
jolt: mesh v9 local=(-5.964,0.506,0.635) world=(-5.964,0.506,0.635)
jolt: mesh v10 local=(-5.964,1.013,0.132) world=(-5.964,1.013,0.132)
jolt: mesh v11 local=(-5.964,1.013,0.635) world=(-5.964,1.013,0.635)
jolt: mesh v12 local=(-5.964,1.519,0.132) world=(-5.964,1.519,0.132)
jolt: mesh v13 local=(-5.964,1.519,0.635) world=(-5.964,1.519,0.635)
jolt: mesh v14 local=(-5.467,-1.519,0.132) world=(-5.467,-1.519,0.132)
jolt: mesh v15 local=(-5.467,-1.519,0.635) world=(-5.467,-1.519,0.635)
jolt: mesh v16 local=(-5.467,-1.013,0.635) world=(-5.467,-1.013,0.635)
jolt: mesh v17 local=(-5.467,-0.506,0.635) world=(-5.467,-0.506,0.635)
jolt: mesh v18 local=(-5.467,0.000,0.635) world=(-5.467,0.000,0.635)
jolt: mesh v19 local=(-5.467,0.506,0.635) world=(-5.467,0.506,0.635)
jolt: mesh v20 local=(-5.467,1.013,0.635) world=(-5.467,1.013,0.635)
jolt: mesh v21 local=(-5.467,1.519,0.132) world=(-5.467,1.519,0.132)
jolt: mesh v22 local=(-5.467,1.519,0.635) world=(-5.467,1.519,0.635)
jolt: mesh v23 local=(-4.970,-1.519,0.132) world=(-4.970,-1.519,0.132)
jolt: mesh v24 local=(-4.970,-1.519,0.635) world=(-4.970,-1.519,0.635)
jolt: mesh v25 local=(-4.970,-1.013,0.635) world=(-4.970,-1.013,0.635)
jolt: mesh v26 local=(-4.970,-0.506,0.635) world=(-4.970,-0.506,0.635)
jolt: mesh v27 local=(-4.970,0.000,0.635) world=(-4.970,0.000,0.635)
jolt: mesh v28 local=(-4.970,0.506,0.635) world=(-4.970,0.506,0.635)
jolt: mesh v29 local=(-4.970,1.013,0.635) world=(-4.970,1.013,0.635)
jolt: mesh v30 local=(-4.970,1.519,0.132) world=(-4.970,1.519,0.132)
jolt: mesh v31 local=(-4.970,1.519,0.635) world=(-4.970,1.519,0.635)
jolt: mesh v32 local=(-4.473,-1.519,0.132) world=(-4.473,-1.519,0.132)
jolt: mesh v33 local=(-4.473,-1.519,0.635) world=(-4.473,-1.519,0.635)
jolt: mesh v34 local=(-4.473,-1.013,0.635) world=(-4.473,-1.013,0.635)
jolt: mesh v35 local=(-4.473,-0.506,0.635) world=(-4.473,-0.506,0.635)
jolt: mesh v36 local=(-4.473,0.000,0.635) world=(-4.473,0.000,0.635)
jolt: mesh v37 local=(-4.473,0.506,0.635) world=(-4.473,0.506,0.635)
jolt: mesh v38 local=(-4.473,1.013,0.635) world=(-4.473,1.013,0.635)
jolt: mesh v39 local=(-4.473,1.519,0.132) world=(-4.473,1.519,0.132)
jolt: mesh v40 local=(-4.473,1.519,0.635) world=(-4.473,1.519,0.635)
jolt: mesh v41 local=(-3.976,-1.519,0.132) world=(-3.976,-1.519,0.132)
jolt: mesh v42 local=(-3.976,-1.519,0.635) world=(-3.976,-1.519,0.635)
jolt: mesh v43 local=(-3.976,-1.013,0.635) world=(-3.976,-1.013,0.635)
jolt: mesh v44 local=(-3.976,-0.506,0.635) world=(-3.976,-0.506,0.635)
jolt: mesh v45 local=(-3.976,0.000,0.635) world=(-3.976,0.000,0.635)
jolt: mesh v46 local=(-3.976,0.506,0.635) world=(-3.976,0.506,0.635)
jolt: mesh v47 local=(-3.976,1.013,0.635) world=(-3.976,1.013,0.635)
jolt: mesh v48 local=(-3.976,1.519,0.132) world=(-3.976,1.519,0.132)
jolt: mesh v49 local=(-3.976,1.519,0.635) world=(-3.976,1.519,0.635)
jolt: mesh v50 local=(-3.479,-1.519,0.132) world=(-3.479,-1.519,0.132)
jolt: mesh v51 local=(-3.479,-1.519,0.635) world=(-3.479,-1.519,0.635)
jolt: mesh v52 local=(-3.479,-1.013,0.635) world=(-3.479,-1.013,0.635)
jolt: mesh v53 local=(-3.479,-0.506,0.635) world=(-3.479,-0.506,0.635)
jolt: mesh v54 local=(-3.479,0.000,0.635) world=(-3.479,0.000,0.635)
jolt: mesh v55 local=(-3.479,0.506,0.635) world=(-3.479,0.506,0.635)
jolt: mesh v56 local=(-3.479,1.013,0.635) world=(-3.479,1.013,0.635)
jolt: mesh v57 local=(-3.479,1.519,0.132) world=(-3.479,1.519,0.132)
jolt: mesh v58 local=(-3.479,1.519,0.635) world=(-3.479,1.519,0.635)
jolt: mesh v59 local=(-2.982,-1.519,0.132) world=(-2.982,-1.519,0.132)
jolt: mesh v60 local=(-2.982,-1.519,0.635) world=(-2.982,-1.519,0.635)
jolt: mesh v61 local=(-2.982,-1.013,0.635) world=(-2.982,-1.013,0.635)
jolt: mesh v62 local=(-2.982,-0.506,0.635) world=(-2.982,-0.506,0.635)
jolt: mesh v63 local=(-2.982,0.000,0.635) world=(-2.982,0.000,0.635)
jolt: mesh v64 local=(-2.982,0.506,0.635) world=(-2.982,0.506,0.635)
jolt: mesh v65 local=(-2.982,1.013,0.635) world=(-2.982,1.013,0.635)
jolt: mesh v66 local=(-2.982,1.519,0.132) world=(-2.982,1.519,0.132)
jolt: mesh v67 local=(-2.982,1.519,0.635) world=(-2.982,1.519,0.635)
jolt: mesh v68 local=(-2.485,-1.519,0.132) world=(-2.485,-1.519,0.132)
jolt: mesh v69 local=(-2.485,-1.519,0.635) world=(-2.485,-1.519,0.635)
jolt: mesh v70 local=(-2.485,-1.013,0.635) world=(-2.485,-1.013,0.635)
jolt: mesh v71 local=(-2.485,-0.506,0.635) world=(-2.485,-0.506,0.635)
jolt: mesh v72 local=(-2.485,0.000,0.635) world=(-2.485,0.000,0.635)
jolt: mesh v73 local=(-2.485,0.506,0.635) world=(-2.485,0.506,0.635)
jolt: mesh v74 local=(-2.485,1.013,0.635) world=(-2.485,1.013,0.635)
jolt: mesh v75 local=(-2.485,1.519,0.132) world=(-2.485,1.519,0.132)
jolt: mesh v76 local=(-2.485,1.519,0.635) world=(-2.485,1.519,0.635)
jolt: mesh v77 local=(-1.988,-1.519,0.132) world=(-1.988,-1.519,0.132)
jolt: mesh v78 local=(-1.988,-1.519,0.635) world=(-1.988,-1.519,0.635)
jolt: mesh v79 local=(-1.988,-1.013,0.635) world=(-1.988,-1.013,0.635)
jolt: mesh v80 local=(-1.988,-0.506,0.635) world=(-1.988,-0.506,0.635)
jolt: mesh v81 local=(-1.988,0.000,0.635) world=(-1.988,0.000,0.635)
jolt: mesh v82 local=(-1.988,0.506,0.635) world=(-1.988,0.506,0.635)
jolt: mesh v83 local=(-1.988,1.013,0.635) world=(-1.988,1.013,0.635)
jolt: mesh v84 local=(-1.988,1.519,0.132) world=(-1.988,1.519,0.132)
jolt: mesh v85 local=(-1.988,1.519,0.635) world=(-1.988,1.519,0.635)
jolt: mesh v86 local=(-1.491,-1.519,0.132) world=(-1.491,-1.519,0.132)
jolt: mesh v87 local=(-1.491,-1.519,0.635) world=(-1.491,-1.519,0.635)
jolt: mesh v88 local=(-1.491,-1.013,0.635) world=(-1.491,-1.013,0.635)
jolt: mesh v89 local=(-1.491,-0.506,0.635) world=(-1.491,-0.506,0.635)
jolt: mesh v90 local=(-1.491,0.000,0.635) world=(-1.491,0.000,0.635)
jolt: mesh v91 local=(-1.491,0.506,0.635) world=(-1.491,0.506,0.635)
jolt: mesh v92 local=(-1.491,1.013,0.635) world=(-1.491,1.013,0.635)
jolt: mesh v93 local=(-1.491,1.519,0.132) world=(-1.491,1.519,0.132)
jolt: mesh v94 local=(-1.491,1.519,0.635) world=(-1.491,1.519,0.635)
jolt: mesh v95 local=(-0.994,-1.519,0.132) world=(-0.994,-1.519,0.132)
jolt: mesh v96 local=(-0.994,-1.519,0.635) world=(-0.994,-1.519,0.635)
jolt: mesh v97 local=(-0.994,-1.013,0.635) world=(-0.994,-1.013,0.635)
jolt: mesh v98 local=(-0.994,-0.506,0.635) world=(-0.994,-0.506,0.635)
jolt: mesh v99 local=(-0.994,0.000,0.635) world=(-0.994,0.000,0.635)
jolt: mesh v100 local=(-0.994,0.506,0.635) world=(-0.994,0.506,0.635)
jolt: mesh v101 local=(-0.994,1.013,0.635) world=(-0.994,1.013,0.635)
jolt: mesh v102 local=(-0.994,1.519,0.132) world=(-0.994,1.519,0.132)
jolt: mesh v103 local=(-0.994,1.519,0.635) world=(-0.994,1.519,0.635)
jolt: mesh v104 local=(-0.497,-1.519,0.132) world=(-0.497,-1.519,0.132)
jolt: mesh v105 local=(-0.497,-1.519,0.635) world=(-0.497,-1.519,0.635)
jolt: mesh v106 local=(-0.497,-1.013,0.635) world=(-0.497,-1.013,0.635)
jolt: mesh v107 local=(-0.497,-0.506,0.635) world=(-0.497,-0.506,0.635)
jolt: mesh v108 local=(-0.497,0.000,0.635) world=(-0.497,0.000,0.635)
jolt: mesh v109 local=(-0.497,0.506,0.635) world=(-0.497,0.506,0.635)
jolt: mesh v110 local=(-0.497,1.013,0.635) world=(-0.497,1.013,0.635)
jolt: mesh v111 local=(-0.497,1.519,0.132) world=(-0.497,1.519,0.132)
jolt: mesh v112 local=(-0.497,1.519,0.635) world=(-0.497,1.519,0.635)
jolt: mesh v113 local=(0.000,-1.519,0.132) world=(0.000,-1.519,0.132)
jolt: mesh v114 local=(0.000,-1.519,0.635) world=(0.000,-1.519,0.635)
jolt: mesh v115 local=(0.000,-1.013,0.635) world=(0.000,-1.013,0.635)
jolt: mesh v116 local=(0.000,-0.506,0.635) world=(0.000,-0.506,0.635)
jolt: mesh v117 local=(0.000,0.000,0.635) world=(0.000,0.000,0.635)
jolt: mesh v118 local=(0.000,0.506,0.635) world=(0.000,0.506,0.635)
jolt: mesh v119 local=(0.000,1.013,0.635) world=(0.000,1.013,0.635)
jolt: mesh v120 local=(0.000,1.519,0.132) world=(0.000,1.519,0.132)
jolt: mesh v121 local=(0.000,1.519,0.635) world=(0.000,1.519,0.635)
jolt: mesh v122 local=(0.497,-1.519,0.132) world=(0.497,-1.519,0.132)
jolt: mesh v123 local=(0.497,-1.519,0.635) world=(0.497,-1.519,0.635)
jolt: mesh v124 local=(0.497,-1.013,0.635) world=(0.497,-1.013,0.635)
jolt: mesh v125 local=(0.497,-0.506,0.635) world=(0.497,-0.506,0.635)
jolt: mesh v126 local=(0.497,0.000,0.635) world=(0.497,0.000,0.635)
jolt: mesh v127 local=(0.497,0.506,0.635) world=(0.497,0.506,0.635)
jolt: mesh v128 local=(0.497,1.013,0.635) world=(0.497,1.013,0.635)
jolt: mesh v129 local=(0.497,1.519,0.132) world=(0.497,1.519,0.132)
jolt: mesh v130 local=(0.497,1.519,0.635) world=(0.497,1.519,0.635)
jolt: mesh v131 local=(0.994,-1.519,0.132) world=(0.994,-1.519,0.132)
jolt: mesh v132 local=(0.994,-1.519,0.635) world=(0.994,-1.519,0.635)
jolt: mesh v133 local=(0.994,-1.013,0.635) world=(0.994,-1.013,0.635)
jolt: mesh v134 local=(0.994,-0.506,0.635) world=(0.994,-0.506,0.635)
jolt: mesh v135 local=(0.994,0.000,0.635) world=(0.994,0.000,0.635)
jolt: mesh v136 local=(0.994,0.506,0.635) world=(0.994,0.506,0.635)
jolt: mesh v137 local=(0.994,1.013,0.635) world=(0.994,1.013,0.635)
jolt: mesh v138 local=(0.994,1.519,0.132) world=(0.994,1.519,0.132)
jolt: mesh v139 local=(0.994,1.519,0.635) world=(0.994,1.519,0.635)
jolt: mesh v140 local=(1.491,-1.519,0.132) world=(1.491,-1.519,0.132)
jolt: mesh v141 local=(1.491,-1.519,0.635) world=(1.491,-1.519,0.635)
jolt: mesh v142 local=(1.491,-1.013,0.635) world=(1.491,-1.013,0.635)
jolt: mesh v143 local=(1.491,-0.506,0.635) world=(1.491,-0.506,0.635)
jolt: mesh v144 local=(1.491,0.000,0.635) world=(1.491,0.000,0.635)
jolt: mesh v145 local=(1.491,0.506,0.635) world=(1.491,0.506,0.635)
jolt: mesh v146 local=(1.491,1.013,0.635) world=(1.491,1.013,0.635)
jolt: mesh v147 local=(1.491,1.519,0.132) world=(1.491,1.519,0.132)
jolt: mesh v148 local=(1.491,1.519,0.635) world=(1.491,1.519,0.635)
jolt: mesh v149 local=(1.988,-1.519,0.132) world=(1.988,-1.519,0.132)
jolt: mesh v150 local=(1.988,-1.519,0.635) world=(1.988,-1.519,0.635)
jolt: mesh v151 local=(1.988,-1.013,0.635) world=(1.988,-1.013,0.635)
jolt: mesh v152 local=(1.988,-0.506,0.635) world=(1.988,-0.506,0.635)
jolt: mesh v153 local=(1.988,0.000,0.635) world=(1.988,0.000,0.635)
jolt: mesh v154 local=(1.988,0.506,0.635) world=(1.988,0.506,0.635)
jolt: mesh v155 local=(1.988,1.013,0.635) world=(1.988,1.013,0.635)
jolt: mesh v156 local=(1.988,1.519,0.132) world=(1.988,1.519,0.132)
jolt: mesh v157 local=(1.988,1.519,0.635) world=(1.988,1.519,0.635)
jolt: mesh v158 local=(2.485,-1.519,0.132) world=(2.485,-1.519,0.132)
jolt: mesh v159 local=(2.485,-1.519,0.635) world=(2.485,-1.519,0.635)
jolt: mesh v160 local=(2.485,-1.013,0.635) world=(2.485,-1.013,0.635)
jolt: mesh v161 local=(2.485,-0.506,0.635) world=(2.485,-0.506,0.635)
jolt: mesh v162 local=(2.485,0.000,0.635) world=(2.485,0.000,0.635)
jolt: mesh v163 local=(2.485,0.506,0.635) world=(2.485,0.506,0.635)
jolt: mesh v164 local=(2.485,1.013,0.635) world=(2.485,1.013,0.635)
jolt: mesh v165 local=(2.485,1.519,0.132) world=(2.485,1.519,0.132)
jolt: mesh v166 local=(2.485,1.519,0.635) world=(2.485,1.519,0.635)
jolt: mesh v167 local=(2.982,-1.519,0.132) world=(2.982,-1.519,0.132)
jolt: mesh v168 local=(2.982,-1.519,0.635) world=(2.982,-1.519,0.635)
jolt: mesh v169 local=(2.982,-1.013,0.635) world=(2.982,-1.013,0.635)
jolt: mesh v170 local=(2.982,-0.506,0.635) world=(2.982,-0.506,0.635)
jolt: mesh v171 local=(2.982,0.000,0.635) world=(2.982,0.000,0.635)
jolt: mesh v172 local=(2.982,0.506,0.635) world=(2.982,0.506,0.635)
jolt: mesh v173 local=(2.982,1.013,0.635) world=(2.982,1.013,0.635)
jolt: mesh v174 local=(2.982,1.519,0.132) world=(2.982,1.519,0.132)
jolt: mesh v175 local=(2.982,1.519,0.635) world=(2.982,1.519,0.635)
jolt: mesh v176 local=(3.479,-1.519,0.132) world=(3.479,-1.519,0.132)
jolt: mesh v177 local=(3.479,-1.519,0.635) world=(3.479,-1.519,0.635)
jolt: mesh v178 local=(3.479,-1.013,0.635) world=(3.479,-1.013,0.635)
jolt: mesh v179 local=(3.479,-0.506,0.635) world=(3.479,-0.506,0.635)
jolt: mesh v180 local=(3.479,0.000,0.635) world=(3.479,0.000,0.635)
jolt: mesh v181 local=(3.479,0.506,0.635) world=(3.479,0.506,0.635)
jolt: mesh v182 local=(3.479,1.013,0.635) world=(3.479,1.013,0.635)
jolt: mesh v183 local=(3.479,1.519,0.132) world=(3.479,1.519,0.132)
jolt: mesh v184 local=(3.479,1.519,0.635) world=(3.479,1.519,0.635)
jolt: mesh v185 local=(3.976,-1.519,0.132) world=(3.976,-1.519,0.132)
jolt: mesh v186 local=(3.976,-1.519,0.635) world=(3.976,-1.519,0.635)
jolt: mesh v187 local=(3.976,-1.013,0.635) world=(3.976,-1.013,0.635)
jolt: mesh v188 local=(3.976,-0.506,0.635) world=(3.976,-0.506,0.635)
jolt: mesh v189 local=(3.976,0.000,0.635) world=(3.976,0.000,0.635)
jolt: mesh v190 local=(3.976,0.506,0.635) world=(3.976,0.506,0.635)
jolt: mesh v191 local=(3.976,1.013,0.635) world=(3.976,1.013,0.635)
jolt: mesh v192 local=(3.976,1.519,0.132) world=(3.976,1.519,0.132)
jolt: mesh v193 local=(3.976,1.519,0.635) world=(3.976,1.519,0.635)
jolt: mesh v194 local=(4.473,-1.519,0.132) world=(4.473,-1.519,0.132)
jolt: mesh v195 local=(4.473,-1.519,0.635) world=(4.473,-1.519,0.635)
jolt: mesh v196 local=(4.473,-1.013,0.635) world=(4.473,-1.013,0.635)
jolt: mesh v197 local=(4.473,-0.506,0.635) world=(4.473,-0.506,0.635)
jolt: mesh v198 local=(4.473,0.000,0.635) world=(4.473,0.000,0.635)
jolt: mesh v199 local=(4.473,0.506,0.635) world=(4.473,0.506,0.635)
jolt: mesh v200 local=(4.473,1.013,0.635) world=(4.473,1.013,0.635)
jolt: mesh v201 local=(4.473,1.519,0.132) world=(4.473,1.519,0.132)
jolt: mesh v202 local=(4.473,1.519,0.635) world=(4.473,1.519,0.635)
jolt: mesh v203 local=(4.970,-1.519,0.132) world=(4.970,-1.519,0.132)
jolt: mesh v204 local=(4.970,-1.519,0.635) world=(4.970,-1.519,0.635)
jolt: mesh v205 local=(4.970,-1.013,0.635) world=(4.970,-1.013,0.635)
jolt: mesh v206 local=(4.970,-0.506,0.635) world=(4.970,-0.506,0.635)
jolt: mesh v207 local=(4.970,0.000,0.635) world=(4.970,0.000,0.635)
jolt: mesh v208 local=(4.970,0.506,0.635) world=(4.970,0.506,0.635)
jolt: mesh v209 local=(4.970,1.013,0.635) world=(4.970,1.013,0.635)
jolt: mesh v210 local=(4.970,1.519,0.132) world=(4.970,1.519,0.132)
jolt: mesh v211 local=(4.970,1.519,0.635) world=(4.970,1.519,0.635)
jolt: mesh v212 local=(5.467,-1.519,0.132) world=(5.467,-1.519,0.132)
jolt: mesh v213 local=(5.467,-1.519,0.635) world=(5.467,-1.519,0.635)
jolt: mesh v214 local=(5.467,-1.013,0.635) world=(5.467,-1.013,0.635)
jolt: mesh v215 local=(5.467,-0.506,0.635) world=(5.467,-0.506,0.635)
jolt: mesh v216 local=(5.467,0.000,0.635) world=(5.467,0.000,0.635)
jolt: mesh v217 local=(5.467,0.506,0.635) world=(5.467,0.506,0.635)
jolt: mesh v218 local=(5.467,1.013,0.635) world=(5.467,1.013,0.635)
jolt: mesh v219 local=(5.467,1.519,0.132) world=(5.467,1.519,0.132)
jolt: mesh v220 local=(5.467,1.519,0.635) world=(5.467,1.519,0.635)
jolt: mesh v221 local=(5.964,-1.519,0.132) world=(5.964,-1.519,0.132)
jolt: mesh v222 local=(5.964,-1.519,0.635) world=(5.964,-1.519,0.635)
jolt: mesh v223 local=(5.964,-1.013,0.132) world=(5.964,-1.013,0.132)
jolt: mesh v224 local=(5.964,-1.013,0.635) world=(5.964,-1.013,0.635)
jolt: mesh v225 local=(5.964,-0.506,0.132) world=(5.964,-0.506,0.132)
jolt: mesh v226 local=(5.964,-0.506,0.635) world=(5.964,-0.506,0.635)
jolt: mesh v227 local=(5.964,0.000,0.132) world=(5.964,0.000,0.132)
jolt: mesh v228 local=(5.964,0.000,0.635) world=(5.964,0.000,0.635)
jolt: mesh v229 local=(5.964,0.506,0.132) world=(5.964,0.506,0.132)
jolt: mesh v230 local=(5.964,0.506,0.635) world=(5.964,0.506,0.635)
jolt: mesh v231 local=(5.964,1.013,0.132) world=(5.964,1.013,0.132)
jolt: mesh v232 local=(5.964,1.013,0.635) world=(5.964,1.013,0.635)
jolt: mesh v233 local=(5.964,1.519,0.132) world=(5.964,1.519,0.132)
jolt: mesh v234 local=(5.964,1.519,0.635) world=(5.964,1.519,0.635)
jolt: body MESH_STATIC verts=235 faces=410 id=16777219
LMalloc of 244 not 8-byte aligned, rounding up
LMalloc of 44 not 8-byte aligned, rounding up
LMalloc of 44 not 8-byte aligned, rounding up
LMalloc of 44 not 8-byte aligned, rounding up
LMalloc of 876 not 8-byte aligned, rounding up
RenderActor3DAnimates constructed with no animations!
LMalloc of 44 not 8-byte aligned, rounding up
LMalloc of 44 not 8-byte aligned, rounding up
MATL closed without all data read (bytesLeft = 792)
LMalloc of 44 not 8-byte aligned, rounding up
jolt: mesh actor_pos=(2.500,0.000,0.635)
jolt: mesh v0 local=(-0.773,-0.173,0.000) world=(1.727,-0.173,0.635)
jolt: mesh v1 local=(-0.772,0.204,0.000) world=(1.728,0.204,0.635)
jolt: mesh v2 local=(-0.650,-0.154,0.341) world=(1.850,-0.154,0.976)
jolt: mesh v3 local=(-0.587,0.263,0.256) world=(1.913,0.263,0.891)
jolt: mesh v4 local=(-0.435,-0.099,0.550) world=(2.065,-0.099,1.185)
jolt: mesh v5 local=(-0.372,-0.568,0.000) world=(2.128,-0.568,0.635)
jolt: mesh v6 local=(-0.354,0.491,0.000) world=(2.146,0.491,0.635)
jolt: mesh v7 local=(-0.318,0.270,0.550) world=(2.182,0.270,1.185)
jolt: mesh v8 local=(-0.274,-0.476,0.291) world=(2.226,-0.476,0.926)
jolt: mesh v9 local=(-0.235,0.488,0.323) world=(2.265,0.488,0.958)
jolt: mesh v10 local=(-0.116,-0.369,0.550) world=(2.384,-0.369,1.185)
jolt: mesh v11 local=(0.040,-0.580,0.000) world=(2.540,-0.580,0.635)
jolt: mesh v12 local=(0.116,0.369,0.550) world=(2.616,0.369,1.185)
jolt: mesh v13 local=(0.231,0.532,0.000) world=(2.731,0.532,0.635)
jolt: mesh v14 local=(0.244,0.485,0.335) world=(2.744,0.485,0.970)
jolt: mesh v15 local=(0.277,-0.475,0.310) world=(2.777,-0.475,0.945)
jolt: mesh v16 local=(0.318,-0.270,0.550) world=(2.818,-0.270,1.185)
jolt: mesh v17 local=(0.435,0.099,0.550) world=(2.935,0.099,1.185)
jolt: mesh v18 local=(0.515,-0.417,0.000) world=(3.015,-0.417,0.635)
jolt: mesh v19 local=(0.599,0.246,0.272) world=(3.099,0.246,0.907)
jolt: mesh v20 local=(0.611,-0.229,0.357) world=(3.111,-0.229,0.992)
jolt: mesh v21 local=(0.662,0.322,0.000) world=(3.162,0.322,0.635)
jolt: mesh v22 local=(0.741,-0.030,0.000) world=(3.241,-0.030,0.635)
jolt: body MESH_STATIC verts=23 faces=42 id=16777220
LMalloc of 244 not 8-byte aligned, rounding up
LMalloc of 44 not 8-byte aligned, rounding up
LMalloc of 44 not 8-byte aligned, rounding up
LMalloc of 44 not 8-byte aligned, rounding up
LMalloc of 3396 not 8-byte aligned, rounding up
RenderActor3DAnimates constructed with no animations!
LMalloc of 44 not 8-byte aligned, rounding up
LMalloc of 44 not 8-byte aligned, rounding up
MATL closed without all data read (bytesLeft = 1056)
LMalloc of 44 not 8-byte aligned, rounding up
jolt: mesh actor_pos=(2.500,0.000,1.185)
jolt: mesh v0 local=(-0.500,0.000,0.720) world=(2.000,0.000,1.905)
jolt: mesh v1 local=(-0.485,0.000,0.760) world=(2.015,0.000,1.945)
jolt: mesh v2 local=(-0.433,-0.250,0.720) world=(2.067,-0.250,1.905)
jolt: mesh v3 local=(-0.433,0.250,0.720) world=(2.067,0.250,1.905)
jolt: mesh v4 local=(-0.420,-0.242,0.760) world=(2.080,-0.242,1.945)
jolt: mesh v5 local=(-0.420,0.242,0.760) world=(2.080,0.242,1.945)
jolt: mesh v6 local=(-0.400,0.000,0.000) world=(2.100,0.000,1.185)
jolt: mesh v7 local=(-0.360,0.000,0.060) world=(2.140,0.000,1.245)
jolt: mesh v8 local=(-0.346,-0.200,0.000) world=(2.154,-0.200,1.185)
jolt: mesh v9 local=(-0.346,0.200,0.000) world=(2.154,0.200,1.185)
jolt: mesh v10 local=(-0.312,-0.180,0.060) world=(2.188,-0.180,1.245)
jolt: mesh v11 local=(-0.312,0.180,0.060) world=(2.188,0.180,1.245)
jolt: mesh v12 local=(-0.285,-0.093,0.060) world=(2.215,-0.093,1.245)
jolt: mesh v13 local=(-0.285,0.093,0.060) world=(2.215,0.093,1.245)
jolt: mesh v14 local=(-0.270,0.000,0.660) world=(2.230,0.000,1.845)
jolt: mesh v15 local=(-0.257,-0.083,0.660) world=(2.243,-0.083,1.845)
jolt: mesh v16 local=(-0.257,0.083,0.660) world=(2.243,0.083,1.845)
jolt: mesh v17 local=(-0.250,-0.433,0.720) world=(2.250,-0.433,1.905)
jolt: mesh v18 local=(-0.250,0.433,0.720) world=(2.250,0.433,1.905)
jolt: mesh v19 local=(-0.242,-0.420,0.760) world=(2.258,-0.420,1.945)
jolt: mesh v20 local=(-0.242,0.420,0.760) world=(2.258,0.420,1.945)
jolt: mesh v21 local=(-0.234,-0.135,0.660) world=(2.266,-0.135,1.845)
jolt: mesh v22 local=(-0.234,0.135,0.660) world=(2.266,0.135,1.845)
jolt: mesh v23 local=(-0.200,-0.346,0.000) world=(2.300,-0.346,1.185)
jolt: mesh v24 local=(-0.200,0.346,0.000) world=(2.300,0.346,1.185)
jolt: mesh v25 local=(-0.180,-0.312,0.060) world=(2.320,-0.312,1.245)
jolt: mesh v26 local=(-0.180,0.312,0.060) world=(2.320,0.312,1.245)
jolt: mesh v27 local=(-0.176,-0.243,0.060) world=(2.324,-0.243,1.245)
jolt: mesh v28 local=(-0.176,0.243,0.060) world=(2.324,0.243,1.245)
jolt: mesh v29 local=(-0.159,-0.218,0.660) world=(2.341,-0.218,1.845)
jolt: mesh v30 local=(-0.159,0.218,0.660) world=(2.341,0.218,1.845)
jolt: mesh v31 local=(-0.135,-0.234,0.660) world=(2.365,-0.234,1.845)
jolt: mesh v32 local=(-0.135,0.234,0.660) world=(2.365,0.234,1.845)
jolt: mesh v33 local=(0.000,-0.500,0.720) world=(2.500,-0.500,1.905)
jolt: mesh v34 local=(0.000,-0.485,0.760) world=(2.500,-0.485,1.945)
jolt: mesh v35 local=(0.000,-0.400,0.000) world=(2.500,-0.400,1.185)
jolt: mesh v36 local=(0.000,-0.360,0.060) world=(2.500,-0.360,1.245)
jolt: mesh v37 local=(0.000,-0.300,0.060) world=(2.500,-0.300,1.245)
jolt: mesh v38 local=(0.000,-0.270,0.660) world=(2.500,-0.270,1.845)
jolt: mesh v39 local=(0.000,0.270,0.660) world=(2.500,0.270,1.845)
jolt: mesh v40 local=(0.000,0.300,0.060) world=(2.500,0.300,1.245)
jolt: mesh v41 local=(0.000,0.360,0.060) world=(2.500,0.360,1.245)
jolt: mesh v42 local=(0.000,0.400,0.000) world=(2.500,0.400,1.185)
jolt: mesh v43 local=(0.000,0.485,0.760) world=(2.500,0.485,1.945)
jolt: mesh v44 local=(0.000,0.500,0.720) world=(2.500,0.500,1.905)
jolt: mesh v45 local=(0.135,-0.234,0.660) world=(2.635,-0.234,1.845)
jolt: mesh v46 local=(0.135,0.234,0.660) world=(2.635,0.234,1.845)
jolt: mesh v47 local=(0.159,-0.218,0.660) world=(2.659,-0.218,1.845)
jolt: mesh v48 local=(0.159,0.218,0.660) world=(2.659,0.218,1.845)
jolt: mesh v49 local=(0.176,-0.243,0.060) world=(2.676,-0.243,1.245)
jolt: mesh v50 local=(0.176,0.243,0.060) world=(2.676,0.243,1.245)
jolt: mesh v51 local=(0.180,-0.312,0.060) world=(2.680,-0.312,1.245)
jolt: mesh v52 local=(0.180,0.312,0.060) world=(2.680,0.312,1.245)
jolt: mesh v53 local=(0.200,-0.346,0.000) world=(2.700,-0.346,1.185)
jolt: mesh v54 local=(0.200,0.346,0.000) world=(2.700,0.346,1.185)
jolt: mesh v55 local=(0.234,-0.135,0.660) world=(2.734,-0.135,1.845)
jolt: mesh v56 local=(0.234,0.135,0.660) world=(2.734,0.135,1.845)
jolt: mesh v57 local=(0.242,-0.420,0.760) world=(2.742,-0.420,1.945)
jolt: mesh v58 local=(0.242,0.420,0.760) world=(2.742,0.420,1.945)
jolt: mesh v59 local=(0.250,-0.433,0.720) world=(2.750,-0.433,1.905)
jolt: mesh v60 local=(0.250,0.433,0.720) world=(2.750,0.433,1.905)
jolt: mesh v61 local=(0.257,-0.083,0.660) world=(2.757,-0.083,1.845)
jolt: mesh v62 local=(0.257,0.083,0.660) world=(2.757,0.083,1.845)
jolt: mesh v63 local=(0.270,0.000,0.660) world=(2.770,0.000,1.845)
jolt: mesh v64 local=(0.285,-0.093,0.060) world=(2.785,-0.093,1.245)
jolt: mesh v65 local=(0.285,0.093,0.060) world=(2.785,0.093,1.245)
jolt: mesh v66 local=(0.312,-0.180,0.060) world=(2.812,-0.180,1.245)
jolt: mesh v67 local=(0.312,0.180,0.060) world=(2.812,0.180,1.245)
jolt: mesh v68 local=(0.346,-0.200,0.000) world=(2.846,-0.200,1.185)
jolt: mesh v69 local=(0.346,0.200,0.000) world=(2.846,0.200,1.185)
jolt: mesh v70 local=(0.360,0.000,0.060) world=(2.860,0.000,1.245)
jolt: mesh v71 local=(0.400,0.000,0.000) world=(2.900,0.000,1.185)
jolt: mesh v72 local=(0.420,-0.242,0.760) world=(2.920,-0.242,1.945)
jolt: mesh v73 local=(0.420,0.242,0.760) world=(2.920,0.242,1.945)
jolt: mesh v74 local=(0.433,-0.250,0.720) world=(2.933,-0.250,1.905)
jolt: mesh v75 local=(0.433,0.250,0.720) world=(2.933,0.250,1.905)
jolt: mesh v76 local=(0.485,0.000,0.760) world=(2.985,0.000,1.945)
jolt: mesh v77 local=(0.500,0.000,0.720) world=(3.000,0.000,1.905)
jolt: body MESH_STATIC verts=78 faces=168 id=16777221
LMalloc of 244 not 8-byte aligned, rounding up
LMalloc of 44 not 8-byte aligned, rounding up
LMalloc of 44 not 8-byte aligned, rounding up
LMalloc of 44 not 8-byte aligned, rounding up
LMalloc of 2556 not 8-byte aligned, rounding up
RenderActor3DAnimates constructed with no animations!
LMalloc of 244 not 8-byte aligned, rounding up
LMalloc of 44 not 8-byte aligned, rounding up
LMalloc of 44 not 8-byte aligned, rounding up
LMalloc of 44 not 8-byte aligned, rounding up
LMalloc of 3396 not 8-byte aligned, rounding up
RenderActor3DAnimates constructed with no animations!
LMalloc of 244 not 8-byte aligned, rounding up
LMalloc of 44 not 8-byte aligned, rounding up
LMalloc of 44 not 8-byte aligned, rounding up
LMalloc of 44 not 8-byte aligned, rounding up
LMalloc of 2556 not 8-byte aligned, rounding up
RenderActor3DAnimates constructed with no animations!
LMalloc of 244 not 8-byte aligned, rounding up
LMalloc of 44 not 8-byte aligned, rounding up
LMalloc of 44 not 8-byte aligned, rounding up
LMalloc of 44 not 8-byte aligned, rounding up
LMalloc of 2556 not 8-byte aligned, rounding up
RenderActor3DAnimates constructed with no animations!
LMalloc of 244 not 8-byte aligned, rounding up
LMalloc of 44 not 8-byte aligned, rounding up
LMalloc of 44 not 8-byte aligned, rounding up
LMalloc of 44 not 8-byte aligned, rounding up
LMalloc of 1716 not 8-byte aligned, rounding up
RenderActor3DAnimates constructed with no animations!
LMalloc of 244 not 8-byte aligned, rounding up
LMalloc of 44 not 8-byte aligned, rounding up
LMalloc of 44 not 8-byte aligned, rounding up
LMalloc of 44 not 8-byte aligned, rounding up
LMalloc of 2556 not 8-byte aligned, rounding up
RenderActor3DAnimates constructed with no animations!
LMalloc of 244 not 8-byte aligned, rounding up
LMalloc of 44 not 8-byte aligned, rounding up
LMalloc of 44 not 8-byte aligned, rounding up
LMalloc of 44 not 8-byte aligned, rounding up
LMalloc of 276 not 8-byte aligned, rounding up
RenderActor3DAnimates constructed with no animations!
LMalloc of 44 not 8-byte aligned, rounding up
LMalloc of 44 not 8-byte aligned, rounding up
MATL closed without all data read (bytesLeft = 528)
LMalloc of 44 not 8-byte aligned, rounding up
jolt: mesh actor_pos=(0.000,0.000,0.000)
jolt: mesh v0 local=(-6.296,-1.851,-9.000) world=(-6.296,-1.851,-9.000)
jolt: mesh v1 local=(-6.296,-1.851,-0.010) world=(-6.296,-1.851,-0.010)
jolt: mesh v2 local=(-6.296,1.851,-9.000) world=(-6.296,1.851,-9.000)
jolt: mesh v3 local=(-6.296,1.851,-0.010) world=(-6.296,1.851,-0.010)
jolt: mesh v4 local=(6.296,-1.851,-9.000) world=(6.296,-1.851,-9.000)
jolt: mesh v5 local=(6.296,-1.851,-0.010) world=(6.296,-1.851,-0.010)
jolt: mesh v6 local=(6.296,1.851,-9.000) world=(6.296,1.851,-9.000)
jolt: mesh v7 local=(6.296,1.851,-0.010) world=(6.296,1.851,-0.010)
jolt: body MESH_STATIC verts=8 faces=12 id=16777222
LMalloc of 244 not 8-byte aligned, rounding up
LMalloc of 44 not 8-byte aligned, rounding up
LMalloc of 44 not 8-byte aligned, rounding up
LMalloc of 44 not 8-byte aligned, rounding up
LMalloc of 76 not 8-byte aligned, rounding up
RenderActor3DAnimates constructed with no animations!
LMalloc of 44 not 8-byte aligned, rounding up
LMalloc of 44 not 8-byte aligned, rounding up
MATL closed without all data read (bytesLeft = 264)
LMalloc of 44 not 8-byte aligned, rounding up
jolt: mesh actor_pos=(0.000,0.000,0.000)
jolt: mesh v0 local=(-20.000,4.000,-9.000) world=(-20.000,4.000,-9.000)
jolt: mesh v1 local=(-20.000,4.000,16.000) world=(-20.000,4.000,16.000)
jolt: mesh v2 local=(20.000,4.000,-9.000) world=(20.000,4.000,-9.000)
jolt: mesh v3 local=(20.000,4.000,16.000) world=(20.000,4.000,16.000)
jolt: body MESH_STATIC verts=4 faces=2 id=16777223
zforth: INDEXOF_CAMSHOT = 1921 (expect 1921)
zforth: INDEXOF_CAMSHOT = 1921 (expect 1921)
jolt: OptimizeBroadPhase done (8 static bodies)
audio: MusicPlayer — soundfont not found: florestan-subset.sf2
audio: sfx[0] not found: wflevels/qbert_practice/sfx/qbert_hop.wav
audio: sfx[1] not found: wflevels/qbert_practice/sfx/qbert_land.wav
audio: sfx[2] not found: wflevels/qbert_practice/sfx/qbert_fall.wav
audio: sfx[3] not found: wflevels/qbert_practice/sfx/qbert_swear.wav
audio: sfx[4] not found: wflevels/qbert_practice/sfx/qbert_round_clear.wav
audio: sfx[5] not found: wflevels/qbert_practice/sfx/qbert_kill.wav
audio: sfx[6] not found: wflevels/qbert_practice/sfx/qbert_disc.wav
DMalloc of 36 not 8-byte aligned, rounding up
delta too large: 0.34425354
timeofday:1790995124:640138
lasttimeofday: 1790995124:295878
deltatime:0:344260
delta: 0.34425354
ball pos: (-1.600, 0.000, 2.400)
ball pos: (-1.600, 0.000, 2.400)
ball pos: (-1.600, 0.000, 2.400)
ball pos: (-1.600, 0.000, 2.400)
frame-window: start-ns=98282136382279 end-ns=98287153104073
frame-profile: update frames=140 mean=15.2982 p50=15.1500 p95=16.9003 max=18.9757 cpu-ms
frame-profile: actors frames=140 mean=2.0382 p50=1.9905 p95=2.2234 max=3.4540 cpu-ms
frame-profile: director frames=140 mean=13.1934 p50=13.0947 p95=14.8483 max=16.7320 cpu-ms
frame-profile: render frames=140 mean=7.0928 p50=6.9898 p95=7.7184 max=13.0856 cpu-ms
frame-profile: school frames=140 mean=9.9358 p50=9.8780 p95=11.2328 max=12.2454 cpu-ms
frame-profile: pose frames=140 mean=2.7081 p50=2.6685 p95=2.8047 max=4.1266 cpu-ms
frame-profile: animation frames=140 mean=0.1233 p50=0.1202 p95=0.1420 max=0.1773 cpu-ms
frame-profile: total frames=140 mean=22.3910 p50=22.1134 p95=25.0048 max=28.2356 cpu-ms
frame-count: level-objects frames=140 mean=61.000
frame-count: render-actors frames=140 mean=47.000
frame-count: draws frames=140 mean=46.000
frame-count: triangles frames=140 mean=3285.486
frame-count: actor-mailbox-writes frames=140 mean=225.000
frame-count: fish-deformations frames=140 mean=29.000
ball pos: (-1.600, 0.000, 2.400)
ball pos: (-1.600, 0.000, 2.400)
ball pos: (-1.600, 0.000, 2.400)
ball pos: (-1.600, 0.000, 2.400)
ball pos: (-1.600, 0.000, 2.400)
frame-window: start-ns=98287153104073 end-ns=98292169586951
frame-profile: update frames=158 mean=15.5801 p50=15.3255 p95=18.2280 max=20.7126 cpu-ms
frame-profile: actors frames=158 mean=2.0042 p50=1.9678 p95=2.1702 max=3.2720 cpu-ms
frame-profile: director frames=158 mean=13.5101 p50=13.3022 p95=15.2231 max=18.5784 cpu-ms
frame-profile: render frames=158 mean=7.0156 p50=6.9534 p95=7.8395 max=9.8777 cpu-ms
frame-profile: school frames=158 mean=10.2367 p50=10.0786 p95=11.2990 max=15.0897 cpu-ms
frame-profile: pose frames=158 mean=2.7239 p50=2.6703 p95=2.7915 max=5.6968 cpu-ms
frame-profile: animation frames=158 mean=0.1243 p50=0.1205 p95=0.1490 max=0.2465 cpu-ms
frame-profile: total frames=158 mean=22.5956 p50=22.2850 p95=25.0819 max=27.4702 cpu-ms
frame-count: level-objects frames=158 mean=61.000
frame-count: render-actors frames=158 mean=47.000
frame-count: draws frames=158 mean=46.000
frame-count: triangles frames=158 mean=3282.266
frame-count: actor-mailbox-writes frames=158 mean=225.000
frame-count: fish-deformations frames=158 mean=29.000
ball pos: (-1.600, 0.000, 2.400)
ball pos: (-1.600, 0.000, 2.400)
ball pos: (-1.600, 0.000, 2.400)
ball pos: (-1.600, 0.000, 2.400)
ball pos: (-1.600, 0.000, 2.400)
ball pos: (-1.600, 0.000, 2.400)
ball pos: (-1.600, 0.000, 2.400)
frame-window: start-ns=98292169586951 end-ns=98297184293370
frame-profile: update frames=191 mean=15.4891 p50=15.3002 p95=17.1032 max=19.7635 cpu-ms
frame-profile: actors frames=191 mean=1.9894 p50=1.9310 p95=2.4141 max=3.3072 cpu-ms
frame-profile: director frames=191 mean=13.4350 p50=13.2982 p95=14.6373 max=16.7948 cpu-ms
frame-profile: render frames=191 mean=6.9423 p50=6.7771 p95=7.6307 max=11.0730 cpu-ms
frame-profile: school frames=191 mean=10.1789 p50=10.0804 p95=11.1367 max=12.8249 cpu-ms
frame-profile: pose frames=191 mean=2.7038 p50=2.6866 p95=2.7767 max=3.5100 cpu-ms
frame-profile: animation frames=191 mean=0.1246 p50=0.1216 p95=0.1436 max=0.1701 cpu-ms
frame-profile: total frames=191 mean=22.4314 p50=22.1309 p95=24.9807 max=28.4440 cpu-ms
frame-count: level-objects frames=191 mean=61.000
frame-count: render-actors frames=191 mean=47.000
frame-count: draws frames=191 mean=46.000
frame-count: triangles frames=191 mean=3280.251
frame-count: actor-mailbox-writes frames=191 mean=225.000
frame-count: fish-deformations frames=191 mean=29.000
ball pos: (-1.600, 0.000, 2.400)
ball pos: (-1.600, 0.000, 2.400)
ball pos: (-1.600, 0.000, 2.400)
ball pos: (-1.600, 0.000, 2.400)
ball pos: (-1.600, 0.000, 2.400)
ball pos: (-1.600, 0.000, 2.400)
frame-window: start-ns=98297184293370 end-ns=98302193853414
frame-profile: update frames=191 mean=15.3778 p50=15.3132 p95=15.6717 max=19.4533 cpu-ms
frame-profile: actors frames=191 mean=1.9577 p50=1.9301 p95=2.0735 max=3.3673 cpu-ms
frame-profile: director frames=191 mean=13.3552 p50=13.3217 p95=13.5956 max=17.4835 cpu-ms
frame-profile: render frames=191 mean=7.0238 p50=6.8161 p95=8.2346 max=13.4467 cpu-ms
frame-profile: school frames=191 mean=10.1026 p50=10.0902 p95=10.3242 max=13.5420 cpu-ms
frame-profile: pose frames=191 mean=2.7088 p50=2.6903 p95=2.7617 max=4.3391 cpu-ms
frame-profile: animation frames=191 mean=0.1256 p50=0.1230 p95=0.1433 max=0.1975 cpu-ms
frame-profile: total frames=191 mean=22.4016 p50=22.1581 p95=24.2692 max=28.7440 cpu-ms
frame-count: level-objects frames=191 mean=61.000
frame-count: render-actors frames=191 mean=47.000
frame-count: draws frames=191 mean=46.000
frame-count: triangles frames=191 mean=3287.476
frame-count: actor-mailbox-writes frames=191 mean=225.000
frame-count: fish-deformations frames=191 mean=29.000
ball pos: (-1.600, 0.000, 2.400)
ball pos: (-1.600, 0.000, 2.400)
ball pos: (-1.600, 0.000, 2.400)
ball pos: (-1.600, 0.000, 2.400)
ball pos: (-1.600, 0.000, 2.400)
ball pos: (-1.600, 0.000, 2.400)
ball pos: (-1.600, 0.000, 2.400)
frame-window: start-ns=98302193853414 end-ns=98307201772083
frame-profile: update frames=190 mean=15.4299 p50=15.2638 p95=16.7706 max=19.6270 cpu-ms
frame-profile: actors frames=190 mean=1.9917 p50=1.9269 p95=2.3120 max=5.1553 cpu-ms
frame-profile: director frames=190 mean=13.3729 p50=13.2727 p95=14.0849 max=17.7271 cpu-ms
frame-profile: render frames=190 mean=7.0123 p50=6.8470 p95=8.1040 max=10.9281 cpu-ms
frame-profile: school frames=190 mean=10.1308 p50=10.0440 p95=10.6254 max=14.2533 cpu-ms
frame-profile: pose frames=190 mean=2.6910 p50=2.6833 p95=2.7443 max=2.9582 cpu-ms
frame-profile: animation frames=190 mean=0.1245 p50=0.1217 p95=0.1390 max=0.1859 cpu-ms
frame-profile: total frames=190 mean=22.4422 p50=22.1835 p95=24.7975 max=26.6027 cpu-ms
frame-count: level-objects frames=190 mean=61.000
frame-count: render-actors frames=190 mean=47.000
frame-count: draws frames=190 mean=46.000
frame-count: triangles frames=190 mean=3284.395
frame-count: actor-mailbox-writes frames=190 mean=225.000
frame-count: fish-deformations frames=190 mean=29.000
ball pos: (-1.600, 0.000, 2.400)
ball pos: (-1.600, 0.000, 2.400)
ball pos: (-1.600, 0.000, 2.400)
ball pos: (-1.600, 0.000, 2.400)
ball pos: (-1.600, 0.000, 2.400)
ball pos: (-1.600, 0.000, 2.400)
frame-window: start-ns=98307201772083 end-ns=98312212885710
frame-profile: update frames=188 mean=15.5989 p50=15.3055 p95=18.0865 max=21.5791 cpu-ms
frame-profile: actors frames=188 mean=2.0133 p50=1.9514 p95=2.7011 max=4.4832 cpu-ms
frame-profile: director frames=188 mean=13.5189 p50=13.3058 p95=15.3523 max=17.0274 cpu-ms
frame-profile: render frames=188 mean=7.1097 p50=7.0312 p95=7.9567 max=12.2598 cpu-ms
frame-profile: school frames=188 mean=10.2387 p50=10.0615 p95=11.8201 max=13.4769 cpu-ms
frame-profile: pose frames=188 mean=2.7190 p50=2.6855 p95=2.7780 max=4.0547 cpu-ms
frame-profile: animation frames=188 mean=0.1266 p50=0.1236 p95=0.1497 max=0.1810 cpu-ms
frame-profile: total frames=188 mean=22.7086 p50=22.3203 p95=25.6753 max=28.1423 cpu-ms
frame-count: level-objects frames=188 mean=61.000
frame-count: render-actors frames=188 mean=47.000
frame-count: draws frames=188 mean=46.000
frame-count: triangles frames=188 mean=3279.803
frame-count: actor-mailbox-writes frames=188 mean=225.000
frame-count: fish-deformations frames=188 mean=29.000
ball pos: (-1.600, 0.000, 2.400)
ball pos: (-1.600, 0.000, 2.400)
ball pos: (-1.600, 0.000, 2.400)
ball pos: (-1.600, 0.000, 2.400)
ball pos: (-1.600, 0.000, 2.400)
ball pos: (-1.600, 0.000, 2.400)
frame-window: start-ns=98312212885710 end-ns=98317232211254
frame-profile: update frames=193 mean=15.4431 p50=15.3119 p95=15.8668 max=21.9206 cpu-ms
frame-profile: actors frames=193 mean=1.9630 p50=1.9335 p95=2.0859 max=4.2034 cpu-ms
frame-profile: director frames=193 mean=13.4151 p50=13.3248 p95=13.5811 max=19.7678 cpu-ms
frame-profile: render frames=193 mean=6.8868 p50=6.7499 p95=7.3092 max=11.9051 cpu-ms
frame-profile: school frames=193 mean=10.1740 p50=10.0968 p95=10.3319 max=15.7809 cpu-ms
frame-profile: pose frames=193 mean=2.6972 p50=2.6857 p95=2.7648 max=3.4557 cpu-ms
frame-profile: animation frames=193 mean=0.1248 p50=0.1220 p95=0.1413 max=0.1691 cpu-ms
frame-profile: total frames=193 mean=22.3299 p50=22.1263 p95=24.1184 max=28.4832 cpu-ms
frame-count: level-objects frames=193 mean=61.000
frame-count: render-actors frames=193 mean=47.000
frame-count: draws frames=193 mean=46.000
frame-count: triangles frames=193 mean=3278.824
frame-count: actor-mailbox-writes frames=193 mean=225.000
frame-count: fish-deformations frames=193 mean=29.000
ball pos: (-1.600, 0.000, 2.400)
ball pos: (-1.600, 0.000, 2.400)
ball pos: (-1.600, 0.000, 2.400)
ball pos: (-1.600, 0.000, 2.400)
ball pos: (-1.600, 0.000, 2.400)
ball pos: (-1.600, 0.000, 2.400)
ball pos: (-1.600, 0.000, 2.400)
frame-window: start-ns=98317232211254 end-ns=98322243552549
frame-profile: update frames=190 mean=15.4495 p50=15.3249 p95=15.8531 max=19.4223 cpu-ms
frame-profile: actors frames=190 mean=1.9719 p50=1.9299 p95=2.1511 max=3.3107 cpu-ms
frame-profile: director frames=190 mean=13.4115 p50=13.3273 p95=13.5734 max=17.2156 cpu-ms
frame-profile: render frames=190 mean=7.0904 p50=6.8681 p95=8.0324 max=11.0038 cpu-ms
frame-profile: school frames=190 mean=10.1716 p50=10.1113 p95=10.3348 max=13.9912 cpu-ms
frame-profile: pose frames=190 mean=2.6976 p50=2.6875 p95=2.7651 max=3.9948 cpu-ms
frame-profile: animation frames=190 mean=0.1245 p50=0.1220 p95=0.1395 max=0.1673 cpu-ms
frame-profile: total frames=190 mean=22.5398 p50=22.2353 p95=25.1535 max=29.3160 cpu-ms
frame-count: level-objects frames=190 mean=61.000
frame-count: render-actors frames=190 mean=47.000
frame-count: draws frames=190 mean=46.000
frame-count: triangles frames=190 mean=3286.574
frame-count: actor-mailbox-writes frames=190 mean=225.000
frame-count: fish-deformations frames=190 mean=29.000
ball pos: (-1.600, 0.000, 2.400)
ball pos: (-1.600, 0.000, 2.400)
ball pos: (-1.600, 0.000, 2.400)
ball pos: (-1.600, 0.000, 2.400)
ball pos: (-1.600, 0.000, 2.400)
ball pos: (-1.600, 0.000, 2.400)
frame-window: start-ns=98322243552549 end-ns=98327259051259
frame-profile: update frames=190 mean=15.5073 p50=15.2857 p95=17.5201 max=19.7439 cpu-ms
frame-profile: actors frames=190 mean=2.0076 p50=1.9290 p95=2.4670 max=5.2273 cpu-ms
frame-profile: director frames=190 mean=13.4341 p50=13.2841 p95=14.1388 max=17.4950 cpu-ms
frame-profile: render frames=190 mean=7.0636 p50=6.8750 p95=8.2609 max=12.2632 cpu-ms
frame-profile: school frames=190 mean=10.1595 p50=10.0720 p95=10.4727 max=14.2284 cpu-ms
frame-profile: pose frames=190 mean=2.7222 p50=2.6908 p95=2.7559 max=4.9376 cpu-ms
frame-profile: animation frames=190 mean=0.1261 p50=0.1225 p95=0.1418 max=0.2510 cpu-ms
frame-profile: total frames=190 mean=22.5709 p50=22.1775 p95=25.5184 max=27.4449 cpu-ms
frame-count: level-objects frames=190 mean=61.000
frame-count: render-actors frames=190 mean=47.000
frame-count: draws frames=190 mean=46.000
frame-count: triangles frames=190 mean=3286.226
frame-count: actor-mailbox-writes frames=190 mean=225.000
frame-count: fish-deformations frames=190 mean=29.000
ball pos: (-1.600, 0.000, 2.400)
ball pos: (-1.600, 0.000, 2.400)
ball pos: (-1.600, 0.000, 2.400)
ball pos: (-1.600, 0.000, 2.400)
ball pos: (-1.600, 0.000, 2.400)
ball pos: (-1.600, 0.000, 2.400)
frame-window: start-ns=98327259051259 end-ns=98332267957512
frame-profile: update frames=188 mean=15.4780 p50=15.3107 p95=16.7543 max=20.4477 cpu-ms
frame-profile: actors frames=188 mean=1.9563 p50=1.9224 p95=2.0948 max=3.3845 cpu-ms
frame-profile: director frames=188 mean=13.4570 p50=13.2996 p95=14.4434 max=18.4460 cpu-ms
frame-profile: render frames=188 mean=7.1591 p50=6.8682 p95=8.4445 max=12.6653 cpu-ms
frame-profile: school frames=188 mean=10.1847 p50=10.0667 p95=10.9421 max=14.5092 cpu-ms
frame-profile: pose frames=188 mean=2.7296 p50=2.6857 p95=2.8120 max=4.1640 cpu-ms
frame-profile: animation frames=188 mean=0.1269 p50=0.1231 p95=0.1495 max=0.1983 cpu-ms
frame-profile: total frames=188 mean=22.6371 p50=22.2407 p95=25.3094 max=27.8838 cpu-ms
frame-count: level-objects frames=188 mean=61.000
frame-count: render-actors frames=188 mean=47.000
frame-count: draws frames=188 mean=46.000
frame-count: triangles frames=188 mean=3277.229
frame-count: actor-mailbox-writes frames=188 mean=225.000
frame-count: fish-deformations frames=188 mean=29.000
ball pos: (-1.600, 0.000, 2.400)
ball pos: (-1.600, 0.000, 2.400)
ball pos: (-1.600, 0.000, 2.400)
ball pos: (-1.600, 0.000, 2.400)
ball pos: (0.329, 0.000, 2.400)
ball pos: (2.572, 0.000, 2.400)
frame-window: start-ns=98332267957512 end-ns=98337286094889
frame-profile: update frames=177 mean=15.6475 p50=15.4552 p95=17.8038 max=20.3038 cpu-ms
frame-profile: actors frames=177 mean=2.0195 p50=1.9684 p95=2.3388 max=3.3036 cpu-ms
frame-profile: director frames=177 mean=13.5616 p50=13.4034 p95=14.9888 max=17.6582 cpu-ms
frame-profile: render frames=177 mean=7.0942 p50=6.9558 p95=7.8723 max=14.4300 cpu-ms
frame-profile: school frames=177 mean=10.2919 p50=10.1473 p95=11.5374 max=14.3814 cpu-ms
frame-profile: pose frames=177 mean=2.7100 p50=2.6848 p95=2.7905 max=3.4676 cpu-ms
frame-profile: animation frames=177 mean=0.1259 p50=0.1224 p95=0.1499 max=0.2069 cpu-ms
frame-profile: total frames=177 mean=22.7417 p50=22.4346 p95=24.6636 max=29.5141 cpu-ms
frame-count: level-objects frames=177 mean=61.000
frame-count: render-actors frames=177 mean=47.000
frame-count: draws frames=177 mean=46.000
frame-count: triangles frames=177 mean=3287.429
frame-count: actor-mailbox-writes frames=177 mean=225.000
frame-count: fish-deformations frames=177 mean=29.000
ball pos: (5.199, 0.000, 2.400)
ball pos: (5.535, 0.000, 2.400)
ball pos: (5.544, 0.000, 2.400)
ball pos: (5.544, 0.000, 2.400)
ball pos: (5.544, 0.000, 2.400)
ball pos: (5.544, 0.000, 2.400)
frame-window: start-ns=98337286094889 end-ns=98342286314766
frame-profile: update frames=181 mean=15.6427 p50=15.3008 p95=18.4843 max=21.4249 cpu-ms
frame-profile: actors frames=181 mean=2.0332 p50=1.9604 p95=2.4154 max=3.6946 cpu-ms
frame-profile: director frames=181 mean=13.5426 p50=13.2620 p95=15.8408 max=19.4919 cpu-ms
frame-profile: render frames=181 mean=7.1256 p50=7.0193 p95=8.3285 max=11.7583 cpu-ms
frame-profile: school frames=181 mean=10.2577 p50=10.0362 p95=12.1383 max=16.2697 cpu-ms
frame-profile: pose frames=181 mean=2.7213 p50=2.6821 p95=2.7877 max=4.8759 cpu-ms
frame-profile: animation frames=181 mean=0.1262 p50=0.1225 p95=0.1453 max=0.2075 cpu-ms
frame-profile: total frames=181 mean=22.7683 p50=22.3892 p95=25.6588 max=30.7452 cpu-ms
frame-count: level-objects frames=181 mean=61.000
frame-count: render-actors frames=181 mean=47.000
frame-count: draws frames=181 mean=46.000
frame-count: triangles frames=181 mean=3288.801
frame-count: actor-mailbox-writes frames=181 mean=225.000
frame-count: fish-deformations frames=181 mean=29.000
ball pos: (5.544, 0.000, 2.400)
ball pos: (5.544, 0.000, 2.400)
ball pos: (5.544, 0.000, 2.400)
ball pos: (5.544, 0.000, 2.400)
ball pos: (5.544, 0.000, 2.400)
ball pos: (5.544, 0.000, 2.400)
frame-window: start-ns=98342286314766 end-ns=98347308772894
frame-profile: update frames=185 mean=15.5748 p50=15.2366 p95=18.0418 max=21.8504 cpu-ms
frame-profile: actors frames=185 mean=2.0317 p50=1.9485 p95=2.6021 max=3.7023 cpu-ms
frame-profile: director frames=185 mean=13.4767 p50=13.2070 p95=15.6170 max=18.1628 cpu-ms
frame-profile: render frames=185 mean=7.2844 p50=7.0644 p95=9.0556 max=13.2695 cpu-ms
frame-profile: school frames=185 mean=10.1758 p50=9.9710 p95=11.7496 max=14.2114 cpu-ms
frame-profile: pose frames=185 mean=2.7391 p50=2.6853 p95=2.8135 max=4.9634 cpu-ms
frame-profile: animation frames=185 mean=0.1275 p50=0.1235 p95=0.1473 max=0.2220 cpu-ms
frame-profile: total frames=185 mean=22.8592 p50=22.3915 p95=26.1623 max=31.9597 cpu-ms
frame-count: level-objects frames=185 mean=61.000
frame-count: render-actors frames=185 mean=47.000
frame-count: draws frames=185 mean=46.000
frame-count: triangles frames=185 mean=3290.373
frame-count: actor-mailbox-writes frames=185 mean=225.000
frame-count: fish-deformations frames=185 mean=29.000
ball pos: (5.544, 0.000, 2.400)
ball pos: (5.544, 0.000, 2.400)
ball pos: (5.544, 0.000, 2.400)
ball pos: (5.544, 0.000, 2.400)
ball pos: (5.544, 0.000, 2.400)
ball pos: (5.544, 0.000, 2.400)
ball pos: (5.544, 0.000, 2.400)
frame-window: start-ns=98347308772894 end-ns=98352324329063
frame-profile: update frames=188 mean=15.3712 p50=15.2651 p95=15.7310 max=19.8024 cpu-ms
frame-profile: actors frames=188 mean=1.9724 p50=1.9597 p95=2.1362 max=2.4946 cpu-ms
frame-profile: director frames=188 mean=13.3330 p50=13.2408 p95=13.5665 max=17.7008 cpu-ms
frame-profile: render frames=188 mean=7.1351 p50=6.9213 p95=7.9799 max=13.1240 cpu-ms
frame-profile: school frames=188 mean=10.0531 p50=10.0171 p95=10.2691 max=14.4194 cpu-ms
frame-profile: pose frames=188 mean=2.7383 p50=2.6917 p95=2.7773 max=6.2778 cpu-ms
frame-profile: animation frames=188 mean=0.1287 p50=0.1237 p95=0.1507 max=0.2828 cpu-ms
frame-profile: total frames=188 mean=22.5064 p50=22.1730 p95=24.5390 max=27.8599 cpu-ms
frame-count: level-objects frames=188 mean=61.000
frame-count: render-actors frames=188 mean=47.000
frame-count: draws frames=188 mean=46.000
frame-count: triangles frames=188 mean=3295.431
frame-count: actor-mailbox-writes frames=188 mean=225.000
frame-count: fish-deformations frames=188 mean=29.000
ball pos: (5.544, 0.000, 2.400)
ball pos: (5.544, 0.000, 2.400)
ball pos: (5.544, 0.000, 2.400)
ball pos: (5.544, 0.000, 2.400)
ball pos: (5.544, 0.000, 2.400)
ball pos: (5.544, 0.000, 2.400)
frame-window: start-ns=98352324329063 end-ns=98357340480940
frame-profile: update frames=188 mean=15.4665 p50=15.2601 p95=16.4344 max=21.7125 cpu-ms
frame-profile: actors frames=188 mean=1.9972 p50=1.9451 p95=2.1430 max=3.4251 cpu-ms
frame-profile: director frames=188 mean=13.4043 p50=13.2530 p95=13.9592 max=19.7678 cpu-ms
frame-profile: render frames=188 mean=7.2519 p50=6.9021 p95=9.8954 max=13.4800 cpu-ms
frame-profile: school frames=188 mean=10.1216 p50=10.0127 p95=10.3504 max=14.3618 cpu-ms
frame-profile: pose frames=188 mean=2.7329 p50=2.6820 p95=2.7585 max=5.3375 cpu-ms
frame-profile: animation frames=188 mean=0.1270 p50=0.1225 p95=0.1500 max=0.2176 cpu-ms
frame-profile: total frames=188 mean=22.7185 p50=22.2170 p95=26.3588 max=28.6068 cpu-ms
frame-count: level-objects frames=188 mean=61.000
frame-count: render-actors frames=188 mean=47.000
frame-count: draws frames=188 mean=46.000
frame-count: triangles frames=188 mean=3292.223
frame-count: actor-mailbox-writes frames=188 mean=225.000
frame-count: fish-deformations frames=188 mean=29.000
ball pos: (5.544, 0.000, 2.400)
ball pos: (5.544, 0.000, 2.400)
ball pos: (5.544, 0.000, 2.400)
ball pos: (5.544, 0.000, 2.400)
ball pos: (5.544, 0.000, 2.400)
ball pos: (5.544, 0.000, 2.400)
frame-window: start-ns=98357340480940 end-ns=98362350464901
frame-profile: update frames=187 mean=15.4273 p50=15.2815 p95=15.7087 max=22.1902 cpu-ms
frame-profile: actors frames=187 mean=1.9852 p50=1.9558 p95=2.1647 max=3.4339 cpu-ms
frame-profile: director frames=187 mean=13.3763 p50=13.2513 p95=13.5923 max=19.8719 cpu-ms
frame-profile: render frames=187 mean=7.1629 p50=6.9549 p95=8.5214 max=13.3562 cpu-ms
frame-profile: school frames=187 mean=10.0773 p50=10.0286 p95=10.2758 max=15.7800 cpu-ms
frame-profile: pose frames=187 mean=2.7521 p50=2.6885 p95=2.7910 max=7.3730 cpu-ms
frame-profile: animation frames=187 mean=0.1285 p50=0.1229 p95=0.1513 max=0.3314 cpu-ms
frame-profile: total frames=187 mean=22.5902 p50=22.2545 p95=25.2133 max=29.0366 cpu-ms
frame-count: level-objects frames=187 mean=61.000
frame-count: render-actors frames=187 mean=47.000
frame-count: draws frames=187 mean=46.000
frame-count: triangles frames=187 mean=3292.214
frame-count: actor-mailbox-writes frames=187 mean=225.000
frame-count: fish-deformations frames=187 mean=29.000
ball pos: (5.273, -0.329, 2.400)
ball pos: (3.668, -0.464, 2.400)
ball pos: (1.072, -0.472, 2.400)
ball pos: (-1.202, -0.472, 2.400)
ball pos: (-3.246, -0.472, 2.400)
ball pos: (-5.272, -0.472, 2.400)
frame-window: start-ns=98362350464901 end-ns=98367372281987
frame-profile: update frames=171 mean=15.8978 p50=15.6455 p95=17.7872 max=20.7738 cpu-ms
frame-profile: actors frames=171 mean=2.0485 p50=1.9866 p95=2.4907 max=3.2984 cpu-ms
frame-profile: director frames=171 mean=13.7828 p50=13.6015 p95=15.5734 max=18.7912 cpu-ms
frame-profile: render frames=171 mean=7.1971 p50=6.9780 p95=8.1418 max=12.1068 cpu-ms
frame-profile: school frames=171 mean=10.5003 p50=10.3558 p95=11.7534 max=15.5190 cpu-ms
frame-profile: pose frames=171 mean=2.7101 p50=2.6798 p95=2.7864 max=4.0304 cpu-ms
frame-profile: animation frames=171 mean=0.1255 p50=0.1219 p95=0.1452 max=0.2090 cpu-ms
frame-profile: total frames=171 mean=23.0949 p50=22.6375 p95=26.2977 max=30.5801 cpu-ms
frame-count: level-objects frames=171 mean=61.000
frame-count: render-actors frames=171 mean=47.000
frame-count: draws frames=171 mean=46.000
frame-count: triangles frames=171 mean=3276.368
frame-count: actor-mailbox-writes frames=171 mean=225.000
frame-count: fish-deformations frames=171 mean=29.000
ball pos: (-5.536, -0.472, 2.400)
ball pos: (-5.544, -0.472, 2.400)
ball pos: (-5.544, -0.472, 2.400)
ball pos: (-5.544, -0.472, 2.400)
ball pos: (-5.544, -0.472, 2.400)
ball pos: (-5.544, -0.472, 2.400)
frame-window: start-ns=98367372281987 end-ns=98372384768739
frame-profile: update frames=181 mean=15.6524 p50=15.3729 p95=18.0203 max=20.4632 cpu-ms
frame-profile: actors frames=181 mean=2.0753 p50=1.9696 p95=2.7793 max=6.4242 cpu-ms
frame-profile: director frames=181 mean=13.5096 p50=13.2963 p95=14.7320 max=18.4008 cpu-ms
frame-profile: render frames=181 mean=7.3739 p50=6.9817 p95=9.9765 max=13.7653 cpu-ms
frame-profile: school frames=181 mean=10.2204 p50=10.0561 p95=11.3718 max=14.9154 cpu-ms
frame-profile: pose frames=181 mean=2.7264 p50=2.6890 p95=2.8369 max=4.6955 cpu-ms
frame-profile: animation frames=181 mean=0.1267 p50=0.1230 p95=0.1472 max=0.2147 cpu-ms
frame-profile: total frames=181 mean=23.0264 p50=22.4143 p95=26.1989 max=28.9952 cpu-ms
frame-count: level-objects frames=181 mean=61.000
frame-count: render-actors frames=181 mean=47.000
frame-count: draws frames=181 mean=46.000
frame-count: triangles frames=181 mean=3290.309
frame-count: actor-mailbox-writes frames=181 mean=225.000
frame-count: fish-deformations frames=181 mean=29.000
ball pos: (-5.544, -0.472, 2.400)
ball pos: (-5.544, -0.472, 2.400)
ball pos: (-5.544, -0.472, 2.400)
ball pos: (-5.544, -0.472, 2.400)
ball pos: (-5.492, -0.310, 2.400)
ball pos: (-4.219, -0.048, 2.400)
frame-window: start-ns=98372384768739 end-ns=98377393334783
frame-profile: update frames=182 mean=15.5030 p50=15.3075 p95=16.5123 max=21.1067 cpu-ms
frame-profile: actors frames=182 mean=2.0374 p50=1.9740 p95=2.3839 max=4.6820 cpu-ms
frame-profile: director frames=182 mean=13.3983 p50=13.2514 p95=13.8582 max=19.1438 cpu-ms
frame-profile: render frames=182 mean=7.1614 p50=6.9708 p95=8.0870 max=11.7444 cpu-ms
frame-profile: school frames=182 mean=10.1041 p50=9.9943 p95=10.4737 max=14.7076 cpu-ms
frame-profile: pose frames=182 mean=2.7284 p50=2.6926 p95=2.7883 max=6.6549 cpu-ms
frame-profile: animation frames=182 mean=0.1271 p50=0.1232 p95=0.1477 max=0.2659 cpu-ms
frame-profile: total frames=182 mean=22.6644 p50=22.3197 p95=24.9392 max=28.0750 cpu-ms
frame-count: level-objects frames=182 mean=61.000
frame-count: render-actors frames=182 mean=47.000
frame-count: draws frames=182 mean=46.000
frame-count: triangles frames=182 mean=3292.264
frame-count: actor-mailbox-writes frames=182 mean=225.000
frame-count: fish-deformations frames=182 mean=29.000
ball pos: (-2.210, -0.031, 2.400)
ball pos: (-0.162, -0.031, 2.400)
ball pos: (2.342, -0.031, 2.400)
ball pos: (4.763, -0.031, 2.400)
ball pos: (5.524, -0.031, 2.400)
ball pos: (5.543, -0.031, 2.400)
frame-window: start-ns=98377393334783 end-ns=98382406390786
frame-profile: update frames=171 mean=15.8830 p50=15.6835 p95=17.2280 max=21.6096 cpu-ms
frame-profile: actors frames=171 mean=2.0339 p50=1.9885 p95=2.2230 max=3.4142 cpu-ms
frame-profile: director frames=171 mean=13.7819 p50=13.6475 p95=14.9628 max=18.4537 cpu-ms
frame-profile: render frames=171 mean=7.1247 p50=6.8313 p95=8.4214 max=11.6318 cpu-ms
frame-profile: school frames=171 mean=10.4936 p50=10.3881 p95=11.4111 max=14.6433 cpu-ms
frame-profile: pose frames=171 mean=2.7191 p50=2.6793 p95=2.8040 max=4.8103 cpu-ms
frame-profile: animation frames=171 mean=0.1264 p50=0.1215 p95=0.1463 max=0.2056 cpu-ms
frame-profile: total frames=171 mean=23.0077 p50=22.5598 p95=25.4976 max=28.2461 cpu-ms
frame-count: level-objects frames=171 mean=61.000
frame-count: render-actors frames=171 mean=47.000
frame-count: draws frames=171 mean=46.000
frame-count: triangles frames=171 mean=3276.035
frame-count: actor-mailbox-writes frames=171 mean=225.000
frame-count: fish-deformations frames=171 mean=29.000
ball pos: (5.544, -0.031, 2.400)
ball pos: (5.544, -0.031, 2.400)
ball pos: (5.544, -0.031, 2.400)
ball pos: (5.544, -0.031, 2.400)
ball pos: (5.544, -0.031, 2.400)
ball pos: (5.544, -0.031, 2.400)
frame-window: start-ns=98382406390786 end-ns=98387423712080
frame-profile: update frames=187 mean=15.4880 p50=15.3515 p95=16.4721 max=19.1546 cpu-ms
frame-profile: actors frames=187 mean=2.0070 p50=1.9595 p95=2.3116 max=3.3310 cpu-ms
frame-profile: director frames=187 mean=13.4155 p50=13.3347 p95=14.0097 max=17.1974 cpu-ms
frame-profile: render frames=187 mean=7.0970 p50=6.9060 p95=8.3429 max=10.2170 cpu-ms
frame-profile: school frames=187 mean=10.1583 p50=10.0937 p95=10.7295 max=12.3478 cpu-ms
frame-profile: pose frames=187 mean=2.7091 p50=2.6853 p95=2.7827 max=4.7872 cpu-ms
frame-profile: animation frames=187 mean=0.1256 p50=0.1227 p95=0.1424 max=0.1993 cpu-ms
frame-profile: total frames=187 mean=22.5849 p50=22.3215 p95=24.6000 max=26.0622 cpu-ms
frame-count: level-objects frames=187 mean=61.000
frame-count: render-actors frames=187 mean=47.000
frame-count: draws frames=187 mean=46.000
frame-count: triangles frames=187 mean=3294.374
frame-count: actor-mailbox-writes frames=187 mean=225.000
frame-count: fish-deformations frames=187 mean=29.000
ball pos: (5.544, -0.031, 2.400)
ball pos: (5.544, -0.031, 2.400)
ball pos: (5.544, -0.031, 2.400)
ball pos: (5.544, -0.031, 2.400)
ball pos: (5.544, -0.031, 2.400)
ball pos: (5.544, -0.031, 2.400)
frame-window: start-ns=98387423712080 end-ns=98392440132332
frame-profile: update frames=179 mean=15.4940 p50=15.4003 p95=15.8884 max=19.6080 cpu-ms
frame-profile: actors frames=179 mean=1.9894 p50=1.9647 p95=2.1205 max=3.3419 cpu-ms
frame-profile: director frames=179 mean=13.4384 p50=13.3648 p95=13.8651 max=17.4218 cpu-ms
frame-profile: render frames=179 mean=7.2810 p50=7.1391 p95=8.2582 max=9.8098 cpu-ms
frame-profile: school frames=179 mean=10.1453 p50=10.1050 p95=10.4125 max=13.2434 cpu-ms
frame-profile: pose frames=179 mean=2.7409 p50=2.6933 p95=2.8547 max=4.8598 cpu-ms
frame-profile: animation frames=179 mean=0.1288 p50=0.1245 p95=0.1510 max=0.2058 cpu-ms
frame-profile: total frames=179 mean=22.7751 p50=22.5739 p95=24.2866 max=27.4676 cpu-ms
frame-count: level-objects frames=179 mean=61.000
frame-count: render-actors frames=179 mean=47.000
frame-count: draws frames=179 mean=46.000
frame-count: triangles frames=179 mean=3291.726
frame-count: actor-mailbox-writes frames=179 mean=225.000
frame-count: fish-deformations frames=179 mean=29.000
