material: texture=""  bTranslucent=0  bitdepth=16  flags_in=0x2
material: texture=""  bTranslucent=0  bitdepth=16  flags_in=0x2
audio: miniaudio v0.11.25 ready
DEBUG = 1,
DO_ASSERTIONS = 1, NO_ASSERT_EXPR = 0, USE_INLINE_DEFS = 1, WF_BIG_ENDIAN = 0
argc = 9, argv: /home/will/WorldFoundry-wbniv/engine/wf_game -L/home/will/WorldFoundry-wbniv/wflevels/aquarium_jellyfish-standalone.iff -rate20 -width=960 -height=540 --debug-port 17921 --debug-bind 127.0.0.1 
cbHalLmalloc = 64000000, cbHalScratchLmalloc = 180000
wf_game v0.4.1, Built:Jul 31 2026,10:21:50 by kts
-L/home/will/WorldFoundry-wbniv/wflevels/aquarium_jellyfish-standalone.iff
-rate20
Fake clock delta = 0.05000000075
-width=960
-height=540
--debug-port
--debug-bind
argc = 9, commandIndex = 9
Level=-1
cerror:
cwarn:
cstats:
wf_game Ver 0.4.1, Built:Jul 31 2026,10:21:50 by kts
DBSTREAMS jolt: RegisterDefaultAllocator
jolt: Factory
jolt: RegisterTypes
jolt: RunSelftest
jolt: selftest ok (sphere fell to z=5.098)
jolt: backend init
jolt: backend ready (gravity -Z)
jolt: init complete
LMalloc of 412 not 8-byte aligned, rounding up
LMalloc of 7620 not 8-byte aligned, rounding up
LMalloc of 20 not 8-byte aligned, rounding up
LMalloc of 20 not 8-byte aligned, rounding up
Level::Level: leveldata= 0x7449d2246b80, object count  = 36
ASS closed without all data read (bytesLeft = 4118)
ASS closed without all data read (bytesLeft = 150)
ASS closed without all data read (bytesLeft = 16)
ASS closed without all data read (bytesLeft = 16)
ASS closed without all data read (bytesLeft = 9708)
PixelMap::Load: this = 0x7449d0f27b80
PixelMap::Load: this = 0x7449d0f27bc0
LMalloc of 28 not 8-byte aligned, rounding up
LMalloc of 28 not 8-byte aligned, rounding up
LMalloc of 28 not 8-byte aligned, rounding up
LMalloc of 28 not 8-byte aligned, rounding up
LMalloc of 100 not 8-byte aligned, rounding up
[Actor] idx=2 class=23 commonOff=21824 NumberOfLocalMailboxes=0
[Actor] idx=3 class=13 commonOff=21824 NumberOfLocalMailboxes=0
this = 0x7449d0f2b0c0,setting _memory to 0x7449d0f2abc8
DMalloc of 52 not 8-byte aligned, rounding up
[Actor] idx=4 class=20 commonOff=22536 NumberOfLocalMailboxes=0
[Actor] idx=6 class=11 commonOff=21824 NumberOfLocalMailboxes=0
[Actor] idx=7 class=16 commonOff=21824 NumberOfLocalMailboxes=0
[Actor] idx=8 class=3 commonOff=21824 NumberOfLocalMailboxes=0
[Actor] idx=9 class=22 commonOff=23276 NumberOfLocalMailboxes=6
jolt: character 0 created at (0.00, -0.40, 2.60) ctr=(0.00,0.00,0.00)
[Actor] idx=10 class=7 commonOff=23584 NumberOfLocalMailboxes=0
[Actor] idx=11 class=7 commonOff=23784 NumberOfLocalMailboxes=0
[Actor] idx=12 class=7 commonOff=23828 NumberOfLocalMailboxes=0
[Actor] idx=13 class=7 commonOff=23872 NumberOfLocalMailboxes=0
[Actor] idx=14 class=7 commonOff=23916 NumberOfLocalMailboxes=0
[Actor] idx=15 class=7 commonOff=23960 NumberOfLocalMailboxes=0
[Actor] idx=16 class=7 commonOff=24004 NumberOfLocalMailboxes=0
[Actor] idx=17 class=7 commonOff=24048 NumberOfLocalMailboxes=0
[Actor] idx=18 class=7 commonOff=24092 NumberOfLocalMailboxes=0
[Actor] idx=19 class=7 commonOff=24136 NumberOfLocalMailboxes=0
[Actor] idx=20 class=7 commonOff=24180 NumberOfLocalMailboxes=0
[Actor] idx=21 class=7 commonOff=24224 NumberOfLocalMailboxes=0
[Actor] idx=22 class=5 commonOff=21824 NumberOfLocalMailboxes=0
jolt: body STATIC pos=(0.00,0.00,0.00) half=(6.10,1.65,0.12) id=8388608
[Actor] idx=23 class=5 commonOff=21824 NumberOfLocalMailboxes=0
jolt: body STATIC pos=(0.00,1.53,2.73) half=(5.97,0.12,2.10) id=8388609
[Actor] idx=24 class=5 commonOff=21824 NumberOfLocalMailboxes=0
jolt: body STATIC pos=(0.00,1.53,5.08) half=(6.10,0.12,0.25) id=8388610
[Actor] idx=25 class=5 commonOff=21824 NumberOfLocalMailboxes=0
jolt: body STATIC pos=(-6.09,0.00,2.67) half=(0.12,1.65,2.67) id=8388611
[Actor] idx=26 class=5 commonOff=21824 NumberOfLocalMailboxes=0
jolt: body STATIC pos=(5.97,0.00,2.67) half=(0.12,1.65,2.67) id=8388612
[Actor] idx=27 class=5 commonOff=21824 NumberOfLocalMailboxes=0
jolt: body STATIC pos=(0.00,-1.78,2.67) half=(6.10,0.12,2.67) id=8388613
[Actor] idx=28 class=7 commonOff=21824 NumberOfLocalMailboxes=0
[Actor] idx=29 class=5 commonOff=21824 NumberOfLocalMailboxes=0
jolt: body STATIC pos=(0.00,0.00,0.38) half=(5.97,1.52,0.25) id=8388614
[Actor] idx=30 class=7 commonOff=21824 NumberOfLocalMailboxes=0
[Actor] idx=31 class=5 commonOff=21824 NumberOfLocalMailboxes=0
jolt: body STATIC pos=(0.00,0.00,-1.26) half=(6.25,1.80,1.24) id=8388615
[Actor] idx=32 class=5 commonOff=21824 NumberOfLocalMailboxes=0
jolt: body STATIC pos=(0.00,2.97,7.50) half=(30.00,0.12,12.50) id=8388616
[Actor] idx=33 class=23 commonOff=21824 NumberOfLocalMailboxes=0
[Actor] idx=34 class=3 commonOff=21824 NumberOfLocalMailboxes=0
[Actor] idx=35 class=16 commonOff=21824 NumberOfLocalMailboxes=0
LMalloc of 20 not 8-byte aligned, rounding up
DMalloc of 70 not 8-byte aligned, rounding up
DMalloc of 404 not 8-byte aligned, rounding up
DMalloc of 452 not 8-byte aligned, rounding up
DMalloc of 460 not 8-byte aligned, rounding up
DMalloc of 404 not 8-byte aligned, rounding up
Walking from 0
0->0
0->0
LMalloc of 20 not 8-byte aligned, rounding up
LMalloc of 20 not 8-byte aligned, rounding up
ASS closed without all data read (bytesLeft = 4118)
ASS closed without all data read (bytesLeft = 150)
ASS closed without all data read (bytesLeft = 16)
ASS closed without all data read (bytesLeft = 16)
ASS closed without all data read (bytesLeft = 9708)
ASS closed without all data read (bytesLeft = 4972)
ASS closed without all data read (bytesLeft = 588)
ASS closed without all data read (bytesLeft = 4692)
ASS closed without all data read (bytesLeft = 588)
ASS closed without all data read (bytesLeft = 588)
ASS closed without all data read (bytesLeft = 588)
ASS closed without all data read (bytesLeft = 588)
ASS closed without all data read (bytesLeft = 1260)
ASS closed without all data read (bytesLeft = 588)
ASS closed without all data read (bytesLeft = 10860)
ASS closed without all data read (bytesLeft = 588)
ASS closed without all data read (bytesLeft = 588)
PixelMap::Load: this = 0x7449d0f27c00
PixelMap::Load: this = 0x7449d0f27c40
LMalloc of 28 not 8-byte aligned, rounding up
LMalloc of 28 not 8-byte aligned, rounding up
LMalloc of 28 not 8-byte aligned, rounding up
LMalloc of 28 not 8-byte aligned, rounding up
LMalloc of 7836 not 8-byte aligned, rounding up
RenderActor3DAnimates constructed with no animations!
LMalloc of 7836 not 8-byte aligned, rounding up
RenderActor3DAnimates constructed with no animations!
LMalloc of 4516 not 8-byte aligned, rounding up
RenderActor3DAnimates constructed with no animations!
LMalloc of 7836 not 8-byte aligned, rounding up
RenderActor3DAnimates constructed with no animations!
LMalloc of 4516 not 8-byte aligned, rounding up
RenderActor3DAnimates constructed with no animations!
LMalloc of 7836 not 8-byte aligned, rounding up
RenderActor3DAnimates constructed with no animations!
LMalloc of 4516 not 8-byte aligned, rounding up
RenderActor3DAnimates constructed with no animations!
LMalloc of 7836 not 8-byte aligned, rounding up
RenderActor3DAnimates constructed with no animations!
LMalloc of 4516 not 8-byte aligned, rounding up
RenderActor3DAnimates constructed with no animations!
LMalloc of 7836 not 8-byte aligned, rounding up
RenderActor3DAnimates constructed with no animations!
LMalloc of 4516 not 8-byte aligned, rounding up
RenderActor3DAnimates constructed with no animations!
LMalloc of 7836 not 8-byte aligned, rounding up
RenderActor3DAnimates constructed with no animations!
LMalloc of 4516 not 8-byte aligned, rounding up
RenderActor3DAnimates constructed with no animations!
LMalloc of 276 not 8-byte aligned, rounding up
RenderActor3DAnimates constructed with no animations!
MATL closed without all data read (bytesLeft = 264)
jolt: mesh actor_pos=(0.000,0.000,0.000)
jolt: mesh v0 local=(-6.096,-1.651,0.000) world=(-6.096,-1.651,0.000)
jolt: mesh v1 local=(-6.096,-1.651,0.127) world=(-6.096,-1.651,0.127)
jolt: mesh v2 local=(-6.096,1.651,0.000) world=(-6.096,1.651,0.000)
jolt: mesh v3 local=(-6.096,1.651,0.127) world=(-6.096,1.651,0.127)
jolt: mesh v4 local=(6.096,-1.651,0.000) world=(6.096,-1.651,0.000)
jolt: mesh v5 local=(6.096,-1.651,0.127) world=(6.096,-1.651,0.127)
jolt: mesh v6 local=(6.096,1.651,0.000) world=(6.096,1.651,0.000)
jolt: mesh v7 local=(6.096,1.651,0.127) world=(6.096,1.651,0.127)
jolt: body MESH_STATIC verts=8 faces=12 id=16777216
LMalloc of 2436 not 8-byte aligned, rounding up
RenderActor3DAnimates constructed with no animations!
MATL closed without all data read (bytesLeft = 2640)
jolt: mesh actor_pos=(0.000,0.000,0.000)
jolt: mesh v0 local=(-5.969,1.524,0.635) world=(-5.969,1.524,0.635)
jolt: mesh v1 local=(-5.969,1.524,1.054) world=(-5.969,1.524,1.054)
jolt: mesh v2 local=(-5.969,1.524,1.473) world=(-5.969,1.524,1.473)
jolt: mesh v3 local=(-5.969,1.524,1.892) world=(-5.969,1.524,1.892)
jolt: mesh v4 local=(-5.969,1.524,2.311) world=(-5.969,1.524,2.311)
jolt: mesh v5 local=(-5.969,1.524,2.730) world=(-5.969,1.524,2.730)
jolt: mesh v6 local=(-5.969,1.524,3.150) world=(-5.969,1.524,3.150)
jolt: mesh v7 local=(-5.969,1.524,3.569) world=(-5.969,1.524,3.569)
jolt: mesh v8 local=(-5.969,1.524,3.988) world=(-5.969,1.524,3.988)
jolt: mesh v9 local=(-5.969,1.524,4.407) world=(-5.969,1.524,4.407)
jolt: mesh v10 local=(-5.969,1.524,4.826) world=(-5.969,1.524,4.826)
jolt: mesh v11 local=(-5.969,1.651,0.635) world=(-5.969,1.651,0.635)
jolt: mesh v12 local=(-5.969,1.651,1.054) world=(-5.969,1.651,1.054)
jolt: mesh v13 local=(-5.969,1.651,1.473) world=(-5.969,1.651,1.473)
jolt: mesh v14 local=(-5.969,1.651,1.892) world=(-5.969,1.651,1.892)
jolt: mesh v15 local=(-5.969,1.651,2.311) world=(-5.969,1.651,2.311)
jolt: mesh v16 local=(-5.969,1.651,2.730) world=(-5.969,1.651,2.730)
jolt: mesh v17 local=(-5.969,1.651,3.150) world=(-5.969,1.651,3.150)
jolt: mesh v18 local=(-5.969,1.651,3.569) world=(-5.969,1.651,3.569)
jolt: mesh v19 local=(-5.969,1.651,3.988) world=(-5.969,1.651,3.988)
jolt: mesh v20 local=(-5.969,1.651,4.407) world=(-5.969,1.651,4.407)
jolt: mesh v21 local=(-5.969,1.651,4.826) world=(-5.969,1.651,4.826)
jolt: mesh v22 local=(5.969,1.524,0.635) world=(5.969,1.524,0.635)
jolt: mesh v23 local=(5.969,1.524,1.054) world=(5.969,1.524,1.054)
jolt: mesh v24 local=(5.969,1.524,1.473) world=(5.969,1.524,1.473)
jolt: mesh v25 local=(5.969,1.524,1.892) world=(5.969,1.524,1.892)
jolt: mesh v26 local=(5.969,1.524,2.311) world=(5.969,1.524,2.311)
jolt: mesh v27 local=(5.969,1.524,2.730) world=(5.969,1.524,2.730)
jolt: mesh v28 local=(5.969,1.524,3.150) world=(5.969,1.524,3.150)
jolt: mesh v29 local=(5.969,1.524,3.569) world=(5.969,1.524,3.569)
jolt: mesh v30 local=(5.969,1.524,3.988) world=(5.969,1.524,3.988)
jolt: mesh v31 local=(5.969,1.524,4.407) world=(5.969,1.524,4.407)
jolt: mesh v32 local=(5.969,1.524,4.826) world=(5.969,1.524,4.826)
jolt: mesh v33 local=(5.969,1.651,0.635) world=(5.969,1.651,0.635)
jolt: mesh v34 local=(5.969,1.651,1.054) world=(5.969,1.651,1.054)
jolt: mesh v35 local=(5.969,1.651,1.473) world=(5.969,1.651,1.473)
jolt: mesh v36 local=(5.969,1.651,1.892) world=(5.969,1.651,1.892)
jolt: mesh v37 local=(5.969,1.651,2.311) world=(5.969,1.651,2.311)
jolt: mesh v38 local=(5.969,1.651,2.730) world=(5.969,1.651,2.730)
jolt: mesh v39 local=(5.969,1.651,3.150) world=(5.969,1.651,3.150)
jolt: mesh v40 local=(5.969,1.651,3.569) world=(5.969,1.651,3.569)
jolt: mesh v41 local=(5.969,1.651,3.988) world=(5.969,1.651,3.988)
jolt: mesh v42 local=(5.969,1.651,4.407) world=(5.969,1.651,4.407)
jolt: mesh v43 local=(5.969,1.651,4.826) world=(5.969,1.651,4.826)
jolt: body MESH_STATIC verts=44 faces=120 id=16777217
LMalloc of 276 not 8-byte aligned, rounding up
RenderActor3DAnimates constructed with no animations!
MATL closed without all data read (bytesLeft = 264)
jolt: mesh actor_pos=(0.000,0.000,0.000)
jolt: mesh v0 local=(-6.096,1.524,4.826) world=(-6.096,1.524,4.826)
jolt: mesh v1 local=(-6.096,1.524,5.334) world=(-6.096,1.524,5.334)
jolt: mesh v2 local=(-6.096,1.651,4.826) world=(-6.096,1.651,4.826)
jolt: mesh v3 local=(-6.096,1.651,5.334) world=(-6.096,1.651,5.334)
jolt: mesh v4 local=(6.096,1.524,4.826) world=(6.096,1.524,4.826)
jolt: mesh v5 local=(6.096,1.524,5.334) world=(6.096,1.524,5.334)
jolt: mesh v6 local=(6.096,1.651,4.826) world=(6.096,1.651,4.826)
jolt: mesh v7 local=(6.096,1.651,5.334) world=(6.096,1.651,5.334)
jolt: body MESH_STATIC verts=8 faces=12 id=16777218
LMalloc of 276 not 8-byte aligned, rounding up
RenderActor3DAnimates constructed with no animations!
MATL closed without all data read (bytesLeft = 264)
jolt: mesh actor_pos=(0.000,0.000,0.000)
jolt: mesh v0 local=(-6.096,-1.651,0.000) world=(-6.096,-1.651,0.000)
jolt: mesh v1 local=(-6.096,-1.651,5.334) world=(-6.096,-1.651,5.334)
jolt: mesh v2 local=(-6.096,1.651,0.000) world=(-6.096,1.651,0.000)
jolt: mesh v3 local=(-6.096,1.651,5.334) world=(-6.096,1.651,5.334)
jolt: mesh v4 local=(-5.969,-1.651,0.000) world=(-5.969,-1.651,0.000)
jolt: mesh v5 local=(-5.969,-1.651,5.334) world=(-5.969,-1.651,5.334)
jolt: mesh v6 local=(-5.969,1.651,0.000) world=(-5.969,1.651,0.000)
jolt: mesh v7 local=(-5.969,1.651,5.334) world=(-5.969,1.651,5.334)
jolt: body MESH_STATIC verts=8 faces=12 id=16777219
LMalloc of 276 not 8-byte aligned, rounding up
RenderActor3DAnimates constructed with no animations!
MATL closed without all data read (bytesLeft = 264)
jolt: mesh actor_pos=(0.000,0.000,0.000)
jolt: mesh v0 local=(5.969,-1.651,0.000) world=(5.969,-1.651,0.000)
jolt: mesh v1 local=(5.969,-1.651,5.334) world=(5.969,-1.651,5.334)
jolt: mesh v2 local=(5.969,1.651,0.000) world=(5.969,1.651,0.000)
jolt: mesh v3 local=(5.969,1.651,5.334) world=(5.969,1.651,5.334)
jolt: mesh v4 local=(6.096,-1.651,0.000) world=(6.096,-1.651,0.000)
jolt: mesh v5 local=(6.096,-1.651,5.334) world=(6.096,-1.651,5.334)
jolt: mesh v6 local=(6.096,1.651,0.000) world=(6.096,1.651,0.000)
jolt: mesh v7 local=(6.096,1.651,5.334) world=(6.096,1.651,5.334)
jolt: body MESH_STATIC verts=8 faces=12 id=16777220
LMalloc of 276 not 8-byte aligned, rounding up
RenderActor3DAnimates constructed with no animations!
MATL closed without all data read (bytesLeft = 264)
jolt: mesh actor_pos=(0.000,0.000,0.000)
jolt: mesh v0 local=(-6.096,-1.778,0.000) world=(-6.096,-1.778,0.000)
jolt: mesh v1 local=(-6.096,-1.778,5.334) world=(-6.096,-1.778,5.334)
jolt: mesh v2 local=(-6.096,-1.651,0.000) world=(-6.096,-1.651,0.000)
jolt: mesh v3 local=(-6.096,-1.651,5.334) world=(-6.096,-1.651,5.334)
jolt: mesh v4 local=(6.096,-1.778,0.000) world=(6.096,-1.778,0.000)
jolt: mesh v5 local=(6.096,-1.778,5.334) world=(6.096,-1.778,5.334)
jolt: mesh v6 local=(6.096,-1.651,0.000) world=(6.096,-1.651,0.000)
jolt: mesh v7 local=(6.096,-1.651,5.334) world=(6.096,-1.651,5.334)
jolt: body MESH_STATIC verts=8 faces=12 id=16777221
LMalloc of 996 not 8-byte aligned, rounding up
RenderActor3DAnimates constructed with no animations!
LMalloc of 276 not 8-byte aligned, rounding up
RenderActor3DAnimates constructed with no animations!
MATL closed without all data read (bytesLeft = 264)
jolt: mesh actor_pos=(0.000,0.000,0.000)
jolt: mesh v0 local=(-5.969,-1.524,0.127) world=(-5.969,-1.524,0.127)
jolt: mesh v1 local=(-5.969,-1.524,0.635) world=(-5.969,-1.524,0.635)
jolt: mesh v2 local=(-5.969,1.524,0.127) world=(-5.969,1.524,0.127)
jolt: mesh v3 local=(-5.969,1.524,0.635) world=(-5.969,1.524,0.635)
jolt: mesh v4 local=(5.969,-1.524,0.127) world=(5.969,-1.524,0.127)
jolt: mesh v5 local=(5.969,-1.524,0.635) world=(5.969,-1.524,0.635)
jolt: mesh v6 local=(5.969,1.524,0.127) world=(5.969,1.524,0.127)
jolt: mesh v7 local=(5.969,1.524,0.635) world=(5.969,1.524,0.635)
jolt: body MESH_STATIC verts=8 faces=12 id=16777222
LMalloc of 9636 not 8-byte aligned, rounding up
RenderActor3DAnimates constructed with no animations!
LMalloc of 276 not 8-byte aligned, rounding up
RenderActor3DAnimates constructed with no animations!
MATL closed without all data read (bytesLeft = 264)
jolt: mesh actor_pos=(0.000,0.000,0.000)
jolt: mesh v0 local=(-6.246,-1.801,-2.500) world=(-6.246,-1.801,-2.500)
jolt: mesh v1 local=(-6.246,-1.801,-0.025) world=(-6.246,-1.801,-0.025)
jolt: mesh v2 local=(-6.246,1.801,-2.500) world=(-6.246,1.801,-2.500)
jolt: mesh v3 local=(-6.246,1.801,-0.025) world=(-6.246,1.801,-0.025)
jolt: mesh v4 local=(6.246,-1.801,-2.500) world=(6.246,-1.801,-2.500)
jolt: mesh v5 local=(6.246,-1.801,-0.025) world=(6.246,-1.801,-0.025)
jolt: mesh v6 local=(6.246,1.801,-2.500) world=(6.246,1.801,-2.500)
jolt: mesh v7 local=(6.246,1.801,-0.025) world=(6.246,1.801,-0.025)
jolt: body MESH_STATIC verts=8 faces=12 id=16777223
LMalloc of 276 not 8-byte aligned, rounding up
RenderActor3DAnimates constructed with no animations!
MATL closed without all data read (bytesLeft = 264)
jolt: mesh actor_pos=(0.000,0.000,0.000)
jolt: mesh v0 local=(-30.000,3.000,-5.000) world=(-30.000,3.000,-5.000)
jolt: mesh v1 local=(-30.000,3.000,20.000) world=(-30.000,3.000,20.000)
jolt: mesh v2 local=(-30.000,3.100,-5.000) world=(-30.000,3.100,-5.000)
jolt: mesh v3 local=(-30.000,3.100,20.000) world=(-30.000,3.100,20.000)
jolt: mesh v4 local=(30.000,3.000,-5.000) world=(30.000,3.000,-5.000)
jolt: mesh v5 local=(30.000,3.000,20.000) world=(30.000,3.000,20.000)
jolt: mesh v6 local=(30.000,3.100,-5.000) world=(30.000,3.100,-5.000)
jolt: mesh v7 local=(30.000,3.100,20.000) world=(30.000,3.100,20.000)
jolt: body MESH_STATIC verts=8 faces=12 id=16777224
zforth: INDEXOF_CAMSHOT = 1921 (expect 1921)
zforth: INDEXOF_CAMSHOT = 1921 (expect 1921)
jolt: OptimizeBroadPhase done (9 static bodies)
audio: MusicPlayer — soundfont not found: florestan-subset.sf2
audio: sfx[0] not found: wflevels/qbert_practice/sfx/qbert_hop.wav
audio: sfx[1] not found: wflevels/qbert_practice/sfx/qbert_land.wav
audio: sfx[2] not found: wflevels/qbert_practice/sfx/qbert_fall.wav
audio: sfx[3] not found: wflevels/qbert_practice/sfx/qbert_swear.wav
audio: sfx[4] not found: wflevels/qbert_practice/sfx/qbert_round_clear.wav
audio: sfx[5] not found: wflevels/qbert_practice/sfx/qbert_kill.wav
audio: sfx[6] not found: wflevels/qbert_practice/sfx/qbert_disc.wav
rest_api: listening on http://127.0.0.1:8765
[debug] listening on :17921
[debug] client connected fd=18 from 127.0.0.1
delta too large: 0.4201965332
timeofday:1790994669:480203
lasttimeofday: 1790994669:59992
deltatime:0:420211
delta: 0.4201965332
delta too large: 0.4207611084
timeofday:1790994669:964453
lasttimeofday: 1790994669:543688
deltatime:0:420765
delta: 0.4207611084
delta too large: 0.4253082275
timeofday:1790994670:469286
lasttimeofday: 1790994670:43969
deltatime:0:425317
delta: 0.4253082275
delta too large: 0.4364471436
timeofday:1790994670:989005
lasttimeofday: 1790994670:552548
deltatime:0:436457
delta: 0.4364471436
delta too large: 0.443939209
timeofday:1790994671:514558
lasttimeofday: 1790994671:70613
deltatime:0:443945
delta: 0.443939209
delta too large: 0.4167938232
timeofday:1790994672:19642
lasttimeofday: 1790994671:602846
deltatime:0:416796
delta: 0.4167938232
delta too large: 0.4359283447
timeofday:1790994672:528507
lasttimeofday: 1790994672:92574
deltatime:0:435933
delta: 0.4359283447
delta too large: 0.41355896
timeofday:1790994673:21098
lasttimeofday: 1790994672:607532
deltatime:0:413566
delta: 0.41355896
delta too large: 0.4317932129
timeofday:1790994673:553767
lasttimeofday: 1790994673:121966
deltatime:0:431801
delta: 0.4317932129
delta too large: 0.4168243408
timeofday:1790994674:49259
lasttimeofday: 1790994673:632431
deltatime:0:416828
delta: 0.4168243408
delta too large: 0.4221496582
timeofday:1790994674:471412
lasttimeofday: 1790994674:49259
deltatime:0:422153
delta: 0.4221496582
delta too large: 0.4290466309
timeofday:1790994674:993560
lasttimeofday: 1790994674:564506
deltatime:0:429054
delta: 0.4290466309
delta too large: 0.4243927002
timeofday:1790994675:497321
lasttimeofday: 1790994675:72927
deltatime:0:424394
delta: 0.4243927002
ball pos: (-0.014, -0.334, 3.003)
delta too large: 0.4391021729
timeofday:1790994676:12604
lasttimeofday: 1790994675:573492
deltatime:0:439112
delta: 0.4391021729
delta too large: 0.4427337646
timeofday:1790994676:536033
lasttimeofday: 1790994676:93286
deltatime:0:442747
delta: 0.4427337646
delta too large: 0.4213562012
timeofday:1790994677:41731
lasttimeofday: 1790994676:620374
deltatime:0:421357
delta: 0.4213562012
delta too large: 0.4196929932
timeofday:1790994677:524449
lasttimeofday: 1790994677:104747
deltatime:0:419702
delta: 0.4196929932
delta too large: 0.4424438477
timeofday:1790994678:43551
lasttimeofday: 1790994677:601099
deltatime:0:442452
delta: 0.4424438477
delta too large: 0.4482421875
timeofday:1790994678:585797
lasttimeofday: 1790994678:137552
deltatime:0:448245
delta: 0.4482421875
delta too large: 0.5062408447
timeofday:1790994679:166610
lasttimeofday: 1790994678:660363
deltatime:0:506247
delta: 0.5062408447
delta too large: 0.4703979492
timeofday:1790994679:715549
lasttimeofday: 1790994679:245145
deltatime:0:470404
delta: 0.4703979492
delta too large: 0.4148406982
timeofday:1790994680:223734
lasttimeofday: 1790994679:808893
deltatime:0:414841
delta: 0.4148406982
delta too large: 0.4204101562
timeofday:1790994680:721279
lasttimeofday: 1790994680:300858
deltatime:0:420421
delta: 0.4204101562
delta too large: 0.4175109863
timeofday:1790994681:216444
lasttimeofday: 1790994680:798918
deltatime:0:417526
delta: 0.4175109863
delta too large: 0.4164123535
timeofday:1790994681:695290
lasttimeofday: 1790994681:278870
deltatime:0:416420
delta: 0.4164123535
delta too large: 0.5296020508
timeofday:1790994682:315026
lasttimeofday: 1790994681:785411
deltatime:0:529615
delta: 0.5296020508
delta too large: 0.4618988037
timeofday:1790994682:858493
lasttimeofday: 1790994682:396585
deltatime:0:461908
delta: 0.4618988037
delta too large: 0.4231872559
timeofday:1790994683:359377
lasttimeofday: 1790994682:936186
deltatime:0:423191
delta: 0.4231872559
ball pos: (-0.039, -0.323, 2.962)
delta too large: 0.4183349609
timeofday:1790994683:855989
lasttimeofday: 1790994683:437654
deltatime:0:418335
delta: 0.4183349609
delta too large: 0.4242095947
timeofday:1790994684:373303
lasttimeofday: 1790994683:949085
deltatime:0:424218
delta: 0.4242095947
delta too large: 0.4279785156
timeofday:1790994684:852363
lasttimeofday: 1790994684:424381
deltatime:0:427982
delta: 0.4279785156
delta too large: 0.4247894287
timeofday:1790994685:277162
lasttimeofday: 1790994684:852363
deltatime:0:424799
delta: 0.4247894287
delta too large: 0.4385375977
timeofday:1790994685:841794
lasttimeofday: 1790994685:403252
deltatime:0:438542
delta: 0.4385375977
delta too large: 0.4356231689
timeofday:1790994686:371588
lasttimeofday: 1790994685:935957
deltatime:0:435631
delta: 0.4356231689
delta too large: 0.4646911621
timeofday:1790994686:899972
lasttimeofday: 1790994686:435267
deltatime:0:464705
delta: 0.4646911621
delta too large: 0.4294281006
timeofday:1790994687:409774
lasttimeofday: 1790994686:980337
deltatime:0:429437
delta: 0.4294281006
delta too large: 0.4167175293
timeofday:1790994687:917152
lasttimeofday: 1790994687:500420
deltatime:0:416732
delta: 0.4167175293
delta too large: 0.4228363037
timeofday:1790994688:407882
lasttimeofday: 1790994687:985045
deltatime:0:422837
delta: 0.4228363037
delta too large: 0.4233398438
timeofday:1790994688:911836
lasttimeofday: 1790994688:488487
deltatime:0:423349
delta: 0.4233398438
delta too large: 0.4402313232
timeofday:1790994689:432153
lasttimeofday: 1790994688:991911
deltatime:0:440242
delta: 0.4402313232
delta too large: 0.5712585449
timeofday:1790994690:102558
lasttimeofday: 1790994689:531299
deltatime:0:571259
delta: 0.5712585449
delta too large: 0.5448608398
timeofday:1790994690:733821
lasttimeofday: 1790994690:188960
deltatime:0:544861
delta: 0.5448608398
delta too large: 0.4544219971
timeofday:1790994691:269960
lasttimeofday: 1790994690:815531
deltatime:0:454429
delta: 0.4544219971
delta too large: 0.4255218506
timeofday:1790994691:775164
lasttimeofday: 1790994691:349634
deltatime:0:425530
delta: 0.4255218506
ball pos: (-0.105, -0.311, 2.832)
delta too large: 0.4459381104
timeofday:1790994692:310609
lasttimeofday: 1790994691:864666
deltatime:0:445943
delta: 0.4459381104
delta too large: 0.4452209473
timeofday:1790994692:847573
lasttimeofday: 1790994692:402352
deltatime:0:445221
delta: 0.4452209473
delta too large: 0.4489593506
timeofday:1790994693:368850
lasttimeofday: 1790994692:919885
deltatime:0:448965
delta: 0.4489593506
delta too large: 0.4468383789
timeofday:1790994693:893397
lasttimeofday: 1790994693:446545
deltatime:0:446852
delta: 0.4468383789
delta too large: 0.4460906982
timeofday:1790994694:423288
lasttimeofday: 1790994693:977194
deltatime:0:446094
delta: 0.4460906982
delta too large: 0.4569702148
timeofday:1790994694:964445
lasttimeofday: 1790994694:507467
deltatime:0:456978
delta: 0.4569702148
delta too large: 0.4492034912
timeofday:1790994695:497967
lasttimeofday: 1790994695:48761
deltatime:0:449206
delta: 0.4492034912
delta too large: 0.4135437012
timeofday:1790994695:995087
lasttimeofday: 1790994695:581539
deltatime:0:413548
delta: 0.4135437012
delta too large: 0.415802002
timeofday:1790994696:410891
lasttimeofday: 1790994695:995087
deltatime:0:415804
delta: 0.415802002
delta too large: 0.4140930176
timeofday:1790994696:918713
lasttimeofday: 1790994696:504606
deltatime:0:414107
delta: 0.4140930176
delta too large: 0.4326934814
timeofday:1790994697:427324
lasttimeofday: 1790994696:994625
deltatime:0:432699
delta: 0.4326934814
delta too large: 0.4272460938
timeofday:1790994697:936141
lasttimeofday: 1790994697:508881
deltatime:0:427260
delta: 0.4272460938
delta too large: 0.4172058105
timeofday:1790994698:432299
lasttimeofday: 1790994698:15089
deltatime:0:417210
delta: 0.4172058105
delta too large: 0.4429473877
timeofday:1790994698:959328
lasttimeofday: 1790994698:516369
deltatime:0:442959
delta: 0.4429473877
delta too large: 0.4365081787
timeofday:1790994699:486274
lasttimeofday: 1790994699:49758
deltatime:0:436516
delta: 0.4365081787
delta too large: 0.4441986084
timeofday:1790994699:979412
lasttimeofday: 1790994699:535202
deltatime:0:444210
delta: 0.4441986084
ball pos: (-0.372, -0.299, 3.064)
delta too large: 0.4525909424
timeofday:1790994700:516935
lasttimeofday: 1790994700:64329
deltatime:0:452606
delta: 0.4525909424
delta too large: 0.524230957
timeofday:1790994701:127213
lasttimeofday: 1790994700:602973
deltatime:0:524240
delta: 0.524230957
delta too large: 0.4373321533
timeofday:1790994701:647996
lasttimeofday: 1790994701:210655
deltatime:0:437341
delta: 0.4373321533
delta too large: 0.4211273193
timeofday:1790994702:145491
lasttimeofday: 1790994701:724350
deltatime:0:421141
delta: 0.4211273193
delta too large: 0.4322357178
timeofday:1790994702:657274
lasttimeofday: 1790994702:225032
deltatime:0:432242
delta: 0.4322357178
delta too large: 0.4434204102
timeofday:1790994703:178112
lasttimeofday: 1790994702:734684
deltatime:0:443428
delta: 0.4434204102
delta too large: 0.433807373
timeofday:1790994703:708171
lasttimeofday: 1790994703:274353
deltatime:0:433818
delta: 0.433807373
delta too large: 0.4529418945
timeofday:1790994704:237539
lasttimeofday: 1790994703:784594
deltatime:0:452945
delta: 0.4529418945
delta too large: 0.4339752197
timeofday:1790994704:750537
lasttimeofday: 1790994704:316551
deltatime:0:433986
delta: 0.4339752197
delta too large: 0.4319610596
timeofday:1790994705:258742
lasttimeofday: 1790994704:826773
deltatime:0:431969
delta: 0.4319610596
delta too large: 0.4210357666
timeofday:1790994705:759462
lasttimeofday: 1790994705:338411
deltatime:0:421051
delta: 0.4210357666
delta too large: 0.4312591553
timeofday:1790994706:269187
lasttimeofday: 1790994705:837913
deltatime:0:431274
delta: 0.4312591553
delta too large: 0.4219512939
timeofday:1790994706:768063
lasttimeofday: 1790994706:346097
deltatime:0:421966
delta: 0.4219512939
delta too large: 0.4209899902
timeofday:1790994707:189061
lasttimeofday: 1790994706:768063
deltatime:0:420998
delta: 0.4209899902
delta too large: 0.4200286865
timeofday:1790994707:698953
lasttimeofday: 1790994707:278921
deltatime:0:420032
delta: 0.4200286865
delta too large: 0.4261169434
timeofday:1790994708:202313
lasttimeofday: 1790994707:776193
deltatime:0:426120
delta: 0.4261169434
ball pos: (-0.451, -0.287, 2.917)
delta too large: 0.4608612061
timeofday:1790994708:744805
lasttimeofday: 1790994708:283940
deltatime:0:460865
delta: 0.4608612061
delta too large: 0.4476928711
timeofday:1790994709:277266
lasttimeofday: 1790994708:829559
deltatime:0:447707
delta: 0.4476928711
delta too large: 0.4334259033
timeofday:1790994709:788803
lasttimeofday: 1790994709:355374
deltatime:0:433429
delta: 0.4334259033
delta too large: 0.4234313965
timeofday:1790994710:289993
lasttimeofday: 1790994709:866558
deltatime:0:423435
delta: 0.4234313965
delta too large: 0.4366149902
timeofday:1790994710:774871
lasttimeofday: 1790994710:338253
deltatime:0:436618
delta: 0.4366149902
delta too large: 0.4210205078
timeofday:1790994711:275021
lasttimeofday: 1790994710:853999
deltatime:0:421022
delta: 0.4210205078
delta too large: 0.4454040527
timeofday:1790994711:799144
lasttimeofday: 1790994711:353731
deltatime:0:445413
delta: 0.4454040527
delta too large: 0.4500274658
timeofday:1790994712:337603
lasttimeofday: 1790994711:887572
deltatime:0:450031
delta: 0.4500274658
delta too large: 0.4393005371
timeofday:1790994712:847592
lasttimeofday: 1790994712:408284
deltatime:0:439308
delta: 0.4393005371
delta too large: 0.4418182373
timeofday:1790994713:333706
lasttimeofday: 1790994712:891877
deltatime:0:441829
delta: 0.4418182373
delta too large: 0.4219360352
timeofday:1790994713:849488
lasttimeofday: 1790994713:427543
deltatime:0:421945
delta: 0.4219360352
delta too large: 0.4174499512
timeofday:1790994714:344278
lasttimeofday: 1790994713:926819
deltatime:0:417459
delta: 0.4174499512
delta too large: 0.4350128174
timeofday:1790994714:856340
lasttimeofday: 1790994714:421324
deltatime:0:435016
delta: 0.4350128174
delta too large: 0.4287414551
timeofday:1790994715:376808
lasttimeofday: 1790994714:948058
deltatime:0:428750
delta: 0.4287414551
delta too large: 0.4337615967
timeofday:1790994715:899755
lasttimeofday: 1790994715:465981
deltatime:0:433774
delta: 0.4337615967
ball pos: (-0.489, -0.275, 3.191)
delta too large: 0.4384613037
timeofday:1790994716:424765
lasttimeofday: 1790994715:986296
deltatime:0:438469
delta: 0.4384613037
delta too large: 0.4502868652
timeofday:1790994716:956859
lasttimeofday: 1790994716:506572
deltatime:0:450287
delta: 0.4502868652
delta too large: 0.434967041
timeofday:1790994717:470173
lasttimeofday: 1790994717:35195
deltatime:0:434978
delta: 0.434967041
delta too large: 0.44190979
timeofday:1790994717:912084
lasttimeofday: 1790994717:470173
deltatime:0:441911
delta: 0.44190979
delta too large: 0.4384460449
timeofday:1790994718:444789
lasttimeofday: 1790994718:6342
deltatime:0:438447
delta: 0.4384460449
delta too large: 0.4205627441
timeofday:1790994718:941207
lasttimeofday: 1790994718:520631
deltatime:0:420576
delta: 0.4205627441
delta too large: 0.4267578125
timeofday:1790994719:446372
lasttimeofday: 1790994719:19610
deltatime:0:426762
delta: 0.4267578125
delta too large: 0.4297332764
timeofday:1790994719:957498
lasttimeofday: 1790994719:527753
deltatime:0:429745
delta: 0.4297332764
delta too large: 0.4176483154
timeofday:1790994720:456660
lasttimeofday: 1790994720:39007
deltatime:0:417653
delta: 0.4176483154
delta too large: 0.4259796143
timeofday:1790994720:961798
lasttimeofday: 1790994720:535815
deltatime:0:425983
delta: 0.4259796143
delta too large: 0.450088501
timeofday:1790994721:496253
lasttimeofday: 1790994721:46152
deltatime:0:450101
delta: 0.450088501
delta too large: 0.4276275635
timeofday:1790994722:3208
lasttimeofday: 1790994721:575573
deltatime:0:427635
delta: 0.4276275635
delta too large: 0.4318084717
timeofday:1790994722:515197
lasttimeofday: 1790994722:83382
deltatime:0:431815
delta: 0.4318084717
delta too large: 0.4610748291
timeofday:1790994723:57176
lasttimeofday: 1790994722:596095
deltatime:0:461081
delta: 0.4610748291
delta too large: 0.439956665
timeofday:1790994723:497143
lasttimeofday: 1790994723:57176
deltatime:0:439967
delta: 0.439956665
delta too large: 0.4327087402
timeofday:1790994724:38920
lasttimeofday: 1790994723:606199
deltatime:0:432721
delta: 0.4327087402
delta too large: 0.4900512695
timeofday:1790994724:613974
lasttimeofday: 1790994724:123909
deltatime:0:490065
delta: 0.4900512695
ball pos: (-0.519, -0.263, 3.152)
delta too large: 0.430847168
timeofday:1790994725:127185
lasttimeofday: 1790994724:696337
deltatime:0:430848
delta: 0.430847168
delta too large: 0.4298858643
timeofday:1790994725:635759
lasttimeofday: 1790994725:205867
deltatime:0:429892
delta: 0.4298858643
delta too large: 0.4396057129
timeofday:1790994726:157599
lasttimeofday: 1790994725:717983
deltatime:0:439616
delta: 0.4396057129
delta too large: 0.4297332764
timeofday:1790994726:635352
lasttimeofday: 1790994726:205610
deltatime:0:429742
delta: 0.4297332764
delta too large: 0.4443206787
timeofday:1790994727:154868
lasttimeofday: 1790994726:710541
deltatime:0:444327
delta: 0.4443206787
delta too large: 0.4349060059
timeofday:1790994727:678001
lasttimeofday: 1790994727:243081
deltatime:0:434920
delta: 0.4349060059
delta too large: 0.4297637939
timeofday:1790994728:194025
lasttimeofday: 1790994727:764253
deltatime:0:429772
delta: 0.4297637939
delta too large: 0.4252471924
timeofday:1790994728:702231
lasttimeofday: 1790994728:276974
deltatime:0:425257
delta: 0.4252471924
delta too large: 0.481048584
timeofday:1790994729:262445
lasttimeofday: 1790994728:781383
deltatime:0:481062
delta: 0.481048584
delta too large: 0.4649963379
timeofday:1790994729:824676
lasttimeofday: 1790994729:359675
deltatime:0:465001
delta: 0.4649963379
delta too large: 0.447555542
timeofday:1790994730:318067
lasttimeofday: 1790994729:870499
deltatime:0:447568
delta: 0.447555542
delta too large: 0.5228118896
timeofday:1790994730:939920
lasttimeofday: 1790994730:417096
deltatime:0:522824
delta: 0.5228118896
delta too large: 0.4752807617
timeofday:1790994731:500141
lasttimeofday: 1790994731:24859
deltatime:0:475282
delta: 0.4752807617
delta too large: 0.5957794189
timeofday:1790994732:183982
lasttimeofday: 1790994731:588191
deltatime:0:595791
delta: 0.5957794189
delta too large: 0.485168457
timeofday:1790994732:756867
lasttimeofday: 1790994732:271686
deltatime:0:485181
delta: 0.485168457
ball pos: (-0.548, -0.252, 2.997)
delta too large: 0.5970153809
timeofday:1790994733:457964
lasttimeofday: 1790994732:860937
deltatime:0:597027
delta: 0.5970153809
delta too large: 0.4714813232
timeofday:1790994734:26206
lasttimeofday: 1790994733:554724
deltatime:0:471482
delta: 0.4714813232
delta too large: 0.501449585
timeofday:1790994734:596883
lasttimeofday: 1790994734:95423
deltatime:0:501460
delta: 0.501449585
delta too large: 0.5283508301
timeofday:1790994735:125249
lasttimeofday: 1790994734:596883
deltatime:0:528366
delta: 0.5283508301
[debug] client disconnected fd=18
