 (log → /storage/emulated/0/Android/data/org.worldfoundry.wf_game.aquarium/files/wf.log) ===
[130479.384851] (f_game.aquarium) Successfully parsed 1 environment variable(s) from /vendor/etc/mali_platform.config.
Could not open module param file '/sys/module/mali_kbase/parameters/large_page_conf'
[130479.394494] (f_game.aquarium) Successfully parsed 1 environment variable(s) from /vendor/etc/mali_platform.config.
audio: miniaudio v0.11.25 ready
wf_game v0.4.1, Built:Oct  1 2026,02:27:16 by kts
--frame-profile
argc = 2, commandIndex = 2
Level=-1
cerror:
cwarn:
cstats:
wf_game Ver 0.4.1, Built:Oct  1 2026,02:27:16 by kts
DBSTREAMS jolt: RegisterDefaultAllocator
jolt: Factory
jolt: RegisterTypes
jolt: RunSelftest
jolt: selftest ok (sphere fell to z=5.098)
jolt: backend init
jolt: backend ready (gravity -Z)
jolt: init complete
LMalloc of 76 not 8-byte aligned, rounding up
Opening cd.iff
LMalloc of 447 not 8-byte aligned, rounding up
zforth: INDEXOF_CAMSHOT = 1921 (expect 1921)
zforth: INDEXOF_CAMSHOT = 1921 (expect 1921)
LMalloc of 20 not 8-byte aligned, rounding up
LMalloc of 412 not 8-byte aligned, rounding up
LMalloc of 7620 not 8-byte aligned, rounding up
LMalloc of 20 not 8-byte aligned, rounding up
LMalloc of 20 not 8-byte aligned, rounding up
LMalloc of 44 not 8-byte aligned, rounding up
LMalloc of 44 not 8-byte aligned, rounding up
LMalloc of 44 not 8-byte aligned, rounding up
LMalloc of 44 not 8-byte aligned, rounding up
LMalloc of 44 not 8-byte aligned, rounding up
LMalloc of 44 not 8-byte aligned, rounding up
LMalloc of 44 not 8-byte aligned, rounding up
LMalloc of 44 not 8-byte aligned, rounding up
LMalloc of 44 not 8-byte aligned, rounding up
LMalloc of 44 not 8-byte aligned, rounding up
LMalloc of 44 not 8-byte aligned, rounding up
LMalloc of 44 not 8-byte aligned, rounding up
LMalloc of 44 not 8-byte aligned, rounding up
LMalloc of 44 not 8-byte aligned, rounding up
LMalloc of 44 not 8-byte aligned, rounding up
LMalloc of 44 not 8-byte aligned, rounding up
LMalloc of 44 not 8-byte aligned, rounding up
LMalloc of 44 not 8-byte aligned, rounding up
LMalloc of 44 not 8-byte aligned, rounding up
LMalloc of 44 not 8-byte aligned, rounding up
LMalloc of 44 not 8-byte aligned, rounding up
Level::Level: leveldata= 0xe1800628, object count  = 39
ASS closed without all data read (bytesLeft = 4118)
ASS closed without all data read (bytesLeft = 150)
ASS closed without all data read (bytesLeft = 16)
ASS closed without all data read (bytesLeft = 16)
ASS closed without all data read (bytesLeft = 13508)
DMalloc of 84 not 8-byte aligned, rounding up
LMalloc of 76 not 8-byte aligned, rounding up
PixelMap::Load: this = 0xdff28798
PixelMap::Load: this = 0xdff287c8
LMalloc of 28 not 8-byte aligned, rounding up
LMalloc of 28 not 8-byte aligned, rounding up
LMalloc of 28 not 8-byte aligned, rounding up
LMalloc of 28 not 8-byte aligned, rounding up
LMalloc of 972 not 8-byte aligned, rounding up
LMalloc of 172 not 8-byte aligned, rounding up
LMalloc of 68 not 8-byte aligned, rounding up
LMalloc of 100 not 8-byte aligned, rounding up
DMalloc of 228 not 8-byte aligned, rounding up
[Actor] idx=2 class=23 commonOff=9516 NumberOfLocalMailboxes=0
DMalloc of 84 not 8-byte aligned, rounding up
[Actor] idx=3 class=13 commonOff=9516 NumberOfLocalMailboxes=0
DMalloc of 84 not 8-byte aligned, rounding up
this = 0xdff2bd78,setting _memory to 0xdff2b998
DMalloc of 52 not 8-byte aligned, rounding up
DMalloc of 252 not 8-byte aligned, rounding up
[Actor] idx=4 class=20 commonOff=10228 NumberOfLocalMailboxes=0
DMalloc of 84 not 8-byte aligned, rounding up
DMalloc of 228 not 8-byte aligned, rounding up
[Actor] idx=6 class=11 commonOff=9516 NumberOfLocalMailboxes=0
DMalloc of 84 not 8-byte aligned, rounding up
[Actor] idx=7 class=16 commonOff=9516 NumberOfLocalMailboxes=0
DMalloc of 84 not 8-byte aligned, rounding up
[Actor] idx=8 class=3 commonOff=9516 NumberOfLocalMailboxes=0
DMalloc of 84 not 8-byte aligned, rounding up
[Actor] idx=9 class=22 commonOff=10968 NumberOfLocalMailboxes=6
DMalloc of 84 not 8-byte aligned, rounding up
jolt: character 0 created at (0.00, -0.85, 0.86) ctr=(0.00,0.00,0.00)
[Actor] idx=10 class=7 commonOff=9516 NumberOfLocalMailboxes=0
DMalloc of 84 not 8-byte aligned, rounding up
[Actor] idx=11 class=7 commonOff=9516 NumberOfLocalMailboxes=0
DMalloc of 84 not 8-byte aligned, rounding up
[Actor] idx=12 class=7 commonOff=9516 NumberOfLocalMailboxes=0
DMalloc of 84 not 8-byte aligned, rounding up
[Actor] idx=13 class=7 commonOff=9516 NumberOfLocalMailboxes=0
DMalloc of 84 not 8-byte aligned, rounding up
[Actor] idx=14 class=7 commonOff=9516 NumberOfLocalMailboxes=0
DMalloc of 84 not 8-byte aligned, rounding up
[Actor] idx=15 class=7 commonOff=9516 NumberOfLocalMailboxes=0
DMalloc of 84 not 8-byte aligned, rounding up
[Actor] idx=16 class=7 commonOff=9516 NumberOfLocalMailboxes=0
DMalloc of 84 not 8-byte aligned, rounding up
[Actor] idx=17 class=7 commonOff=9516 NumberOfLocalMailboxes=0
DMalloc of 84 not 8-byte aligned, rounding up
[Actor] idx=18 class=5 commonOff=9516 NumberOfLocalMailboxes=0
jolt: body STATIC pos=(0.00,0.00,0.00) half=(6.10,1.65,0.12) id=8388608
[Actor] idx=19 class=5 commonOff=9516 NumberOfLocalMailboxes=0
jolt: body STATIC pos=(0.00,1.53,2.73) half=(5.97,0.12,2.10) id=8388609
[Actor] idx=20 class=5 commonOff=9516 NumberOfLocalMailboxes=0
jolt: body STATIC pos=(0.00,1.53,5.08) half=(6.10,0.12,0.25) id=8388610
[Actor] idx=21 class=5 commonOff=9516 NumberOfLocalMailboxes=0
jolt: body STATIC pos=(-6.09,0.00,2.67) half=(0.12,1.65,2.67) id=8388611
[Actor] idx=22 class=5 commonOff=9516 NumberOfLocalMailboxes=0
jolt: body STATIC pos=(5.97,0.00,2.67) half=(0.12,1.65,2.67) id=8388612
[Actor] idx=23 class=5 commonOff=9516 NumberOfLocalMailboxes=0
jolt: body STATIC pos=(0.00,-1.78,2.67) half=(6.10,0.12,2.67) id=8388613
[Actor] idx=24 class=7 commonOff=9516 NumberOfLocalMailboxes=0
DMalloc of 84 not 8-byte aligned, rounding up
[Actor] idx=25 class=5 commonOff=9516 NumberOfLocalMailboxes=0
jolt: body STATIC pos=(0.00,0.00,0.38) half=(5.97,1.52,0.25) id=8388614
[Actor] idx=26 class=7 commonOff=11540 NumberOfLocalMailboxes=0
DMalloc of 84 not 8-byte aligned, rounding up
[Actor] idx=27 class=7 commonOff=11584 NumberOfLocalMailboxes=0
DMalloc of 84 not 8-byte aligned, rounding up
[Actor] idx=28 class=7 commonOff=11628 NumberOfLocalMailboxes=0
DMalloc of 84 not 8-byte aligned, rounding up
[Actor] idx=29 class=7 commonOff=11672 NumberOfLocalMailboxes=0
DMalloc of 84 not 8-byte aligned, rounding up
[Actor] idx=30 class=7 commonOff=11716 NumberOfLocalMailboxes=0
DMalloc of 84 not 8-byte aligned, rounding up
[Actor] idx=31 class=7 commonOff=11760 NumberOfLocalMailboxes=0
DMalloc of 84 not 8-byte aligned, rounding up
[Actor] idx=32 class=7 commonOff=11804 NumberOfLocalMailboxes=0
DMalloc of 84 not 8-byte aligned, rounding up
[Actor] idx=33 class=7 commonOff=11848 NumberOfLocalMailboxes=0
DMalloc of 84 not 8-byte aligned, rounding up
[Actor] idx=34 class=5 commonOff=9516 NumberOfLocalMailboxes=0
jolt: body STATIC pos=(0.00,0.00,-1.26) half=(6.25,1.80,1.24) id=8388615
[Actor] idx=35 class=5 commonOff=9516 NumberOfLocalMailboxes=0
jolt: body STATIC pos=(0.00,2.97,7.50) half=(30.00,0.12,12.50) id=8388616
DMalloc of 228 not 8-byte aligned, rounding up
[Actor] idx=36 class=23 commonOff=9516 NumberOfLocalMailboxes=0
DMalloc of 84 not 8-byte aligned, rounding up
[Actor] idx=37 class=3 commonOff=9516 NumberOfLocalMailboxes=0
DMalloc of 84 not 8-byte aligned, rounding up
[Actor] idx=38 class=16 commonOff=9516 NumberOfLocalMailboxes=0
DMalloc of 84 not 8-byte aligned, rounding up
LMalloc of 20 not 8-byte aligned, rounding up
LMalloc of 212 not 8-byte aligned, rounding up
DMalloc of 76 not 8-byte aligned, rounding up
DMalloc of 404 not 8-byte aligned, rounding up
DMalloc of 458 not 8-byte aligned, rounding up
DMalloc of 466 not 8-byte aligned, rounding up
DMalloc of 404 not 8-byte aligned, rounding up
Walking from 0
0->0
0->0
LMalloc of 20 not 8-byte aligned, rounding up
LMalloc of 20 not 8-byte aligned, rounding up
ASS closed without all data read (bytesLeft = 4118)
ASS closed without all data read (bytesLeft = 150)
ASS closed without all data read (bytesLeft = 16)
ASS closed without all data read (bytesLeft = 16)
ASS closed without all data read (bytesLeft = 1516)
ASS closed without all data read (bytesLeft = 588)
ASS closed without all data read (bytesLeft = 4692)
ASS closed without all data read (bytesLeft = 588)
ASS closed without all data read (bytesLeft = 588)
ASS closed without all data read (bytesLeft = 588)
ASS closed without all data read (bytesLeft = 588)
ASS closed without all data read (bytesLeft = 1260)
ASS closed without all data read (bytesLeft = 588)
ASS closed without all data read (bytesLeft = 110476)
ASS closed without all data read (bytesLeft = 117516)
ASS closed without all data read (bytesLeft = 128076)
ASS closed without all data read (bytesLeft = 99916)
ASS closed without all data read (bytesLeft = 250564)
ASS closed without all data read (bytesLeft = 250564)
ASS closed without all data read (bytesLeft = 251508)
ASS closed without all data read (bytesLeft = 249596)
ASS closed without all data read (bytesLeft = 588)
ASS closed without all data read (bytesLeft = 588)
DMalloc of 84 not 8-byte aligned, rounding up
LMalloc of 292 not 8-byte aligned, rounding up
PixelMap::Load: this = 0xdff287f8
PixelMap::Load: this = 0xdff28828
LMalloc of 28 not 8-byte aligned, rounding up
LMalloc of 28 not 8-byte aligned, rounding up
LMalloc of 28 not 8-byte aligned, rounding up
LMalloc of 28 not 8-byte aligned, rounding up
LMalloc of 44 not 8-byte aligned, rounding up
LMalloc of 44 not 8-byte aligned, rounding up
LMalloc of 268 not 8-byte aligned, rounding up
LMalloc of 44 not 8-byte aligned, rounding up
LMalloc of 8276 not 8-byte aligned, rounding up
RenderActor3DAnimates constructed with no animations!
LMalloc of 44 not 8-byte aligned, rounding up
LMalloc of 44 not 8-byte aligned, rounding up
LMalloc of 100 not 8-byte aligned, rounding up
LMalloc of 44 not 8-byte aligned, rounding up
LMalloc of 1156 not 8-byte aligned, rounding up
RenderActor3DAnimates constructed with no animations!
LMalloc of 44 not 8-byte aligned, rounding up
LMalloc of 44 not 8-byte aligned, rounding up
LMalloc of 100 not 8-byte aligned, rounding up
LMalloc of 44 not 8-byte aligned, rounding up
LMalloc of 1156 not 8-byte aligned, rounding up
RenderActor3DAnimates constructed with no animations!
LMalloc of 44 not 8-byte aligned, rounding up
LMalloc of 44 not 8-byte aligned, rounding up
LMalloc of 100 not 8-byte aligned, rounding up
LMalloc of 44 not 8-byte aligned, rounding up
LMalloc of 1156 not 8-byte aligned, rounding up
RenderActor3DAnimates constructed with no animations!
LMalloc of 44 not 8-byte aligned, rounding up
LMalloc of 44 not 8-byte aligned, rounding up
LMalloc of 100 not 8-byte aligned, rounding up
LMalloc of 44 not 8-byte aligned, rounding up
LMalloc of 1156 not 8-byte aligned, rounding up
RenderActor3DAnimates constructed with no animations!
LMalloc of 44 not 8-byte aligned, rounding up
LMalloc of 44 not 8-byte aligned, rounding up
LMalloc of 100 not 8-byte aligned, rounding up
LMalloc of 44 not 8-byte aligned, rounding up
LMalloc of 1156 not 8-byte aligned, rounding up
RenderActor3DAnimates constructed with no animations!
LMalloc of 44 not 8-byte aligned, rounding up
LMalloc of 44 not 8-byte aligned, rounding up
LMalloc of 100 not 8-byte aligned, rounding up
LMalloc of 44 not 8-byte aligned, rounding up
LMalloc of 1156 not 8-byte aligned, rounding up
RenderActor3DAnimates constructed with no animations!
LMalloc of 44 not 8-byte aligned, rounding up
LMalloc of 44 not 8-byte aligned, rounding up
LMalloc of 100 not 8-byte aligned, rounding up
LMalloc of 44 not 8-byte aligned, rounding up
LMalloc of 1156 not 8-byte aligned, rounding up
RenderActor3DAnimates constructed with no animations!
LMalloc of 44 not 8-byte aligned, rounding up
LMalloc of 44 not 8-byte aligned, rounding up
LMalloc of 100 not 8-byte aligned, rounding up
LMalloc of 44 not 8-byte aligned, rounding up
LMalloc of 1156 not 8-byte aligned, rounding up
RenderActor3DAnimates constructed with no animations!
LMalloc of 44 not 8-byte aligned, rounding up
LMalloc of 44 not 8-byte aligned, rounding up
LMalloc of 100 not 8-byte aligned, rounding up
LMalloc of 44 not 8-byte aligned, rounding up
LMalloc of 276 not 8-byte aligned, rounding up
RenderActor3DAnimates constructed with no animations!
LMalloc of 44 not 8-byte aligned, rounding up
LMalloc of 44 not 8-byte aligned, rounding up
MATL closed without all data read (bytesLeft = 264)
LMalloc of 44 not 8-byte aligned, rounding up
jolt: mesh actor_pos=(0.000,0.000,0.000)
jolt: mesh v0 local=(-6.096,-1.651,0.000) world=(-6.096,-1.651,0.000)
jolt: mesh v1 local=(-6.096,-1.651,0.127) world=(-6.096,-1.651,0.127)
jolt: mesh v2 local=(-6.096,1.651,0.000) world=(-6.096,1.651,0.000)
jolt: mesh v3 local=(-6.096,1.651,0.127) world=(-6.096,1.651,0.127)
jolt: mesh v4 local=(6.096,-1.651,0.000) world=(6.096,-1.651,0.000)
jolt: mesh v5 local=(6.096,-1.651,0.127) world=(6.096,-1.651,0.127)
jolt: mesh v6 local=(6.096,1.651,0.000) world=(6.096,1.651,0.000)
jolt: mesh v7 local=(6.096,1.651,0.127) world=(6.096,1.651,0.127)
jolt: body MESH_STATIC verts=8 faces=12 id=16777216
LMalloc of 44 not 8-byte aligned, rounding up
LMalloc of 44 not 8-byte aligned, rounding up
LMalloc of 44 not 8-byte aligned, rounding up
LMalloc of 2436 not 8-byte aligned, rounding up
RenderActor3DAnimates constructed with no animations!
LMalloc of 44 not 8-byte aligned, rounding up
LMalloc of 44 not 8-byte aligned, rounding up
MATL closed without all data read (bytesLeft = 2640)
LMalloc of 44 not 8-byte aligned, rounding up
jolt: mesh actor_pos=(0.000,0.000,0.000)
jolt: mesh v0 local=(-5.969,1.524,0.635) world=(-5.969,1.524,0.635)
jolt: mesh v1 local=(-5.969,1.524,1.054) world=(-5.969,1.524,1.054)
jolt: mesh v2 local=(-5.969,1.524,1.473) world=(-5.969,1.524,1.473)
jolt: mesh v3 local=(-5.969,1.524,1.892) world=(-5.969,1.524,1.892)
jolt: mesh v4 local=(-5.969,1.524,2.311) world=(-5.969,1.524,2.311)
jolt: mesh v5 local=(-5.969,1.524,2.730) world=(-5.969,1.524,2.730)
jolt: mesh v6 local=(-5.969,1.524,3.150) world=(-5.969,1.524,3.150)
jolt: mesh v7 local=(-5.969,1.524,3.569) world=(-5.969,1.524,3.569)
jolt: mesh v8 local=(-5.969,1.524,3.988) world=(-5.969,1.524,3.988)
jolt: mesh v9 local=(-5.969,1.524,4.407) world=(-5.969,1.524,4.407)
jolt: mesh v10 local=(-5.969,1.524,4.826) world=(-5.969,1.524,4.826)
jolt: mesh v11 local=(-5.969,1.651,0.635) world=(-5.969,1.651,0.635)
jolt: mesh v12 local=(-5.969,1.651,1.054) world=(-5.969,1.651,1.054)
jolt: mesh v13 local=(-5.969,1.651,1.473) world=(-5.969,1.651,1.473)
jolt: mesh v14 local=(-5.969,1.651,1.892) world=(-5.969,1.651,1.892)
jolt: mesh v15 local=(-5.969,1.651,2.311) world=(-5.969,1.651,2.311)
jolt: mesh v16 local=(-5.969,1.651,2.730) world=(-5.969,1.651,2.730)
jolt: mesh v17 local=(-5.969,1.651,3.150) world=(-5.969,1.651,3.150)
jolt: mesh v18 local=(-5.969,1.651,3.569) world=(-5.969,1.651,3.569)
jolt: mesh v19 local=(-5.969,1.651,3.988) world=(-5.969,1.651,3.988)
jolt: mesh v20 local=(-5.969,1.651,4.407) world=(-5.969,1.651,4.407)
jolt: mesh v21 local=(-5.969,1.651,4.826) world=(-5.969,1.651,4.826)
jolt: mesh v22 local=(5.969,1.524,0.635) world=(5.969,1.524,0.635)
jolt: mesh v23 local=(5.969,1.524,1.054) world=(5.969,1.524,1.054)
jolt: mesh v24 local=(5.969,1.524,1.473) world=(5.969,1.524,1.473)
jolt: mesh v25 local=(5.969,1.524,1.892) world=(5.969,1.524,1.892)
jolt: mesh v26 local=(5.969,1.524,2.311) world=(5.969,1.524,2.311)
jolt: mesh v27 local=(5.969,1.524,2.730) world=(5.969,1.524,2.730)
jolt: mesh v28 local=(5.969,1.524,3.150) world=(5.969,1.524,3.150)
jolt: mesh v29 local=(5.969,1.524,3.569) world=(5.969,1.524,3.569)
jolt: mesh v30 local=(5.969,1.524,3.988) world=(5.969,1.524,3.988)
jolt: mesh v31 local=(5.969,1.524,4.407) world=(5.969,1.524,4.407)
jolt: mesh v32 local=(5.969,1.524,4.826) world=(5.969,1.524,4.826)
jolt: mesh v33 local=(5.969,1.651,0.635) world=(5.969,1.651,0.635)
jolt: mesh v34 local=(5.969,1.651,1.054) world=(5.969,1.651,1.054)
jolt: mesh v35 local=(5.969,1.651,1.473) world=(5.969,1.651,1.473)
jolt: mesh v36 local=(5.969,1.651,1.892) world=(5.969,1.651,1.892)
jolt: mesh v37 local=(5.969,1.651,2.311) world=(5.969,1.651,2.311)
jolt: mesh v38 local=(5.969,1.651,2.730) world=(5.969,1.651,2.730)
jolt: mesh v39 local=(5.969,1.651,3.150) world=(5.969,1.651,3.150)
jolt: mesh v40 local=(5.969,1.651,3.569) world=(5.969,1.651,3.569)
jolt: mesh v41 local=(5.969,1.651,3.988) world=(5.969,1.651,3.988)
jolt: mesh v42 local=(5.969,1.651,4.407) world=(5.969,1.651,4.407)
jolt: mesh v43 local=(5.969,1.651,4.826) world=(5.969,1.651,4.826)
jolt: body MESH_STATIC verts=44 faces=120 id=16777217
LMalloc of 44 not 8-byte aligned, rounding up
LMalloc of 44 not 8-byte aligned, rounding up
LMalloc of 100 not 8-byte aligned, rounding up
LMalloc of 44 not 8-byte aligned, rounding up
LMalloc of 276 not 8-byte aligned, rounding up
RenderActor3DAnimates constructed with no animations!
LMalloc of 44 not 8-byte aligned, rounding up
LMalloc of 44 not 8-byte aligned, rounding up
MATL closed without all data read (bytesLeft = 264)
LMalloc of 44 not 8-byte aligned, rounding up
jolt: mesh actor_pos=(0.000,0.000,0.000)
jolt: mesh v0 local=(-6.096,1.524,4.826) world=(-6.096,1.524,4.826)
jolt: mesh v1 local=(-6.096,1.524,5.334) world=(-6.096,1.524,5.334)
jolt: mesh v2 local=(-6.096,1.651,4.826) world=(-6.096,1.651,4.826)
jolt: mesh v3 local=(-6.096,1.651,5.334) world=(-6.096,1.651,5.334)
jolt: mesh v4 local=(6.096,1.524,4.826) world=(6.096,1.524,4.826)
jolt: mesh v5 local=(6.096,1.524,5.334) world=(6.096,1.524,5.334)
jolt: mesh v6 local=(6.096,1.651,4.826) world=(6.096,1.651,4.826)
jolt: mesh v7 local=(6.096,1.651,5.334) world=(6.096,1.651,5.334)
jolt: body MESH_STATIC verts=8 faces=12 id=16777218
LMalloc of 44 not 8-byte aligned, rounding up
LMalloc of 44 not 8-byte aligned, rounding up
LMalloc of 100 not 8-byte aligned, rounding up
LMalloc of 44 not 8-byte aligned, rounding up
LMalloc of 276 not 8-byte aligned, rounding up
RenderActor3DAnimates constructed with no animations!
LMalloc of 44 not 8-byte aligned, rounding up
LMalloc of 44 not 8-byte aligned, rounding up
MATL closed without all data read (bytesLeft = 264)
LMalloc of 44 not 8-byte aligned, rounding up
jolt: mesh actor_pos=(0.000,0.000,0.000)
jolt: mesh v0 local=(-6.096,-1.651,0.000) world=(-6.096,-1.651,0.000)
jolt: mesh v1 local=(-6.096,-1.651,5.334) world=(-6.096,-1.651,5.334)
jolt: mesh v2 local=(-6.096,1.651,0.000) world=(-6.096,1.651,0.000)
jolt: mesh v3 local=(-6.096,1.651,5.334) world=(-6.096,1.651,5.334)
jolt: mesh v4 local=(-5.969,-1.651,0.000) world=(-5.969,-1.651,0.000)
jolt: mesh v5 local=(-5.969,-1.651,5.334) world=(-5.969,-1.651,5.334)
jolt: mesh v6 local=(-5.969,1.651,0.000) world=(-5.969,1.651,0.000)
jolt: mesh v7 local=(-5.969,1.651,5.334) world=(-5.969,1.651,5.334)
jolt: body MESH_STATIC verts=8 faces=12 id=16777219
LMalloc of 44 not 8-byte aligned, rounding up
LMalloc of 44 not 8-byte aligned, rounding up
LMalloc of 100 not 8-byte aligned, rounding up
LMalloc of 44 not 8-byte aligned, rounding up
LMalloc of 276 not 8-byte aligned, rounding up
RenderActor3DAnimates constructed with no animations!
LMalloc of 44 not 8-byte aligned, rounding up
LMalloc of 44 not 8-byte aligned, rounding up
MATL closed without all data read (bytesLeft = 264)
LMalloc of 44 not 8-byte aligned, rounding up
jolt: mesh actor_pos=(0.000,0.000,0.000)
jolt: mesh v0 local=(5.969,-1.651,0.000) world=(5.969,-1.651,0.000)
jolt: mesh v1 local=(5.969,-1.651,5.334) world=(5.969,-1.651,5.334)
jolt: mesh v2 local=(5.969,1.651,0.000) world=(5.969,1.651,0.000)
jolt: mesh v3 local=(5.969,1.651,5.334) world=(5.969,1.651,5.334)
jolt: mesh v4 local=(6.096,-1.651,0.000) world=(6.096,-1.651,0.000)
jolt: mesh v5 local=(6.096,-1.651,5.334) world=(6.096,-1.651,5.334)
jolt: mesh v6 local=(6.096,1.651,0.000) world=(6.096,1.651,0.000)
jolt: mesh v7 local=(6.096,1.651,5.334) world=(6.096,1.651,5.334)
jolt: body MESH_STATIC verts=8 faces=12 id=16777220
LMalloc of 44 not 8-byte aligned, rounding up
LMalloc of 44 not 8-byte aligned, rounding up
LMalloc of 100 not 8-byte aligned, rounding up
LMalloc of 44 not 8-byte aligned, rounding up
LMalloc of 276 not 8-byte aligned, rounding up
RenderActor3DAnimates constructed with no animations!
LMalloc of 44 not 8-byte aligned, rounding up
LMalloc of 44 not 8-byte aligned, rounding up
MATL closed without all data read (bytesLeft = 264)
LMalloc of 44 not 8-byte aligned, rounding up
jolt: mesh actor_pos=(0.000,0.000,0.000)
jolt: mesh v0 local=(-6.096,-1.778,0.000) world=(-6.096,-1.778,0.000)
jolt: mesh v1 local=(-6.096,-1.778,5.334) world=(-6.096,-1.778,5.334)
jolt: mesh v2 local=(-6.096,-1.651,0.000) world=(-6.096,-1.651,0.000)
jolt: mesh v3 local=(-6.096,-1.651,5.334) world=(-6.096,-1.651,5.334)
jolt: mesh v4 local=(6.096,-1.778,0.000) world=(6.096,-1.778,0.000)
jolt: mesh v5 local=(6.096,-1.778,5.334) world=(6.096,-1.778,5.334)
jolt: mesh v6 local=(6.096,-1.651,0.000) world=(6.096,-1.651,0.000)
jolt: mesh v7 local=(6.096,-1.651,5.334) world=(6.096,-1.651,5.334)
jolt: body MESH_STATIC verts=8 faces=12 id=16777221
LMalloc of 44 not 8-byte aligned, rounding up
LMalloc of 44 not 8-byte aligned, rounding up
LMalloc of 100 not 8-byte aligned, rounding up
LMalloc of 44 not 8-byte aligned, rounding up
LMalloc of 996 not 8-byte aligned, rounding up
RenderActor3DAnimates constructed with no animations!
LMalloc of 44 not 8-byte aligned, rounding up
LMalloc of 44 not 8-byte aligned, rounding up
LMalloc of 100 not 8-byte aligned, rounding up
LMalloc of 44 not 8-byte aligned, rounding up
LMalloc of 276 not 8-byte aligned, rounding up
RenderActor3DAnimates constructed with no animations!
LMalloc of 44 not 8-byte aligned, rounding up
LMalloc of 44 not 8-byte aligned, rounding up
MATL closed without all data read (bytesLeft = 264)
LMalloc of 44 not 8-byte aligned, rounding up
jolt: mesh actor_pos=(0.000,0.000,0.000)
jolt: mesh v0 local=(-5.969,-1.524,0.127) world=(-5.969,-1.524,0.127)
jolt: mesh v1 local=(-5.969,-1.524,0.635) world=(-5.969,-1.524,0.635)
jolt: mesh v2 local=(-5.969,1.524,0.127) world=(-5.969,1.524,0.127)
jolt: mesh v3 local=(-5.969,1.524,0.635) world=(-5.969,1.524,0.635)
jolt: mesh v4 local=(5.969,-1.524,0.127) world=(5.969,-1.524,0.127)
jolt: mesh v5 local=(5.969,-1.524,0.635) world=(5.969,-1.524,0.635)
jolt: mesh v6 local=(5.969,1.524,0.127) world=(5.969,1.524,0.127)
jolt: mesh v7 local=(5.969,1.524,0.635) world=(5.969,1.524,0.635)
jolt: body MESH_STATIC verts=8 faces=12 id=16777222
LMalloc of 44 not 8-byte aligned, rounding up
LMalloc of 44 not 8-byte aligned, rounding up
LMalloc of 436 not 8-byte aligned, rounding up
LMalloc of 44 not 8-byte aligned, rounding up
LMalloc of 94276 not 8-byte aligned, rounding up
RenderActor3DAnimates constructed with no animations!
LMalloc of 44 not 8-byte aligned, rounding up
LMalloc of 44 not 8-byte aligned, rounding up
LMalloc of 436 not 8-byte aligned, rounding up
LMalloc of 44 not 8-byte aligned, rounding up
LMalloc of 100356 not 8-byte aligned, rounding up
RenderActor3DAnimates constructed with no animations!
LMalloc of 44 not 8-byte aligned, rounding up
LMalloc of 44 not 8-byte aligned, rounding up
LMalloc of 436 not 8-byte aligned, rounding up
LMalloc of 44 not 8-byte aligned, rounding up
LMalloc of 109476 not 8-byte aligned, rounding up
RenderActor3DAnimates constructed with no animations!
LMalloc of 44 not 8-byte aligned, rounding up
LMalloc of 44 not 8-byte aligned, rounding up
LMalloc of 436 not 8-byte aligned, rounding up
LMalloc of 44 not 8-byte aligned, rounding up
LMalloc of 85156 not 8-byte aligned, rounding up
RenderActor3DAnimates constructed with no animations!
LMalloc of 44 not 8-byte aligned, rounding up
LMalloc of 44 not 8-byte aligned, rounding up
LMalloc of 44 not 8-byte aligned, rounding up
LMalloc of 232996 not 8-byte aligned, rounding up
RenderActor3DAnimates constructed with no animations!
LMalloc of 44 not 8-byte aligned, rounding up
LMalloc of 44 not 8-byte aligned, rounding up
LMalloc of 44 not 8-byte aligned, rounding up
LMalloc of 232996 not 8-byte aligned, rounding up
RenderActor3DAnimates constructed with no animations!
LMalloc of 44 not 8-byte aligned, rounding up
LMalloc of 44 not 8-byte aligned, rounding up
LMalloc of 44 not 8-byte aligned, rounding up
LMalloc of 233796 not 8-byte aligned, rounding up
RenderActor3DAnimates constructed with no animations!
LMalloc of 44 not 8-byte aligned, rounding up
LMalloc of 44 not 8-byte aligned, rounding up
LMalloc of 44 not 8-byte aligned, rounding up
LMalloc of 232196 not 8-byte aligned, rounding up
RenderActor3DAnimates constructed with no animations!
LMalloc of 44 not 8-byte aligned, rounding up
LMalloc of 44 not 8-byte aligned, rounding up
LMalloc of 100 not 8-byte aligned, rounding up
LMalloc of 44 not 8-byte aligned, rounding up
LMalloc of 276 not 8-byte aligned, rounding up
RenderActor3DAnimates constructed with no animations!
LMalloc of 44 not 8-byte aligned, rounding up
LMalloc of 44 not 8-byte aligned, rounding up
MATL closed without all data read (bytesLeft = 264)
LMalloc of 44 not 8-byte aligned, rounding up
jolt: mesh actor_pos=(0.000,0.000,0.000)
jolt: mesh v0 local=(-6.246,-1.801,-2.500) world=(-6.246,-1.801,-2.500)
jolt: mesh v1 local=(-6.246,-1.801,-0.025) world=(-6.246,-1.801,-0.025)
jolt: mesh v2 local=(-6.246,1.801,-2.500) world=(-6.246,1.801,-2.500)
jolt: mesh v3 local=(-6.246,1.801,-0.025) world=(-6.246,1.801,-0.025)
jolt: mesh v4 local=(6.246,-1.801,-2.500) world=(6.246,-1.801,-2.500)
jolt: mesh v5 local=(6.246,-1.801,-0.025) world=(6.246,-1.801,-0.025)
jolt: mesh v6 local=(6.246,1.801,-2.500) world=(6.246,1.801,-2.500)
jolt: mesh v7 local=(6.246,1.801,-0.025) world=(6.246,1.801,-0.025)
jolt: body MESH_STATIC verts=8 faces=12 id=16777223
LMalloc of 44 not 8-byte aligned, rounding up
LMalloc of 44 not 8-byte aligned, rounding up
LMalloc of 100 not 8-byte aligned, rounding up
LMalloc of 44 not 8-byte aligned, rounding up
LMalloc of 276 not 8-byte aligned, rounding up
RenderActor3DAnimates constructed with no animations!
LMalloc of 44 not 8-byte aligned, rounding up
LMalloc of 44 not 8-byte aligned, rounding up
MATL closed without all data read (bytesLeft = 264)
LMalloc of 44 not 8-byte aligned, rounding up
jolt: mesh actor_pos=(0.000,0.000,0.000)
jolt: mesh v0 local=(-30.000,3.000,-5.000) world=(-30.000,3.000,-5.000)
jolt: mesh v1 local=(-30.000,3.000,20.000) world=(-30.000,3.000,20.000)
jolt: mesh v2 local=(-30.000,3.100,-5.000) world=(-30.000,3.100,-5.000)
jolt: mesh v3 local=(-30.000,3.100,20.000) world=(-30.000,3.100,20.000)
jolt: mesh v4 local=(30.000,3.000,-5.000) world=(30.000,3.000,-5.000)
jolt: mesh v5 local=(30.000,3.000,20.000) world=(30.000,3.000,20.000)
jolt: mesh v6 local=(30.000,3.100,-5.000) world=(30.000,3.100,-5.000)
jolt: mesh v7 local=(30.000,3.100,20.000) world=(30.000,3.100,20.000)
jolt: body MESH_STATIC verts=8 faces=12 id=16777224
zforth: INDEXOF_CAMSHOT = 1921 (expect 1921)
zforth: INDEXOF_CAMSHOT = 1921 (expect 1921)
jolt: OptimizeBroadPhase done (9 static bodies)
audio: MusicPlayer — soundfont not found: florestan-subset.sf2
audio: sfx[0] not found: wflevels/qbert_practice/sfx/qbert_hop.wav
audio: sfx[1] not found: wflevels/qbert_practice/sfx/qbert_land.wav
audio: sfx[2] not found: wflevels/qbert_practice/sfx/qbert_fall.wav
audio: sfx[3] not found: wflevels/qbert_practice/sfx/qbert_swear.wav
audio: sfx[4] not found: wflevels/qbert_practice/sfx/qbert_round_clear.wav
audio: sfx[5] not found: wflevels/qbert_practice/sfx/qbert_kill.wav
audio: sfx[6] not found: wflevels/qbert_practice/sfx/qbert_disc.wav
DMalloc of 36 not 8-byte aligned, rounding up
delta too large: 0.3158111572
timeofday:1791027333:349625
lasttimeofday: 1791027333:33813
deltatime:0:315812
delta: 0.3158111572
frame-window: start-ns=130479464584966 end-ns=130491269282263
frame-profile: update frames=1 mean=1.4240 p50=1.4240 p95=1.4240 max=1.4240 cpu-ms
frame-profile: actors frames=1 mean=1.2699 p50=1.2699 p95=1.2699 max=1.2699 cpu-ms
frame-profile: director frames=1 mean=0.1175 p50=0.1175 p95=0.1175 max=0.1175 cpu-ms
frame-profile: render frames=1 mean=65.5860 p50=65.5860 p95=65.5860 max=65.5860 cpu-ms
frame-profile: school frames=1 mean=0.0000 p50=0.0000 p95=0.0000 max=0.0000 cpu-ms
frame-profile: pose frames=1 mean=0.0000 p50=0.0000 p95=0.0000 max=0.0000 cpu-ms
frame-profile: animation frames=1 mean=0.0000 p50=0.0000 p95=0.0000 max=0.0000 cpu-ms
frame-profile: total frames=1 mean=67.0099 p50=67.0099 p95=67.0099 max=67.0099 cpu-ms
frame-count: level-objects frames=1 mean=38.000
frame-count: render-actors frames=1 mean=26.000
frame-count: draws frames=1 mean=25.000
frame-count: triangles frames=1 mean=32891.000
frame-count: actor-mailbox-writes frames=1 mean=29.000
frame-count: fish-deformations frames=1 mean=0.000
ball pos: (0.000, -0.850, 0.865)
ball pos: (0.000, -0.850, 0.865)
ball pos: (0.000, -0.850, 0.865)
frame-window: start-ns=130491269282263 end-ns=130496304217599
frame-profile: update frames=105 mean=1.4607 p50=1.4415 p95=1.6132 max=1.7378 cpu-ms
frame-profile: actors frames=105 mean=1.2774 p50=1.2567 p95=1.4254 max=1.5493 cpu-ms
frame-profile: director frames=105 mean=0.1163 p50=0.1137 p95=0.1335 max=0.1673 cpu-ms
frame-profile: render frames=105 mean=42.1303 p50=41.9197 p95=43.2403 max=45.2007 cpu-ms
frame-profile: school frames=105 mean=0.0000 p50=0.0000 p95=0.0000 max=0.0000 cpu-ms
frame-profile: pose frames=105 mean=0.0000 p50=0.0000 p95=0.0000 max=0.0000 cpu-ms
frame-profile: animation frames=105 mean=0.0000 p50=0.0000 p95=0.0000 max=0.0000 cpu-ms
frame-profile: total frames=105 mean=43.5909 p50=43.3544 p95=44.7439 max=46.6807 cpu-ms
frame-count: level-objects frames=105 mean=38.000
frame-count: render-actors frames=105 mean=26.000
frame-count: draws frames=105 mean=25.000
frame-count: triangles frames=105 mean=32891.000
frame-count: actor-mailbox-writes frames=105 mean=29.000
frame-count: fish-deformations frames=105 mean=0.000
ball pos: (0.000, -0.850, 0.865)
ball pos: (0.000, -0.850, 0.865)
ball pos: (0.000, -0.850, 0.865)
ball pos: (0.000, -0.850, 0.865)
frame-window: start-ns=130496304217599 end-ns=130501332504643
frame-profile: update frames=105 mean=1.4501 p50=1.4323 p95=1.5886 max=1.6820 cpu-ms
frame-profile: actors frames=105 mean=1.2730 p50=1.2487 p95=1.4182 max=1.4873 cpu-ms
frame-profile: director frames=105 mean=0.1139 p50=0.1108 p95=0.1287 max=0.1522 cpu-ms
frame-profile: render frames=105 mean=41.9639 p50=41.7211 p95=42.1668 max=51.0144 cpu-ms
frame-profile: school frames=105 mean=0.0000 p50=0.0000 p95=0.0000 max=0.0000 cpu-ms
frame-profile: pose frames=105 mean=0.0000 p50=0.0000 p95=0.0000 max=0.0000 cpu-ms
frame-profile: animation frames=105 mean=0.0000 p50=0.0000 p95=0.0000 max=0.0000 cpu-ms
frame-profile: total frames=105 mean=43.4139 p50=43.1863 p95=43.6981 max=52.4059 cpu-ms
frame-count: level-objects frames=105 mean=38.000
frame-count: render-actors frames=105 mean=26.000
frame-count: draws frames=105 mean=25.000
frame-count: triangles frames=105 mean=32891.000
frame-count: actor-mailbox-writes frames=105 mean=29.000
frame-count: fish-deformations frames=105 mean=0.000
ball pos: (0.000, -0.850, 0.865)
ball pos: (0.000, -0.850, 0.865)
ball pos: (0.000, -0.850, 0.865)
frame-window: start-ns=130501332504643 end-ns=130506358870228
frame-profile: update frames=104 mean=1.4924 p50=1.4667 p95=1.6917 max=2.2414 cpu-ms
frame-profile: actors frames=104 mean=1.3024 p50=1.2722 p95=1.4654 max=1.9759 cpu-ms
frame-profile: director frames=104 mean=0.1230 p50=0.1208 p95=0.1595 max=0.2186 cpu-ms
frame-profile: render frames=104 mean=42.4191 p50=41.8314 p95=43.8550 max=48.6393 cpu-ms
frame-profile: school frames=104 mean=0.0000 p50=0.0000 p95=0.0000 max=0.0000 cpu-ms
frame-profile: pose frames=104 mean=0.0000 p50=0.0000 p95=0.0000 max=0.0000 cpu-ms
frame-profile: animation frames=104 mean=0.0000 p50=0.0000 p95=0.0000 max=0.0000 cpu-ms
frame-profile: total frames=104 mean=43.9115 p50=43.2608 p95=45.4517 max=50.2400 cpu-ms
frame-count: level-objects frames=104 mean=38.000
frame-count: render-actors frames=104 mean=26.000
frame-count: draws frames=104 mean=25.000
frame-count: triangles frames=104 mean=32891.000
frame-count: actor-mailbox-writes frames=104 mean=29.000
frame-count: fish-deformations frames=104 mean=0.000
ball pos: (0.000, -0.850, 0.865)
ball pos: (0.000, -0.850, 0.865)
ball pos: (0.000, -0.850, 0.865)
ball pos: (0.000, -0.850, 0.865)
frame-window: start-ns=130506358870228 end-ns=130511405333564
frame-profile: update frames=106 mean=1.4733 p50=1.4346 p95=1.5773 max=3.2327 cpu-ms
frame-profile: actors frames=106 mean=1.2912 p50=1.2538 p95=1.3917 max=2.7274 cpu-ms
frame-profile: director frames=106 mean=0.1168 p50=0.1111 p95=0.1325 max=0.3979 cpu-ms
frame-profile: render frames=106 mean=42.1143 p50=41.7404 p95=42.3232 max=56.6458 cpu-ms
frame-profile: school frames=106 mean=0.0000 p50=0.0000 p95=0.0000 max=0.0000 cpu-ms
frame-profile: pose frames=106 mean=0.0000 p50=0.0000 p95=0.0000 max=0.0000 cpu-ms
frame-profile: animation frames=106 mean=0.0000 p50=0.0000 p95=0.0000 max=0.0000 cpu-ms
frame-profile: total frames=106 mean=43.5876 p50=43.2191 p95=43.7408 max=58.0340 cpu-ms
frame-count: level-objects frames=106 mean=38.000
frame-count: render-actors frames=106 mean=26.000
frame-count: draws frames=106 mean=25.000
frame-count: triangles frames=106 mean=32891.000
frame-count: actor-mailbox-writes frames=106 mean=29.000
frame-count: fish-deformations frames=106 mean=0.000
ball pos: (0.000, -0.850, 0.865)
ball pos: (0.000, -0.850, 0.865)
ball pos: (0.000, -0.850, 0.865)
frame-window: start-ns=130511405333564 end-ns=130516432724108
frame-profile: update frames=106 mean=1.4534 p50=1.4384 p95=1.5671 max=1.6980 cpu-ms
frame-profile: actors frames=106 mean=1.2763 p50=1.2582 p95=1.3795 max=1.4969 cpu-ms
frame-profile: director frames=106 mean=0.1120 p50=0.1096 p95=0.1269 max=0.1338 cpu-ms
frame-profile: render frames=106 mean=42.1003 p50=41.7331 p95=42.9171 max=49.6232 cpu-ms
frame-profile: school frames=106 mean=0.0000 p50=0.0000 p95=0.0000 max=0.0000 cpu-ms
frame-profile: pose frames=106 mean=0.0000 p50=0.0000 p95=0.0000 max=0.0000 cpu-ms
frame-profile: animation frames=106 mean=0.0000 p50=0.0000 p95=0.0000 max=0.0000 cpu-ms
frame-profile: total frames=106 mean=43.5537 p50=43.1937 p95=44.3689 max=51.0230 cpu-ms
frame-count: level-objects frames=106 mean=38.000
frame-count: render-actors frames=106 mean=26.000
frame-count: draws frames=106 mean=25.000
frame-count: triangles frames=106 mean=32891.000
frame-count: actor-mailbox-writes frames=106 mean=29.000
frame-count: fish-deformations frames=106 mean=0.000
ball pos: (0.000, -0.850, 0.865)
ball pos: (0.000, -0.850, 0.865)
ball pos: (0.000, -0.850, 0.865)
ball pos: (0.000, -0.850, 0.865)
frame-window: start-ns=130516432724108 end-ns=130521440878652
frame-profile: update frames=106 mean=1.4339 p50=1.4188 p95=1.5352 max=1.5978 cpu-ms
frame-profile: actors frames=106 mean=1.2545 p50=1.2397 p95=1.3414 max=1.4056 cpu-ms
frame-profile: director frames=106 mean=0.1139 p50=0.1095 p95=0.1309 max=0.1883 cpu-ms
frame-profile: render frames=106 mean=41.8966 p50=41.6923 p95=42.4032 max=49.1272 cpu-ms
frame-profile: school frames=106 mean=0.0000 p50=0.0000 p95=0.0000 max=0.0000 cpu-ms
frame-profile: pose frames=106 mean=0.0000 p50=0.0000 p95=0.0000 max=0.0000 cpu-ms
frame-profile: animation frames=106 mean=0.0000 p50=0.0000 p95=0.0000 max=0.0000 cpu-ms
frame-profile: total frames=106 mean=43.3306 p50=43.1331 p95=43.8923 max=50.5384 cpu-ms
frame-count: level-objects frames=106 mean=38.000
frame-count: render-actors frames=106 mean=26.000
frame-count: draws frames=106 mean=25.000
frame-count: triangles frames=106 mean=32891.000
frame-count: actor-mailbox-writes frames=106 mean=29.000
frame-count: fish-deformations frames=106 mean=0.000
ball pos: (0.000, -0.850, 0.865)
ball pos: (0.000, -0.850, 0.865)
ball pos: (0.000, -0.850, 0.865)
frame-window: start-ns=130521440878652 end-ns=130526479477780
frame-profile: update frames=105 mean=1.4384 p50=1.4273 p95=1.5460 max=1.6467 cpu-ms
frame-profile: actors frames=105 mean=1.2619 p50=1.2447 p95=1.3528 max=1.4517 cpu-ms
frame-profile: director frames=105 mean=0.1119 p50=0.1078 p95=0.1259 max=0.1920 cpu-ms
frame-profile: render frames=105 mean=42.2680 p50=41.8365 p95=43.1515 max=57.4457 cpu-ms
frame-profile: school frames=105 mean=0.0000 p50=0.0000 p95=0.0000 max=0.0000 cpu-ms
frame-profile: pose frames=105 mean=0.0000 p50=0.0000 p95=0.0000 max=0.0000 cpu-ms
frame-profile: animation frames=105 mean=0.0000 p50=0.0000 p95=0.0000 max=0.0000 cpu-ms
frame-profile: total frames=105 mean=43.7064 p50=43.2571 p95=44.6975 max=58.8379 cpu-ms
frame-count: level-objects frames=105 mean=38.000
frame-count: render-actors frames=105 mean=26.000
frame-count: draws frames=105 mean=25.000
frame-count: triangles frames=105 mean=32891.000
frame-count: actor-mailbox-writes frames=105 mean=29.000
frame-count: fish-deformations frames=105 mean=0.000
ball pos: (0.000, -0.850, 0.865)
ball pos: (0.000, -0.850, 0.865)
ball pos: (0.000, -0.850, 0.865)
ball pos: (0.000, -0.850, 0.865)
frame-window: start-ns=130526479477780 end-ns=130531510501865
frame-profile: update frames=105 mean=1.4625 p50=1.4429 p95=1.5867 max=1.7343 cpu-ms
frame-profile: actors frames=105 mean=1.2833 p50=1.2660 p95=1.3990 max=1.5316 cpu-ms
frame-profile: director frames=105 mean=0.1144 p50=0.1107 p95=0.1303 max=0.1854 cpu-ms
frame-profile: render frames=105 mean=42.1914 p50=41.8684 p95=43.2312 max=48.6157 cpu-ms
frame-profile: school frames=105 mean=0.0000 p50=0.0000 p95=0.0000 max=0.0000 cpu-ms
frame-profile: pose frames=105 mean=0.0000 p50=0.0000 p95=0.0000 max=0.0000 cpu-ms
frame-profile: animation frames=105 mean=0.0000 p50=0.0000 p95=0.0000 max=0.0000 cpu-ms
frame-profile: total frames=105 mean=43.6539 p50=43.3503 p95=44.8043 max=50.1185 cpu-ms
frame-count: level-objects frames=105 mean=38.000
frame-count: render-actors frames=105 mean=26.000
frame-count: draws frames=105 mean=25.000
frame-count: triangles frames=105 mean=32891.000
frame-count: actor-mailbox-writes frames=105 mean=29.000
frame-count: fish-deformations frames=105 mean=0.000
ball pos: (0.000, -0.850, 0.865)
ball pos: (0.000, -0.850, 0.865)
ball pos: (0.000, -0.850, 0.865)
frame-window: start-ns=130531510501865 end-ns=130536521110243
frame-profile: update frames=105 mean=1.4480 p50=1.4264 p95=1.5711 max=1.7924 cpu-ms
frame-profile: actors frames=105 mean=1.2664 p50=1.2412 p95=1.3832 max=1.5419 cpu-ms
frame-profile: director frames=105 mean=0.1165 p50=0.1101 p95=0.1468 max=0.1880 cpu-ms
frame-profile: render frames=105 mean=42.0831 p50=41.8991 p95=43.2710 max=48.4681 cpu-ms
frame-profile: school frames=105 mean=0.0000 p50=0.0000 p95=0.0000 max=0.0000 cpu-ms
frame-profile: pose frames=105 mean=0.0000 p50=0.0000 p95=0.0000 max=0.0000 cpu-ms
frame-profile: animation frames=105 mean=0.0000 p50=0.0000 p95=0.0000 max=0.0000 cpu-ms
frame-profile: total frames=105 mean=43.5311 p50=43.3105 p95=44.8674 max=49.8578 cpu-ms
frame-count: level-objects frames=105 mean=38.000
frame-count: render-actors frames=105 mean=26.000
frame-count: draws frames=105 mean=25.000
frame-count: triangles frames=105 mean=32891.000
frame-count: actor-mailbox-writes frames=105 mean=29.000
frame-count: fish-deformations frames=105 mean=0.000
ball pos: (0.000, -0.850, 0.865)
ball pos: (0.000, -0.850, 0.865)
ball pos: (0.000, -0.850, 0.865)
ball pos: (0.000, -0.850, 0.865)
frame-window: start-ns=130536521110243 end-ns=130541527449162
frame-profile: update frames=103 mean=1.5155 p50=1.4774 p95=1.6201 max=4.6180 cpu-ms
frame-profile: actors frames=103 mean=1.3259 p50=1.2894 p95=1.4236 max=4.0813 cpu-ms
frame-profile: director frames=103 mean=0.1215 p50=0.1158 p95=0.1504 max=0.3917 cpu-ms
frame-profile: render frames=103 mean=42.5293 p50=42.3355 p95=44.0222 max=45.6097 cpu-ms
frame-profile: school frames=103 mean=0.0000 p50=0.0000 p95=0.0000 max=0.0000 cpu-ms
frame-profile: pose frames=103 mean=0.0000 p50=0.0000 p95=0.0000 max=0.0000 cpu-ms
frame-profile: animation frames=103 mean=0.0000 p50=0.0000 p95=0.0000 max=0.0000 cpu-ms
frame-profile: total frames=103 mean=44.0448 p50=43.8168 p95=45.6547 max=47.9752 cpu-ms
frame-count: level-objects frames=103 mean=38.000
frame-count: render-actors frames=103 mean=26.000
frame-count: draws frames=103 mean=25.000
frame-count: triangles frames=103 mean=32917.971
frame-count: actor-mailbox-writes frames=103 mean=29.000
frame-count: fish-deformations frames=103 mean=0.000
ball pos: (0.000, -0.850, 0.865)
ball pos: (0.000, -0.850, 0.865)
ball pos: (0.000, -0.850, 0.865)
frame-window: start-ns=130541527449162 end-ns=130546541253581
frame-profile: update frames=97 mean=1.5498 p50=1.5070 p95=1.7129 max=3.5732 cpu-ms
frame-profile: actors frames=97 mean=1.3541 p50=1.3177 p95=1.5005 max=3.1202 cpu-ms
frame-profile: director frames=97 mean=0.1278 p50=0.1215 p95=0.1582 max=0.4108 cpu-ms
frame-profile: render frames=97 mean=44.0635 p50=42.4087 p95=50.4263 max=57.3552 cpu-ms
frame-profile: school frames=97 mean=0.0000 p50=0.0000 p95=0.0000 max=0.0000 cpu-ms
frame-profile: pose frames=97 mean=0.0000 p50=0.0000 p95=0.0000 max=0.0000 cpu-ms
frame-profile: animation frames=97 mean=0.0000 p50=0.0000 p95=0.0000 max=0.0000 cpu-ms
frame-profile: total frames=97 mean=45.6133 p50=43.9192 p95=51.9862 max=58.7479 cpu-ms
frame-count: level-objects frames=97 mean=38.000
frame-count: render-actors frames=97 mean=26.000
frame-count: draws frames=97 mean=25.000
frame-count: triangles frames=97 mean=32965.598
frame-count: actor-mailbox-writes frames=97 mean=29.000
frame-count: fish-deformations frames=97 mean=0.000
ball pos: (0.000, -0.850, 0.865)
ball pos: (0.000, -0.850, 0.865)
ball pos: (0.000, -0.850, 0.865)
frame-window: start-ns=130546541253581 end-ns=130551548446708
frame-profile: update frames=100 mean=1.4937 p50=1.4824 p95=1.6123 max=1.7377 cpu-ms
frame-profile: actors frames=100 mean=1.3074 p50=1.2924 p95=1.4193 max=1.5420 cpu-ms
frame-profile: director frames=100 mean=0.1191 p50=0.1179 p95=0.1383 max=0.2042 cpu-ms
frame-profile: render frames=100 mean=43.2325 p50=42.2398 p95=49.1797 max=55.5224 cpu-ms
frame-profile: school frames=100 mean=0.0000 p50=0.0000 p95=0.0000 max=0.0000 cpu-ms
frame-profile: pose frames=100 mean=0.0000 p50=0.0000 p95=0.0000 max=0.0000 cpu-ms
frame-profile: animation frames=100 mean=0.0000 p50=0.0000 p95=0.0000 max=0.0000 cpu-ms
frame-profile: total frames=100 mean=44.7262 p50=43.7318 p95=50.6763 max=57.0584 cpu-ms
frame-count: level-objects frames=100 mean=38.000
frame-count: render-actors frames=100 mean=26.000
frame-count: draws frames=100 mean=25.000
frame-count: triangles frames=100 mean=32964.000
frame-count: actor-mailbox-writes frames=100 mean=29.000
frame-count: fish-deformations frames=100 mean=0.000
ball pos: (0.000, -0.850, 0.865)
ball pos: (0.000, -0.850, 0.865)
ball pos: (0.014, -0.850, 0.865)
frame-window: start-ns=130551548446708 end-ns=130556579292044
frame-profile: update frames=99 mean=1.5700 p50=1.5397 p95=1.7509 max=2.4179 cpu-ms
frame-profile: actors frames=99 mean=1.3674 p50=1.3381 p95=1.5330 max=2.0210 cpu-ms
frame-profile: director frames=99 mean=0.1312 p50=0.1264 p95=0.1513 max=0.4205 cpu-ms
frame-profile: render frames=99 mean=43.4856 p50=42.8662 p95=49.0778 max=55.7144 cpu-ms
frame-profile: school frames=99 mean=0.0000 p50=0.0000 p95=0.0000 max=0.0000 cpu-ms
frame-profile: pose frames=99 mean=0.0000 p50=0.0000 p95=0.0000 max=0.0000 cpu-ms
frame-profile: animation frames=99 mean=0.0000 p50=0.0000 p95=0.0000 max=0.0000 cpu-ms
frame-profile: total frames=99 mean=45.0556 p50=44.4045 p95=50.5068 max=57.1203 cpu-ms
frame-count: level-objects frames=99 mean=38.000
frame-count: render-actors frames=99 mean=26.000
frame-count: draws frames=99 mean=25.000
frame-count: triangles frames=99 mean=32974.010
frame-count: actor-mailbox-writes frames=99 mean=29.000
frame-count: fish-deformations frames=99 mean=0.000
ball pos: (0.028, -0.850, 0.865)
ball pos: (0.041, -0.850, 0.865)
ball pos: (0.057, -0.850, 0.865)
ball pos: (0.071, -0.850, 0.865)
frame-window: start-ns=130556579292044 end-ns=130561591148338
frame-profile: update frames=99 mean=1.5906 p50=1.5310 p95=1.7653 max=4.4253 cpu-ms
frame-profile: actors frames=99 mean=1.3896 p50=1.3349 p95=1.5545 max=3.8860 cpu-ms
frame-profile: director frames=99 mean=0.1301 p50=0.1237 p95=0.1454 max=0.5274 cpu-ms
frame-profile: render frames=99 mean=43.3136 p50=42.2924 p95=48.6019 max=55.3992 cpu-ms
frame-profile: school frames=99 mean=0.0000 p50=0.0000 p95=0.0000 max=0.0000 cpu-ms
frame-profile: pose frames=99 mean=0.0000 p50=0.0000 p95=0.0000 max=0.0000 cpu-ms
frame-profile: animation frames=99 mean=0.0000 p50=0.0000 p95=0.0000 max=0.0000 cpu-ms
frame-profile: total frames=99 mean=44.9041 p50=43.7633 p95=50.5907 max=56.9302 cpu-ms
frame-count: level-objects frames=99 mean=38.000
frame-count: render-actors frames=99 mean=26.000
frame-count: draws frames=99 mean=25.000
frame-count: triangles frames=99 mean=33032.505
frame-count: actor-mailbox-writes frames=99 mean=29.000
frame-count: fish-deformations frames=99 mean=0.000
ball pos: (0.084, -0.850, 0.865)
ball pos: (0.099, -0.850, 0.865)
ball pos: (0.113, -0.850, 0.865)
frame-window: start-ns=130561591148338 end-ns=130566611615965
frame-profile: update frames=97 mean=1.5783 p50=1.5354 p95=1.6988 max=4.6758 cpu-ms
frame-profile: actors frames=97 mean=1.3775 p50=1.3360 p95=1.4863 max=4.1180 cpu-ms
frame-profile: director frames=97 mean=0.1296 p50=0.1265 p95=0.1494 max=0.4155 cpu-ms
frame-profile: render frames=97 mean=44.2715 p50=42.9081 p95=52.3213 max=57.3513 cpu-ms
frame-profile: school frames=97 mean=0.0000 p50=0.0000 p95=0.0000 max=0.0000 cpu-ms
frame-profile: pose frames=97 mean=0.0000 p50=0.0000 p95=0.0000 max=0.0000 cpu-ms
frame-profile: animation frames=97 mean=0.0000 p50=0.0000 p95=0.0000 max=0.0000 cpu-ms
frame-profile: total frames=97 mean=45.8498 p50=44.4542 p95=53.8220 max=58.8870 cpu-ms
frame-count: level-objects frames=97 mean=38.000
frame-count: render-actors frames=97 mean=26.000
frame-count: draws frames=97 mean=25.000
frame-count: triangles frames=97 mean=33115.082
frame-count: actor-mailbox-writes frames=97 mean=29.000
frame-count: fish-deformations frames=97 mean=0.000
ball pos: (0.113, -0.850, 0.865)
delta too large: 0.2005157471
timeofday:1791027410:163706
lasttimeofday: 1791027409:963182
deltatime:0:200524
delta: 0.2005157471
ball pos: (0.113, -0.850, 0.865)
ball pos: (0.113, -0.850, 0.865)
