 (log → /storage/emulated/0/Android/data/org.worldfoundry.wf_game.aquarium/files/wf.log) ===
[130383.086954] (f_game.aquarium) Successfully parsed 1 environment variable(s) from /vendor/etc/mali_platform.config.
Could not open module param file '/sys/module/mali_kbase/parameters/large_page_conf'
[130383.095667] (f_game.aquarium) Successfully parsed 1 environment variable(s) from /vendor/etc/mali_platform.config.
audio: miniaudio v0.11.25 ready
wf_game v0.4.1, Built:Oct  1 2026,02:27:16 by kts
--frame-profile
argc = 2, commandIndex = 2
Level=-1
cerror:
cwarn:
cstats:
wf_game Ver 0.4.1, Built:Oct  1 2026,02:27:16 by kts
DBSTREAMS jolt: RegisterDefaultAllocator
jolt: Factory
jolt: RegisterTypes
jolt: RunSelftest
jolt: selftest ok (sphere fell to z=5.098)
jolt: backend init
jolt: backend ready (gravity -Z)
jolt: init complete
LMalloc of 76 not 8-byte aligned, rounding up
Opening cd.iff
LMalloc of 447 not 8-byte aligned, rounding up
zforth: INDEXOF_CAMSHOT = 1921 (expect 1921)
zforth: INDEXOF_CAMSHOT = 1921 (expect 1921)
LMalloc of 20 not 8-byte aligned, rounding up
LMalloc of 412 not 8-byte aligned, rounding up
LMalloc of 7620 not 8-byte aligned, rounding up
LMalloc of 20 not 8-byte aligned, rounding up
LMalloc of 20 not 8-byte aligned, rounding up
LMalloc of 44 not 8-byte aligned, rounding up
LMalloc of 44 not 8-byte aligned, rounding up
LMalloc of 44 not 8-byte aligned, rounding up
LMalloc of 44 not 8-byte aligned, rounding up
LMalloc of 44 not 8-byte aligned, rounding up
LMalloc of 44 not 8-byte aligned, rounding up
LMalloc of 44 not 8-byte aligned, rounding up
LMalloc of 44 not 8-byte aligned, rounding up
LMalloc of 44 not 8-byte aligned, rounding up
LMalloc of 44 not 8-byte aligned, rounding up
LMalloc of 44 not 8-byte aligned, rounding up
LMalloc of 44 not 8-byte aligned, rounding up
LMalloc of 44 not 8-byte aligned, rounding up
LMalloc of 44 not 8-byte aligned, rounding up
LMalloc of 44 not 8-byte aligned, rounding up
LMalloc of 44 not 8-byte aligned, rounding up
LMalloc of 44 not 8-byte aligned, rounding up
LMalloc of 44 not 8-byte aligned, rounding up
LMalloc of 44 not 8-byte aligned, rounding up
LMalloc of 44 not 8-byte aligned, rounding up
LMalloc of 44 not 8-byte aligned, rounding up
Level::Level: leveldata= 0xe1903728, object count  = 39
ASS closed without all data read (bytesLeft = 4118)
ASS closed without all data read (bytesLeft = 150)
ASS closed without all data read (bytesLeft = 16)
ASS closed without all data read (bytesLeft = 16)
ASS closed without all data read (bytesLeft = 13508)
DMalloc of 84 not 8-byte aligned, rounding up
LMalloc of 76 not 8-byte aligned, rounding up
PixelMap::Load: this = 0xe002b898
PixelMap::Load: this = 0xe002b8c8
LMalloc of 28 not 8-byte aligned, rounding up
LMalloc of 28 not 8-byte aligned, rounding up
LMalloc of 28 not 8-byte aligned, rounding up
LMalloc of 28 not 8-byte aligned, rounding up
LMalloc of 972 not 8-byte aligned, rounding up
LMalloc of 172 not 8-byte aligned, rounding up
LMalloc of 68 not 8-byte aligned, rounding up
LMalloc of 100 not 8-byte aligned, rounding up
DMalloc of 228 not 8-byte aligned, rounding up
[Actor] idx=2 class=23 commonOff=9516 NumberOfLocalMailboxes=0
DMalloc of 84 not 8-byte aligned, rounding up
[Actor] idx=3 class=13 commonOff=9516 NumberOfLocalMailboxes=0
DMalloc of 84 not 8-byte aligned, rounding up
this = 0xe002ee78,setting _memory to 0xe002ea98
DMalloc of 52 not 8-byte aligned, rounding up
DMalloc of 252 not 8-byte aligned, rounding up
[Actor] idx=4 class=20 commonOff=10228 NumberOfLocalMailboxes=0
DMalloc of 84 not 8-byte aligned, rounding up
DMalloc of 228 not 8-byte aligned, rounding up
[Actor] idx=6 class=11 commonOff=9516 NumberOfLocalMailboxes=0
DMalloc of 84 not 8-byte aligned, rounding up
[Actor] idx=7 class=16 commonOff=9516 NumberOfLocalMailboxes=0
DMalloc of 84 not 8-byte aligned, rounding up
[Actor] idx=8 class=3 commonOff=9516 NumberOfLocalMailboxes=0
DMalloc of 84 not 8-byte aligned, rounding up
[Actor] idx=9 class=22 commonOff=10968 NumberOfLocalMailboxes=6
DMalloc of 84 not 8-byte aligned, rounding up
jolt: character 0 created at (0.00, -0.85, 0.86) ctr=(0.00,0.00,0.00)
[Actor] idx=10 class=7 commonOff=9516 NumberOfLocalMailboxes=0
DMalloc of 84 not 8-byte aligned, rounding up
[Actor] idx=11 class=7 commonOff=9516 NumberOfLocalMailboxes=0
DMalloc of 84 not 8-byte aligned, rounding up
[Actor] idx=12 class=7 commonOff=9516 NumberOfLocalMailboxes=0
DMalloc of 84 not 8-byte aligned, rounding up
[Actor] idx=13 class=7 commonOff=9516 NumberOfLocalMailboxes=0
DMalloc of 84 not 8-byte aligned, rounding up
[Actor] idx=14 class=7 commonOff=9516 NumberOfLocalMailboxes=0
DMalloc of 84 not 8-byte aligned, rounding up
[Actor] idx=15 class=7 commonOff=9516 NumberOfLocalMailboxes=0
DMalloc of 84 not 8-byte aligned, rounding up
[Actor] idx=16 class=7 commonOff=9516 NumberOfLocalMailboxes=0
DMalloc of 84 not 8-byte aligned, rounding up
[Actor] idx=17 class=7 commonOff=9516 NumberOfLocalMailboxes=0
DMalloc of 84 not 8-byte aligned, rounding up
[Actor] idx=18 class=5 commonOff=9516 NumberOfLocalMailboxes=0
jolt: body STATIC pos=(0.00,0.00,0.00) half=(6.10,1.65,0.12) id=8388608
[Actor] idx=19 class=5 commonOff=9516 NumberOfLocalMailboxes=0
jolt: body STATIC pos=(0.00,1.53,2.73) half=(5.97,0.12,2.10) id=8388609
[Actor] idx=20 class=5 commonOff=9516 NumberOfLocalMailboxes=0
jolt: body STATIC pos=(0.00,1.53,5.08) half=(6.10,0.12,0.25) id=8388610
[Actor] idx=21 class=5 commonOff=9516 NumberOfLocalMailboxes=0
jolt: body STATIC pos=(-6.09,0.00,2.67) half=(0.12,1.65,2.67) id=8388611
[Actor] idx=22 class=5 commonOff=9516 NumberOfLocalMailboxes=0
jolt: body STATIC pos=(5.97,0.00,2.67) half=(0.12,1.65,2.67) id=8388612
[Actor] idx=23 class=5 commonOff=9516 NumberOfLocalMailboxes=0
jolt: body STATIC pos=(0.00,-1.78,2.67) half=(6.10,0.12,2.67) id=8388613
[Actor] idx=24 class=7 commonOff=9516 NumberOfLocalMailboxes=0
DMalloc of 84 not 8-byte aligned, rounding up
[Actor] idx=25 class=5 commonOff=9516 NumberOfLocalMailboxes=0
jolt: body STATIC pos=(0.00,0.00,0.38) half=(5.97,1.52,0.25) id=8388614
[Actor] idx=26 class=7 commonOff=11540 NumberOfLocalMailboxes=0
DMalloc of 84 not 8-byte aligned, rounding up
[Actor] idx=27 class=7 commonOff=11584 NumberOfLocalMailboxes=0
DMalloc of 84 not 8-byte aligned, rounding up
[Actor] idx=28 class=7 commonOff=11628 NumberOfLocalMailboxes=0
DMalloc of 84 not 8-byte aligned, rounding up
[Actor] idx=29 class=7 commonOff=11628 NumberOfLocalMailboxes=0
DMalloc of 84 not 8-byte aligned, rounding up
[Actor] idx=30 class=7 commonOff=11672 NumberOfLocalMailboxes=0
DMalloc of 84 not 8-byte aligned, rounding up
[Actor] idx=31 class=7 commonOff=11716 NumberOfLocalMailboxes=0
DMalloc of 84 not 8-byte aligned, rounding up
[Actor] idx=32 class=7 commonOff=11760 NumberOfLocalMailboxes=0
DMalloc of 84 not 8-byte aligned, rounding up
[Actor] idx=33 class=7 commonOff=11804 NumberOfLocalMailboxes=0
DMalloc of 84 not 8-byte aligned, rounding up
[Actor] idx=34 class=5 commonOff=9516 NumberOfLocalMailboxes=0
jolt: body STATIC pos=(0.00,0.00,-1.26) half=(6.25,1.80,1.24) id=8388615
[Actor] idx=35 class=5 commonOff=9516 NumberOfLocalMailboxes=0
jolt: body STATIC pos=(0.00,2.97,7.50) half=(30.00,0.12,12.50) id=8388616
DMalloc of 228 not 8-byte aligned, rounding up
[Actor] idx=36 class=23 commonOff=9516 NumberOfLocalMailboxes=0
DMalloc of 84 not 8-byte aligned, rounding up
[Actor] idx=37 class=3 commonOff=9516 NumberOfLocalMailboxes=0
DMalloc of 84 not 8-byte aligned, rounding up
[Actor] idx=38 class=16 commonOff=9516 NumberOfLocalMailboxes=0
DMalloc of 84 not 8-byte aligned, rounding up
LMalloc of 20 not 8-byte aligned, rounding up
LMalloc of 212 not 8-byte aligned, rounding up
DMalloc of 76 not 8-byte aligned, rounding up
DMalloc of 404 not 8-byte aligned, rounding up
DMalloc of 458 not 8-byte aligned, rounding up
DMalloc of 466 not 8-byte aligned, rounding up
DMalloc of 404 not 8-byte aligned, rounding up
Walking from 0
0->0
0->0
LMalloc of 20 not 8-byte aligned, rounding up
LMalloc of 20 not 8-byte aligned, rounding up
ASS closed without all data read (bytesLeft = 4118)
ASS closed without all data read (bytesLeft = 150)
ASS closed without all data read (bytesLeft = 16)
ASS closed without all data read (bytesLeft = 16)
ASS closed without all data read (bytesLeft = 1516)
ASS closed without all data read (bytesLeft = 588)
ASS closed without all data read (bytesLeft = 4692)
ASS closed without all data read (bytesLeft = 588)
ASS closed without all data read (bytesLeft = 588)
ASS closed without all data read (bytesLeft = 588)
ASS closed without all data read (bytesLeft = 588)
ASS closed without all data read (bytesLeft = 1260)
ASS closed without all data read (bytesLeft = 588)
ASS closed without all data read (bytesLeft = 85676)
ASS closed without all data read (bytesLeft = 91116)
ASS closed without all data read (bytesLeft = 99276)
ASS closed without all data read (bytesLeft = 77516)
ASS closed without all data read (bytesLeft = 70076)
ASS closed without all data read (bytesLeft = 70076)
ASS closed without all data read (bytesLeft = 71020)
ASS closed without all data read (bytesLeft = 69132)
ASS closed without all data read (bytesLeft = 588)
ASS closed without all data read (bytesLeft = 588)
DMalloc of 84 not 8-byte aligned, rounding up
LMalloc of 292 not 8-byte aligned, rounding up
PixelMap::Load: this = 0xe002b8f8
PixelMap::Load: this = 0xe002b928
LMalloc of 28 not 8-byte aligned, rounding up
LMalloc of 28 not 8-byte aligned, rounding up
LMalloc of 28 not 8-byte aligned, rounding up
LMalloc of 28 not 8-byte aligned, rounding up
LMalloc of 44 not 8-byte aligned, rounding up
LMalloc of 44 not 8-byte aligned, rounding up
LMalloc of 268 not 8-byte aligned, rounding up
LMalloc of 44 not 8-byte aligned, rounding up
LMalloc of 8276 not 8-byte aligned, rounding up
RenderActor3DAnimates constructed with no animations!
LMalloc of 44 not 8-byte aligned, rounding up
LMalloc of 44 not 8-byte aligned, rounding up
LMalloc of 100 not 8-byte aligned, rounding up
LMalloc of 44 not 8-byte aligned, rounding up
LMalloc of 1156 not 8-byte aligned, rounding up
RenderActor3DAnimates constructed with no animations!
LMalloc of 44 not 8-byte aligned, rounding up
LMalloc of 44 not 8-byte aligned, rounding up
LMalloc of 100 not 8-byte aligned, rounding up
LMalloc of 44 not 8-byte aligned, rounding up
LMalloc of 1156 not 8-byte aligned, rounding up
RenderActor3DAnimates constructed with no animations!
LMalloc of 44 not 8-byte aligned, rounding up
LMalloc of 44 not 8-byte aligned, rounding up
LMalloc of 100 not 8-byte aligned, rounding up
LMalloc of 44 not 8-byte aligned, rounding up
LMalloc of 1156 not 8-byte aligned, rounding up
RenderActor3DAnimates constructed with no animations!
LMalloc of 44 not 8-byte aligned, rounding up
LMalloc of 44 not 8-byte aligned, rounding up
LMalloc of 100 not 8-byte aligned, rounding up
LMalloc of 44 not 8-byte aligned, rounding up
LMalloc of 1156 not 8-byte aligned, rounding up
RenderActor3DAnimates constructed with no animations!
LMalloc of 44 not 8-byte aligned, rounding up
LMalloc of 44 not 8-byte aligned, rounding up
LMalloc of 100 not 8-byte aligned, rounding up
LMalloc of 44 not 8-byte aligned, rounding up
LMalloc of 1156 not 8-byte aligned, rounding up
RenderActor3DAnimates constructed with no animations!
LMalloc of 44 not 8-byte aligned, rounding up
LMalloc of 44 not 8-byte aligned, rounding up
LMalloc of 100 not 8-byte aligned, rounding up
LMalloc of 44 not 8-byte aligned, rounding up
LMalloc of 1156 not 8-byte aligned, rounding up
RenderActor3DAnimates constructed with no animations!
LMalloc of 44 not 8-byte aligned, rounding up
LMalloc of 44 not 8-byte aligned, rounding up
LMalloc of 100 not 8-byte aligned, rounding up
LMalloc of 44 not 8-byte aligned, rounding up
LMalloc of 1156 not 8-byte aligned, rounding up
RenderActor3DAnimates constructed with no animations!
LMalloc of 44 not 8-byte aligned, rounding up
LMalloc of 44 not 8-byte aligned, rounding up
LMalloc of 100 not 8-byte aligned, rounding up
LMalloc of 44 not 8-byte aligned, rounding up
LMalloc of 1156 not 8-byte aligned, rounding up
RenderActor3DAnimates constructed with no animations!
LMalloc of 44 not 8-byte aligned, rounding up
LMalloc of 44 not 8-byte aligned, rounding up
LMalloc of 100 not 8-byte aligned, rounding up
LMalloc of 44 not 8-byte aligned, rounding up
LMalloc of 276 not 8-byte aligned, rounding up
RenderActor3DAnimates constructed with no animations!
LMalloc of 44 not 8-byte aligned, rounding up
LMalloc of 44 not 8-byte aligned, rounding up
MATL closed without all data read (bytesLeft = 264)
LMalloc of 44 not 8-byte aligned, rounding up
jolt: mesh actor_pos=(0.000,0.000,0.000)
jolt: mesh v0 local=(-6.096,-1.651,0.000) world=(-6.096,-1.651,0.000)
jolt: mesh v1 local=(-6.096,-1.651,0.127) world=(-6.096,-1.651,0.127)
jolt: mesh v2 local=(-6.096,1.651,0.000) world=(-6.096,1.651,0.000)
jolt: mesh v3 local=(-6.096,1.651,0.127) world=(-6.096,1.651,0.127)
jolt: mesh v4 local=(6.096,-1.651,0.000) world=(6.096,-1.651,0.000)
jolt: mesh v5 local=(6.096,-1.651,0.127) world=(6.096,-1.651,0.127)
jolt: mesh v6 local=(6.096,1.651,0.000) world=(6.096,1.651,0.000)
jolt: mesh v7 local=(6.096,1.651,0.127) world=(6.096,1.651,0.127)
jolt: body MESH_STATIC verts=8 faces=12 id=16777216
LMalloc of 44 not 8-byte aligned, rounding up
LMalloc of 44 not 8-byte aligned, rounding up
LMalloc of 44 not 8-byte aligned, rounding up
LMalloc of 2436 not 8-byte aligned, rounding up
RenderActor3DAnimates constructed with no animations!
LMalloc of 44 not 8-byte aligned, rounding up
LMalloc of 44 not 8-byte aligned, rounding up
MATL closed without all data read (bytesLeft = 2640)
LMalloc of 44 not 8-byte aligned, rounding up
jolt: mesh actor_pos=(0.000,0.000,0.000)
jolt: mesh v0 local=(-5.969,1.524,0.635) world=(-5.969,1.524,0.635)
jolt: mesh v1 local=(-5.969,1.524,1.054) world=(-5.969,1.524,1.054)
jolt: mesh v2 local=(-5.969,1.524,1.473) world=(-5.969,1.524,1.473)
jolt: mesh v3 local=(-5.969,1.524,1.892) world=(-5.969,1.524,1.892)
jolt: mesh v4 local=(-5.969,1.524,2.311) world=(-5.969,1.524,2.311)
jolt: mesh v5 local=(-5.969,1.524,2.730) world=(-5.969,1.524,2.730)
jolt: mesh v6 local=(-5.969,1.524,3.150) world=(-5.969,1.524,3.150)
jolt: mesh v7 local=(-5.969,1.524,3.569) world=(-5.969,1.524,3.569)
jolt: mesh v8 local=(-5.969,1.524,3.988) world=(-5.969,1.524,3.988)
jolt: mesh v9 local=(-5.969,1.524,4.407) world=(-5.969,1.524,4.407)
jolt: mesh v10 local=(-5.969,1.524,4.826) world=(-5.969,1.524,4.826)
jolt: mesh v11 local=(-5.969,1.651,0.635) world=(-5.969,1.651,0.635)
jolt: mesh v12 local=(-5.969,1.651,1.054) world=(-5.969,1.651,1.054)
jolt: mesh v13 local=(-5.969,1.651,1.473) world=(-5.969,1.651,1.473)
jolt: mesh v14 local=(-5.969,1.651,1.892) world=(-5.969,1.651,1.892)
jolt: mesh v15 local=(-5.969,1.651,2.311) world=(-5.969,1.651,2.311)
jolt: mesh v16 local=(-5.969,1.651,2.730) world=(-5.969,1.651,2.730)
jolt: mesh v17 local=(-5.969,1.651,3.150) world=(-5.969,1.651,3.150)
jolt: mesh v18 local=(-5.969,1.651,3.569) world=(-5.969,1.651,3.569)
jolt: mesh v19 local=(-5.969,1.651,3.988) world=(-5.969,1.651,3.988)
jolt: mesh v20 local=(-5.969,1.651,4.407) world=(-5.969,1.651,4.407)
jolt: mesh v21 local=(-5.969,1.651,4.826) world=(-5.969,1.651,4.826)
jolt: mesh v22 local=(5.969,1.524,0.635) world=(5.969,1.524,0.635)
jolt: mesh v23 local=(5.969,1.524,1.054) world=(5.969,1.524,1.054)
jolt: mesh v24 local=(5.969,1.524,1.473) world=(5.969,1.524,1.473)
jolt: mesh v25 local=(5.969,1.524,1.892) world=(5.969,1.524,1.892)
jolt: mesh v26 local=(5.969,1.524,2.311) world=(5.969,1.524,2.311)
jolt: mesh v27 local=(5.969,1.524,2.730) world=(5.969,1.524,2.730)
jolt: mesh v28 local=(5.969,1.524,3.150) world=(5.969,1.524,3.150)
jolt: mesh v29 local=(5.969,1.524,3.569) world=(5.969,1.524,3.569)
jolt: mesh v30 local=(5.969,1.524,3.988) world=(5.969,1.524,3.988)
jolt: mesh v31 local=(5.969,1.524,4.407) world=(5.969,1.524,4.407)
jolt: mesh v32 local=(5.969,1.524,4.826) world=(5.969,1.524,4.826)
jolt: mesh v33 local=(5.969,1.651,0.635) world=(5.969,1.651,0.635)
jolt: mesh v34 local=(5.969,1.651,1.054) world=(5.969,1.651,1.054)
jolt: mesh v35 local=(5.969,1.651,1.473) world=(5.969,1.651,1.473)
jolt: mesh v36 local=(5.969,1.651,1.892) world=(5.969,1.651,1.892)
jolt: mesh v37 local=(5.969,1.651,2.311) world=(5.969,1.651,2.311)
jolt: mesh v38 local=(5.969,1.651,2.730) world=(5.969,1.651,2.730)
jolt: mesh v39 local=(5.969,1.651,3.150) world=(5.969,1.651,3.150)
jolt: mesh v40 local=(5.969,1.651,3.569) world=(5.969,1.651,3.569)
jolt: mesh v41 local=(5.969,1.651,3.988) world=(5.969,1.651,3.988)
jolt: mesh v42 local=(5.969,1.651,4.407) world=(5.969,1.651,4.407)
jolt: mesh v43 local=(5.969,1.651,4.826) world=(5.969,1.651,4.826)
jolt: body MESH_STATIC verts=44 faces=120 id=16777217
LMalloc of 44 not 8-byte aligned, rounding up
LMalloc of 44 not 8-byte aligned, rounding up
LMalloc of 100 not 8-byte aligned, rounding up
LMalloc of 44 not 8-byte aligned, rounding up
LMalloc of 276 not 8-byte aligned, rounding up
RenderActor3DAnimates constructed with no animations!
LMalloc of 44 not 8-byte aligned, rounding up
LMalloc of 44 not 8-byte aligned, rounding up
MATL closed without all data read (bytesLeft = 264)
LMalloc of 44 not 8-byte aligned, rounding up
jolt: mesh actor_pos=(0.000,0.000,0.000)
jolt: mesh v0 local=(-6.096,1.524,4.826) world=(-6.096,1.524,4.826)
jolt: mesh v1 local=(-6.096,1.524,5.334) world=(-6.096,1.524,5.334)
jolt: mesh v2 local=(-6.096,1.651,4.826) world=(-6.096,1.651,4.826)
jolt: mesh v3 local=(-6.096,1.651,5.334) world=(-6.096,1.651,5.334)
jolt: mesh v4 local=(6.096,1.524,4.826) world=(6.096,1.524,4.826)
jolt: mesh v5 local=(6.096,1.524,5.334) world=(6.096,1.524,5.334)
jolt: mesh v6 local=(6.096,1.651,4.826) world=(6.096,1.651,4.826)
jolt: mesh v7 local=(6.096,1.651,5.334) world=(6.096,1.651,5.334)
jolt: body MESH_STATIC verts=8 faces=12 id=16777218
LMalloc of 44 not 8-byte aligned, rounding up
LMalloc of 44 not 8-byte aligned, rounding up
LMalloc of 100 not 8-byte aligned, rounding up
LMalloc of 44 not 8-byte aligned, rounding up
LMalloc of 276 not 8-byte aligned, rounding up
RenderActor3DAnimates constructed with no animations!
LMalloc of 44 not 8-byte aligned, rounding up
LMalloc of 44 not 8-byte aligned, rounding up
MATL closed without all data read (bytesLeft = 264)
LMalloc of 44 not 8-byte aligned, rounding up
jolt: mesh actor_pos=(0.000,0.000,0.000)
jolt: mesh v0 local=(-6.096,-1.651,0.000) world=(-6.096,-1.651,0.000)
jolt: mesh v1 local=(-6.096,-1.651,5.334) world=(-6.096,-1.651,5.334)
jolt: mesh v2 local=(-6.096,1.651,0.000) world=(-6.096,1.651,0.000)
jolt: mesh v3 local=(-6.096,1.651,5.334) world=(-6.096,1.651,5.334)
jolt: mesh v4 local=(-5.969,-1.651,0.000) world=(-5.969,-1.651,0.000)
jolt: mesh v5 local=(-5.969,-1.651,5.334) world=(-5.969,-1.651,5.334)
jolt: mesh v6 local=(-5.969,1.651,0.000) world=(-5.969,1.651,0.000)
jolt: mesh v7 local=(-5.969,1.651,5.334) world=(-5.969,1.651,5.334)
jolt: body MESH_STATIC verts=8 faces=12 id=16777219
LMalloc of 44 not 8-byte aligned, rounding up
LMalloc of 44 not 8-byte aligned, rounding up
LMalloc of 100 not 8-byte aligned, rounding up
LMalloc of 44 not 8-byte aligned, rounding up
LMalloc of 276 not 8-byte aligned, rounding up
RenderActor3DAnimates constructed with no animations!
LMalloc of 44 not 8-byte aligned, rounding up
LMalloc of 44 not 8-byte aligned, rounding up
MATL closed without all data read (bytesLeft = 264)
LMalloc of 44 not 8-byte aligned, rounding up
jolt: mesh actor_pos=(0.000,0.000,0.000)
jolt: mesh v0 local=(5.969,-1.651,0.000) world=(5.969,-1.651,0.000)
jolt: mesh v1 local=(5.969,-1.651,5.334) world=(5.969,-1.651,5.334)
jolt: mesh v2 local=(5.969,1.651,0.000) world=(5.969,1.651,0.000)
jolt: mesh v3 local=(5.969,1.651,5.334) world=(5.969,1.651,5.334)
jolt: mesh v4 local=(6.096,-1.651,0.000) world=(6.096,-1.651,0.000)
jolt: mesh v5 local=(6.096,-1.651,5.334) world=(6.096,-1.651,5.334)
jolt: mesh v6 local=(6.096,1.651,0.000) world=(6.096,1.651,0.000)
jolt: mesh v7 local=(6.096,1.651,5.334) world=(6.096,1.651,5.334)
jolt: body MESH_STATIC verts=8 faces=12 id=16777220
LMalloc of 44 not 8-byte aligned, rounding up
LMalloc of 44 not 8-byte aligned, rounding up
LMalloc of 100 not 8-byte aligned, rounding up
LMalloc of 44 not 8-byte aligned, rounding up
LMalloc of 276 not 8-byte aligned, rounding up
RenderActor3DAnimates constructed with no animations!
LMalloc of 44 not 8-byte aligned, rounding up
LMalloc of 44 not 8-byte aligned, rounding up
MATL closed without all data read (bytesLeft = 264)
LMalloc of 44 not 8-byte aligned, rounding up
jolt: mesh actor_pos=(0.000,0.000,0.000)
jolt: mesh v0 local=(-6.096,-1.778,0.000) world=(-6.096,-1.778,0.000)
jolt: mesh v1 local=(-6.096,-1.778,5.334) world=(-6.096,-1.778,5.334)
jolt: mesh v2 local=(-6.096,-1.651,0.000) world=(-6.096,-1.651,0.000)
jolt: mesh v3 local=(-6.096,-1.651,5.334) world=(-6.096,-1.651,5.334)
jolt: mesh v4 local=(6.096,-1.778,0.000) world=(6.096,-1.778,0.000)
jolt: mesh v5 local=(6.096,-1.778,5.334) world=(6.096,-1.778,5.334)
jolt: mesh v6 local=(6.096,-1.651,0.000) world=(6.096,-1.651,0.000)
jolt: mesh v7 local=(6.096,-1.651,5.334) world=(6.096,-1.651,5.334)
jolt: body MESH_STATIC verts=8 faces=12 id=16777221
LMalloc of 44 not 8-byte aligned, rounding up
LMalloc of 44 not 8-byte aligned, rounding up
LMalloc of 100 not 8-byte aligned, rounding up
LMalloc of 44 not 8-byte aligned, rounding up
LMalloc of 996 not 8-byte aligned, rounding up
RenderActor3DAnimates constructed with no animations!
LMalloc of 44 not 8-byte aligned, rounding up
LMalloc of 44 not 8-byte aligned, rounding up
LMalloc of 100 not 8-byte aligned, rounding up
LMalloc of 44 not 8-byte aligned, rounding up
LMalloc of 276 not 8-byte aligned, rounding up
RenderActor3DAnimates constructed with no animations!
LMalloc of 44 not 8-byte aligned, rounding up
LMalloc of 44 not 8-byte aligned, rounding up
MATL closed without all data read (bytesLeft = 264)
LMalloc of 44 not 8-byte aligned, rounding up
jolt: mesh actor_pos=(0.000,0.000,0.000)
jolt: mesh v0 local=(-5.969,-1.524,0.127) world=(-5.969,-1.524,0.127)
jolt: mesh v1 local=(-5.969,-1.524,0.635) world=(-5.969,-1.524,0.635)
jolt: mesh v2 local=(-5.969,1.524,0.127) world=(-5.969,1.524,0.127)
jolt: mesh v3 local=(-5.969,1.524,0.635) world=(-5.969,1.524,0.635)
jolt: mesh v4 local=(5.969,-1.524,0.127) world=(5.969,-1.524,0.127)
jolt: mesh v5 local=(5.969,-1.524,0.635) world=(5.969,-1.524,0.635)
jolt: mesh v6 local=(5.969,1.524,0.127) world=(5.969,1.524,0.127)
jolt: mesh v7 local=(5.969,1.524,0.635) world=(5.969,1.524,0.635)
jolt: body MESH_STATIC verts=8 faces=12 id=16777222
LMalloc of 44 not 8-byte aligned, rounding up
LMalloc of 44 not 8-byte aligned, rounding up
LMalloc of 436 not 8-byte aligned, rounding up
LMalloc of 44 not 8-byte aligned, rounding up
LMalloc of 69476 not 8-byte aligned, rounding up
RenderActor3DAnimates constructed with no animations!
LMalloc of 44 not 8-byte aligned, rounding up
LMalloc of 44 not 8-byte aligned, rounding up
LMalloc of 436 not 8-byte aligned, rounding up
LMalloc of 44 not 8-byte aligned, rounding up
LMalloc of 73956 not 8-byte aligned, rounding up
RenderActor3DAnimates constructed with no animations!
LMalloc of 44 not 8-byte aligned, rounding up
LMalloc of 44 not 8-byte aligned, rounding up
LMalloc of 436 not 8-byte aligned, rounding up
LMalloc of 44 not 8-byte aligned, rounding up
LMalloc of 80676 not 8-byte aligned, rounding up
RenderActor3DAnimates constructed with no animations!
LMalloc of 44 not 8-byte aligned, rounding up
LMalloc of 44 not 8-byte aligned, rounding up
LMalloc of 436 not 8-byte aligned, rounding up
LMalloc of 44 not 8-byte aligned, rounding up
LMalloc of 62756 not 8-byte aligned, rounding up
RenderActor3DAnimates constructed with no animations!
LMalloc of 44 not 8-byte aligned, rounding up
LMalloc of 44 not 8-byte aligned, rounding up
LMalloc of 268 not 8-byte aligned, rounding up
LMalloc of 44 not 8-byte aligned, rounding up
LMalloc of 58916 not 8-byte aligned, rounding up
RenderActor3DAnimates constructed with no animations!
LMalloc of 44 not 8-byte aligned, rounding up
LMalloc of 44 not 8-byte aligned, rounding up
LMalloc of 268 not 8-byte aligned, rounding up
LMalloc of 44 not 8-byte aligned, rounding up
LMalloc of 58916 not 8-byte aligned, rounding up
RenderActor3DAnimates constructed with no animations!
LMalloc of 44 not 8-byte aligned, rounding up
LMalloc of 44 not 8-byte aligned, rounding up
LMalloc of 268 not 8-byte aligned, rounding up
LMalloc of 44 not 8-byte aligned, rounding up
LMalloc of 59716 not 8-byte aligned, rounding up
RenderActor3DAnimates constructed with no animations!
LMalloc of 44 not 8-byte aligned, rounding up
LMalloc of 44 not 8-byte aligned, rounding up
LMalloc of 268 not 8-byte aligned, rounding up
LMalloc of 44 not 8-byte aligned, rounding up
LMalloc of 58116 not 8-byte aligned, rounding up
RenderActor3DAnimates constructed with no animations!
LMalloc of 44 not 8-byte aligned, rounding up
LMalloc of 44 not 8-byte aligned, rounding up
LMalloc of 100 not 8-byte aligned, rounding up
LMalloc of 44 not 8-byte aligned, rounding up
LMalloc of 276 not 8-byte aligned, rounding up
RenderActor3DAnimates constructed with no animations!
LMalloc of 44 not 8-byte aligned, rounding up
LMalloc of 44 not 8-byte aligned, rounding up
MATL closed without all data read (bytesLeft = 264)
LMalloc of 44 not 8-byte aligned, rounding up
jolt: mesh actor_pos=(0.000,0.000,0.000)
jolt: mesh v0 local=(-6.246,-1.801,-2.500) world=(-6.246,-1.801,-2.500)
jolt: mesh v1 local=(-6.246,-1.801,-0.025) world=(-6.246,-1.801,-0.025)
jolt: mesh v2 local=(-6.246,1.801,-2.500) world=(-6.246,1.801,-2.500)
jolt: mesh v3 local=(-6.246,1.801,-0.025) world=(-6.246,1.801,-0.025)
jolt: mesh v4 local=(6.246,-1.801,-2.500) world=(6.246,-1.801,-2.500)
jolt: mesh v5 local=(6.246,-1.801,-0.025) world=(6.246,-1.801,-0.025)
jolt: mesh v6 local=(6.246,1.801,-2.500) world=(6.246,1.801,-2.500)
jolt: mesh v7 local=(6.246,1.801,-0.025) world=(6.246,1.801,-0.025)
jolt: body MESH_STATIC verts=8 faces=12 id=16777223
LMalloc of 44 not 8-byte aligned, rounding up
LMalloc of 44 not 8-byte aligned, rounding up
LMalloc of 100 not 8-byte aligned, rounding up
LMalloc of 44 not 8-byte aligned, rounding up
LMalloc of 276 not 8-byte aligned, rounding up
RenderActor3DAnimates constructed with no animations!
LMalloc of 44 not 8-byte aligned, rounding up
LMalloc of 44 not 8-byte aligned, rounding up
MATL closed without all data read (bytesLeft = 264)
LMalloc of 44 not 8-byte aligned, rounding up
jolt: mesh actor_pos=(0.000,0.000,0.000)
jolt: mesh v0 local=(-30.000,3.000,-5.000) world=(-30.000,3.000,-5.000)
jolt: mesh v1 local=(-30.000,3.000,20.000) world=(-30.000,3.000,20.000)
jolt: mesh v2 local=(-30.000,3.100,-5.000) world=(-30.000,3.100,-5.000)
jolt: mesh v3 local=(-30.000,3.100,20.000) world=(-30.000,3.100,20.000)
jolt: mesh v4 local=(30.000,3.000,-5.000) world=(30.000,3.000,-5.000)
jolt: mesh v5 local=(30.000,3.000,20.000) world=(30.000,3.000,20.000)
jolt: mesh v6 local=(30.000,3.100,-5.000) world=(30.000,3.100,-5.000)
jolt: mesh v7 local=(30.000,3.100,20.000) world=(30.000,3.100,20.000)
jolt: body MESH_STATIC verts=8 faces=12 id=16777224
zforth: INDEXOF_CAMSHOT = 1921 (expect 1921)
zforth: INDEXOF_CAMSHOT = 1921 (expect 1921)
jolt: OptimizeBroadPhase done (9 static bodies)
audio: MusicPlayer — soundfont not found: florestan-subset.sf2
audio: sfx[0] not found: wflevels/qbert_practice/sfx/qbert_hop.wav
audio: sfx[1] not found: wflevels/qbert_practice/sfx/qbert_land.wav
audio: sfx[2] not found: wflevels/qbert_practice/sfx/qbert_fall.wav
audio: sfx[3] not found: wflevels/qbert_practice/sfx/qbert_swear.wav
audio: sfx[4] not found: wflevels/qbert_practice/sfx/qbert_round_clear.wav
audio: sfx[5] not found: wflevels/qbert_practice/sfx/qbert_kill.wav
audio: sfx[6] not found: wflevels/qbert_practice/sfx/qbert_disc.wav
DMalloc of 36 not 8-byte aligned, rounding up
frame-window: start-ns=130383172990670 end-ns=130394610236008
frame-profile: update frames=1 mean=1.4202 p50=1.4202 p95=1.4202 max=1.4202 cpu-ms
frame-profile: actors frames=1 mean=1.2646 p50=1.2646 p95=1.2646 max=1.2646 cpu-ms
frame-profile: director frames=1 mean=0.1058 p50=0.1058 p95=0.1058 max=0.1058 cpu-ms
frame-profile: render frames=1 mean=32.5071 p50=32.5071 p95=32.5071 max=32.5071 cpu-ms
frame-profile: school frames=1 mean=0.0000 p50=0.0000 p95=0.0000 max=0.0000 cpu-ms
frame-profile: pose frames=1 mean=0.0000 p50=0.0000 p95=0.0000 max=0.0000 cpu-ms
frame-profile: animation frames=1 mean=0.0000 p50=0.0000 p95=0.0000 max=0.0000 cpu-ms
frame-profile: total frames=1 mean=33.9273 p50=33.9273 p95=33.9273 max=33.9273 cpu-ms
frame-count: level-objects frames=1 mean=38.000
frame-count: render-actors frames=1 mean=26.000
frame-count: draws frames=1 mean=25.000
frame-count: triangles frames=1 mean=13181.000
frame-count: actor-mailbox-writes frames=1 mean=29.000
frame-count: fish-deformations frames=1 mean=0.000
ball pos: (0.000, -0.850, 0.865)
ball pos: (0.000, -0.850, 0.865)
ball pos: (0.000, -0.850, 0.865)
ball pos: (0.000, -0.850, 0.865)
ball pos: (0.000, -0.850, 0.865)
frame-window: start-ns=130394610236008 end-ns=130399620146094
frame-profile: update frames=151 mean=1.3854 p50=1.3805 p95=1.5072 max=1.7070 cpu-ms
frame-profile: actors frames=151 mean=1.2096 p50=1.2042 p95=1.3107 max=1.5230 cpu-ms
frame-profile: director frames=151 mean=0.1117 p50=0.1094 p95=0.1246 max=0.1834 cpu-ms
frame-profile: render frames=151 mean=18.0989 p50=17.9373 p95=19.1976 max=20.5417 cpu-ms
frame-profile: school frames=151 mean=0.0000 p50=0.0000 p95=0.0000 max=0.0000 cpu-ms
frame-profile: pose frames=151 mean=0.0000 p50=0.0000 p95=0.0000 max=0.0000 cpu-ms
frame-profile: animation frames=151 mean=0.0000 p50=0.0000 p95=0.0000 max=0.0000 cpu-ms
frame-profile: total frames=151 mean=19.4843 p50=19.3440 p95=20.6202 max=22.0332 cpu-ms
frame-count: level-objects frames=151 mean=38.000
frame-count: render-actors frames=151 mean=26.000
frame-count: draws frames=151 mean=25.000
frame-count: triangles frames=151 mean=13181.000
frame-count: actor-mailbox-writes frames=151 mean=29.000
frame-count: fish-deformations frames=151 mean=0.000
ball pos: (0.000, -0.850, 0.865)
ball pos: (0.000, -0.850, 0.865)
ball pos: (0.000, -0.850, 0.865)
ball pos: (0.000, -0.850, 0.865)
ball pos: (0.000, -0.850, 0.865)
frame-window: start-ns=130399620146094 end-ns=130404626184930
frame-profile: update frames=150 mean=1.3819 p50=1.3738 p95=1.4999 max=1.5976 cpu-ms
frame-profile: actors frames=150 mean=1.2075 p50=1.2003 p95=1.3117 max=1.4143 cpu-ms
frame-profile: director frames=150 mean=0.1105 p50=0.1086 p95=0.1228 max=0.1684 cpu-ms
frame-profile: render frames=150 mean=17.9740 p50=17.8074 p95=18.8080 max=20.1589 cpu-ms
frame-profile: school frames=150 mean=0.0000 p50=0.0000 p95=0.0000 max=0.0000 cpu-ms
frame-profile: pose frames=150 mean=0.0000 p50=0.0000 p95=0.0000 max=0.0000 cpu-ms
frame-profile: animation frames=150 mean=0.0000 p50=0.0000 p95=0.0000 max=0.0000 cpu-ms
frame-profile: total frames=150 mean=19.3559 p50=19.1538 p95=20.1783 max=21.7565 cpu-ms
frame-count: level-objects frames=150 mean=38.000
frame-count: render-actors frames=150 mean=26.000
frame-count: draws frames=150 mean=25.000
frame-count: triangles frames=150 mean=13181.000
frame-count: actor-mailbox-writes frames=150 mean=29.000
frame-count: fish-deformations frames=150 mean=0.000
ball pos: (0.000, -0.850, 0.865)
ball pos: (0.000, -0.850, 0.865)
ball pos: (0.000, -0.850, 0.865)
ball pos: (0.000, -0.850, 0.865)
ball pos: (0.000, -0.850, 0.865)
frame-window: start-ns=130404626184930 end-ns=130409630839016
frame-profile: update frames=150 mean=1.4138 p50=1.3999 p95=1.5745 max=2.0945 cpu-ms
frame-profile: actors frames=150 mean=1.2316 p50=1.2125 p95=1.3473 max=1.8351 cpu-ms
frame-profile: director frames=150 mean=0.1175 p50=0.1158 p95=0.1407 max=0.1896 cpu-ms
frame-profile: render frames=150 mean=18.5177 p50=18.5136 p95=19.7032 max=20.0758 cpu-ms
frame-profile: school frames=150 mean=0.0000 p50=0.0000 p95=0.0000 max=0.0000 cpu-ms
frame-profile: pose frames=150 mean=0.0000 p50=0.0000 p95=0.0000 max=0.0000 cpu-ms
frame-profile: animation frames=150 mean=0.0000 p50=0.0000 p95=0.0000 max=0.0000 cpu-ms
frame-profile: total frames=150 mean=19.9315 p50=19.9623 p95=21.1869 max=21.5915 cpu-ms
frame-count: level-objects frames=150 mean=38.000
frame-count: render-actors frames=150 mean=26.000
frame-count: draws frames=150 mean=25.000
frame-count: triangles frames=150 mean=13181.000
frame-count: actor-mailbox-writes frames=150 mean=29.000
frame-count: fish-deformations frames=150 mean=0.000
ball pos: (0.000, -0.850, 0.865)
ball pos: (0.000, -0.850, 0.865)
ball pos: (0.000, -0.850, 0.865)
ball pos: (0.000, -0.850, 0.865)
ball pos: (0.000, -0.850, 0.865)
frame-window: start-ns=130409630839016 end-ns=130414637934393
frame-profile: update frames=150 mean=1.4027 p50=1.3820 p95=1.5620 max=1.9447 cpu-ms
frame-profile: actors frames=150 mean=1.2258 p50=1.2110 p95=1.3607 max=1.7279 cpu-ms
frame-profile: director frames=150 mean=0.1134 p50=0.1101 p95=0.1366 max=0.1912 cpu-ms
frame-profile: render frames=150 mean=18.1019 p50=17.9427 p95=19.1632 max=23.6597 cpu-ms
frame-profile: school frames=150 mean=0.0000 p50=0.0000 p95=0.0000 max=0.0000 cpu-ms
frame-profile: pose frames=150 mean=0.0000 p50=0.0000 p95=0.0000 max=0.0000 cpu-ms
frame-profile: animation frames=150 mean=0.0000 p50=0.0000 p95=0.0000 max=0.0000 cpu-ms
frame-profile: total frames=150 mean=19.5046 p50=19.3347 p95=20.6455 max=25.0070 cpu-ms
frame-count: level-objects frames=150 mean=38.000
frame-count: render-actors frames=150 mean=26.000
frame-count: draws frames=150 mean=25.000
frame-count: triangles frames=150 mean=13181.000
frame-count: actor-mailbox-writes frames=150 mean=29.000
frame-count: fish-deformations frames=150 mean=0.000
ball pos: (0.000, -0.850, 0.865)
ball pos: (0.000, -0.850, 0.865)
ball pos: (0.000, -0.850, 0.865)
ball pos: (0.000, -0.850, 0.865)
ball pos: (0.000, -0.850, 0.865)
frame-window: start-ns=130414637934393 end-ns=130419642291604
frame-profile: update frames=150 mean=1.4212 p50=1.4127 p95=1.5385 max=1.7365 cpu-ms
frame-profile: actors frames=150 mean=1.2436 p50=1.2344 p95=1.3473 max=1.5461 cpu-ms
frame-profile: director frames=150 mean=0.1124 p50=0.1099 p95=0.1268 max=0.1523 cpu-ms
frame-profile: render frames=150 mean=18.0400 p50=17.9722 p95=18.9530 max=19.5715 cpu-ms
frame-profile: school frames=150 mean=0.0000 p50=0.0000 p95=0.0000 max=0.0000 cpu-ms
frame-profile: pose frames=150 mean=0.0000 p50=0.0000 p95=0.0000 max=0.0000 cpu-ms
frame-profile: animation frames=150 mean=0.0000 p50=0.0000 p95=0.0000 max=0.0000 cpu-ms
frame-profile: total frames=150 mean=19.4612 p50=19.3884 p95=20.4708 max=21.0330 cpu-ms
frame-count: level-objects frames=150 mean=38.000
frame-count: render-actors frames=150 mean=26.000
frame-count: draws frames=150 mean=25.000
frame-count: triangles frames=150 mean=13181.000
frame-count: actor-mailbox-writes frames=150 mean=29.000
frame-count: fish-deformations frames=150 mean=0.000
ball pos: (0.000, -0.850, 0.865)
ball pos: (0.000, -0.850, 0.865)
ball pos: (0.000, -0.850, 0.865)
ball pos: (0.000, -0.850, 0.865)
ball pos: (0.000, -0.850, 0.865)
frame-window: start-ns=130419642291604 end-ns=130424645822814
frame-profile: update frames=150 mean=1.4108 p50=1.4027 p95=1.5267 max=1.6340 cpu-ms
frame-profile: actors frames=150 mean=1.2319 p50=1.2210 p95=1.3486 max=1.4410 cpu-ms
frame-profile: director frames=150 mean=0.1147 p50=0.1100 p95=0.1396 max=0.2106 cpu-ms
frame-profile: render frames=150 mean=18.0023 p50=17.8653 p95=18.8015 max=19.5134 cpu-ms
frame-profile: school frames=150 mean=0.0000 p50=0.0000 p95=0.0000 max=0.0000 cpu-ms
frame-profile: pose frames=150 mean=0.0000 p50=0.0000 p95=0.0000 max=0.0000 cpu-ms
frame-profile: animation frames=150 mean=0.0000 p50=0.0000 p95=0.0000 max=0.0000 cpu-ms
frame-profile: total frames=150 mean=19.4131 p50=19.2644 p95=20.2486 max=20.9905 cpu-ms
frame-count: level-objects frames=150 mean=38.000
frame-count: render-actors frames=150 mean=26.000
frame-count: draws frames=150 mean=25.000
frame-count: triangles frames=150 mean=13181.000
frame-count: actor-mailbox-writes frames=150 mean=29.000
frame-count: fish-deformations frames=150 mean=0.000
ball pos: (0.000, -0.850, 0.865)
ball pos: (0.000, -0.850, 0.865)
ball pos: (0.000, -0.850, 0.865)
ball pos: (0.000, -0.850, 0.865)
ball pos: (0.000, -0.850, 0.865)
frame-window: start-ns=130424645822814 end-ns=130429650696025
frame-profile: update frames=150 mean=1.4073 p50=1.3875 p95=1.5451 max=1.7180 cpu-ms
frame-profile: actors frames=150 mean=1.2324 p50=1.2118 p95=1.3524 max=1.5215 cpu-ms
frame-profile: director frames=150 mean=0.1115 p50=0.1093 p95=0.1235 max=0.1650 cpu-ms
frame-profile: render frames=150 mean=18.1624 p50=18.1534 p95=19.0050 max=20.7879 cpu-ms
frame-profile: school frames=150 mean=0.0000 p50=0.0000 p95=0.0000 max=0.0000 cpu-ms
frame-profile: pose frames=150 mean=0.0000 p50=0.0000 p95=0.0000 max=0.0000 cpu-ms
frame-profile: animation frames=150 mean=0.0000 p50=0.0000 p95=0.0000 max=0.0000 cpu-ms
frame-profile: total frames=150 mean=19.5697 p50=19.5143 p95=20.4107 max=22.2989 cpu-ms
frame-count: level-objects frames=150 mean=38.000
frame-count: render-actors frames=150 mean=26.000
frame-count: draws frames=150 mean=25.000
frame-count: triangles frames=150 mean=13181.000
frame-count: actor-mailbox-writes frames=150 mean=29.000
frame-count: fish-deformations frames=150 mean=0.000
ball pos: (0.000, -0.850, 0.865)
ball pos: (0.000, -0.850, 0.865)
ball pos: (0.000, -0.850, 0.865)
ball pos: (0.000, -0.850, 0.865)
ball pos: (0.000, -0.850, 0.865)
frame-window: start-ns=130429650696025 end-ns=130434656405153
frame-profile: update frames=150 mean=1.4252 p50=1.4201 p95=1.5768 max=1.6573 cpu-ms
frame-profile: actors frames=150 mean=1.2451 p50=1.2406 p95=1.3669 max=1.4460 cpu-ms
frame-profile: director frames=150 mean=0.1160 p50=0.1124 p95=0.1380 max=0.2100 cpu-ms
frame-profile: render frames=150 mean=18.2800 p50=18.2944 p95=19.1914 max=19.9535 cpu-ms
frame-profile: school frames=150 mean=0.0000 p50=0.0000 p95=0.0000 max=0.0000 cpu-ms
frame-profile: pose frames=150 mean=0.0000 p50=0.0000 p95=0.0000 max=0.0000 cpu-ms
frame-profile: animation frames=150 mean=0.0000 p50=0.0000 p95=0.0000 max=0.0000 cpu-ms
frame-profile: total frames=150 mean=19.7052 p50=19.7317 p95=20.6547 max=21.4696 cpu-ms
frame-count: level-objects frames=150 mean=38.000
frame-count: render-actors frames=150 mean=26.000
frame-count: draws frames=150 mean=25.000
frame-count: triangles frames=150 mean=13181.000
frame-count: actor-mailbox-writes frames=150 mean=29.000
frame-count: fish-deformations frames=150 mean=0.000
ball pos: (0.000, -0.850, 0.865)
ball pos: (0.000, -0.850, 0.865)
ball pos: (0.000, -0.850, 0.865)
ball pos: (0.000, -0.850, 0.865)
ball pos: (0.000, -0.850, 0.865)
frame-window: start-ns=130434656405153 end-ns=130439662613363
frame-profile: update frames=150 mean=1.4290 p50=1.4232 p95=1.5763 max=2.0136 cpu-ms
frame-profile: actors frames=150 mean=1.2503 p50=1.2396 p95=1.3875 max=1.7572 cpu-ms
frame-profile: director frames=150 mean=0.1133 p50=0.1106 p95=0.1276 max=0.1778 cpu-ms
frame-profile: render frames=150 mean=18.1821 p50=18.1877 p95=19.2729 max=19.8769 cpu-ms
frame-profile: school frames=150 mean=0.0000 p50=0.0000 p95=0.0000 max=0.0000 cpu-ms
frame-profile: pose frames=150 mean=0.0000 p50=0.0000 p95=0.0000 max=0.0000 cpu-ms
frame-profile: animation frames=150 mean=0.0000 p50=0.0000 p95=0.0000 max=0.0000 cpu-ms
frame-profile: total frames=150 mean=19.6112 p50=19.5684 p95=20.7438 max=21.2304 cpu-ms
frame-count: level-objects frames=150 mean=38.000
frame-count: render-actors frames=150 mean=26.000
frame-count: draws frames=150 mean=25.000
frame-count: triangles frames=150 mean=13181.000
frame-count: actor-mailbox-writes frames=150 mean=29.000
frame-count: fish-deformations frames=150 mean=0.000
ball pos: (0.000, -0.850, 0.865)
ball pos: (0.000, -0.850, 0.865)
ball pos: (0.000, -0.850, 0.865)
ball pos: (0.000, -0.850, 0.865)
ball pos: (0.000, -0.850, 0.865)
frame-window: start-ns=130439662613363 end-ns=130444682278741
frame-profile: update frames=151 mean=1.4529 p50=1.4314 p95=1.6095 max=3.4997 cpu-ms
frame-profile: actors frames=151 mean=1.2695 p50=1.2489 p95=1.4013 max=3.2758 cpu-ms
frame-profile: director frames=151 mean=0.1174 p50=0.1145 p95=0.1325 max=0.2042 cpu-ms
frame-profile: render frames=151 mean=18.3181 p50=18.2791 p95=19.5391 max=20.1285 cpu-ms
frame-profile: school frames=151 mean=0.0000 p50=0.0000 p95=0.0000 max=0.0000 cpu-ms
frame-profile: pose frames=151 mean=0.0000 p50=0.0000 p95=0.0000 max=0.0000 cpu-ms
frame-profile: animation frames=151 mean=0.0000 p50=0.0000 p95=0.0000 max=0.0000 cpu-ms
frame-profile: total frames=151 mean=19.7711 p50=19.7306 p95=21.0489 max=21.7604 cpu-ms
frame-count: level-objects frames=151 mean=38.000
frame-count: render-actors frames=151 mean=26.000
frame-count: draws frames=151 mean=25.000
frame-count: triangles frames=151 mean=13103.709
frame-count: actor-mailbox-writes frames=151 mean=29.000
frame-count: fish-deformations frames=151 mean=0.000
ball pos: (0.000, -0.850, 0.865)
ball pos: (0.000, -0.850, 0.865)
ball pos: (0.000, -0.850, 0.865)
ball pos: (0.000, -0.850, 0.865)
ball pos: (0.000, -0.850, 0.865)
frame-window: start-ns=130444682278741 end-ns=130449688620993
frame-profile: update frames=150 mean=1.4587 p50=1.4302 p95=1.6237 max=2.8392 cpu-ms
frame-profile: actors frames=150 mean=1.2780 p50=1.2540 p95=1.4233 max=2.6082 cpu-ms
frame-profile: director frames=150 mean=0.1164 p50=0.1126 p95=0.1343 max=0.1951 cpu-ms
frame-profile: render frames=150 mean=18.0792 p50=17.9510 p95=19.2043 max=20.0978 cpu-ms
frame-profile: school frames=150 mean=0.0000 p50=0.0000 p95=0.0000 max=0.0000 cpu-ms
frame-profile: pose frames=150 mean=0.0000 p50=0.0000 p95=0.0000 max=0.0000 cpu-ms
frame-profile: animation frames=150 mean=0.0000 p50=0.0000 p95=0.0000 max=0.0000 cpu-ms
frame-profile: total frames=150 mean=19.5379 p50=19.3970 p95=20.6006 max=21.4997 cpu-ms
frame-count: level-objects frames=150 mean=38.000
frame-count: render-actors frames=150 mean=26.000
frame-count: draws frames=150 mean=25.000
frame-count: triangles frames=150 mean=12684.753
frame-count: actor-mailbox-writes frames=150 mean=29.000
frame-count: fish-deformations frames=150 mean=0.000
ball pos: (0.000, -0.850, 0.865)
ball pos: (0.000, -0.850, 0.865)
ball pos: (0.000, -0.850, 0.865)
ball pos: (0.000, -0.850, 0.865)
ball pos: (0.000, -0.850, 0.865)
frame-window: start-ns=130449688620993 end-ns=130454693752454
frame-profile: update frames=150 mean=1.4721 p50=1.4431 p95=1.5993 max=4.5259 cpu-ms
frame-profile: actors frames=150 mean=1.2867 p50=1.2637 p95=1.4127 max=4.0041 cpu-ms
frame-profile: director frames=150 mean=0.1193 p50=0.1146 p95=0.1413 max=0.3767 cpu-ms
frame-profile: render frames=150 mean=18.1261 p50=17.9329 p95=19.7372 max=20.4570 cpu-ms
frame-profile: school frames=150 mean=0.0000 p50=0.0000 p95=0.0000 max=0.0000 cpu-ms
frame-profile: pose frames=150 mean=0.0000 p50=0.0000 p95=0.0000 max=0.0000 cpu-ms
frame-profile: animation frames=150 mean=0.0000 p50=0.0000 p95=0.0000 max=0.0000 cpu-ms
frame-profile: total frames=150 mean=19.5982 p50=19.3944 p95=21.3982 max=22.3673 cpu-ms
frame-count: level-objects frames=150 mean=38.000
frame-count: render-actors frames=150 mean=26.000
frame-count: draws frames=150 mean=25.000
frame-count: triangles frames=150 mean=12683.000
frame-count: actor-mailbox-writes frames=150 mean=29.000
frame-count: fish-deformations frames=150 mean=0.000
ball pos: (0.000, -0.850, 0.865)
ball pos: (0.000, -0.850, 0.865)
ball pos: (0.006, -0.850, 0.865)
ball pos: (0.016, -0.850, 0.865)
ball pos: (0.024, -0.850, 0.865)
frame-window: start-ns=130454693752454 end-ns=130459697699581
frame-profile: update frames=150 mean=1.4752 p50=1.4501 p95=1.6567 max=2.0527 cpu-ms
frame-profile: actors frames=150 mean=1.2842 p50=1.2625 p95=1.4489 max=1.8138 cpu-ms
frame-profile: director frames=150 mean=0.1227 p50=0.1182 p95=0.1515 max=0.2420 cpu-ms
frame-profile: render frames=150 mean=18.0782 p50=18.0119 p95=18.9998 max=21.2889 cpu-ms
frame-profile: school frames=150 mean=0.0000 p50=0.0000 p95=0.0000 max=0.0000 cpu-ms
frame-profile: pose frames=150 mean=0.0000 p50=0.0000 p95=0.0000 max=0.0000 cpu-ms
frame-profile: animation frames=150 mean=0.0000 p50=0.0000 p95=0.0000 max=0.0000 cpu-ms
frame-profile: total frames=150 mean=19.5534 p50=19.4346 p95=20.4603 max=22.8242 cpu-ms
frame-count: level-objects frames=150 mean=38.000
frame-count: render-actors frames=150 mean=26.000
frame-count: draws frames=150 mean=25.000
frame-count: triangles frames=150 mean=12684.633
frame-count: actor-mailbox-writes frames=150 mean=29.000
frame-count: fish-deformations frames=150 mean=0.000
ball pos: (0.035, -0.850, 0.865)
ball pos: (0.043, -0.850, 0.865)
ball pos: (0.051, -0.850, 0.865)
ball pos: (0.061, -0.850, 0.865)
ball pos: (0.070, -0.850, 0.865)
frame-window: start-ns=130459697699581 end-ns=130464703887375
frame-profile: update frames=150 mean=1.4501 p50=1.4365 p95=1.5860 max=1.7615 cpu-ms
frame-profile: actors frames=150 mean=1.2658 p50=1.2551 p95=1.3916 max=1.5439 cpu-ms
frame-profile: director frames=150 mean=0.1197 p50=0.1178 p95=0.1342 max=0.1686 cpu-ms
frame-profile: render frames=150 mean=18.1224 p50=17.9525 p95=19.4342 max=24.2084 cpu-ms
frame-profile: school frames=150 mean=0.0000 p50=0.0000 p95=0.0000 max=0.0000 cpu-ms
frame-profile: pose frames=150 mean=0.0000 p50=0.0000 p95=0.0000 max=0.0000 cpu-ms
frame-profile: animation frames=150 mean=0.0000 p50=0.0000 p95=0.0000 max=0.0000 cpu-ms
frame-profile: total frames=150 mean=19.5726 p50=19.4040 p95=20.8641 max=25.8056 cpu-ms
frame-count: level-objects frames=150 mean=38.000
frame-count: render-actors frames=150 mean=26.000
frame-count: draws frames=150 mean=25.000
frame-count: triangles frames=150 mean=12684.707
frame-count: actor-mailbox-writes frames=150 mean=29.000
frame-count: fish-deformations frames=150 mean=0.000
ball pos: (0.079, -0.850, 0.865)
ball pos: (0.089, -0.850, 0.865)
ball pos: (0.098, -0.850, 0.865)
ball pos: (0.106, -0.850, 0.865)
ball pos: (0.114, -0.850, 0.865)
frame-window: start-ns=130464703887375 end-ns=130469708881378
frame-profile: update frames=150 mean=1.4489 p50=1.4205 p95=1.6332 max=1.8576 cpu-ms
frame-profile: actors frames=150 mean=1.2631 p50=1.2335 p95=1.4226 max=1.6042 cpu-ms
frame-profile: director frames=150 mean=0.1201 p50=0.1166 p95=0.1380 max=0.1877 cpu-ms
frame-profile: render frames=150 mean=18.0511 p50=17.9421 p95=19.2110 max=20.0098 cpu-ms
frame-profile: school frames=150 mean=0.0000 p50=0.0000 p95=0.0000 max=0.0000 cpu-ms
frame-profile: pose frames=150 mean=0.0000 p50=0.0000 p95=0.0000 max=0.0000 cpu-ms
frame-profile: animation frames=150 mean=0.0000 p50=0.0000 p95=0.0000 max=0.0000 cpu-ms
frame-profile: total frames=150 mean=19.5000 p50=19.3427 p95=20.7684 max=21.5135 cpu-ms
frame-count: level-objects frames=150 mean=38.000
frame-count: render-actors frames=150 mean=26.000
frame-count: draws frames=150 mean=25.000
frame-count: triangles frames=150 mean=12674.227
frame-count: actor-mailbox-writes frames=150 mean=29.000
frame-count: fish-deformations frames=150 mean=0.000
ball pos: (0.114, -0.850, 0.865)
delta too large: 0.2189788818
timeofday:1791027313:221363
lasttimeofday: 1791027313:2382
deltatime:0:218981
delta: 0.2189788818
ball pos: (0.114, -0.850, 0.865)
ball pos: (0.114, -0.850, 0.865)
ball pos: (0.114, -0.850, 0.865)
