material: texture=""  bTranslucent=0  bitdepth=16  flags_in=0x2
material: texture=""  bTranslucent=0  bitdepth=16  flags_in=0x2
audio: miniaudio v0.11.25 ready
DEBUG = 1,
DO_ASSERTIONS = 1, NO_ASSERT_EXPR = 0, USE_INLINE_DEFS = 1, WF_BIG_ENDIAN = 0
argc = 9, argv: /home/will/WorldFoundry-wbniv/engine/wf_game -L/home/will/WorldFoundry-wbniv/wflevels/aquarium_arowana-standalone.iff -rate20 -width=960 -height=540 --debug-port 17921 --debug-bind 127.0.0.1 
cbHalLmalloc = 64000000, cbHalScratchLmalloc = 180000
wf_game v0.4.1, Built:Jul 31 2026,10:21:50 by kts
-L/home/will/WorldFoundry-wbniv/wflevels/aquarium_arowana-standalone.iff
-rate20
Fake clock delta = 0.05000000075
-width=960
-height=540
--debug-port
--debug-bind
argc = 9, commandIndex = 9
Level=-1
cerror:
cwarn:
cstats:
wf_game Ver 0.4.1, Built:Jul 31 2026,10:21:50 by kts
DBSTREAMS jolt: RegisterDefaultAllocator
jolt: Factory
jolt: RegisterTypes
jolt: RunSelftest
jolt: selftest ok (sphere fell to z=5.098)
jolt: backend init
jolt: backend ready (gravity -Z)
jolt: init complete
LMalloc of 412 not 8-byte aligned, rounding up
LMalloc of 7620 not 8-byte aligned, rounding up
LMalloc of 20 not 8-byte aligned, rounding up
LMalloc of 20 not 8-byte aligned, rounding up
Level::Level: leveldata= 0x723b6ea46b80, object count  = 33
ASS closed without all data read (bytesLeft = 4118)
ASS closed without all data read (bytesLeft = 150)
ASS closed without all data read (bytesLeft = 16)
ASS closed without all data read (bytesLeft = 16)
ASS closed without all data read (bytesLeft = 126220)
PixelMap::Load: this = 0x723b6d727b80
PixelMap::Load: this = 0x723b6d727bc0
LMalloc of 28 not 8-byte aligned, rounding up
LMalloc of 28 not 8-byte aligned, rounding up
LMalloc of 28 not 8-byte aligned, rounding up
LMalloc of 28 not 8-byte aligned, rounding up
LMalloc of 100 not 8-byte aligned, rounding up
[Actor] idx=2 class=23 commonOff=22424 NumberOfLocalMailboxes=0
[Actor] idx=3 class=13 commonOff=22424 NumberOfLocalMailboxes=0
this = 0x723b6d72b0c0,setting _memory to 0x723b6d72abc8
DMalloc of 52 not 8-byte aligned, rounding up
[Actor] idx=4 class=20 commonOff=23136 NumberOfLocalMailboxes=0
[Actor] idx=6 class=11 commonOff=22424 NumberOfLocalMailboxes=0
[Actor] idx=7 class=16 commonOff=22424 NumberOfLocalMailboxes=0
[Actor] idx=8 class=3 commonOff=22424 NumberOfLocalMailboxes=0
[Actor] idx=9 class=22 commonOff=23876 NumberOfLocalMailboxes=6
jolt: character 0 created at (0.00, 0.00, 6.00) ctr=(0.00,0.00,0.00)
[Actor] idx=10 class=7 commonOff=24184 NumberOfLocalMailboxes=0
[Actor] idx=11 class=7 commonOff=24384 NumberOfLocalMailboxes=0
[Actor] idx=12 class=7 commonOff=24428 NumberOfLocalMailboxes=0
[Actor] idx=13 class=7 commonOff=24472 NumberOfLocalMailboxes=0
[Actor] idx=14 class=7 commonOff=22424 NumberOfLocalMailboxes=0
[Actor] idx=15 class=7 commonOff=22424 NumberOfLocalMailboxes=0
[Actor] idx=16 class=7 commonOff=22424 NumberOfLocalMailboxes=0
[Actor] idx=17 class=7 commonOff=22424 NumberOfLocalMailboxes=0
[Actor] idx=18 class=7 commonOff=24516 NumberOfLocalMailboxes=0
[Actor] idx=19 class=7 commonOff=24560 NumberOfLocalMailboxes=0
[Actor] idx=20 class=5 commonOff=22424 NumberOfLocalMailboxes=0
jolt: body STATIC pos=(0.00,0.00,0.00) half=(20.00,15.00,0.12) id=8388608
[Actor] idx=21 class=5 commonOff=22424 NumberOfLocalMailboxes=0
jolt: body STATIC pos=(0.00,14.88,6.10) half=(19.87,0.12,5.90) id=8388609
[Actor] idx=22 class=5 commonOff=24712 NumberOfLocalMailboxes=0
jolt: body STATIC pos=(0.00,14.88,11.88) half=(20.00,0.12,0.12) id=8388610
[Actor] idx=23 class=5 commonOff=22424 NumberOfLocalMailboxes=0
jolt: body STATIC pos=(-20.00,0.00,6.00) half=(0.12,15.00,6.00) id=8388611
[Actor] idx=24 class=5 commonOff=22424 NumberOfLocalMailboxes=0
jolt: body STATIC pos=(19.88,0.00,6.00) half=(0.12,15.00,6.00) id=8388612
[Actor] idx=25 class=5 commonOff=22424 NumberOfLocalMailboxes=0
jolt: body STATIC pos=(0.00,-15.12,6.00) half=(20.00,0.12,6.00) id=8388613
[Actor] idx=26 class=7 commonOff=22424 NumberOfLocalMailboxes=0
[Actor] idx=27 class=5 commonOff=22424 NumberOfLocalMailboxes=0
jolt: body STATIC pos=(0.00,0.00,0.07) half=(19.87,14.87,0.12) id=8388614
[Actor] idx=28 class=5 commonOff=22424 NumberOfLocalMailboxes=0
jolt: body STATIC pos=(0.00,0.00,-1.26) half=(20.15,15.15,1.24) id=8388615
[Actor] idx=29 class=5 commonOff=22424 NumberOfLocalMailboxes=0
jolt: body STATIC pos=(0.00,15.97,7.50) half=(30.00,0.12,12.50) id=8388616
[Actor] idx=30 class=23 commonOff=22424 NumberOfLocalMailboxes=0
[Actor] idx=31 class=3 commonOff=22424 NumberOfLocalMailboxes=0
[Actor] idx=32 class=16 commonOff=22424 NumberOfLocalMailboxes=0
LMalloc of 20 not 8-byte aligned, rounding up
DMalloc of 404 not 8-byte aligned, rounding up
DMalloc of 446 not 8-byte aligned, rounding up
DMalloc of 454 not 8-byte aligned, rounding up
DMalloc of 404 not 8-byte aligned, rounding up
Walking from 0
0->0
0->0
LMalloc of 20 not 8-byte aligned, rounding up
LMalloc of 20 not 8-byte aligned, rounding up
ASS closed without all data read (bytesLeft = 4118)
ASS closed without all data read (bytesLeft = 150)
ASS closed without all data read (bytesLeft = 16)
ASS closed without all data read (bytesLeft = 16)
ASS closed without all data read (bytesLeft = 126220)
ASS closed without all data read (bytesLeft = 6420)
ASS closed without all data read (bytesLeft = 5828)
ASS closed without all data read (bytesLeft = 5828)
ASS closed without all data read (bytesLeft = 2708)
ASS closed without all data read (bytesLeft = 2708)
ASS closed without all data read (bytesLeft = 2708)
ASS closed without all data read (bytesLeft = 2708)
ASS closed without all data read (bytesLeft = 1388)
ASS closed without all data read (bytesLeft = 1388)
ASS closed without all data read (bytesLeft = 588)
ASS closed without all data read (bytesLeft = 4692)
ASS closed without all data read (bytesLeft = 428)
ASS closed without all data read (bytesLeft = 588)
ASS closed without all data read (bytesLeft = 588)
ASS closed without all data read (bytesLeft = 588)
ASS closed without all data read (bytesLeft = 1260)
ASS closed without all data read (bytesLeft = 588)
ASS closed without all data read (bytesLeft = 588)
ASS closed without all data read (bytesLeft = 588)
PixelMap::Load: this = 0x723b6d727c00
PixelMap::Load: this = 0x723b6d727c40
LMalloc of 28 not 8-byte aligned, rounding up
LMalloc of 28 not 8-byte aligned, rounding up
LMalloc of 28 not 8-byte aligned, rounding up
LMalloc of 28 not 8-byte aligned, rounding up
LMalloc of 100036 not 8-byte aligned, rounding up
RenderActor3DAnimates constructed with no animations!
LMalloc of 100036 not 8-byte aligned, rounding up
RenderActor3DAnimates constructed with no animations!
LMalloc of 5796 not 8-byte aligned, rounding up
RenderActor3DAnimates constructed with no animations!
LMalloc of 4436 not 8-byte aligned, rounding up
RenderActor3DAnimates constructed with no animations!
LMalloc of 4436 not 8-byte aligned, rounding up
RenderActor3DAnimates constructed with no animations!
LMalloc of 1796 not 8-byte aligned, rounding up
RenderActor3DAnimates constructed with no animations!
LMalloc of 1796 not 8-byte aligned, rounding up
RenderActor3DAnimates constructed with no animations!
LMalloc of 1796 not 8-byte aligned, rounding up
RenderActor3DAnimates constructed with no animations!
LMalloc of 1796 not 8-byte aligned, rounding up
RenderActor3DAnimates constructed with no animations!
LMalloc of 1076 not 8-byte aligned, rounding up
RenderActor3DAnimates constructed with no animations!
LMalloc of 1076 not 8-byte aligned, rounding up
RenderActor3DAnimates constructed with no animations!
LMalloc of 276 not 8-byte aligned, rounding up
RenderActor3DAnimates constructed with no animations!
MATL closed without all data read (bytesLeft = 264)
jolt: mesh actor_pos=(0.000,0.000,0.000)
jolt: mesh v0 local=(-20.000,-15.000,0.000) world=(-20.000,-15.000,0.000)
jolt: mesh v1 local=(-20.000,-15.000,0.127) world=(-20.000,-15.000,0.127)
jolt: mesh v2 local=(-20.000,15.000,0.000) world=(-20.000,15.000,0.000)
jolt: mesh v3 local=(-20.000,15.000,0.127) world=(-20.000,15.000,0.127)
jolt: mesh v4 local=(20.000,-15.000,0.000) world=(20.000,-15.000,0.000)
jolt: mesh v5 local=(20.000,-15.000,0.127) world=(20.000,-15.000,0.127)
jolt: mesh v6 local=(20.000,15.000,0.000) world=(20.000,15.000,0.000)
jolt: mesh v7 local=(20.000,15.000,0.127) world=(20.000,15.000,0.127)
jolt: body MESH_STATIC verts=8 faces=12 id=16777216
LMalloc of 2436 not 8-byte aligned, rounding up
RenderActor3DAnimates constructed with no animations!
MATL closed without all data read (bytesLeft = 2640)
jolt: mesh actor_pos=(0.000,0.000,0.000)
jolt: mesh v0 local=(-19.873,14.873,0.200) world=(-19.873,14.873,0.200)
jolt: mesh v1 local=(-19.873,14.873,1.380) world=(-19.873,14.873,1.380)
jolt: mesh v2 local=(-19.873,14.873,2.560) world=(-19.873,14.873,2.560)
jolt: mesh v3 local=(-19.873,14.873,3.740) world=(-19.873,14.873,3.740)
jolt: mesh v4 local=(-19.873,14.873,4.920) world=(-19.873,14.873,4.920)
jolt: mesh v5 local=(-19.873,14.873,6.100) world=(-19.873,14.873,6.100)
jolt: mesh v6 local=(-19.873,14.873,7.280) world=(-19.873,14.873,7.280)
jolt: mesh v7 local=(-19.873,14.873,8.460) world=(-19.873,14.873,8.460)
jolt: mesh v8 local=(-19.873,14.873,9.640) world=(-19.873,14.873,9.640)
jolt: mesh v9 local=(-19.873,14.873,10.820) world=(-19.873,14.873,10.820)
jolt: mesh v10 local=(-19.873,14.873,12.000) world=(-19.873,14.873,12.000)
jolt: mesh v11 local=(-19.873,15.000,0.200) world=(-19.873,15.000,0.200)
jolt: mesh v12 local=(-19.873,15.000,1.380) world=(-19.873,15.000,1.380)
jolt: mesh v13 local=(-19.873,15.000,2.560) world=(-19.873,15.000,2.560)
jolt: mesh v14 local=(-19.873,15.000,3.740) world=(-19.873,15.000,3.740)
jolt: mesh v15 local=(-19.873,15.000,4.920) world=(-19.873,15.000,4.920)
jolt: mesh v16 local=(-19.873,15.000,6.100) world=(-19.873,15.000,6.100)
jolt: mesh v17 local=(-19.873,15.000,7.280) world=(-19.873,15.000,7.280)
jolt: mesh v18 local=(-19.873,15.000,8.460) world=(-19.873,15.000,8.460)
jolt: mesh v19 local=(-19.873,15.000,9.640) world=(-19.873,15.000,9.640)
jolt: mesh v20 local=(-19.873,15.000,10.820) world=(-19.873,15.000,10.820)
jolt: mesh v21 local=(-19.873,15.000,12.000) world=(-19.873,15.000,12.000)
jolt: mesh v22 local=(19.873,14.873,0.200) world=(19.873,14.873,0.200)
jolt: mesh v23 local=(19.873,14.873,1.380) world=(19.873,14.873,1.380)
jolt: mesh v24 local=(19.873,14.873,2.560) world=(19.873,14.873,2.560)
jolt: mesh v25 local=(19.873,14.873,3.740) world=(19.873,14.873,3.740)
jolt: mesh v26 local=(19.873,14.873,4.920) world=(19.873,14.873,4.920)
jolt: mesh v27 local=(19.873,14.873,6.100) world=(19.873,14.873,6.100)
jolt: mesh v28 local=(19.873,14.873,7.280) world=(19.873,14.873,7.280)
jolt: mesh v29 local=(19.873,14.873,8.460) world=(19.873,14.873,8.460)
jolt: mesh v30 local=(19.873,14.873,9.640) world=(19.873,14.873,9.640)
jolt: mesh v31 local=(19.873,14.873,10.820) world=(19.873,14.873,10.820)
jolt: mesh v32 local=(19.873,14.873,12.000) world=(19.873,14.873,12.000)
jolt: mesh v33 local=(19.873,15.000,0.200) world=(19.873,15.000,0.200)
jolt: mesh v34 local=(19.873,15.000,1.380) world=(19.873,15.000,1.380)
jolt: mesh v35 local=(19.873,15.000,2.560) world=(19.873,15.000,2.560)
jolt: mesh v36 local=(19.873,15.000,3.740) world=(19.873,15.000,3.740)
jolt: mesh v37 local=(19.873,15.000,4.920) world=(19.873,15.000,4.920)
jolt: mesh v38 local=(19.873,15.000,6.100) world=(19.873,15.000,6.100)
jolt: mesh v39 local=(19.873,15.000,7.280) world=(19.873,15.000,7.280)
jolt: mesh v40 local=(19.873,15.000,8.460) world=(19.873,15.000,8.460)
jolt: mesh v41 local=(19.873,15.000,9.640) world=(19.873,15.000,9.640)
jolt: mesh v42 local=(19.873,15.000,10.820) world=(19.873,15.000,10.820)
jolt: mesh v43 local=(19.873,15.000,12.000) world=(19.873,15.000,12.000)
jolt: body MESH_STATIC verts=44 faces=120 id=16777217
LMalloc of 116 not 8-byte aligned, rounding up
RenderActor3DAnimates constructed with no animations!
MATL closed without all data read (bytesLeft = 264)
jolt: mesh actor_pos=(0.000,0.000,0.000)
jolt: mesh v0 local=(-20.000,14.873,12.000) world=(-20.000,14.873,12.000)
jolt: mesh v1 local=(-20.000,15.000,12.000) world=(-20.000,15.000,12.000)
jolt: mesh v2 local=(20.000,14.873,12.000) world=(20.000,14.873,12.000)
jolt: mesh v3 local=(20.000,15.000,12.000) world=(20.000,15.000,12.000)
jolt: body MESH_STATIC verts=4 faces=4 id=16777218
LMalloc of 276 not 8-byte aligned, rounding up
RenderActor3DAnimates constructed with no animations!
MATL closed without all data read (bytesLeft = 264)
jolt: mesh actor_pos=(0.000,0.000,0.000)
jolt: mesh v0 local=(-20.000,-15.000,0.000) world=(-20.000,-15.000,0.000)
jolt: mesh v1 local=(-20.000,-15.000,12.000) world=(-20.000,-15.000,12.000)
jolt: mesh v2 local=(-20.000,15.000,0.000) world=(-20.000,15.000,0.000)
jolt: mesh v3 local=(-20.000,15.000,12.000) world=(-20.000,15.000,12.000)
jolt: mesh v4 local=(-19.873,-15.000,0.000) world=(-19.873,-15.000,0.000)
jolt: mesh v5 local=(-19.873,-15.000,12.000) world=(-19.873,-15.000,12.000)
jolt: mesh v6 local=(-19.873,15.000,0.000) world=(-19.873,15.000,0.000)
jolt: mesh v7 local=(-19.873,15.000,12.000) world=(-19.873,15.000,12.000)
jolt: body MESH_STATIC verts=8 faces=12 id=16777219
LMalloc of 276 not 8-byte aligned, rounding up
RenderActor3DAnimates constructed with no animations!
MATL closed without all data read (bytesLeft = 264)
jolt: mesh actor_pos=(0.000,0.000,0.000)
jolt: mesh v0 local=(19.873,-15.000,0.000) world=(19.873,-15.000,0.000)
jolt: mesh v1 local=(19.873,-15.000,12.000) world=(19.873,-15.000,12.000)
jolt: mesh v2 local=(19.873,15.000,0.000) world=(19.873,15.000,0.000)
jolt: mesh v3 local=(19.873,15.000,12.000) world=(19.873,15.000,12.000)
jolt: mesh v4 local=(20.000,-15.000,0.000) world=(20.000,-15.000,0.000)
jolt: mesh v5 local=(20.000,-15.000,12.000) world=(20.000,-15.000,12.000)
jolt: mesh v6 local=(20.000,15.000,0.000) world=(20.000,15.000,0.000)
jolt: mesh v7 local=(20.000,15.000,12.000) world=(20.000,15.000,12.000)
jolt: body MESH_STATIC verts=8 faces=12 id=16777220
LMalloc of 276 not 8-byte aligned, rounding up
RenderActor3DAnimates constructed with no animations!
MATL closed without all data read (bytesLeft = 264)
jolt: mesh actor_pos=(0.000,0.000,0.000)
jolt: mesh v0 local=(-20.000,-15.127,0.000) world=(-20.000,-15.127,0.000)
jolt: mesh v1 local=(-20.000,-15.127,12.000) world=(-20.000,-15.127,12.000)
jolt: mesh v2 local=(-20.000,-15.000,0.000) world=(-20.000,-15.000,0.000)
jolt: mesh v3 local=(-20.000,-15.000,12.000) world=(-20.000,-15.000,12.000)
jolt: mesh v4 local=(20.000,-15.127,0.000) world=(20.000,-15.127,0.000)
jolt: mesh v5 local=(20.000,-15.127,12.000) world=(20.000,-15.127,12.000)
jolt: mesh v6 local=(20.000,-15.000,0.000) world=(20.000,-15.000,0.000)
jolt: mesh v7 local=(20.000,-15.000,12.000) world=(20.000,-15.000,12.000)
jolt: body MESH_STATIC verts=8 faces=12 id=16777221
LMalloc of 996 not 8-byte aligned, rounding up
RenderActor3DAnimates constructed with no animations!
LMalloc of 276 not 8-byte aligned, rounding up
RenderActor3DAnimates constructed with no animations!
MATL closed without all data read (bytesLeft = 264)
jolt: mesh actor_pos=(0.000,0.000,0.000)
jolt: mesh v0 local=(-19.873,-14.873,0.127) world=(-19.873,-14.873,0.127)
jolt: mesh v1 local=(-19.873,-14.873,0.200) world=(-19.873,-14.873,0.200)
jolt: mesh v2 local=(-19.873,14.873,0.127) world=(-19.873,14.873,0.127)
jolt: mesh v3 local=(-19.873,14.873,0.200) world=(-19.873,14.873,0.200)
jolt: mesh v4 local=(19.873,-14.873,0.127) world=(19.873,-14.873,0.127)
jolt: mesh v5 local=(19.873,-14.873,0.200) world=(19.873,-14.873,0.200)
jolt: mesh v6 local=(19.873,14.873,0.127) world=(19.873,14.873,0.127)
jolt: mesh v7 local=(19.873,14.873,0.200) world=(19.873,14.873,0.200)
jolt: body MESH_STATIC verts=8 faces=12 id=16777222
LMalloc of 276 not 8-byte aligned, rounding up
RenderActor3DAnimates constructed with no animations!
MATL closed without all data read (bytesLeft = 264)
jolt: mesh actor_pos=(0.000,0.000,0.000)
jolt: mesh v0 local=(-20.150,-15.150,-2.500) world=(-20.150,-15.150,-2.500)
jolt: mesh v1 local=(-20.150,-15.150,-0.025) world=(-20.150,-15.150,-0.025)
jolt: mesh v2 local=(-20.150,15.150,-2.500) world=(-20.150,15.150,-2.500)
jolt: mesh v3 local=(-20.150,15.150,-0.025) world=(-20.150,15.150,-0.025)
jolt: mesh v4 local=(20.150,-15.150,-2.500) world=(20.150,-15.150,-2.500)
jolt: mesh v5 local=(20.150,-15.150,-0.025) world=(20.150,-15.150,-0.025)
jolt: mesh v6 local=(20.150,15.150,-2.500) world=(20.150,15.150,-2.500)
jolt: mesh v7 local=(20.150,15.150,-0.025) world=(20.150,15.150,-0.025)
jolt: body MESH_STATIC verts=8 faces=12 id=16777223
LMalloc of 276 not 8-byte aligned, rounding up
RenderActor3DAnimates constructed with no animations!
MATL closed without all data read (bytesLeft = 264)
jolt: mesh actor_pos=(0.000,0.000,0.000)
jolt: mesh v0 local=(-30.000,16.000,-5.000) world=(-30.000,16.000,-5.000)
jolt: mesh v1 local=(-30.000,16.000,20.000) world=(-30.000,16.000,20.000)
jolt: mesh v2 local=(-30.000,16.100,-5.000) world=(-30.000,16.100,-5.000)
jolt: mesh v3 local=(-30.000,16.100,20.000) world=(-30.000,16.100,20.000)
jolt: mesh v4 local=(30.000,16.000,-5.000) world=(30.000,16.000,-5.000)
jolt: mesh v5 local=(30.000,16.000,20.000) world=(30.000,16.000,20.000)
jolt: mesh v6 local=(30.000,16.100,-5.000) world=(30.000,16.100,-5.000)
jolt: mesh v7 local=(30.000,16.100,20.000) world=(30.000,16.100,20.000)
jolt: body MESH_STATIC verts=8 faces=12 id=16777224
zforth: INDEXOF_CAMSHOT = 1921 (expect 1921)
zforth: INDEXOF_CAMSHOT = 1921 (expect 1921)
jolt: OptimizeBroadPhase done (9 static bodies)
audio: MusicPlayer — soundfont not found: florestan-subset.sf2
audio: sfx[0] not found: wflevels/qbert_practice/sfx/qbert_hop.wav
audio: sfx[1] not found: wflevels/qbert_practice/sfx/qbert_land.wav
audio: sfx[2] not found: wflevels/qbert_practice/sfx/qbert_fall.wav
audio: sfx[3] not found: wflevels/qbert_practice/sfx/qbert_swear.wav
audio: sfx[4] not found: wflevels/qbert_practice/sfx/qbert_round_clear.wav
audio: sfx[5] not found: wflevels/qbert_practice/sfx/qbert_kill.wav
audio: sfx[6] not found: wflevels/qbert_practice/sfx/qbert_disc.wav
rest_api: listening on http://127.0.0.1:8765
[debug] listening on :17921
delta too large: 0.3563232422
timeofday:1790995267:827624
lasttimeofday: 1790995267:471300
deltatime:0:356324
delta: 0.3563232422
[debug] client connected fd=19 from 127.0.0.1
delta too large: 0.7338409424
timeofday:1790995269:175052
lasttimeofday: 1790995268:441207
deltatime:0:733845
delta: 0.7338409424
delta too large: 0.7313232422
timeofday:1790995270:42200
lasttimeofday: 1790995269:310863
deltatime:0:731337
delta: 0.7313232422
delta too large: 0.7228088379
timeofday:1790995270:899860
lasttimeofday: 1790995270:177047
deltatime:0:722813
delta: 0.7228088379
delta too large: 0.7105255127
timeofday:1790995271:743998
lasttimeofday: 1790995271:33468
deltatime:0:710530
delta: 0.7105255127
delta too large: 0.7808990479
timeofday:1790995272:654272
lasttimeofday: 1790995271:873364
deltatime:0:780908
delta: 0.7808990479
delta too large: 0.7013397217
timeofday:1790995273:511220
lasttimeofday: 1790995272:809872
deltatime:0:701348
delta: 0.7013397217
delta too large: 0.4664001465
timeofday:1790995274:81549
lasttimeofday: 1790995273:615145
deltatime:0:466404
delta: 0.4664001465
delta too large: 0.6472015381
timeofday:1790995274:830560
lasttimeofday: 1790995274:183358
deltatime:0:647202
delta: 0.6472015381
delta too large: 0.792098999
timeofday:1790995275:768464
lasttimeofday: 1790995274:976350
deltatime:0:792114
delta: 0.792098999
delta too large: 0.837677002
timeofday:1790995276:701242
lasttimeofday: 1790995275:863564
deltatime:0:837678
delta: 0.837677002
delta too large: 0.7240600586
timeofday:1790995277:425304
lasttimeofday: 1790995276:701242
deltatime:0:724062
delta: 0.7240600586
delta too large: 0.7964477539
timeofday:1790995278:406577
lasttimeofday: 1790995277:610124
deltatime:0:796453
delta: 0.7964477539
delta too large: 0.7306365967
timeofday:1790995279:275016
lasttimeofday: 1790995278:544375
deltatime:0:730641
delta: 0.7306365967
ball pos: (0.254, 0.000, 6.000)
delta too large: 0.8754272461
timeofday:1790995280:293851
lasttimeofday: 1790995279:418420
deltatime:0:875431
delta: 0.8754272461
delta too large: 0.806427002
timeofday:1790995281:247627
lasttimeofday: 1790995280:441194
deltatime:0:806433
delta: 0.806427002
delta too large: 0.867767334
timeofday:1790995282:250522
lasttimeofday: 1790995281:382742
deltatime:0:867780
delta: 0.867767334
delta too large: 0.9225921631
timeofday:1790995283:337832
lasttimeofday: 1790995282:415236
deltatime:0:922596
delta: 0.9225921631
delta too large: 0.8802032471
timeofday:1790995284:357140
lasttimeofday: 1790995283:476928
deltatime:0:880212
delta: 0.8802032471
delta too large: 1.150314331
timeofday:1790995285:646282
lasttimeofday: 1790995284:495967
deltatime:1:150315
delta: 1.150314331
delta too large: 0.912979126
timeofday:1790995286:693056
lasttimeofday: 1790995285:780074
deltatime:0:912982
delta: 0.912979126
delta too large: 0.9737548828
timeofday:1790995287:801343
lasttimeofday: 1790995286:827578
deltatime:0:973765
delta: 0.9737548828
delta too large: 0.7577819824
timeofday:1790995288:676673
lasttimeofday: 1790995287:918887
deltatime:0:757786
delta: 0.7577819824
delta too large: 0.8464050293
timeofday:1790995289:660288
lasttimeofday: 1790995288:813878
deltatime:0:846410
delta: 0.8464050293
delta too large: 0.9161376953
timeofday:1790995290:721684
lasttimeofday: 1790995289:805536
deltatime:0:916148
delta: 0.9161376953
delta too large: 0.8201141357
timeofday:1790995291:676373
lasttimeofday: 1790995290:856251
deltatime:0:820122
delta: 0.8201141357
delta too large: 0.899810791
timeofday:1790995292:715963
lasttimeofday: 1790995291:816151
deltatime:0:899812
delta: 0.899810791
delta too large: 0.8762664795
timeofday:1790995293:693089
lasttimeofday: 1790995292:816816
deltatime:0:876273
delta: 0.8762664795
delta too large: 0.8359069824
timeofday:1790995294:617709
lasttimeofday: 1790995293:781788
deltatime:0:835921
delta: 0.8359069824
ball pos: (4.284, 0.000, 6.000)
delta too large: 0.8661956787
timeofday:1790995295:635026
lasttimeofday: 1790995294:768828
deltatime:0:866198
delta: 0.8661956787
delta too large: 0.9553985596
timeofday:1790995296:732510
lasttimeofday: 1790995295:777103
deltatime:0:955407
delta: 0.9553985596
delta too large: 0.8132171631
timeofday:1790995297:686041
lasttimeofday: 1790995296:872814
deltatime:0:813227
delta: 0.8132171631
delta too large: 1.221282959
timeofday:1790995298:907328
lasttimeofday: 1790995297:686041
deltatime:1:221287
delta: 1.221282959
delta too large: 0.9597473145
timeofday:1790995299:994601
lasttimeofday: 1790995299:34844
deltatime:0:959757
delta: 0.9597473145
delta too large: 0.8856506348
timeofday:1790995301:41098
lasttimeofday: 1790995300:155445
deltatime:0:885653
delta: 0.8856506348
delta too large: 0.7937164307
timeofday:1790995302:29506
lasttimeofday: 1790995301:235787
deltatime:0:793719
delta: 0.7937164307
delta too large: 0.7366485596
timeofday:1790995302:910488
lasttimeofday: 1790995302:173837
deltatime:0:736651
delta: 0.7366485596
delta too large: 0.7740936279
timeofday:1790995303:836139
lasttimeofday: 1790995303:62043
deltatime:0:774096
delta: 0.7740936279
delta too large: 0.581741333
timeofday:1790995304:548226
lasttimeofday: 1790995303:966479
deltatime:0:581747
delta: 0.581741333
delta too large: 0.6466217041
timeofday:1790995305:315923
lasttimeofday: 1790995304:669298
deltatime:0:646625
delta: 0.6466217041
delta too large: 0.6706542969
timeofday:1790995306:127654
lasttimeofday: 1790995305:456988
deltatime:0:670666
delta: 0.6706542969
delta too large: 0.6588134766
timeofday:1790995306:912860
lasttimeofday: 1790995306:254045
deltatime:0:658815
delta: 0.6588134766
delta too large: 0.7498474121
timeofday:1790995307:799296
lasttimeofday: 1790995307:49448
deltatime:0:749848
delta: 0.7498474121
delta too large: 0.7561187744
timeofday:1790995308:702040
lasttimeofday: 1790995307:945908
deltatime:0:756132
delta: 0.7561187744
delta too large: 0.7640686035
timeofday:1790995309:595551
lasttimeofday: 1790995308:831482
deltatime:0:764069
delta: 0.7640686035
ball pos: (6.238, -0.571, 6.000)
delta too large: 0.7511901855
timeofday:1790995310:490854
lasttimeofday: 1790995309:739660
deltatime:0:751194
delta: 0.7511901855
delta too large: 0.759475708
timeofday:1790995311:389070
lasttimeofday: 1790995310:629584
deltatime:0:759486
delta: 0.759475708
delta too large: 0.7347259521
timeofday:1790995312:265090
lasttimeofday: 1790995311:530356
deltatime:0:734734
delta: 0.7347259521
delta too large: 0.7578887939
timeofday:1790995313:146501
lasttimeofday: 1790995312:388604
deltatime:0:757897
delta: 0.7578887939
delta too large: 0.7409973145
timeofday:1790995314:23559
lasttimeofday: 1790995313:282560
deltatime:0:740999
delta: 0.7409973145
delta too large: 0.7497711182
timeofday:1790995314:907283
lasttimeofday: 1790995314:157503
deltatime:0:749780
delta: 0.7497711182
delta too large: 0.742401123
timeofday:1790995315:790633
lasttimeofday: 1790995315:48229
deltatime:0:742404
delta: 0.742401123
delta too large: 0.6849365234
timeofday:1790995316:613621
lasttimeofday: 1790995315:928673
deltatime:0:684948
delta: 0.6849365234
delta too large: 0.7522735596
timeofday:1790995317:365895
lasttimeofday: 1790995316:613621
deltatime:0:752274
delta: 0.7522735596
delta too large: 0.6996154785
timeofday:1790995318:195411
lasttimeofday: 1790995317:495795
deltatime:0:699616
delta: 0.6996154785
delta too large: 0.7618560791
timeofday:1790995319:63413
lasttimeofday: 1790995318:301543
deltatime:0:761870
delta: 0.7618560791
delta too large: 0.8408660889
timeofday:1790995320:56191
lasttimeofday: 1790995319:215318
deltatime:0:840873
delta: 0.8408660889
delta too large: 0.7838897705
timeofday:1790995320:932390
lasttimeofday: 1790995320:148493
deltatime:0:783897
delta: 0.7838897705
delta too large: 0.7920227051
timeofday:1790995321:865967
lasttimeofday: 1790995321:73939
deltatime:0:792028
delta: 0.7920227051
delta too large: 0.7071075439
timeofday:1790995322:746498
lasttimeofday: 1790995322:39377
deltatime:0:707121
delta: 0.7071075439
delta too large: 0.8221130371
timeofday:1790995323:707629
lasttimeofday: 1790995322:885513
deltatime:0:822116
delta: 0.8221130371
ball pos: (5.804, -2.801, 6.329)
delta too large: 0.8260498047
timeofday:1790995324:685782
lasttimeofday: 1790995323:859728
deltatime:0:826054
delta: 0.8260498047
delta too large: 0.8051452637
timeofday:1790995325:595854
lasttimeofday: 1790995324:790702
deltatime:0:805152
delta: 0.8051452637
delta too large: 0.9221801758
timeofday:1790995326:688912
lasttimeofday: 1790995325:766728
deltatime:0:922184
delta: 0.9221801758
delta too large: 0.7138977051
timeofday:1790995327:572846
lasttimeofday: 1790995326:858938
deltatime:0:713908
delta: 0.7138977051
delta too large: 0.737991333
timeofday:1790995328:425791
lasttimeofday: 1790995327:687789
deltatime:0:738002
delta: 0.737991333
delta too large: 0.6388092041
timeofday:1790995329:205167
lasttimeofday: 1790995328:566356
deltatime:0:638811
delta: 0.6388092041
delta too large: 0.7961730957
timeofday:1790995330:102326
lasttimeofday: 1790995329:306145
deltatime:0:796181
delta: 0.7961730957
delta too large: 0.8921813965
timeofday:1790995331:129636
lasttimeofday: 1790995330:237452
deltatime:0:892184
delta: 0.8921813965
delta too large: 0.8021697998
timeofday:1790995332:41037
lasttimeofday: 1790995331:238860
deltatime:0:802177
delta: 0.8021697998
delta too large: 0.9172668457
timeofday:1790995333:106426
lasttimeofday: 1790995332:189154
deltatime:0:917272
delta: 0.9172668457
delta too large: 0.8528900146
timeofday:1790995334:99669
lasttimeofday: 1790995333:246764
deltatime:0:852905
delta: 0.8528900146
delta too large: 0.7279663086
timeofday:1790995334:929109
lasttimeofday: 1790995334:201137
deltatime:0:727972
delta: 0.7279663086
delta too large: 0.8507995605
timeofday:1790995335:951226
lasttimeofday: 1790995335:100424
deltatime:0:850802
delta: 0.8507995605
delta too large: 0.7945556641
timeofday:1790995336:745795
lasttimeofday: 1790995335:951226
deltatime:0:794569
delta: 0.7945556641
delta too large: 0.785446167
timeofday:1790995337:716301
lasttimeofday: 1790995336:930845
deltatime:0:785456
delta: 0.785446167
delta too large: 0.6754608154
timeofday:1790995338:528775
lasttimeofday: 1790995337:853300
deltatime:0:675475
delta: 0.6754608154
ball pos: (4.910, -5.605, 7.796)
delta too large: 0.6763153076
timeofday:1790995339:315896
lasttimeofday: 1790995338:639578
deltatime:0:676318
delta: 0.6763153076
delta too large: 0.7308349609
timeofday:1790995340:168033
lasttimeofday: 1790995339:437184
deltatime:0:730849
delta: 0.7308349609
delta too large: 0.7047119141
timeofday:1790995341:9446
lasttimeofday: 1790995340:304731
deltatime:0:704715
delta: 0.7047119141
delta too large: 0.7098236084
timeofday:1790995341:854174
lasttimeofday: 1790995341:144348
deltatime:0:709826
delta: 0.7098236084
delta too large: 0.8026733398
timeofday:1790995342:755218
lasttimeofday: 1790995341:952541
deltatime:0:802677
delta: 0.8026733398
delta too large: 0.7570495605
timeofday:1790995343:662701
lasttimeofday: 1790995342:905648
deltatime:0:757053
delta: 0.7570495605
delta too large: 0.7266082764
timeofday:1790995344:511824
lasttimeofday: 1790995343:785205
deltatime:0:726619
delta: 0.7266082764
delta too large: 0.8362731934
timeofday:1790995345:482408
lasttimeofday: 1790995344:646132
deltatime:0:836276
delta: 0.8362731934
delta too large: 0.785369873
timeofday:1790995346:400094
lasttimeofday: 1790995345:614722
deltatime:0:785372
delta: 0.785369873
delta too large: 0.7509765625
timeofday:1790995347:289883
lasttimeofday: 1790995346:538906
deltatime:0:750977
delta: 0.7509765625
delta too large: 0.7815093994
timeofday:1790995348:156626
lasttimeofday: 1790995347:375115
deltatime:0:781511
delta: 0.7815093994
delta too large: 0.7016143799
timeofday:1790995348:938957
lasttimeofday: 1790995348:237332
deltatime:0:701625
delta: 0.7016143799
delta too large: 0.7130889893
timeofday:1790995349:760661
lasttimeofday: 1790995349:47562
deltatime:0:713099
delta: 0.7130889893
delta too large: 0.8330993652
timeofday:1790995350:749175
lasttimeofday: 1790995349:916068
deltatime:0:833107
delta: 0.8330993652
delta too large: 0.831161499
timeofday:1790995351:748127
lasttimeofday: 1790995350:916965
deltatime:0:831162
delta: 0.831161499
ball pos: (4.805, -5.935, 7.866)
delta too large: 0.7899780273
timeofday:1790995352:682989
lasttimeofday: 1790995351:892996
deltatime:0:789993
delta: 0.7899780273
delta too large: 0.7965545654
timeofday:1790995353:636135
lasttimeofday: 1790995352:839567
deltatime:0:796568
delta: 0.7965545654
delta too large: 0.8359985352
timeofday:1790995354:610645
lasttimeofday: 1790995353:774642
deltatime:0:836003
delta: 0.8359985352
delta too large: 0.837387085
timeofday:1790995355:448039
lasttimeofday: 1790995354:610645
deltatime:0:837394
delta: 0.837387085
delta too large: 0.8133850098
timeofday:1790995356:417373
lasttimeofday: 1790995355:603974
deltatime:0:813399
delta: 0.8133850098
delta too large: 0.794342041
timeofday:1790995357:356631
lasttimeofday: 1790995356:562274
deltatime:0:794357
delta: 0.794342041
delta too large: 0.8453826904
timeofday:1790995358:343204
lasttimeofday: 1790995357:497811
deltatime:0:845393
delta: 0.8453826904
delta too large: 0.524230957
timeofday:1790995359:7999
lasttimeofday: 1790995358:483768
deltatime:0:524231
delta: 0.524230957
delta too large: 0.4774932861
timeofday:1790995359:585935
lasttimeofday: 1790995359:108437
deltatime:0:477498
delta: 0.4774932861
delta too large: 0.4667205811
timeofday:1790995360:145245
lasttimeofday: 1790995359:678521
deltatime:0:466724
delta: 0.4667205811
delta too large: 0.4668273926
timeofday:1790995360:701910
lasttimeofday: 1790995360:235073
deltatime:0:466837
delta: 0.4668273926
delta too large: 0.5774993896
timeofday:1790995361:352322
lasttimeofday: 1790995360:774810
deltatime:0:577512
delta: 0.5774993896
delta too large: 0.4958343506
timeofday:1790995361:945106
lasttimeofday: 1790995361:449261
deltatime:0:495845
delta: 0.4958343506
delta too large: 0.5878753662
timeofday:1790995362:644567
lasttimeofday: 1790995362:56689
deltatime:0:587878
delta: 0.5878753662
delta too large: 0.79246521
timeofday:1790995363:437041
lasttimeofday: 1790995362:644567
deltatime:0:792474
delta: 0.79246521
delta too large: 0.5944366455
timeofday:1790995364:240554
lasttimeofday: 1790995363:646108
deltatime:0:594446
delta: 0.5944366455
delta too large: 0.4577484131
timeofday:1790995364:744480
lasttimeofday: 1790995364:286730
deltatime:0:457750
delta: 0.4577484131
ball pos: (4.143, -8.015, 7.869)
delta too large: 0.4653320312
timeofday:1790995365:305088
lasttimeofday: 1790995364:839741
deltatime:0:465347
delta: 0.4653320312
delta too large: 0.4610137939
timeofday:1790995365:864481
lasttimeofday: 1790995365:403458
deltatime:0:461023
delta: 0.4610137939
delta too large: 0.525680542
timeofday:1790995366:484579
lasttimeofday: 1790995365:958898
deltatime:0:525681
delta: 0.525680542
delta too large: 0.4892730713
timeofday:1790995367:80620
lasttimeofday: 1790995366:591333
deltatime:0:489287
delta: 0.4892730713
delta too large: 0.4524841309
timeofday:1790995367:635565
lasttimeofday: 1790995367:183073
deltatime:0:452492
delta: 0.4524841309
delta too large: 0.4581451416
timeofday:1790995368:166573
lasttimeofday: 1790995367:708421
deltatime:0:458152
delta: 0.4581451416
delta too large: 0.440536499
timeofday:1790995368:652865
lasttimeofday: 1790995368:212319
deltatime:0:440546
delta: 0.440536499
delta too large: 0.4319000244
timeofday:1790995369:175428
lasttimeofday: 1790995368:743523
deltatime:0:431905
delta: 0.4319000244
delta too large: 0.4398651123
timeofday:1790995369:685660
lasttimeofday: 1790995369:245791
deltatime:0:439869
delta: 0.4398651123
delta too large: 0.4419250488
timeofday:1790995370:224262
lasttimeofday: 1790995369:782329
deltatime:0:441933
delta: 0.4419250488
delta too large: 0.486618042
timeofday:1790995370:802916
lasttimeofday: 1790995370:316296
deltatime:0:486620
delta: 0.486618042
delta too large: 0.4698181152
timeofday:1790995371:374142
lasttimeofday: 1790995370:904313
deltatime:0:469829
delta: 0.4698181152
delta too large: 0.4458770752
timeofday:1790995371:913193
lasttimeofday: 1790995371:467308
deltatime:0:445885
delta: 0.4458770752
delta too large: 0.4536132812
timeofday:1790995372:439372
lasttimeofday: 1790995371:985756
deltatime:0:453616
delta: 0.4536132812
delta too large: 0.4792327881
timeofday:1790995373:8078
lasttimeofday: 1790995372:528835
deltatime:0:479243
delta: 0.4792327881
ball pos: (4.085, -8.194, 7.869)
delta too large: 0.4453735352
timeofday:1790995373:549991
lasttimeofday: 1790995373:104610
deltatime:0:445381
delta: 0.4453735352
delta too large: 0.4585113525
timeofday:1790995374:100992
lasttimeofday: 1790995373:642471
deltatime:0:458521
delta: 0.4585113525
delta too large: 0.4806976318
timeofday:1790995374:677503
lasttimeofday: 1790995374:196797
deltatime:0:480706
delta: 0.4806976318
delta too large: 0.463394165
timeofday:1790995375:140903
lasttimeofday: 1790995374:677503
deltatime:0:463400
delta: 0.463394165
[debug] client disconnected fd=19
