configured floor and collision bounds True
explicit player bounds True
no imported adventure/scaffold content True
default excludes diagnostics True
two independently addressed settings owners True
default explicit runtime camera/room objects True
every declared descriptor type accounted for True
all presentation codes accounted for True
complete OAD framing True
compiled descriptor Signed_INT8_N_A_1 True
compiled descriptor Signed_INT8_NUMBER_2 True
compiled descriptor Signed_INT8_SLIDER_3 True
compiled descriptor Signed_INT8_HIDDEN_4 True
compiled descriptor Enum_INT8_N_A_5 True
compiled descriptor Enum_INT8_NUMBER_6 True
compiled descriptor Enum_INT8_SLIDER_7 True
compiled descriptor Enum_INT8_TOGGLE_8 True
compiled descriptor Enum_INT8_DROPMENU_9 True
compiled descriptor Enum_INT8_RADIOBUTTONS_10 True
compiled descriptor Enum_INT8_COMBOBOX_11 True
compiled descriptor Enum_INT8_HIDDEN_12 True
compiled descriptor Boolean_INT8_CHECKBOX_13 True
compiled descriptor Boolean_INT8_TOGGLE_14 True
compiled descriptor Boolean_INT8_HIDDEN_15 True
compiled descriptor BooleanLabels_INT8_CHECKBOX_16 True
compiled descriptor BooleanLabels_INT8_TOGGLE_17 True
compiled descriptor BooleanLabels_INT8_RADIOBUTTONS_18 True
compiled descriptor BooleanLabels_INT8_HIDDEN_19 True
compiled descriptor Signed_INT16_N_A_20 True
compiled descriptor Signed_INT16_NUMBER_21 True
compiled descriptor Signed_INT16_SLIDER_22 True
compiled descriptor Signed_INT16_HIDDEN_23 True
compiled descriptor Enum_INT16_N_A_24 True
compiled descriptor Enum_INT16_NUMBER_25 True
compiled descriptor Enum_INT16_SLIDER_26 True
compiled descriptor Enum_INT16_TOGGLE_27 True
compiled descriptor Enum_INT16_DROPMENU_28 True
compiled descriptor Enum_INT16_RADIOBUTTONS_29 True
compiled descriptor Enum_INT16_COMBOBOX_30 True
compiled descriptor Enum_INT16_HIDDEN_31 True
compiled descriptor Boolean_INT16_CHECKBOX_32 True
compiled descriptor Boolean_INT16_TOGGLE_33 True
compiled descriptor Boolean_INT16_HIDDEN_34 True
compiled descriptor BooleanLabels_INT16_CHECKBOX_35 True
compiled descriptor BooleanLabels_INT16_TOGGLE_36 True
compiled descriptor BooleanLabels_INT16_RADIOBUTTONS_37 True
compiled descriptor BooleanLabels_INT16_HIDDEN_38 True
compiled descriptor Signed_INT32_N_A_39 True
compiled descriptor Signed_INT32_NUMBER_40 True
compiled descriptor Signed_INT32_SLIDER_41 True
compiled descriptor Signed_INT32_HIDDEN_42 True
compiled descriptor Enum_INT32_N_A_43 True
compiled descriptor Enum_INT32_NUMBER_44 True
compiled descriptor Enum_INT32_SLIDER_45 True
compiled descriptor Enum_INT32_TOGGLE_46 True
compiled descriptor Enum_INT32_DROPMENU_47 True
compiled descriptor Enum_INT32_RADIOBUTTONS_48 True
compiled descriptor Enum_INT32_COMBOBOX_49 True
compiled descriptor Enum_INT32_HIDDEN_50 True
compiled descriptor Boolean_INT32_CHECKBOX_51 True
compiled descriptor Boolean_INT32_TOGGLE_52 True
compiled descriptor Boolean_INT32_HIDDEN_53 True
compiled descriptor BooleanLabels_INT32_CHECKBOX_54 True
compiled descriptor BooleanLabels_INT32_TOGGLE_55 True
compiled descriptor BooleanLabels_INT32_RADIOBUTTONS_56 True
compiled descriptor BooleanLabels_INT32_HIDDEN_57 True
compiled descriptor Fraction_FIXED16_N_A_58 True
compiled descriptor Fraction_FIXED16_NUMBER_59 True
compiled descriptor Fraction_FIXED16_SLIDER_60 True
compiled descriptor Fraction_FIXED16_HIDDEN_61 True
compiled descriptor Fraction_FIXED32_N_A_62 True
compiled descriptor Fraction_FIXED32_NUMBER_63 True
compiled descriptor Fraction_FIXED32_SLIDER_64 True
compiled descriptor Fraction_FIXED32_HIDDEN_65 True
compiled descriptor Mailbox_INT32_MAILBOX_66 True
compiled descriptor Mailbox_INT32_HIDDEN_67 True
compiled descriptor Colour_INT32_COLOR_68 True
compiled descriptor Colour_INT32_HIDDEN_69 True
compiled descriptor Text_STRING_N_A_70 True
compiled descriptor Text_STRING_NUMBER_71 True
compiled descriptor Text_STRING_HIDDEN_72 True
compiled descriptor Multiline_STRING_TEXTEDITOR_73 True
compiled descriptor TextSuggestions_STRING_COMBOBOX_74 True
compiled descriptor PathText_STRING_FILENAME_75 True
compiled descriptor Asset_FILENAME_N_A_76 True
compiled descriptor Asset_FILENAME_FILENAME_77 True
compiled descriptor Asset_FILENAME_HIDDEN_78 True
compiled descriptor Asset_MESHNAME_N_A_79 True
compiled descriptor Asset_MESHNAME_FILENAME_80 True
compiled descriptor Asset_MESHNAME_HIDDEN_81 True
compiled descriptor Reference_OBJECT_REFERENCE_N_A_82 True
compiled descriptor Reference_OBJECT_REFERENCE_COMBOBOX_83 True
compiled descriptor Reference_OBJECT_REFERENCE_HIDDEN_84 True
compiled descriptor Reference_CAMERA_REFERENCE_N_A_85 True
compiled descriptor Reference_CAMERA_REFERENCE_COMBOBOX_86 True
compiled descriptor Reference_CAMERA_REFERENCE_HIDDEN_87 True
compiled descriptor Reference_LIGHT_REFERENCE_N_A_88 True
compiled descriptor Reference_LIGHT_REFERENCE_COMBOBOX_89 True
compiled descriptor Reference_LIGHT_REFERENCE_HIDDEN_90 True
compiled descriptor Reference_CLASS_REFERENCE_N_A_91 True
compiled descriptor Reference_CLASS_REFERENCE_COMBOBOX_92 True
compiled descriptor Reference_CLASS_REFERENCE_HIDDEN_93 True
compiled descriptor Annotation_XDATA_N_A_94 True
compiled descriptor Annotation_XDATA_TEXTEDITOR_95 True
compiled descriptor Annotation_XDATA_DROPMENU_96 True
compiled descriptor Annotation_XDATA_COMBOBOX_97 True
compiled descriptor Annotation_XDATA_HIDDEN_98 True
compiled descriptor VectorReference_OBJECT_REFERENCE_VECTOR_N_A_99 True
compiled descriptor VectorReference_OBJECT_REFERENCE_HIDDEN_100 True
compiled descriptor DirectionX_FIXED32_VECTOR_N_A_101 True
compiled descriptor DirectionY_FIXED32_VECTOR_N_A_102 True
compiled descriptor DirectionZ_FIXED32_VECTOR_N_A_103 True
compiled descriptor DirectionX_FIXED32_VECTOR_NUMBER_104 True
compiled descriptor DirectionY_FIXED32_VECTOR_NUMBER_105 True
compiled descriptor DirectionZ_FIXED32_VECTOR_NUMBER_106 True
compiled descriptor DirectionX_FIXED32_VECTOR_SLIDER_107 True
compiled descriptor DirectionY_FIXED32_VECTOR_SLIDER_108 True
compiled descriptor DirectionZ_FIXED32_VECTOR_SLIDER_109 True
compiled descriptor DirectionX_FIXED32_HIDDEN_110 True
compiled descriptor DirectionY_FIXED32_HIDDEN_111 True
compiled descriptor DirectionZ_FIXED32_HIDDEN_112 True
compiled descriptor NegativeEnum_INT32_RADIOBUTTONS_113 True
compiled descriptor ManyChoices_INT32_RADIOBUTTONS_114 True
compiled descriptor ReadOnly_INT32_NUMBER_115 True
compiled descriptor ReadOnlyText_STRING_N_A_116 True
compiled descriptor EnableDependent_INT32_CHECKBOX_117 True
compiled descriptor Conditional_FIXED32_NUMBER_118 True
catalog contains two object instances True
standalone L4 and sector-aligned asset True
native script compilation succeeds True
native player grounded at spawn True
native held Up moves +Y True
native release settles movement True
B resets native player True
native Up with zero heading moves +X True
camera switches to first-person True
camera switches back to follow True
unit cube blocks native movement True
quadrant floor support (-90, -90) True
quadrant floor support (90, -90) True
quadrant floor support (-90, 90) True
quadrant floor support (90, 90) True
fall reset restores spawn True
remote Up+OK resets without jumping True
runtime still running True
