material: texture=""  bTranslucent=0  bitdepth=16  flags_in=0x2
material: texture=""  bTranslucent=0  bitdepth=16  flags_in=0x2
audio: miniaudio v0.11.25 ready
DEBUG = 1,
DO_ASSERTIONS = 1, NO_ASSERT_EXPR = 0, USE_INLINE_DEFS = 1, WF_BIG_ENDIAN = 0
argc = 9, argv: /home/will/WorldFoundry-wbniv/engine/wf_game -L/home/will/WorldFoundry-wbniv/wflevels/aquarium_arowana-standalone.iff -rate20 -width=960 -height=540 --debug-port 17921 --debug-bind 127.0.0.1 
cbHalLmalloc = 64000000, cbHalScratchLmalloc = 180000
wf_game v0.4.1, Built:Jul 31 2026,10:21:50 by kts
-L/home/will/WorldFoundry-wbniv/wflevels/aquarium_arowana-standalone.iff
-rate20
Fake clock delta = 0.05000000075
-width=960
-height=540
--debug-port
--debug-bind
argc = 9, commandIndex = 9
Level=-1
cerror:
cwarn:
cstats:
wf_game Ver 0.4.1, Built:Jul 31 2026,10:21:50 by kts
DBSTREAMS jolt: RegisterDefaultAllocator
jolt: Factory
jolt: RegisterTypes
jolt: RunSelftest
jolt: selftest ok (sphere fell to z=5.098)
jolt: backend init
jolt: backend ready (gravity -Z)
jolt: init complete
LMalloc of 412 not 8-byte aligned, rounding up
LMalloc of 7620 not 8-byte aligned, rounding up
LMalloc of 20 not 8-byte aligned, rounding up
LMalloc of 20 not 8-byte aligned, rounding up
Level::Level: leveldata= 0x7205a0c46b80, object count  = 33
ASS closed without all data read (bytesLeft = 4118)
ASS closed without all data read (bytesLeft = 150)
ASS closed without all data read (bytesLeft = 16)
ASS closed without all data read (bytesLeft = 16)
ASS closed without all data read (bytesLeft = 126220)
PixelMap::Load: this = 0x72059f927b80
PixelMap::Load: this = 0x72059f927bc0
LMalloc of 28 not 8-byte aligned, rounding up
LMalloc of 28 not 8-byte aligned, rounding up
LMalloc of 28 not 8-byte aligned, rounding up
LMalloc of 28 not 8-byte aligned, rounding up
LMalloc of 100 not 8-byte aligned, rounding up
[Actor] idx=2 class=23 commonOff=22424 NumberOfLocalMailboxes=0
[Actor] idx=3 class=13 commonOff=22424 NumberOfLocalMailboxes=0
this = 0x72059f92b0c0,setting _memory to 0x72059f92abc8
DMalloc of 52 not 8-byte aligned, rounding up
[Actor] idx=4 class=20 commonOff=23136 NumberOfLocalMailboxes=0
[Actor] idx=6 class=11 commonOff=22424 NumberOfLocalMailboxes=0
[Actor] idx=7 class=16 commonOff=22424 NumberOfLocalMailboxes=0
[Actor] idx=8 class=3 commonOff=22424 NumberOfLocalMailboxes=0
[Actor] idx=9 class=22 commonOff=23876 NumberOfLocalMailboxes=6
jolt: character 0 created at (0.00, 0.00, 6.00) ctr=(0.00,0.00,0.00)
[Actor] idx=10 class=7 commonOff=24184 NumberOfLocalMailboxes=0
[Actor] idx=11 class=7 commonOff=24384 NumberOfLocalMailboxes=0
[Actor] idx=12 class=7 commonOff=24428 NumberOfLocalMailboxes=0
[Actor] idx=13 class=7 commonOff=24472 NumberOfLocalMailboxes=0
[Actor] idx=14 class=7 commonOff=22424 NumberOfLocalMailboxes=0
[Actor] idx=15 class=7 commonOff=22424 NumberOfLocalMailboxes=0
[Actor] idx=16 class=7 commonOff=22424 NumberOfLocalMailboxes=0
[Actor] idx=17 class=7 commonOff=22424 NumberOfLocalMailboxes=0
[Actor] idx=18 class=7 commonOff=24516 NumberOfLocalMailboxes=0
[Actor] idx=19 class=7 commonOff=24560 NumberOfLocalMailboxes=0
[Actor] idx=20 class=5 commonOff=22424 NumberOfLocalMailboxes=0
jolt: body STATIC pos=(0.00,0.00,0.00) half=(20.00,15.00,0.12) id=8388608
[Actor] idx=21 class=5 commonOff=22424 NumberOfLocalMailboxes=0
jolt: body STATIC pos=(0.00,14.88,6.10) half=(19.87,0.12,5.90) id=8388609
[Actor] idx=22 class=5 commonOff=24712 NumberOfLocalMailboxes=0
jolt: body STATIC pos=(0.00,14.88,11.88) half=(20.00,0.12,0.12) id=8388610
[Actor] idx=23 class=5 commonOff=22424 NumberOfLocalMailboxes=0
jolt: body STATIC pos=(-20.00,0.00,6.00) half=(0.12,15.00,6.00) id=8388611
[Actor] idx=24 class=5 commonOff=22424 NumberOfLocalMailboxes=0
jolt: body STATIC pos=(19.88,0.00,6.00) half=(0.12,15.00,6.00) id=8388612
[Actor] idx=25 class=5 commonOff=22424 NumberOfLocalMailboxes=0
jolt: body STATIC pos=(0.00,-15.12,6.00) half=(20.00,0.12,6.00) id=8388613
[Actor] idx=26 class=7 commonOff=22424 NumberOfLocalMailboxes=0
[Actor] idx=27 class=5 commonOff=22424 NumberOfLocalMailboxes=0
jolt: body STATIC pos=(0.00,0.00,0.07) half=(19.87,14.87,0.12) id=8388614
[Actor] idx=28 class=5 commonOff=22424 NumberOfLocalMailboxes=0
jolt: body STATIC pos=(0.00,0.00,-1.26) half=(20.15,15.15,1.24) id=8388615
[Actor] idx=29 class=5 commonOff=22424 NumberOfLocalMailboxes=0
jolt: body STATIC pos=(0.00,15.97,7.50) half=(30.00,0.12,12.50) id=8388616
[Actor] idx=30 class=23 commonOff=22424 NumberOfLocalMailboxes=0
[Actor] idx=31 class=3 commonOff=22424 NumberOfLocalMailboxes=0
[Actor] idx=32 class=16 commonOff=22424 NumberOfLocalMailboxes=0
LMalloc of 20 not 8-byte aligned, rounding up
DMalloc of 404 not 8-byte aligned, rounding up
DMalloc of 446 not 8-byte aligned, rounding up
DMalloc of 454 not 8-byte aligned, rounding up
DMalloc of 404 not 8-byte aligned, rounding up
Walking from 0
0->0
0->0
LMalloc of 20 not 8-byte aligned, rounding up
LMalloc of 20 not 8-byte aligned, rounding up
ASS closed without all data read (bytesLeft = 4118)
ASS closed without all data read (bytesLeft = 150)
ASS closed without all data read (bytesLeft = 16)
ASS closed without all data read (bytesLeft = 16)
ASS closed without all data read (bytesLeft = 126220)
ASS closed without all data read (bytesLeft = 6420)
ASS closed without all data read (bytesLeft = 5828)
ASS closed without all data read (bytesLeft = 5828)
ASS closed without all data read (bytesLeft = 2708)
ASS closed without all data read (bytesLeft = 2708)
ASS closed without all data read (bytesLeft = 2708)
ASS closed without all data read (bytesLeft = 2708)
ASS closed without all data read (bytesLeft = 1388)
ASS closed without all data read (bytesLeft = 1388)
ASS closed without all data read (bytesLeft = 588)
ASS closed without all data read (bytesLeft = 4692)
ASS closed without all data read (bytesLeft = 428)
ASS closed without all data read (bytesLeft = 588)
ASS closed without all data read (bytesLeft = 588)
ASS closed without all data read (bytesLeft = 588)
ASS closed without all data read (bytesLeft = 1260)
ASS closed without all data read (bytesLeft = 588)
ASS closed without all data read (bytesLeft = 588)
ASS closed without all data read (bytesLeft = 588)
PixelMap::Load: this = 0x72059f927c00
PixelMap::Load: this = 0x72059f927c40
LMalloc of 28 not 8-byte aligned, rounding up
LMalloc of 28 not 8-byte aligned, rounding up
LMalloc of 28 not 8-byte aligned, rounding up
LMalloc of 28 not 8-byte aligned, rounding up
LMalloc of 100036 not 8-byte aligned, rounding up
RenderActor3DAnimates constructed with no animations!
LMalloc of 100036 not 8-byte aligned, rounding up
RenderActor3DAnimates constructed with no animations!
LMalloc of 5796 not 8-byte aligned, rounding up
RenderActor3DAnimates constructed with no animations!
LMalloc of 4436 not 8-byte aligned, rounding up
RenderActor3DAnimates constructed with no animations!
LMalloc of 4436 not 8-byte aligned, rounding up
RenderActor3DAnimates constructed with no animations!
LMalloc of 1796 not 8-byte aligned, rounding up
RenderActor3DAnimates constructed with no animations!
LMalloc of 1796 not 8-byte aligned, rounding up
RenderActor3DAnimates constructed with no animations!
LMalloc of 1796 not 8-byte aligned, rounding up
RenderActor3DAnimates constructed with no animations!
LMalloc of 1796 not 8-byte aligned, rounding up
RenderActor3DAnimates constructed with no animations!
LMalloc of 1076 not 8-byte aligned, rounding up
RenderActor3DAnimates constructed with no animations!
LMalloc of 1076 not 8-byte aligned, rounding up
RenderActor3DAnimates constructed with no animations!
LMalloc of 276 not 8-byte aligned, rounding up
RenderActor3DAnimates constructed with no animations!
MATL closed without all data read (bytesLeft = 264)
jolt: mesh actor_pos=(0.000,0.000,0.000)
jolt: mesh v0 local=(-20.000,-15.000,0.000) world=(-20.000,-15.000,0.000)
jolt: mesh v1 local=(-20.000,-15.000,0.127) world=(-20.000,-15.000,0.127)
jolt: mesh v2 local=(-20.000,15.000,0.000) world=(-20.000,15.000,0.000)
jolt: mesh v3 local=(-20.000,15.000,0.127) world=(-20.000,15.000,0.127)
jolt: mesh v4 local=(20.000,-15.000,0.000) world=(20.000,-15.000,0.000)
jolt: mesh v5 local=(20.000,-15.000,0.127) world=(20.000,-15.000,0.127)
jolt: mesh v6 local=(20.000,15.000,0.000) world=(20.000,15.000,0.000)
jolt: mesh v7 local=(20.000,15.000,0.127) world=(20.000,15.000,0.127)
jolt: body MESH_STATIC verts=8 faces=12 id=16777216
LMalloc of 2436 not 8-byte aligned, rounding up
RenderActor3DAnimates constructed with no animations!
MATL closed without all data read (bytesLeft = 2640)
jolt: mesh actor_pos=(0.000,0.000,0.000)
jolt: mesh v0 local=(-19.873,14.873,0.200) world=(-19.873,14.873,0.200)
jolt: mesh v1 local=(-19.873,14.873,1.380) world=(-19.873,14.873,1.380)
jolt: mesh v2 local=(-19.873,14.873,2.560) world=(-19.873,14.873,2.560)
jolt: mesh v3 local=(-19.873,14.873,3.740) world=(-19.873,14.873,3.740)
jolt: mesh v4 local=(-19.873,14.873,4.920) world=(-19.873,14.873,4.920)
jolt: mesh v5 local=(-19.873,14.873,6.100) world=(-19.873,14.873,6.100)
jolt: mesh v6 local=(-19.873,14.873,7.280) world=(-19.873,14.873,7.280)
jolt: mesh v7 local=(-19.873,14.873,8.460) world=(-19.873,14.873,8.460)
jolt: mesh v8 local=(-19.873,14.873,9.640) world=(-19.873,14.873,9.640)
jolt: mesh v9 local=(-19.873,14.873,10.820) world=(-19.873,14.873,10.820)
jolt: mesh v10 local=(-19.873,14.873,12.000) world=(-19.873,14.873,12.000)
jolt: mesh v11 local=(-19.873,15.000,0.200) world=(-19.873,15.000,0.200)
jolt: mesh v12 local=(-19.873,15.000,1.380) world=(-19.873,15.000,1.380)
jolt: mesh v13 local=(-19.873,15.000,2.560) world=(-19.873,15.000,2.560)
jolt: mesh v14 local=(-19.873,15.000,3.740) world=(-19.873,15.000,3.740)
jolt: mesh v15 local=(-19.873,15.000,4.920) world=(-19.873,15.000,4.920)
jolt: mesh v16 local=(-19.873,15.000,6.100) world=(-19.873,15.000,6.100)
jolt: mesh v17 local=(-19.873,15.000,7.280) world=(-19.873,15.000,7.280)
jolt: mesh v18 local=(-19.873,15.000,8.460) world=(-19.873,15.000,8.460)
jolt: mesh v19 local=(-19.873,15.000,9.640) world=(-19.873,15.000,9.640)
jolt: mesh v20 local=(-19.873,15.000,10.820) world=(-19.873,15.000,10.820)
jolt: mesh v21 local=(-19.873,15.000,12.000) world=(-19.873,15.000,12.000)
jolt: mesh v22 local=(19.873,14.873,0.200) world=(19.873,14.873,0.200)
jolt: mesh v23 local=(19.873,14.873,1.380) world=(19.873,14.873,1.380)
jolt: mesh v24 local=(19.873,14.873,2.560) world=(19.873,14.873,2.560)
jolt: mesh v25 local=(19.873,14.873,3.740) world=(19.873,14.873,3.740)
jolt: mesh v26 local=(19.873,14.873,4.920) world=(19.873,14.873,4.920)
jolt: mesh v27 local=(19.873,14.873,6.100) world=(19.873,14.873,6.100)
jolt: mesh v28 local=(19.873,14.873,7.280) world=(19.873,14.873,7.280)
jolt: mesh v29 local=(19.873,14.873,8.460) world=(19.873,14.873,8.460)
jolt: mesh v30 local=(19.873,14.873,9.640) world=(19.873,14.873,9.640)
jolt: mesh v31 local=(19.873,14.873,10.820) world=(19.873,14.873,10.820)
jolt: mesh v32 local=(19.873,14.873,12.000) world=(19.873,14.873,12.000)
jolt: mesh v33 local=(19.873,15.000,0.200) world=(19.873,15.000,0.200)
jolt: mesh v34 local=(19.873,15.000,1.380) world=(19.873,15.000,1.380)
jolt: mesh v35 local=(19.873,15.000,2.560) world=(19.873,15.000,2.560)
jolt: mesh v36 local=(19.873,15.000,3.740) world=(19.873,15.000,3.740)
jolt: mesh v37 local=(19.873,15.000,4.920) world=(19.873,15.000,4.920)
jolt: mesh v38 local=(19.873,15.000,6.100) world=(19.873,15.000,6.100)
jolt: mesh v39 local=(19.873,15.000,7.280) world=(19.873,15.000,7.280)
jolt: mesh v40 local=(19.873,15.000,8.460) world=(19.873,15.000,8.460)
jolt: mesh v41 local=(19.873,15.000,9.640) world=(19.873,15.000,9.640)
jolt: mesh v42 local=(19.873,15.000,10.820) world=(19.873,15.000,10.820)
jolt: mesh v43 local=(19.873,15.000,12.000) world=(19.873,15.000,12.000)
jolt: body MESH_STATIC verts=44 faces=120 id=16777217
LMalloc of 116 not 8-byte aligned, rounding up
RenderActor3DAnimates constructed with no animations!
MATL closed without all data read (bytesLeft = 264)
jolt: mesh actor_pos=(0.000,0.000,0.000)
jolt: mesh v0 local=(-20.000,14.873,12.000) world=(-20.000,14.873,12.000)
jolt: mesh v1 local=(-20.000,15.000,12.000) world=(-20.000,15.000,12.000)
jolt: mesh v2 local=(20.000,14.873,12.000) world=(20.000,14.873,12.000)
jolt: mesh v3 local=(20.000,15.000,12.000) world=(20.000,15.000,12.000)
jolt: body MESH_STATIC verts=4 faces=4 id=16777218
LMalloc of 276 not 8-byte aligned, rounding up
RenderActor3DAnimates constructed with no animations!
MATL closed without all data read (bytesLeft = 264)
jolt: mesh actor_pos=(0.000,0.000,0.000)
jolt: mesh v0 local=(-20.000,-15.000,0.000) world=(-20.000,-15.000,0.000)
jolt: mesh v1 local=(-20.000,-15.000,12.000) world=(-20.000,-15.000,12.000)
jolt: mesh v2 local=(-20.000,15.000,0.000) world=(-20.000,15.000,0.000)
jolt: mesh v3 local=(-20.000,15.000,12.000) world=(-20.000,15.000,12.000)
jolt: mesh v4 local=(-19.873,-15.000,0.000) world=(-19.873,-15.000,0.000)
jolt: mesh v5 local=(-19.873,-15.000,12.000) world=(-19.873,-15.000,12.000)
jolt: mesh v6 local=(-19.873,15.000,0.000) world=(-19.873,15.000,0.000)
jolt: mesh v7 local=(-19.873,15.000,12.000) world=(-19.873,15.000,12.000)
jolt: body MESH_STATIC verts=8 faces=12 id=16777219
LMalloc of 276 not 8-byte aligned, rounding up
RenderActor3DAnimates constructed with no animations!
MATL closed without all data read (bytesLeft = 264)
jolt: mesh actor_pos=(0.000,0.000,0.000)
jolt: mesh v0 local=(19.873,-15.000,0.000) world=(19.873,-15.000,0.000)
jolt: mesh v1 local=(19.873,-15.000,12.000) world=(19.873,-15.000,12.000)
jolt: mesh v2 local=(19.873,15.000,0.000) world=(19.873,15.000,0.000)
jolt: mesh v3 local=(19.873,15.000,12.000) world=(19.873,15.000,12.000)
jolt: mesh v4 local=(20.000,-15.000,0.000) world=(20.000,-15.000,0.000)
jolt: mesh v5 local=(20.000,-15.000,12.000) world=(20.000,-15.000,12.000)
jolt: mesh v6 local=(20.000,15.000,0.000) world=(20.000,15.000,0.000)
jolt: mesh v7 local=(20.000,15.000,12.000) world=(20.000,15.000,12.000)
jolt: body MESH_STATIC verts=8 faces=12 id=16777220
LMalloc of 276 not 8-byte aligned, rounding up
RenderActor3DAnimates constructed with no animations!
MATL closed without all data read (bytesLeft = 264)
jolt: mesh actor_pos=(0.000,0.000,0.000)
jolt: mesh v0 local=(-20.000,-15.127,0.000) world=(-20.000,-15.127,0.000)
jolt: mesh v1 local=(-20.000,-15.127,12.000) world=(-20.000,-15.127,12.000)
jolt: mesh v2 local=(-20.000,-15.000,0.000) world=(-20.000,-15.000,0.000)
jolt: mesh v3 local=(-20.000,-15.000,12.000) world=(-20.000,-15.000,12.000)
jolt: mesh v4 local=(20.000,-15.127,0.000) world=(20.000,-15.127,0.000)
jolt: mesh v5 local=(20.000,-15.127,12.000) world=(20.000,-15.127,12.000)
jolt: mesh v6 local=(20.000,-15.000,0.000) world=(20.000,-15.000,0.000)
jolt: mesh v7 local=(20.000,-15.000,12.000) world=(20.000,-15.000,12.000)
jolt: body MESH_STATIC verts=8 faces=12 id=16777221
LMalloc of 996 not 8-byte aligned, rounding up
RenderActor3DAnimates constructed with no animations!
LMalloc of 276 not 8-byte aligned, rounding up
RenderActor3DAnimates constructed with no animations!
MATL closed without all data read (bytesLeft = 264)
jolt: mesh actor_pos=(0.000,0.000,0.000)
jolt: mesh v0 local=(-19.873,-14.873,0.127) world=(-19.873,-14.873,0.127)
jolt: mesh v1 local=(-19.873,-14.873,0.200) world=(-19.873,-14.873,0.200)
jolt: mesh v2 local=(-19.873,14.873,0.127) world=(-19.873,14.873,0.127)
jolt: mesh v3 local=(-19.873,14.873,0.200) world=(-19.873,14.873,0.200)
jolt: mesh v4 local=(19.873,-14.873,0.127) world=(19.873,-14.873,0.127)
jolt: mesh v5 local=(19.873,-14.873,0.200) world=(19.873,-14.873,0.200)
jolt: mesh v6 local=(19.873,14.873,0.127) world=(19.873,14.873,0.127)
jolt: mesh v7 local=(19.873,14.873,0.200) world=(19.873,14.873,0.200)
jolt: body MESH_STATIC verts=8 faces=12 id=16777222
LMalloc of 276 not 8-byte aligned, rounding up
RenderActor3DAnimates constructed with no animations!
MATL closed without all data read (bytesLeft = 264)
jolt: mesh actor_pos=(0.000,0.000,0.000)
jolt: mesh v0 local=(-20.150,-15.150,-2.500) world=(-20.150,-15.150,-2.500)
jolt: mesh v1 local=(-20.150,-15.150,-0.025) world=(-20.150,-15.150,-0.025)
jolt: mesh v2 local=(-20.150,15.150,-2.500) world=(-20.150,15.150,-2.500)
jolt: mesh v3 local=(-20.150,15.150,-0.025) world=(-20.150,15.150,-0.025)
jolt: mesh v4 local=(20.150,-15.150,-2.500) world=(20.150,-15.150,-2.500)
jolt: mesh v5 local=(20.150,-15.150,-0.025) world=(20.150,-15.150,-0.025)
jolt: mesh v6 local=(20.150,15.150,-2.500) world=(20.150,15.150,-2.500)
jolt: mesh v7 local=(20.150,15.150,-0.025) world=(20.150,15.150,-0.025)
jolt: body MESH_STATIC verts=8 faces=12 id=16777223
LMalloc of 276 not 8-byte aligned, rounding up
RenderActor3DAnimates constructed with no animations!
MATL closed without all data read (bytesLeft = 264)
jolt: mesh actor_pos=(0.000,0.000,0.000)
jolt: mesh v0 local=(-30.000,16.000,-5.000) world=(-30.000,16.000,-5.000)
jolt: mesh v1 local=(-30.000,16.000,20.000) world=(-30.000,16.000,20.000)
jolt: mesh v2 local=(-30.000,16.100,-5.000) world=(-30.000,16.100,-5.000)
jolt: mesh v3 local=(-30.000,16.100,20.000) world=(-30.000,16.100,20.000)
jolt: mesh v4 local=(30.000,16.000,-5.000) world=(30.000,16.000,-5.000)
jolt: mesh v5 local=(30.000,16.000,20.000) world=(30.000,16.000,20.000)
jolt: mesh v6 local=(30.000,16.100,-5.000) world=(30.000,16.100,-5.000)
jolt: mesh v7 local=(30.000,16.100,20.000) world=(30.000,16.100,20.000)
jolt: body MESH_STATIC verts=8 faces=12 id=16777224
zforth: INDEXOF_CAMSHOT = 1921 (expect 1921)
zforth: INDEXOF_CAMSHOT = 1921 (expect 1921)
jolt: OptimizeBroadPhase done (9 static bodies)
audio: MusicPlayer — soundfont not found: florestan-subset.sf2
audio: sfx[0] not found: wflevels/qbert_practice/sfx/qbert_hop.wav
audio: sfx[1] not found: wflevels/qbert_practice/sfx/qbert_land.wav
audio: sfx[2] not found: wflevels/qbert_practice/sfx/qbert_fall.wav
audio: sfx[3] not found: wflevels/qbert_practice/sfx/qbert_swear.wav
audio: sfx[4] not found: wflevels/qbert_practice/sfx/qbert_round_clear.wav
audio: sfx[5] not found: wflevels/qbert_practice/sfx/qbert_kill.wav
audio: sfx[6] not found: wflevels/qbert_practice/sfx/qbert_disc.wav
rest_api: listening on http://127.0.0.1:8765
[debug] listening on :17921
delta too large: 0.3014221191
timeofday:1790995710:399896
lasttimeofday: 1790995710:98463
deltatime:0:301433
delta: 0.3014221191
[debug] client connected fd=20 from 127.0.0.1
delta too large: 0.4218139648
timeofday:1790995711:354070
lasttimeofday: 1790995710:932253
deltatime:0:421817
delta: 0.4218139648
delta too large: 0.4303741455
timeofday:1790995711:875605
lasttimeofday: 1790995711:445229
deltatime:0:430376
delta: 0.4303741455
delta too large: 0.4226074219
timeofday:1790995712:298218
lasttimeofday: 1790995711:875605
deltatime:0:422613
delta: 0.4226074219
delta too large: 0.377243042
timeofday:1790995712:770037
lasttimeofday: 1790995712:392789
deltatime:0:377248
delta: 0.377243042
delta too large: 0.3885803223
timeofday:1790995713:243873
lasttimeofday: 1790995712:855292
deltatime:0:388581
delta: 0.3885803223
delta too large: 0.3946228027
timeofday:1790995713:707668
lasttimeofday: 1790995713:313043
deltatime:0:394625
delta: 0.3946228027
delta too large: 0.4168395996
timeofday:1790995714:210585
lasttimeofday: 1790995713:793735
deltatime:0:416850
delta: 0.4168395996
delta too large: 0.4000549316
timeofday:1790995714:698895
lasttimeofday: 1790995714:298838
deltatime:0:400057
delta: 0.4000549316
delta too large: 0.4234771729
timeofday:1790995715:206405
lasttimeofday: 1790995714:782919
deltatime:0:423486
delta: 0.4234771729
delta too large: 0.4302520752
timeofday:1790995715:678528
lasttimeofday: 1790995715:248267
deltatime:0:430261
delta: 0.4302520752
delta too large: 0.4319458008
timeofday:1790995716:195044
lasttimeofday: 1790995715:763097
deltatime:0:431947
delta: 0.4319458008
delta too large: 0.4757232666
timeofday:1790995716:757986
lasttimeofday: 1790995716:282254
deltatime:0:475732
delta: 0.4757232666
ball pos: (2.049, 0.000, 6.000)
delta too large: 0.4545440674
timeofday:1790995717:298659
lasttimeofday: 1790995716:844112
deltatime:0:454547
delta: 0.4545440674
delta too large: 0.4916534424
timeofday:1790995717:790320
lasttimeofday: 1790995717:298659
deltatime:0:491661
delta: 0.4916534424
delta too large: 0.4851074219
timeofday:1790995718:365300
lasttimeofday: 1790995717:880188
deltatime:0:485112
delta: 0.4851074219
delta too large: 0.4906463623
timeofday:1790995718:945942
lasttimeofday: 1790995718:455292
deltatime:0:490650
delta: 0.4906463623
delta too large: 0.4641571045
timeofday:1790995719:475193
lasttimeofday: 1790995719:11021
deltatime:0:464172
delta: 0.4641571045
delta too large: 0.4423522949
timeofday:1790995720:21140
lasttimeofday: 1790995719:578787
deltatime:0:442353
delta: 0.4423522949
delta too large: 0.4246063232
timeofday:1790995720:529855
lasttimeofday: 1790995720:105238
deltatime:0:424617
delta: 0.4246063232
delta too large: 0.4595031738
timeofday:1790995721:72820
lasttimeofday: 1790995720:613307
deltatime:0:459513
delta: 0.4595031738
delta too large: 0.4730529785
timeofday:1790995721:630052
lasttimeofday: 1790995721:156998
deltatime:0:473054
delta: 0.4730529785
delta too large: 0.4836120605
timeofday:1790995722:198161
lasttimeofday: 1790995721:714534
deltatime:0:483627
delta: 0.4836120605
delta too large: 0.4351348877
timeofday:1790995722:700048
lasttimeofday: 1790995722:264909
deltatime:0:435139
delta: 0.4351348877
delta too large: 0.4395904541
timeofday:1790995723:226238
lasttimeofday: 1790995722:786636
deltatime:0:439602
delta: 0.4395904541
delta too large: 0.4371337891
timeofday:1790995723:749904
lasttimeofday: 1790995723:312759
deltatime:0:437145
delta: 0.4371337891
delta too large: 0.4250946045
timeofday:1790995724:256675
lasttimeofday: 1790995723:831577
deltatime:0:425098
delta: 0.4250946045
delta too large: 0.4292297363
timeofday:1790995724:769085
lasttimeofday: 1790995724:339854
deltatime:0:429231
delta: 0.4292297363
delta too large: 0.4256134033
timeofday:1790995725:258607
lasttimeofday: 1790995724:832985
deltatime:0:425622
delta: 0.4256134033
ball pos: (3.502, -0.740, 6.000)
delta too large: 0.447555542
timeofday:1790995725:789551
lasttimeofday: 1790995725:341981
deltatime:0:447570
delta: 0.447555542
delta too large: 0.4231872559
timeofday:1790995726:212751
lasttimeofday: 1790995725:789551
deltatime:0:423200
delta: 0.4231872559
delta too large: 0.4253387451
timeofday:1790995726:722041
lasttimeofday: 1790995726:296688
deltatime:0:425353
delta: 0.4253387451
delta too large: 0.4343261719
timeofday:1790995727:197837
lasttimeofday: 1790995726:763509
deltatime:0:434328
delta: 0.4343261719
delta too large: 0.4315795898
timeofday:1790995727:717067
lasttimeofday: 1790995727:285474
deltatime:0:431593
delta: 0.4315795898
delta too large: 0.4219970703
timeofday:1790995728:221327
lasttimeofday: 1790995727:799315
deltatime:0:422012
delta: 0.4219970703
delta too large: 0.4502410889
timeofday:1790995728:754933
lasttimeofday: 1790995728:304688
deltatime:0:450245
delta: 0.4502410889
delta too large: 0.4362487793
timeofday:1790995729:276020
lasttimeofday: 1790995728:839768
deltatime:0:436252
delta: 0.4362487793
delta too large: 0.4157714844
timeofday:1790995729:775855
lasttimeofday: 1790995729:360079
deltatime:0:415776
delta: 0.4157714844
delta too large: 0.4136657715
timeofday:1790995730:231018
lasttimeofday: 1790995729:817341
deltatime:0:413677
delta: 0.4136657715
delta too large: 0.4150238037
timeofday:1790995730:730560
lasttimeofday: 1790995730:315529
deltatime:0:415031
delta: 0.4150238037
delta too large: 0.4466552734
timeofday:1790995731:261160
lasttimeofday: 1790995730:814502
deltatime:0:446658
delta: 0.4466552734
delta too large: 0.4217681885
timeofday:1790995731:682929
lasttimeofday: 1790995731:261160
deltatime:0:421769
delta: 0.4217681885
delta too large: 0.4649505615
timeofday:1790995732:232680
lasttimeofday: 1790995731:767715
deltatime:0:464965
delta: 0.4649505615
delta too large: 0.4042205811
timeofday:1790995732:731491
lasttimeofday: 1790995732:327257
deltatime:0:404234
delta: 0.4042205811
delta too large: 0.3935699463
timeofday:1790995733:191334
lasttimeofday: 1790995732:797760
deltatime:0:393574
delta: 0.3935699463
delta too large: 0.385848999
timeofday:1790995733:663926
lasttimeofday: 1790995733:278075
deltatime:0:385851
delta: 0.385848999
ball pos: (4.032, -3.789, 6.898)
delta too large: 0.4145812988
timeofday:1790995734:163689
lasttimeofday: 1790995733:749099
deltatime:0:414590
delta: 0.4145812988
delta too large: 0.4131317139
timeofday:1790995734:665260
lasttimeofday: 1790995734:252125
deltatime:0:413135
delta: 0.4131317139
delta too large: 0.4234771729
timeofday:1790995735:175927
lasttimeofday: 1790995734:752443
deltatime:0:423484
delta: 0.4234771729
delta too large: 0.4047241211
timeofday:1790995735:647675
lasttimeofday: 1790995735:242946
deltatime:0:404729
delta: 0.4047241211
delta too large: 0.4132080078
timeofday:1790995736:150417
lasttimeofday: 1790995735:737204
deltatime:0:413213
delta: 0.4132080078
delta too large: 0.4017028809
timeofday:1790995736:637629
lasttimeofday: 1790995736:235921
deltatime:0:401708
delta: 0.4017028809
delta too large: 0.4223937988
timeofday:1790995737:60024
lasttimeofday: 1790995736:637629
deltatime:0:422395
delta: 0.4223937988
delta too large: 0.4073638916
timeofday:1790995737:588034
lasttimeofday: 1790995737:180662
deltatime:0:407372
delta: 0.4073638916
delta too large: 0.3918151855
timeofday:1790995738:64180
lasttimeofday: 1790995737:672354
deltatime:0:391826
delta: 0.3918151855
delta too large: 0.4172668457
timeofday:1790995738:567272
lasttimeofday: 1790995738:150002
deltatime:0:417270
delta: 0.4172668457
delta too large: 0.4098968506
timeofday:1790995739:62846
lasttimeofday: 1790995738:652935
deltatime:0:409911
delta: 0.4098968506
delta too large: 0.4044647217
timeofday:1790995739:532941
lasttimeofday: 1790995739:128475
deltatime:0:404466
delta: 0.4044647217
delta too large: 0.3976745605
timeofday:1790995739:930628
lasttimeofday: 1790995739:532941
deltatime:0:397687
delta: 0.3976745605
delta too large: 0.4219818115
timeofday:1790995740:437928
lasttimeofday: 1790995740:15937
deltatime:0:421991
delta: 0.4219818115
delta too large: 0.4095153809
timeofday:1790995740:931165
lasttimeofday: 1790995740:521640
deltatime:0:409525
delta: 0.4095153809
delta too large: 0.4088134766
timeofday:1790995741:427587
lasttimeofday: 1790995741:18764
deltatime:0:408823
delta: 0.4088134766
delta too large: 0.4052429199
timeofday:1790995741:921355
lasttimeofday: 1790995741:516100
deltatime:0:405255
delta: 0.4052429199
ball pos: (4.428, -6.095, 6.991)
delta too large: 0.4301300049
timeofday:1790995742:434112
lasttimeofday: 1790995742:3973
deltatime:0:430139
delta: 0.4301300049
delta too large: 0.399520874
timeofday:1790995742:898666
lasttimeofday: 1790995742:499140
deltatime:0:399526
delta: 0.399520874
delta too large: 0.452545166
timeofday:1790995743:433882
lasttimeofday: 1790995742:981336
deltatime:0:452546
delta: 0.452545166
delta too large: 0.4049682617
timeofday:1790995743:928177
lasttimeofday: 1790995743:523208
deltatime:0:404969
delta: 0.4049682617
delta too large: 0.3989868164
timeofday:1790995744:415553
lasttimeofday: 1790995744:16566
deltatime:0:398987
delta: 0.3989868164
delta too large: 0.4267730713
timeofday:1790995744:927865
lasttimeofday: 1790995744:501086
deltatime:0:426779
delta: 0.4267730713
delta too large: 0.4005279541
timeofday:1790995745:328404
lasttimeofday: 1790995744:927865
deltatime:0:400539
delta: 0.4005279541
[debug] client disconnected fd=20
