material: texture=""  bTranslucent=0  bitdepth=16  flags_in=0x2
material: texture=""  bTranslucent=0  bitdepth=16  flags_in=0x2
audio: miniaudio v0.11.25 ready
DEBUG = 1,
DO_ASSERTIONS = 1, NO_ASSERT_EXPR = 0, USE_INLINE_DEFS = 1, WF_BIG_ENDIAN = 0
argc = 9, argv: /home/will/WorldFoundry-wbniv/engine/wf_game -L/home/will/WorldFoundry-wbniv/wflevels/aquarium_tiger_barbs-standalone.iff -rate20 -width=960 -height=540 --debug-port 17941 --debug-bind 127.0.0.1 
cbHalLmalloc = 64000000, cbHalScratchLmalloc = 180000
wf_game v0.4.1, Built:Jul 31 2026,10:21:50 by kts
-L/home/will/WorldFoundry-wbniv/wflevels/aquarium_tiger_barbs-standalone.iff
-rate20
Fake clock delta = 0.05000000075
-width=960
-height=540
--debug-port
--debug-bind
argc = 9, commandIndex = 9
Level=-1
cerror:
cwarn:
cstats:
wf_game Ver 0.4.1, Built:Jul 31 2026,10:21:50 by kts
DBSTREAMS jolt: RegisterDefaultAllocator
jolt: Factory
jolt: RegisterTypes
jolt: RunSelftest
jolt: selftest ok (sphere fell to z=5.098)
jolt: backend init
jolt: backend ready (gravity -Z)
jolt: init complete
LMalloc of 412 not 8-byte aligned, rounding up
LMalloc of 7620 not 8-byte aligned, rounding up
LMalloc of 20 not 8-byte aligned, rounding up
LMalloc of 20 not 8-byte aligned, rounding up
Level::Level: leveldata= 0x77457a11ef80, object count  = 70
ASS closed without all data read (bytesLeft = 4118)
ASS closed without all data read (bytesLeft = 65558)
ASS closed without all data read (bytesLeft = 64)
ASS closed without all data read (bytesLeft = 16)
ASS closed without all data read (bytesLeft = 4028)
PixelMap::Load: this = 0x774579727b80
PixelMap::Load: this = 0x774579727bc0
LMalloc of 76 not 8-byte aligned, rounding up
LMalloc of 28 not 8-byte aligned, rounding up
LMalloc of 76 not 8-byte aligned, rounding up
LMalloc of 28 not 8-byte aligned, rounding up
[Actor] idx=1 class=13 commonOff=87696 NumberOfLocalMailboxes=0
this = 0x77457972aef0,setting _memory to 0x77457972abc8
DMalloc of 52 not 8-byte aligned, rounding up
[Actor] idx=2 class=20 commonOff=88012 NumberOfLocalMailboxes=0
[Actor] idx=4 class=11 commonOff=87696 NumberOfLocalMailboxes=0
[Actor] idx=5 class=16 commonOff=87696 NumberOfLocalMailboxes=0
[Actor] idx=6 class=3 commonOff=87696 NumberOfLocalMailboxes=0
[Actor] idx=8 class=22 commonOff=88908 NumberOfLocalMailboxes=6
jolt: character 0 created at (-1.60, 0.00, 2.40) ctr=(0.00,0.00,0.00)
[Actor] idx=9 class=23 commonOff=87696 NumberOfLocalMailboxes=0
[Actor] idx=10 class=7 commonOff=89480 NumberOfLocalMailboxes=0
[Actor] idx=11 class=7 commonOff=89480 NumberOfLocalMailboxes=0
[Actor] idx=12 class=7 commonOff=89480 NumberOfLocalMailboxes=0
[Actor] idx=13 class=7 commonOff=89480 NumberOfLocalMailboxes=0
[Actor] idx=14 class=7 commonOff=89480 NumberOfLocalMailboxes=0
[Actor] idx=15 class=7 commonOff=89480 NumberOfLocalMailboxes=0
[Actor] idx=16 class=7 commonOff=89480 NumberOfLocalMailboxes=0
[Actor] idx=17 class=7 commonOff=89480 NumberOfLocalMailboxes=0
[Actor] idx=18 class=7 commonOff=89480 NumberOfLocalMailboxes=0
[Actor] idx=19 class=7 commonOff=89480 NumberOfLocalMailboxes=0
[Actor] idx=20 class=7 commonOff=89480 NumberOfLocalMailboxes=0
[Actor] idx=21 class=7 commonOff=89480 NumberOfLocalMailboxes=0
[Actor] idx=22 class=7 commonOff=89480 NumberOfLocalMailboxes=0
[Actor] idx=23 class=7 commonOff=89480 NumberOfLocalMailboxes=0
[Actor] idx=24 class=7 commonOff=89480 NumberOfLocalMailboxes=0
[Actor] idx=25 class=7 commonOff=89480 NumberOfLocalMailboxes=0
[Actor] idx=26 class=7 commonOff=89480 NumberOfLocalMailboxes=0
[Actor] idx=27 class=7 commonOff=89480 NumberOfLocalMailboxes=0
[Actor] idx=28 class=7 commonOff=89480 NumberOfLocalMailboxes=0
[Actor] idx=29 class=7 commonOff=89480 NumberOfLocalMailboxes=0
[Actor] idx=30 class=7 commonOff=89480 NumberOfLocalMailboxes=0
[Actor] idx=31 class=7 commonOff=89480 NumberOfLocalMailboxes=0
[Actor] idx=32 class=7 commonOff=89480 NumberOfLocalMailboxes=0
[Actor] idx=33 class=7 commonOff=89480 NumberOfLocalMailboxes=0
[Actor] idx=34 class=7 commonOff=89480 NumberOfLocalMailboxes=0
[Actor] idx=35 class=7 commonOff=89480 NumberOfLocalMailboxes=0
[Actor] idx=36 class=7 commonOff=89480 NumberOfLocalMailboxes=0
[Actor] idx=37 class=7 commonOff=89480 NumberOfLocalMailboxes=0
[Actor] idx=38 class=7 commonOff=89480 NumberOfLocalMailboxes=0
[Actor] idx=39 class=7 commonOff=89480 NumberOfLocalMailboxes=0
[Actor] idx=40 class=7 commonOff=89480 NumberOfLocalMailboxes=0
[Actor] idx=41 class=7 commonOff=89480 NumberOfLocalMailboxes=0
[Actor] idx=42 class=7 commonOff=89480 NumberOfLocalMailboxes=0
[Actor] idx=43 class=7 commonOff=89480 NumberOfLocalMailboxes=0
[Actor] idx=44 class=7 commonOff=89480 NumberOfLocalMailboxes=0
[Actor] idx=45 class=7 commonOff=89480 NumberOfLocalMailboxes=0
[Actor] idx=46 class=7 commonOff=89480 NumberOfLocalMailboxes=0
[Actor] idx=47 class=7 commonOff=89480 NumberOfLocalMailboxes=0
[Actor] idx=48 class=7 commonOff=89480 NumberOfLocalMailboxes=0
[Actor] idx=49 class=7 commonOff=89480 NumberOfLocalMailboxes=0
[Actor] idx=50 class=7 commonOff=89480 NumberOfLocalMailboxes=0
[Actor] idx=51 class=7 commonOff=89480 NumberOfLocalMailboxes=0
[Actor] idx=52 class=7 commonOff=89480 NumberOfLocalMailboxes=0
[Actor] idx=53 class=7 commonOff=89480 NumberOfLocalMailboxes=0
[Actor] idx=54 class=7 commonOff=89480 NumberOfLocalMailboxes=0
[Actor] idx=55 class=7 commonOff=89480 NumberOfLocalMailboxes=0
[Actor] idx=56 class=7 commonOff=89480 NumberOfLocalMailboxes=0
[Actor] idx=57 class=7 commonOff=89480 NumberOfLocalMailboxes=0
[Actor] idx=58 class=7 commonOff=89480 NumberOfLocalMailboxes=0
[Actor] idx=59 class=7 commonOff=89480 NumberOfLocalMailboxes=0
[Actor] idx=60 class=5 commonOff=89788 NumberOfLocalMailboxes=0
jolt: body STATIC pos=(0.00,0.00,2.67) half=(6.10,1.65,2.67) id=8388608
[Actor] idx=61 class=5 commonOff=87696 NumberOfLocalMailboxes=0
jolt: body STATIC pos=(0.00,-1.65,2.73) half=(5.97,0.12,2.60) id=8388609
[Actor] idx=62 class=5 commonOff=89832 NumberOfLocalMailboxes=0
jolt: body STATIC pos=(0.00,0.00,5.27) half=(6.16,1.71,0.12) id=8388610
[Actor] idx=63 class=5 commonOff=89876 NumberOfLocalMailboxes=0
jolt: body STATIC pos=(0.00,0.00,0.38) half=(5.96,1.52,0.25) id=8388611
[Actor] idx=64 class=3 commonOff=87696 NumberOfLocalMailboxes=0
[Actor] idx=65 class=5 commonOff=87696 NumberOfLocalMailboxes=0
jolt: body STATIC pos=(0.00,0.00,-4.50) half=(6.30,1.85,4.50) id=8388612
[Actor] idx=66 class=5 commonOff=89920 NumberOfLocalMailboxes=0
jolt: body STATIC pos=(0.00,3.88,3.50) half=(20.00,0.12,12.50) id=8388613
[Actor] idx=67 class=23 commonOff=87696 NumberOfLocalMailboxes=0
[Actor] idx=68 class=7 commonOff=87696 NumberOfLocalMailboxes=0
[Actor] idx=69 class=16 commonOff=87696 NumberOfLocalMailboxes=0
LMalloc of 20 not 8-byte aligned, rounding up
DMalloc of 138 not 8-byte aligned, rounding up
DMalloc of 404 not 8-byte aligned, rounding up
DMalloc of 518 not 8-byte aligned, rounding up
DMalloc of 404 not 8-byte aligned, rounding up
Walking from 0
0->0
0->0
LMalloc of 20 not 8-byte aligned, rounding up
LMalloc of 20 not 8-byte aligned, rounding up
ASS closed without all data read (bytesLeft = 4118)
ASS closed without all data read (bytesLeft = 65558)
ASS closed without all data read (bytesLeft = 64)
ASS closed without all data read (bytesLeft = 16)
ASS closed without all data read (bytesLeft = 4028)
ASS closed without all data read (bytesLeft = 19380)
ASS closed without all data read (bytesLeft = 588)
ASS closed without all data read (bytesLeft = 1364)
ASS closed without all data read (bytesLeft = 10012)
ASS closed without all data read (bytesLeft = 852)
ASS closed without all data read (bytesLeft = 412)
PixelMap::Load: this = 0x774579727c00
PixelMap::Load: this = 0x774579727c40
LMalloc of 76 not 8-byte aligned, rounding up
LMalloc of 28 not 8-byte aligned, rounding up
LMalloc of 76 not 8-byte aligned, rounding up
LMalloc of 28 not 8-byte aligned, rounding up
material: texture="tiger_barb.tga"  bTranslucent=0  bitdepth=15  flags_in=0x16
LMalloc of 3476 not 8-byte aligned, rounding up
RenderActor3DAnimates constructed with no animations!
material: texture="tiger_barb.tga"  bTranslucent=0  bitdepth=15  flags_in=0x16
LMalloc of 3476 not 8-byte aligned, rounding up
RenderActor3DAnimates constructed with no animations!
material: texture="tiger_barb.tga"  bTranslucent=0  bitdepth=15  flags_in=0x16
LMalloc of 3476 not 8-byte aligned, rounding up
RenderActor3DAnimates constructed with no animations!
material: texture="tiger_barb.tga"  bTranslucent=0  bitdepth=15  flags_in=0x16
LMalloc of 3476 not 8-byte aligned, rounding up
RenderActor3DAnimates constructed with no animations!
material: texture="tiger_barb.tga"  bTranslucent=0  bitdepth=15  flags_in=0x16
LMalloc of 3476 not 8-byte aligned, rounding up
RenderActor3DAnimates constructed with no animations!
material: texture="tiger_barb.tga"  bTranslucent=0  bitdepth=15  flags_in=0x16
LMalloc of 3476 not 8-byte aligned, rounding up
RenderActor3DAnimates constructed with no animations!
material: texture="tiger_barb.tga"  bTranslucent=0  bitdepth=15  flags_in=0x16
LMalloc of 3476 not 8-byte aligned, rounding up
RenderActor3DAnimates constructed with no animations!
material: texture="tiger_barb.tga"  bTranslucent=0  bitdepth=15  flags_in=0x16
LMalloc of 3476 not 8-byte aligned, rounding up
RenderActor3DAnimates constructed with no animations!
material: texture="tiger_barb.tga"  bTranslucent=0  bitdepth=15  flags_in=0x16
LMalloc of 3476 not 8-byte aligned, rounding up
RenderActor3DAnimates constructed with no animations!
material: texture="tiger_barb.tga"  bTranslucent=0  bitdepth=15  flags_in=0x16
LMalloc of 3476 not 8-byte aligned, rounding up
RenderActor3DAnimates constructed with no animations!
material: texture="tiger_barb.tga"  bTranslucent=0  bitdepth=15  flags_in=0x16
LMalloc of 3476 not 8-byte aligned, rounding up
RenderActor3DAnimates constructed with no animations!
material: texture="tiger_barb.tga"  bTranslucent=0  bitdepth=15  flags_in=0x16
LMalloc of 3476 not 8-byte aligned, rounding up
RenderActor3DAnimates constructed with no animations!
material: texture="tiger_barb.tga"  bTranslucent=0  bitdepth=15  flags_in=0x16
LMalloc of 3476 not 8-byte aligned, rounding up
RenderActor3DAnimates constructed with no animations!
material: texture="tiger_barb.tga"  bTranslucent=0  bitdepth=15  flags_in=0x16
LMalloc of 3476 not 8-byte aligned, rounding up
RenderActor3DAnimates constructed with no animations!
material: texture="tiger_barb.tga"  bTranslucent=0  bitdepth=15  flags_in=0x16
LMalloc of 3476 not 8-byte aligned, rounding up
RenderActor3DAnimates constructed with no animations!
material: texture="tiger_barb.tga"  bTranslucent=0  bitdepth=15  flags_in=0x16
LMalloc of 3476 not 8-byte aligned, rounding up
RenderActor3DAnimates constructed with no animations!
material: texture="tiger_barb.tga"  bTranslucent=0  bitdepth=15  flags_in=0x16
LMalloc of 3476 not 8-byte aligned, rounding up
RenderActor3DAnimates constructed with no animations!
material: texture="tiger_barb.tga"  bTranslucent=0  bitdepth=15  flags_in=0x16
LMalloc of 3476 not 8-byte aligned, rounding up
RenderActor3DAnimates constructed with no animations!
material: texture="tiger_barb.tga"  bTranslucent=0  bitdepth=15  flags_in=0x16
LMalloc of 3476 not 8-byte aligned, rounding up
RenderActor3DAnimates constructed with no animations!
material: texture="tiger_barb.tga"  bTranslucent=0  bitdepth=15  flags_in=0x16
LMalloc of 3476 not 8-byte aligned, rounding up
RenderActor3DAnimates constructed with no animations!
material: texture="tiger_barb.tga"  bTranslucent=0  bitdepth=15  flags_in=0x16
LMalloc of 3476 not 8-byte aligned, rounding up
RenderActor3DAnimates constructed with no animations!
material: texture="tiger_barb.tga"  bTranslucent=0  bitdepth=15  flags_in=0x16
LMalloc of 3476 not 8-byte aligned, rounding up
RenderActor3DAnimates constructed with no animations!
material: texture="tiger_barb.tga"  bTranslucent=0  bitdepth=15  flags_in=0x16
LMalloc of 3476 not 8-byte aligned, rounding up
RenderActor3DAnimates constructed with no animations!
material: texture="tiger_barb.tga"  bTranslucent=0  bitdepth=15  flags_in=0x16
LMalloc of 3476 not 8-byte aligned, rounding up
RenderActor3DAnimates constructed with no animations!
material: texture="tiger_barb.tga"  bTranslucent=0  bitdepth=15  flags_in=0x16
LMalloc of 3476 not 8-byte aligned, rounding up
RenderActor3DAnimates constructed with no animations!
material: texture="tiger_barb.tga"  bTranslucent=0  bitdepth=15  flags_in=0x16
LMalloc of 3476 not 8-byte aligned, rounding up
RenderActor3DAnimates constructed with no animations!
material: texture="tiger_barb.tga"  bTranslucent=0  bitdepth=15  flags_in=0x16
LMalloc of 3476 not 8-byte aligned, rounding up
RenderActor3DAnimates constructed with no animations!
material: texture="tiger_barb.tga"  bTranslucent=0  bitdepth=15  flags_in=0x16
LMalloc of 3476 not 8-byte aligned, rounding up
RenderActor3DAnimates constructed with no animations!
material: texture="tiger_barb.tga"  bTranslucent=0  bitdepth=15  flags_in=0x16
LMalloc of 3476 not 8-byte aligned, rounding up
RenderActor3DAnimates constructed with no animations!
material: texture="tiger_barb.tga"  bTranslucent=0  bitdepth=15  flags_in=0x16
LMalloc of 3476 not 8-byte aligned, rounding up
RenderActor3DAnimates constructed with no animations!
material: texture="tiger_barb.tga"  bTranslucent=0  bitdepth=15  flags_in=0x16
LMalloc of 3476 not 8-byte aligned, rounding up
RenderActor3DAnimates constructed with no animations!
material: texture="tiger_barb.tga"  bTranslucent=0  bitdepth=15  flags_in=0x16
LMalloc of 3476 not 8-byte aligned, rounding up
RenderActor3DAnimates constructed with no animations!
material: texture="tiger_barb.tga"  bTranslucent=0  bitdepth=15  flags_in=0x16
LMalloc of 3476 not 8-byte aligned, rounding up
RenderActor3DAnimates constructed with no animations!
material: texture="tiger_barb.tga"  bTranslucent=0  bitdepth=15  flags_in=0x16
LMalloc of 3476 not 8-byte aligned, rounding up
RenderActor3DAnimates constructed with no animations!
material: texture="tiger_barb.tga"  bTranslucent=0  bitdepth=15  flags_in=0x16
LMalloc of 3476 not 8-byte aligned, rounding up
RenderActor3DAnimates constructed with no animations!
material: texture="tiger_barb.tga"  bTranslucent=0  bitdepth=15  flags_in=0x16
LMalloc of 3476 not 8-byte aligned, rounding up
RenderActor3DAnimates constructed with no animations!
material: texture="tiger_barb.tga"  bTranslucent=0  bitdepth=15  flags_in=0x16
LMalloc of 3476 not 8-byte aligned, rounding up
RenderActor3DAnimates constructed with no animations!
material: texture="tiger_barb.tga"  bTranslucent=0  bitdepth=15  flags_in=0x16
LMalloc of 3476 not 8-byte aligned, rounding up
RenderActor3DAnimates constructed with no animations!
material: texture="tiger_barb.tga"  bTranslucent=0  bitdepth=15  flags_in=0x16
LMalloc of 3476 not 8-byte aligned, rounding up
RenderActor3DAnimates constructed with no animations!
material: texture="tiger_barb.tga"  bTranslucent=0  bitdepth=15  flags_in=0x16
LMalloc of 3476 not 8-byte aligned, rounding up
RenderActor3DAnimates constructed with no animations!
material: texture="tiger_barb.tga"  bTranslucent=0  bitdepth=15  flags_in=0x16
LMalloc of 3476 not 8-byte aligned, rounding up
RenderActor3DAnimates constructed with no animations!
material: texture="tiger_barb.tga"  bTranslucent=0  bitdepth=15  flags_in=0x16
LMalloc of 3476 not 8-byte aligned, rounding up
RenderActor3DAnimates constructed with no animations!
material: texture="tiger_barb.tga"  bTranslucent=0  bitdepth=15  flags_in=0x16
LMalloc of 3476 not 8-byte aligned, rounding up
RenderActor3DAnimates constructed with no animations!
material: texture="tiger_barb.tga"  bTranslucent=0  bitdepth=15  flags_in=0x16
LMalloc of 3476 not 8-byte aligned, rounding up
RenderActor3DAnimates constructed with no animations!
material: texture="tiger_barb.tga"  bTranslucent=0  bitdepth=15  flags_in=0x16
LMalloc of 3476 not 8-byte aligned, rounding up
RenderActor3DAnimates constructed with no animations!
material: texture="tiger_barb.tga"  bTranslucent=0  bitdepth=15  flags_in=0x16
LMalloc of 3476 not 8-byte aligned, rounding up
RenderActor3DAnimates constructed with no animations!
material: texture="tiger_barb.tga"  bTranslucent=0  bitdepth=15  flags_in=0x16
LMalloc of 3476 not 8-byte aligned, rounding up
RenderActor3DAnimates constructed with no animations!
material: texture="tiger_barb.tga"  bTranslucent=0  bitdepth=15  flags_in=0x16
LMalloc of 3476 not 8-byte aligned, rounding up
RenderActor3DAnimates constructed with no animations!
material: texture="tiger_barb.tga"  bTranslucent=0  bitdepth=15  flags_in=0x16
LMalloc of 3476 not 8-byte aligned, rounding up
RenderActor3DAnimates constructed with no animations!
material: texture="tiger_barb.tga"  bTranslucent=0  bitdepth=15  flags_in=0x16
LMalloc of 3476 not 8-byte aligned, rounding up
RenderActor3DAnimates constructed with no animations!
material: texture="tiger_barb.tga"  bTranslucent=0  bitdepth=15  flags_in=0x16
LMalloc of 3476 not 8-byte aligned, rounding up
RenderActor3DAnimates constructed with no animations!
LMalloc of 12036 not 8-byte aligned, rounding up
RenderActor3DAnimates constructed with no animations!
MATL closed without all data read (bytesLeft = 9504)
jolt: mesh actor_pos=(0.000,0.000,0.000)
jolt: mesh v0 local=(-6.096,-1.651,0.000) world=(-6.096,-1.651,0.000)
jolt: mesh v1 local=(-6.096,-1.651,0.127) world=(-6.096,-1.651,0.127)
jolt: mesh v2 local=(-6.096,-1.651,0.635) world=(-6.096,-1.651,0.635)
jolt: mesh v3 local=(-6.096,-1.651,1.044) world=(-6.096,-1.651,1.044)
jolt: mesh v4 local=(-6.096,-1.651,1.453) world=(-6.096,-1.651,1.453)
jolt: mesh v5 local=(-6.096,-1.651,1.862) world=(-6.096,-1.651,1.862)
jolt: mesh v6 local=(-6.096,-1.651,2.271) world=(-6.096,-1.651,2.271)
jolt: mesh v7 local=(-6.096,-1.651,2.680) world=(-6.096,-1.651,2.680)
jolt: mesh v8 local=(-6.096,-1.651,3.089) world=(-6.096,-1.651,3.089)
jolt: mesh v9 local=(-6.096,-1.651,3.498) world=(-6.096,-1.651,3.498)
jolt: mesh v10 local=(-6.096,-1.651,3.907) world=(-6.096,-1.651,3.907)
jolt: mesh v11 local=(-6.096,-1.651,4.315) world=(-6.096,-1.651,4.315)
jolt: mesh v12 local=(-6.096,-1.651,4.724) world=(-6.096,-1.651,4.724)
jolt: mesh v13 local=(-6.096,-1.651,4.826) world=(-6.096,-1.651,4.826)
jolt: mesh v14 local=(-6.096,-1.651,5.334) world=(-6.096,-1.651,5.334)
jolt: mesh v15 local=(-6.096,1.524,0.127) world=(-6.096,1.524,0.127)
jolt: mesh v16 local=(-6.096,1.524,0.635) world=(-6.096,1.524,0.635)
jolt: mesh v17 local=(-6.096,1.524,1.044) world=(-6.096,1.524,1.044)
jolt: mesh v18 local=(-6.096,1.524,1.453) world=(-6.096,1.524,1.453)
jolt: mesh v19 local=(-6.096,1.524,1.862) world=(-6.096,1.524,1.862)
jolt: mesh v20 local=(-6.096,1.524,2.271) world=(-6.096,1.524,2.271)
jolt: mesh v21 local=(-6.096,1.524,2.680) world=(-6.096,1.524,2.680)
jolt: mesh v22 local=(-6.096,1.524,3.089) world=(-6.096,1.524,3.089)
jolt: mesh v23 local=(-6.096,1.524,3.498) world=(-6.096,1.524,3.498)
jolt: mesh v24 local=(-6.096,1.524,3.907) world=(-6.096,1.524,3.907)
jolt: mesh v25 local=(-6.096,1.524,4.315) world=(-6.096,1.524,4.315)
jolt: mesh v26 local=(-6.096,1.524,4.724) world=(-6.096,1.524,4.724)
jolt: mesh v27 local=(-6.096,1.524,4.826) world=(-6.096,1.524,4.826)
jolt: mesh v28 local=(-6.096,1.524,5.334) world=(-6.096,1.524,5.334)
jolt: mesh v29 local=(-6.096,1.651,0.000) world=(-6.096,1.651,0.000)
jolt: mesh v30 local=(-6.096,1.651,0.127) world=(-6.096,1.651,0.127)
jolt: mesh v31 local=(-6.096,1.651,0.635) world=(-6.096,1.651,0.635)
jolt: mesh v32 local=(-6.096,1.651,1.044) world=(-6.096,1.651,1.044)
jolt: mesh v33 local=(-6.096,1.651,1.453) world=(-6.096,1.651,1.453)
jolt: mesh v34 local=(-6.096,1.651,1.862) world=(-6.096,1.651,1.862)
jolt: mesh v35 local=(-6.096,1.651,2.271) world=(-6.096,1.651,2.271)
jolt: mesh v36 local=(-6.096,1.651,2.680) world=(-6.096,1.651,2.680)
jolt: mesh v37 local=(-6.096,1.651,3.089) world=(-6.096,1.651,3.089)
jolt: mesh v38 local=(-6.096,1.651,3.498) world=(-6.096,1.651,3.498)
jolt: mesh v39 local=(-6.096,1.651,3.907) world=(-6.096,1.651,3.907)
jolt: mesh v40 local=(-6.096,1.651,4.315) world=(-6.096,1.651,4.315)
jolt: mesh v41 local=(-6.096,1.651,4.724) world=(-6.096,1.651,4.724)
jolt: mesh v42 local=(-6.096,1.651,4.826) world=(-6.096,1.651,4.826)
jolt: mesh v43 local=(-6.096,1.651,5.334) world=(-6.096,1.651,5.334)
jolt: mesh v44 local=(-5.969,-1.651,0.127) world=(-5.969,-1.651,0.127)
jolt: mesh v45 local=(-5.969,-1.651,0.635) world=(-5.969,-1.651,0.635)
jolt: mesh v46 local=(-5.969,-1.651,1.044) world=(-5.969,-1.651,1.044)
jolt: mesh v47 local=(-5.969,-1.651,1.453) world=(-5.969,-1.651,1.453)
jolt: mesh v48 local=(-5.969,-1.651,1.862) world=(-5.969,-1.651,1.862)
jolt: mesh v49 local=(-5.969,-1.651,2.271) world=(-5.969,-1.651,2.271)
jolt: mesh v50 local=(-5.969,-1.651,2.680) world=(-5.969,-1.651,2.680)
jolt: mesh v51 local=(-5.969,-1.651,3.089) world=(-5.969,-1.651,3.089)
jolt: mesh v52 local=(-5.969,-1.651,3.498) world=(-5.969,-1.651,3.498)
jolt: mesh v53 local=(-5.969,-1.651,3.907) world=(-5.969,-1.651,3.907)
jolt: mesh v54 local=(-5.969,-1.651,4.315) world=(-5.969,-1.651,4.315)
jolt: mesh v55 local=(-5.969,-1.651,4.724) world=(-5.969,-1.651,4.724)
jolt: mesh v56 local=(-5.969,-1.651,4.826) world=(-5.969,-1.651,4.826)
jolt: mesh v57 local=(-5.969,-1.651,5.334) world=(-5.969,-1.651,5.334)
jolt: mesh v58 local=(-5.969,1.524,0.127) world=(-5.969,1.524,0.127)
jolt: mesh v59 local=(-5.969,1.524,0.635) world=(-5.969,1.524,0.635)
jolt: mesh v60 local=(-5.969,1.524,1.044) world=(-5.969,1.524,1.044)
jolt: mesh v61 local=(-5.969,1.524,1.453) world=(-5.969,1.524,1.453)
jolt: mesh v62 local=(-5.969,1.524,1.862) world=(-5.969,1.524,1.862)
jolt: mesh v63 local=(-5.969,1.524,2.271) world=(-5.969,1.524,2.271)
jolt: mesh v64 local=(-5.969,1.524,2.680) world=(-5.969,1.524,2.680)
jolt: mesh v65 local=(-5.969,1.524,3.089) world=(-5.969,1.524,3.089)
jolt: mesh v66 local=(-5.969,1.524,3.498) world=(-5.969,1.524,3.498)
jolt: mesh v67 local=(-5.969,1.524,3.907) world=(-5.969,1.524,3.907)
jolt: mesh v68 local=(-5.969,1.524,4.315) world=(-5.969,1.524,4.315)
jolt: mesh v69 local=(-5.969,1.524,4.724) world=(-5.969,1.524,4.724)
jolt: mesh v70 local=(-5.969,1.524,4.826) world=(-5.969,1.524,4.826)
jolt: mesh v71 local=(-5.969,1.524,5.334) world=(-5.969,1.524,5.334)
jolt: mesh v72 local=(-4.185,1.524,4.724) world=(-4.185,1.524,4.724)
jolt: mesh v73 local=(-4.127,1.524,4.315) world=(-4.127,1.524,4.315)
jolt: mesh v74 local=(-4.068,1.524,3.907) world=(-4.068,1.524,3.907)
jolt: mesh v75 local=(-4.010,1.524,3.498) world=(-4.010,1.524,3.498)
jolt: mesh v76 local=(-3.951,1.524,3.089) world=(-3.951,1.524,3.089)
jolt: mesh v77 local=(-3.893,1.524,2.680) world=(-3.893,1.524,2.680)
jolt: mesh v78 local=(-3.834,1.524,2.271) world=(-3.834,1.524,2.271)
jolt: mesh v79 local=(-3.776,1.524,1.862) world=(-3.776,1.524,1.862)
jolt: mesh v80 local=(-3.717,1.524,1.453) world=(-3.717,1.524,1.453)
jolt: mesh v81 local=(-3.659,1.524,1.044) world=(-3.659,1.524,1.044)
jolt: mesh v82 local=(-3.600,1.524,0.635) world=(-3.600,1.524,0.635)
jolt: mesh v83 local=(-3.254,1.524,4.724) world=(-3.254,1.524,4.724)
jolt: mesh v84 local=(-3.069,1.524,4.315) world=(-3.069,1.524,4.315)
jolt: mesh v85 local=(-2.883,1.524,3.907) world=(-2.883,1.524,3.907)
jolt: mesh v86 local=(-2.698,1.524,3.498) world=(-2.698,1.524,3.498)
jolt: mesh v87 local=(-2.512,1.524,3.089) world=(-2.512,1.524,3.089)
jolt: mesh v88 local=(-2.327,1.524,2.680) world=(-2.327,1.524,2.680)
jolt: mesh v89 local=(-2.142,1.524,2.271) world=(-2.142,1.524,2.271)
jolt: mesh v90 local=(-1.956,1.524,1.862) world=(-1.956,1.524,1.862)
jolt: mesh v91 local=(-1.771,1.524,1.453) world=(-1.771,1.524,1.453)
jolt: mesh v92 local=(-1.585,1.524,1.044) world=(-1.585,1.524,1.044)
jolt: mesh v93 local=(-1.400,1.524,0.635) world=(-1.400,1.524,0.635)
jolt: mesh v94 local=(-0.385,1.524,4.724) world=(-0.385,1.524,4.724)
jolt: mesh v95 local=(-0.327,1.524,4.315) world=(-0.327,1.524,4.315)
jolt: mesh v96 local=(-0.268,1.524,3.907) world=(-0.268,1.524,3.907)
jolt: mesh v97 local=(-0.210,1.524,3.498) world=(-0.210,1.524,3.498)
jolt: mesh v98 local=(-0.151,1.524,3.089) world=(-0.151,1.524,3.089)
jolt: mesh v99 local=(-0.093,1.524,2.680) world=(-0.093,1.524,2.680)
jolt: mesh v100 local=(-0.034,1.524,2.271) world=(-0.034,1.524,2.271)
jolt: mesh v101 local=(0.024,1.524,1.862) world=(0.024,1.524,1.862)
jolt: mesh v102 local=(0.083,1.524,1.453) world=(0.083,1.524,1.453)
jolt: mesh v103 local=(0.141,1.524,1.044) world=(0.141,1.524,1.044)
jolt: mesh v104 local=(0.200,1.524,0.635) world=(0.200,1.524,0.635)
jolt: mesh v105 local=(0.546,1.524,4.724) world=(0.546,1.524,4.724)
jolt: mesh v106 local=(0.731,1.524,4.315) world=(0.731,1.524,4.315)
jolt: mesh v107 local=(0.917,1.524,3.907) world=(0.917,1.524,3.907)
jolt: mesh v108 local=(1.102,1.524,3.498) world=(1.102,1.524,3.498)
jolt: mesh v109 local=(1.288,1.524,3.089) world=(1.288,1.524,3.089)
jolt: mesh v110 local=(1.473,1.524,2.680) world=(1.473,1.524,2.680)
jolt: mesh v111 local=(1.658,1.524,2.271) world=(1.658,1.524,2.271)
jolt: mesh v112 local=(1.844,1.524,1.862) world=(1.844,1.524,1.862)
jolt: mesh v113 local=(2.029,1.524,1.453) world=(2.029,1.524,1.453)
jolt: mesh v114 local=(2.215,1.524,1.044) world=(2.215,1.524,1.044)
jolt: mesh v115 local=(2.400,1.524,0.635) world=(2.400,1.524,0.635)
jolt: mesh v116 local=(3.612,1.524,4.724) world=(3.612,1.524,4.724)
jolt: mesh v117 local=(3.661,1.524,4.315) world=(3.661,1.524,4.315)
jolt: mesh v118 local=(3.710,1.524,3.907) world=(3.710,1.524,3.907)
jolt: mesh v119 local=(3.758,1.524,3.498) world=(3.758,1.524,3.498)
jolt: mesh v120 local=(3.807,1.524,3.089) world=(3.807,1.524,3.089)
jolt: mesh v121 local=(3.856,1.524,2.680) world=(3.856,1.524,2.680)
jolt: mesh v122 local=(3.905,1.524,2.271) world=(3.905,1.524,2.271)
jolt: mesh v123 local=(3.954,1.524,1.862) world=(3.954,1.524,1.862)
jolt: mesh v124 local=(4.002,1.524,1.453) world=(4.002,1.524,1.453)
jolt: mesh v125 local=(4.051,1.524,1.044) world=(4.051,1.524,1.044)
jolt: mesh v126 local=(4.100,1.524,0.635) world=(4.100,1.524,0.635)
jolt: mesh v127 local=(4.339,1.524,4.724) world=(4.339,1.524,4.724)
jolt: mesh v128 local=(4.495,1.524,4.315) world=(4.495,1.524,4.315)
jolt: mesh v129 local=(4.651,1.524,3.907) world=(4.651,1.524,3.907)
jolt: mesh v130 local=(4.807,1.524,3.498) world=(4.807,1.524,3.498)
jolt: mesh v131 local=(4.963,1.524,3.089) world=(4.963,1.524,3.089)
jolt: mesh v132 local=(5.119,1.524,2.680) world=(5.119,1.524,2.680)
jolt: mesh v133 local=(5.276,1.524,2.271) world=(5.276,1.524,2.271)
jolt: mesh v134 local=(5.432,1.524,1.862) world=(5.432,1.524,1.862)
jolt: mesh v135 local=(5.588,1.524,1.453) world=(5.588,1.524,1.453)
jolt: mesh v136 local=(5.744,1.524,1.044) world=(5.744,1.524,1.044)
jolt: mesh v137 local=(5.900,1.524,0.635) world=(5.900,1.524,0.635)
jolt: mesh v138 local=(5.969,-1.651,0.127) world=(5.969,-1.651,0.127)
jolt: mesh v139 local=(5.969,-1.651,0.635) world=(5.969,-1.651,0.635)
jolt: mesh v140 local=(5.969,-1.651,1.044) world=(5.969,-1.651,1.044)
jolt: mesh v141 local=(5.969,-1.651,1.453) world=(5.969,-1.651,1.453)
jolt: mesh v142 local=(5.969,-1.651,1.862) world=(5.969,-1.651,1.862)
jolt: mesh v143 local=(5.969,-1.651,2.271) world=(5.969,-1.651,2.271)
jolt: mesh v144 local=(5.969,-1.651,2.680) world=(5.969,-1.651,2.680)
jolt: mesh v145 local=(5.969,-1.651,3.089) world=(5.969,-1.651,3.089)
jolt: mesh v146 local=(5.969,-1.651,3.498) world=(5.969,-1.651,3.498)
jolt: mesh v147 local=(5.969,-1.651,3.907) world=(5.969,-1.651,3.907)
jolt: mesh v148 local=(5.969,-1.651,4.315) world=(5.969,-1.651,4.315)
jolt: mesh v149 local=(5.969,-1.651,4.724) world=(5.969,-1.651,4.724)
jolt: mesh v150 local=(5.969,-1.651,4.826) world=(5.969,-1.651,4.826)
jolt: mesh v151 local=(5.969,-1.651,5.334) world=(5.969,-1.651,5.334)
jolt: mesh v152 local=(5.969,1.524,0.127) world=(5.969,1.524,0.127)
jolt: mesh v153 local=(5.969,1.524,0.635) world=(5.969,1.524,0.635)
jolt: mesh v154 local=(5.969,1.524,1.044) world=(5.969,1.524,1.044)
jolt: mesh v155 local=(5.969,1.524,1.453) world=(5.969,1.524,1.453)
jolt: mesh v156 local=(5.969,1.524,1.862) world=(5.969,1.524,1.862)
jolt: mesh v157 local=(5.969,1.524,2.271) world=(5.969,1.524,2.271)
jolt: mesh v158 local=(5.969,1.524,2.680) world=(5.969,1.524,2.680)
jolt: mesh v159 local=(5.969,1.524,3.089) world=(5.969,1.524,3.089)
jolt: mesh v160 local=(5.969,1.524,3.498) world=(5.969,1.524,3.498)
jolt: mesh v161 local=(5.969,1.524,3.907) world=(5.969,1.524,3.907)
jolt: mesh v162 local=(5.969,1.524,4.315) world=(5.969,1.524,4.315)
jolt: mesh v163 local=(5.969,1.524,4.724) world=(5.969,1.524,4.724)
jolt: mesh v164 local=(5.969,1.524,4.826) world=(5.969,1.524,4.826)
jolt: mesh v165 local=(5.969,1.524,5.334) world=(5.969,1.524,5.334)
jolt: mesh v166 local=(6.096,-1.651,0.000) world=(6.096,-1.651,0.000)
jolt: mesh v167 local=(6.096,-1.651,0.127) world=(6.096,-1.651,0.127)
jolt: mesh v168 local=(6.096,-1.651,0.635) world=(6.096,-1.651,0.635)
jolt: mesh v169 local=(6.096,-1.651,1.044) world=(6.096,-1.651,1.044)
jolt: mesh v170 local=(6.096,-1.651,1.453) world=(6.096,-1.651,1.453)
jolt: mesh v171 local=(6.096,-1.651,1.862) world=(6.096,-1.651,1.862)
jolt: mesh v172 local=(6.096,-1.651,2.271) world=(6.096,-1.651,2.271)
jolt: mesh v173 local=(6.096,-1.651,2.680) world=(6.096,-1.651,2.680)
jolt: mesh v174 local=(6.096,-1.651,3.089) world=(6.096,-1.651,3.089)
jolt: mesh v175 local=(6.096,-1.651,3.498) world=(6.096,-1.651,3.498)
jolt: mesh v176 local=(6.096,-1.651,3.907) world=(6.096,-1.651,3.907)
jolt: mesh v177 local=(6.096,-1.651,4.315) world=(6.096,-1.651,4.315)
jolt: mesh v178 local=(6.096,-1.651,4.724) world=(6.096,-1.651,4.724)
jolt: mesh v179 local=(6.096,-1.651,4.826) world=(6.096,-1.651,4.826)
jolt: mesh v180 local=(6.096,-1.651,5.334) world=(6.096,-1.651,5.334)
jolt: mesh v181 local=(6.096,1.524,0.127) world=(6.096,1.524,0.127)
jolt: mesh v182 local=(6.096,1.524,0.635) world=(6.096,1.524,0.635)
jolt: mesh v183 local=(6.096,1.524,1.044) world=(6.096,1.524,1.044)
jolt: mesh v184 local=(6.096,1.524,1.453) world=(6.096,1.524,1.453)
jolt: mesh v185 local=(6.096,1.524,1.862) world=(6.096,1.524,1.862)
jolt: mesh v186 local=(6.096,1.524,2.271) world=(6.096,1.524,2.271)
jolt: mesh v187 local=(6.096,1.524,2.680) world=(6.096,1.524,2.680)
jolt: mesh v188 local=(6.096,1.524,3.089) world=(6.096,1.524,3.089)
jolt: mesh v189 local=(6.096,1.524,3.498) world=(6.096,1.524,3.498)
jolt: mesh v190 local=(6.096,1.524,3.907) world=(6.096,1.524,3.907)
jolt: mesh v191 local=(6.096,1.524,4.315) world=(6.096,1.524,4.315)
jolt: mesh v192 local=(6.096,1.524,4.724) world=(6.096,1.524,4.724)
jolt: mesh v193 local=(6.096,1.524,4.826) world=(6.096,1.524,4.826)
jolt: mesh v194 local=(6.096,1.524,5.334) world=(6.096,1.524,5.334)
jolt: mesh v195 local=(6.096,1.651,0.000) world=(6.096,1.651,0.000)
jolt: mesh v196 local=(6.096,1.651,0.127) world=(6.096,1.651,0.127)
jolt: mesh v197 local=(6.096,1.651,0.635) world=(6.096,1.651,0.635)
jolt: mesh v198 local=(6.096,1.651,1.044) world=(6.096,1.651,1.044)
jolt: mesh v199 local=(6.096,1.651,1.453) world=(6.096,1.651,1.453)
jolt: mesh v200 local=(6.096,1.651,1.862) world=(6.096,1.651,1.862)
jolt: mesh v201 local=(6.096,1.651,2.271) world=(6.096,1.651,2.271)
jolt: mesh v202 local=(6.096,1.651,2.680) world=(6.096,1.651,2.680)
jolt: mesh v203 local=(6.096,1.651,3.089) world=(6.096,1.651,3.089)
jolt: mesh v204 local=(6.096,1.651,3.498) world=(6.096,1.651,3.498)
jolt: mesh v205 local=(6.096,1.651,3.907) world=(6.096,1.651,3.907)
jolt: mesh v206 local=(6.096,1.651,4.315) world=(6.096,1.651,4.315)
jolt: mesh v207 local=(6.096,1.651,4.724) world=(6.096,1.651,4.724)
jolt: mesh v208 local=(6.096,1.651,4.826) world=(6.096,1.651,4.826)
jolt: mesh v209 local=(6.096,1.651,5.334) world=(6.096,1.651,5.334)
jolt: body MESH_STATIC verts=210 faces=600 id=16777216
LMalloc of 276 not 8-byte aligned, rounding up
RenderActor3DAnimates constructed with no animations!
MATL closed without all data read (bytesLeft = 264)
jolt: mesh actor_pos=(0.000,0.000,0.000)
jolt: mesh v0 local=(-5.969,-1.651,0.127) world=(-5.969,-1.651,0.127)
jolt: mesh v1 local=(-5.969,-1.651,5.334) world=(-5.969,-1.651,5.334)
jolt: mesh v2 local=(-5.969,-1.524,0.127) world=(-5.969,-1.524,0.127)
jolt: mesh v3 local=(-5.969,-1.524,5.334) world=(-5.969,-1.524,5.334)
jolt: mesh v4 local=(5.969,-1.651,0.127) world=(5.969,-1.651,0.127)
jolt: mesh v5 local=(5.969,-1.651,5.334) world=(5.969,-1.651,5.334)
jolt: mesh v6 local=(5.969,-1.524,0.127) world=(5.969,-1.524,0.127)
jolt: mesh v7 local=(5.969,-1.524,5.334) world=(5.969,-1.524,5.334)
jolt: body MESH_STATIC verts=8 faces=12 id=16777217
LMalloc of 836 not 8-byte aligned, rounding up
RenderActor3DAnimates constructed with no animations!
MATL closed without all data read (bytesLeft = 528)
jolt: mesh actor_pos=(0.000,0.000,0.000)
jolt: mesh v0 local=(-6.160,-1.714,5.207) world=(-6.160,-1.714,5.207)
jolt: mesh v1 local=(-6.160,-1.714,5.334) world=(-6.160,-1.714,5.334)
jolt: mesh v2 local=(-6.160,1.714,5.207) world=(-6.160,1.714,5.207)
jolt: mesh v3 local=(-6.160,1.714,5.334) world=(-6.160,1.714,5.334)
jolt: mesh v4 local=(-6.096,-1.651,5.397) world=(-6.096,-1.651,5.397)
jolt: mesh v5 local=(-6.096,1.651,5.397) world=(-6.096,1.651,5.397)
jolt: mesh v6 local=(-5.905,-1.460,5.207) world=(-5.905,-1.460,5.207)
jolt: mesh v7 local=(-5.905,-1.460,5.397) world=(-5.905,-1.460,5.397)
jolt: mesh v8 local=(-5.905,1.460,5.207) world=(-5.905,1.460,5.207)
jolt: mesh v9 local=(-5.905,1.460,5.397) world=(-5.905,1.460,5.397)
jolt: mesh v10 local=(5.905,-1.460,5.207) world=(5.905,-1.460,5.207)
jolt: mesh v11 local=(5.905,-1.460,5.397) world=(5.905,-1.460,5.397)
jolt: mesh v12 local=(5.905,1.460,5.207) world=(5.905,1.460,5.207)
jolt: mesh v13 local=(5.905,1.460,5.397) world=(5.905,1.460,5.397)
jolt: mesh v14 local=(6.096,-1.651,5.397) world=(6.096,-1.651,5.397)
jolt: mesh v15 local=(6.096,1.651,5.397) world=(6.096,1.651,5.397)
jolt: mesh v16 local=(6.160,-1.714,5.207) world=(6.160,-1.714,5.207)
jolt: mesh v17 local=(6.160,-1.714,5.334) world=(6.160,-1.714,5.334)
jolt: mesh v18 local=(6.160,1.714,5.207) world=(6.160,1.714,5.207)
jolt: mesh v19 local=(6.160,1.714,5.334) world=(6.160,1.714,5.334)
jolt: body MESH_STATIC verts=20 faces=40 id=16777218
LMalloc of 8236 not 8-byte aligned, rounding up
RenderActor3DAnimates constructed with no animations!
MATL closed without all data read (bytesLeft = 1056)
jolt: mesh actor_pos=(0.000,0.000,0.000)
jolt: mesh v0 local=(-5.964,-1.519,0.132) world=(-5.964,-1.519,0.132)
jolt: mesh v1 local=(-5.964,-1.519,0.635) world=(-5.964,-1.519,0.635)
jolt: mesh v2 local=(-5.964,-1.013,0.132) world=(-5.964,-1.013,0.132)
jolt: mesh v3 local=(-5.964,-1.013,0.635) world=(-5.964,-1.013,0.635)
jolt: mesh v4 local=(-5.964,-0.506,0.132) world=(-5.964,-0.506,0.132)
jolt: mesh v5 local=(-5.964,-0.506,0.635) world=(-5.964,-0.506,0.635)
jolt: mesh v6 local=(-5.964,0.000,0.132) world=(-5.964,0.000,0.132)
jolt: mesh v7 local=(-5.964,0.000,0.635) world=(-5.964,0.000,0.635)
jolt: mesh v8 local=(-5.964,0.506,0.132) world=(-5.964,0.506,0.132)
jolt: mesh v9 local=(-5.964,0.506,0.635) world=(-5.964,0.506,0.635)
jolt: mesh v10 local=(-5.964,1.013,0.132) world=(-5.964,1.013,0.132)
jolt: mesh v11 local=(-5.964,1.013,0.635) world=(-5.964,1.013,0.635)
jolt: mesh v12 local=(-5.964,1.519,0.132) world=(-5.964,1.519,0.132)
jolt: mesh v13 local=(-5.964,1.519,0.635) world=(-5.964,1.519,0.635)
jolt: mesh v14 local=(-5.467,-1.519,0.132) world=(-5.467,-1.519,0.132)
jolt: mesh v15 local=(-5.467,-1.519,0.635) world=(-5.467,-1.519,0.635)
jolt: mesh v16 local=(-5.467,-1.013,0.635) world=(-5.467,-1.013,0.635)
jolt: mesh v17 local=(-5.467,-0.506,0.635) world=(-5.467,-0.506,0.635)
jolt: mesh v18 local=(-5.467,0.000,0.635) world=(-5.467,0.000,0.635)
jolt: mesh v19 local=(-5.467,0.506,0.635) world=(-5.467,0.506,0.635)
jolt: mesh v20 local=(-5.467,1.013,0.635) world=(-5.467,1.013,0.635)
jolt: mesh v21 local=(-5.467,1.519,0.132) world=(-5.467,1.519,0.132)
jolt: mesh v22 local=(-5.467,1.519,0.635) world=(-5.467,1.519,0.635)
jolt: mesh v23 local=(-4.970,-1.519,0.132) world=(-4.970,-1.519,0.132)
jolt: mesh v24 local=(-4.970,-1.519,0.635) world=(-4.970,-1.519,0.635)
jolt: mesh v25 local=(-4.970,-1.013,0.635) world=(-4.970,-1.013,0.635)
jolt: mesh v26 local=(-4.970,-0.506,0.635) world=(-4.970,-0.506,0.635)
jolt: mesh v27 local=(-4.970,0.000,0.635) world=(-4.970,0.000,0.635)
jolt: mesh v28 local=(-4.970,0.506,0.635) world=(-4.970,0.506,0.635)
jolt: mesh v29 local=(-4.970,1.013,0.635) world=(-4.970,1.013,0.635)
jolt: mesh v30 local=(-4.970,1.519,0.132) world=(-4.970,1.519,0.132)
jolt: mesh v31 local=(-4.970,1.519,0.635) world=(-4.970,1.519,0.635)
jolt: mesh v32 local=(-4.473,-1.519,0.132) world=(-4.473,-1.519,0.132)
jolt: mesh v33 local=(-4.473,-1.519,0.635) world=(-4.473,-1.519,0.635)
jolt: mesh v34 local=(-4.473,-1.013,0.635) world=(-4.473,-1.013,0.635)
jolt: mesh v35 local=(-4.473,-0.506,0.635) world=(-4.473,-0.506,0.635)
jolt: mesh v36 local=(-4.473,0.000,0.635) world=(-4.473,0.000,0.635)
jolt: mesh v37 local=(-4.473,0.506,0.635) world=(-4.473,0.506,0.635)
jolt: mesh v38 local=(-4.473,1.013,0.635) world=(-4.473,1.013,0.635)
jolt: mesh v39 local=(-4.473,1.519,0.132) world=(-4.473,1.519,0.132)
jolt: mesh v40 local=(-4.473,1.519,0.635) world=(-4.473,1.519,0.635)
jolt: mesh v41 local=(-3.976,-1.519,0.132) world=(-3.976,-1.519,0.132)
jolt: mesh v42 local=(-3.976,-1.519,0.635) world=(-3.976,-1.519,0.635)
jolt: mesh v43 local=(-3.976,-1.013,0.635) world=(-3.976,-1.013,0.635)
jolt: mesh v44 local=(-3.976,-0.506,0.635) world=(-3.976,-0.506,0.635)
jolt: mesh v45 local=(-3.976,0.000,0.635) world=(-3.976,0.000,0.635)
jolt: mesh v46 local=(-3.976,0.506,0.635) world=(-3.976,0.506,0.635)
jolt: mesh v47 local=(-3.976,1.013,0.635) world=(-3.976,1.013,0.635)
jolt: mesh v48 local=(-3.976,1.519,0.132) world=(-3.976,1.519,0.132)
jolt: mesh v49 local=(-3.976,1.519,0.635) world=(-3.976,1.519,0.635)
jolt: mesh v50 local=(-3.479,-1.519,0.132) world=(-3.479,-1.519,0.132)
jolt: mesh v51 local=(-3.479,-1.519,0.635) world=(-3.479,-1.519,0.635)
jolt: mesh v52 local=(-3.479,-1.013,0.635) world=(-3.479,-1.013,0.635)
jolt: mesh v53 local=(-3.479,-0.506,0.635) world=(-3.479,-0.506,0.635)
jolt: mesh v54 local=(-3.479,0.000,0.635) world=(-3.479,0.000,0.635)
jolt: mesh v55 local=(-3.479,0.506,0.635) world=(-3.479,0.506,0.635)
jolt: mesh v56 local=(-3.479,1.013,0.635) world=(-3.479,1.013,0.635)
jolt: mesh v57 local=(-3.479,1.519,0.132) world=(-3.479,1.519,0.132)
jolt: mesh v58 local=(-3.479,1.519,0.635) world=(-3.479,1.519,0.635)
jolt: mesh v59 local=(-2.982,-1.519,0.132) world=(-2.982,-1.519,0.132)
jolt: mesh v60 local=(-2.982,-1.519,0.635) world=(-2.982,-1.519,0.635)
jolt: mesh v61 local=(-2.982,-1.013,0.635) world=(-2.982,-1.013,0.635)
jolt: mesh v62 local=(-2.982,-0.506,0.635) world=(-2.982,-0.506,0.635)
jolt: mesh v63 local=(-2.982,0.000,0.635) world=(-2.982,0.000,0.635)
jolt: mesh v64 local=(-2.982,0.506,0.635) world=(-2.982,0.506,0.635)
jolt: mesh v65 local=(-2.982,1.013,0.635) world=(-2.982,1.013,0.635)
jolt: mesh v66 local=(-2.982,1.519,0.132) world=(-2.982,1.519,0.132)
jolt: mesh v67 local=(-2.982,1.519,0.635) world=(-2.982,1.519,0.635)
jolt: mesh v68 local=(-2.485,-1.519,0.132) world=(-2.485,-1.519,0.132)
jolt: mesh v69 local=(-2.485,-1.519,0.635) world=(-2.485,-1.519,0.635)
jolt: mesh v70 local=(-2.485,-1.013,0.635) world=(-2.485,-1.013,0.635)
jolt: mesh v71 local=(-2.485,-0.506,0.635) world=(-2.485,-0.506,0.635)
jolt: mesh v72 local=(-2.485,0.000,0.635) world=(-2.485,0.000,0.635)
jolt: mesh v73 local=(-2.485,0.506,0.635) world=(-2.485,0.506,0.635)
jolt: mesh v74 local=(-2.485,1.013,0.635) world=(-2.485,1.013,0.635)
jolt: mesh v75 local=(-2.485,1.519,0.132) world=(-2.485,1.519,0.132)
jolt: mesh v76 local=(-2.485,1.519,0.635) world=(-2.485,1.519,0.635)
jolt: mesh v77 local=(-1.988,-1.519,0.132) world=(-1.988,-1.519,0.132)
jolt: mesh v78 local=(-1.988,-1.519,0.635) world=(-1.988,-1.519,0.635)
jolt: mesh v79 local=(-1.988,-1.013,0.635) world=(-1.988,-1.013,0.635)
jolt: mesh v80 local=(-1.988,-0.506,0.635) world=(-1.988,-0.506,0.635)
jolt: mesh v81 local=(-1.988,0.000,0.635) world=(-1.988,0.000,0.635)
jolt: mesh v82 local=(-1.988,0.506,0.635) world=(-1.988,0.506,0.635)
jolt: mesh v83 local=(-1.988,1.013,0.635) world=(-1.988,1.013,0.635)
jolt: mesh v84 local=(-1.988,1.519,0.132) world=(-1.988,1.519,0.132)
jolt: mesh v85 local=(-1.988,1.519,0.635) world=(-1.988,1.519,0.635)
jolt: mesh v86 local=(-1.491,-1.519,0.132) world=(-1.491,-1.519,0.132)
jolt: mesh v87 local=(-1.491,-1.519,0.635) world=(-1.491,-1.519,0.635)
jolt: mesh v88 local=(-1.491,-1.013,0.635) world=(-1.491,-1.013,0.635)
jolt: mesh v89 local=(-1.491,-0.506,0.635) world=(-1.491,-0.506,0.635)
jolt: mesh v90 local=(-1.491,0.000,0.635) world=(-1.491,0.000,0.635)
jolt: mesh v91 local=(-1.491,0.506,0.635) world=(-1.491,0.506,0.635)
jolt: mesh v92 local=(-1.491,1.013,0.635) world=(-1.491,1.013,0.635)
jolt: mesh v93 local=(-1.491,1.519,0.132) world=(-1.491,1.519,0.132)
jolt: mesh v94 local=(-1.491,1.519,0.635) world=(-1.491,1.519,0.635)
jolt: mesh v95 local=(-0.994,-1.519,0.132) world=(-0.994,-1.519,0.132)
jolt: mesh v96 local=(-0.994,-1.519,0.635) world=(-0.994,-1.519,0.635)
jolt: mesh v97 local=(-0.994,-1.013,0.635) world=(-0.994,-1.013,0.635)
jolt: mesh v98 local=(-0.994,-0.506,0.635) world=(-0.994,-0.506,0.635)
jolt: mesh v99 local=(-0.994,0.000,0.635) world=(-0.994,0.000,0.635)
jolt: mesh v100 local=(-0.994,0.506,0.635) world=(-0.994,0.506,0.635)
jolt: mesh v101 local=(-0.994,1.013,0.635) world=(-0.994,1.013,0.635)
jolt: mesh v102 local=(-0.994,1.519,0.132) world=(-0.994,1.519,0.132)
jolt: mesh v103 local=(-0.994,1.519,0.635) world=(-0.994,1.519,0.635)
jolt: mesh v104 local=(-0.497,-1.519,0.132) world=(-0.497,-1.519,0.132)
jolt: mesh v105 local=(-0.497,-1.519,0.635) world=(-0.497,-1.519,0.635)
jolt: mesh v106 local=(-0.497,-1.013,0.635) world=(-0.497,-1.013,0.635)
jolt: mesh v107 local=(-0.497,-0.506,0.635) world=(-0.497,-0.506,0.635)
jolt: mesh v108 local=(-0.497,0.000,0.635) world=(-0.497,0.000,0.635)
jolt: mesh v109 local=(-0.497,0.506,0.635) world=(-0.497,0.506,0.635)
jolt: mesh v110 local=(-0.497,1.013,0.635) world=(-0.497,1.013,0.635)
jolt: mesh v111 local=(-0.497,1.519,0.132) world=(-0.497,1.519,0.132)
jolt: mesh v112 local=(-0.497,1.519,0.635) world=(-0.497,1.519,0.635)
jolt: mesh v113 local=(0.000,-1.519,0.132) world=(0.000,-1.519,0.132)
jolt: mesh v114 local=(0.000,-1.519,0.635) world=(0.000,-1.519,0.635)
jolt: mesh v115 local=(0.000,-1.013,0.635) world=(0.000,-1.013,0.635)
jolt: mesh v116 local=(0.000,-0.506,0.635) world=(0.000,-0.506,0.635)
jolt: mesh v117 local=(0.000,0.000,0.635) world=(0.000,0.000,0.635)
jolt: mesh v118 local=(0.000,0.506,0.635) world=(0.000,0.506,0.635)
jolt: mesh v119 local=(0.000,1.013,0.635) world=(0.000,1.013,0.635)
jolt: mesh v120 local=(0.000,1.519,0.132) world=(0.000,1.519,0.132)
jolt: mesh v121 local=(0.000,1.519,0.635) world=(0.000,1.519,0.635)
jolt: mesh v122 local=(0.497,-1.519,0.132) world=(0.497,-1.519,0.132)
jolt: mesh v123 local=(0.497,-1.519,0.635) world=(0.497,-1.519,0.635)
jolt: mesh v124 local=(0.497,-1.013,0.635) world=(0.497,-1.013,0.635)
jolt: mesh v125 local=(0.497,-0.506,0.635) world=(0.497,-0.506,0.635)
jolt: mesh v126 local=(0.497,0.000,0.635) world=(0.497,0.000,0.635)
jolt: mesh v127 local=(0.497,0.506,0.635) world=(0.497,0.506,0.635)
jolt: mesh v128 local=(0.497,1.013,0.635) world=(0.497,1.013,0.635)
jolt: mesh v129 local=(0.497,1.519,0.132) world=(0.497,1.519,0.132)
jolt: mesh v130 local=(0.497,1.519,0.635) world=(0.497,1.519,0.635)
jolt: mesh v131 local=(0.994,-1.519,0.132) world=(0.994,-1.519,0.132)
jolt: mesh v132 local=(0.994,-1.519,0.635) world=(0.994,-1.519,0.635)
jolt: mesh v133 local=(0.994,-1.013,0.635) world=(0.994,-1.013,0.635)
jolt: mesh v134 local=(0.994,-0.506,0.635) world=(0.994,-0.506,0.635)
jolt: mesh v135 local=(0.994,0.000,0.635) world=(0.994,0.000,0.635)
jolt: mesh v136 local=(0.994,0.506,0.635) world=(0.994,0.506,0.635)
jolt: mesh v137 local=(0.994,1.013,0.635) world=(0.994,1.013,0.635)
jolt: mesh v138 local=(0.994,1.519,0.132) world=(0.994,1.519,0.132)
jolt: mesh v139 local=(0.994,1.519,0.635) world=(0.994,1.519,0.635)
jolt: mesh v140 local=(1.491,-1.519,0.132) world=(1.491,-1.519,0.132)
jolt: mesh v141 local=(1.491,-1.519,0.635) world=(1.491,-1.519,0.635)
jolt: mesh v142 local=(1.491,-1.013,0.635) world=(1.491,-1.013,0.635)
jolt: mesh v143 local=(1.491,-0.506,0.635) world=(1.491,-0.506,0.635)
jolt: mesh v144 local=(1.491,0.000,0.635) world=(1.491,0.000,0.635)
jolt: mesh v145 local=(1.491,0.506,0.635) world=(1.491,0.506,0.635)
jolt: mesh v146 local=(1.491,1.013,0.635) world=(1.491,1.013,0.635)
jolt: mesh v147 local=(1.491,1.519,0.132) world=(1.491,1.519,0.132)
jolt: mesh v148 local=(1.491,1.519,0.635) world=(1.491,1.519,0.635)
jolt: mesh v149 local=(1.988,-1.519,0.132) world=(1.988,-1.519,0.132)
jolt: mesh v150 local=(1.988,-1.519,0.635) world=(1.988,-1.519,0.635)
jolt: mesh v151 local=(1.988,-1.013,0.635) world=(1.988,-1.013,0.635)
jolt: mesh v152 local=(1.988,-0.506,0.635) world=(1.988,-0.506,0.635)
jolt: mesh v153 local=(1.988,0.000,0.635) world=(1.988,0.000,0.635)
jolt: mesh v154 local=(1.988,0.506,0.635) world=(1.988,0.506,0.635)
jolt: mesh v155 local=(1.988,1.013,0.635) world=(1.988,1.013,0.635)
jolt: mesh v156 local=(1.988,1.519,0.132) world=(1.988,1.519,0.132)
jolt: mesh v157 local=(1.988,1.519,0.635) world=(1.988,1.519,0.635)
jolt: mesh v158 local=(2.485,-1.519,0.132) world=(2.485,-1.519,0.132)
jolt: mesh v159 local=(2.485,-1.519,0.635) world=(2.485,-1.519,0.635)
jolt: mesh v160 local=(2.485,-1.013,0.635) world=(2.485,-1.013,0.635)
jolt: mesh v161 local=(2.485,-0.506,0.635) world=(2.485,-0.506,0.635)
jolt: mesh v162 local=(2.485,0.000,0.635) world=(2.485,0.000,0.635)
jolt: mesh v163 local=(2.485,0.506,0.635) world=(2.485,0.506,0.635)
jolt: mesh v164 local=(2.485,1.013,0.635) world=(2.485,1.013,0.635)
jolt: mesh v165 local=(2.485,1.519,0.132) world=(2.485,1.519,0.132)
jolt: mesh v166 local=(2.485,1.519,0.635) world=(2.485,1.519,0.635)
jolt: mesh v167 local=(2.982,-1.519,0.132) world=(2.982,-1.519,0.132)
jolt: mesh v168 local=(2.982,-1.519,0.635) world=(2.982,-1.519,0.635)
jolt: mesh v169 local=(2.982,-1.013,0.635) world=(2.982,-1.013,0.635)
jolt: mesh v170 local=(2.982,-0.506,0.635) world=(2.982,-0.506,0.635)
jolt: mesh v171 local=(2.982,0.000,0.635) world=(2.982,0.000,0.635)
jolt: mesh v172 local=(2.982,0.506,0.635) world=(2.982,0.506,0.635)
jolt: mesh v173 local=(2.982,1.013,0.635) world=(2.982,1.013,0.635)
jolt: mesh v174 local=(2.982,1.519,0.132) world=(2.982,1.519,0.132)
jolt: mesh v175 local=(2.982,1.519,0.635) world=(2.982,1.519,0.635)
jolt: mesh v176 local=(3.479,-1.519,0.132) world=(3.479,-1.519,0.132)
jolt: mesh v177 local=(3.479,-1.519,0.635) world=(3.479,-1.519,0.635)
jolt: mesh v178 local=(3.479,-1.013,0.635) world=(3.479,-1.013,0.635)
jolt: mesh v179 local=(3.479,-0.506,0.635) world=(3.479,-0.506,0.635)
jolt: mesh v180 local=(3.479,0.000,0.635) world=(3.479,0.000,0.635)
jolt: mesh v181 local=(3.479,0.506,0.635) world=(3.479,0.506,0.635)
jolt: mesh v182 local=(3.479,1.013,0.635) world=(3.479,1.013,0.635)
jolt: mesh v183 local=(3.479,1.519,0.132) world=(3.479,1.519,0.132)
jolt: mesh v184 local=(3.479,1.519,0.635) world=(3.479,1.519,0.635)
jolt: mesh v185 local=(3.976,-1.519,0.132) world=(3.976,-1.519,0.132)
jolt: mesh v186 local=(3.976,-1.519,0.635) world=(3.976,-1.519,0.635)
jolt: mesh v187 local=(3.976,-1.013,0.635) world=(3.976,-1.013,0.635)
jolt: mesh v188 local=(3.976,-0.506,0.635) world=(3.976,-0.506,0.635)
jolt: mesh v189 local=(3.976,0.000,0.635) world=(3.976,0.000,0.635)
jolt: mesh v190 local=(3.976,0.506,0.635) world=(3.976,0.506,0.635)
jolt: mesh v191 local=(3.976,1.013,0.635) world=(3.976,1.013,0.635)
jolt: mesh v192 local=(3.976,1.519,0.132) world=(3.976,1.519,0.132)
jolt: mesh v193 local=(3.976,1.519,0.635) world=(3.976,1.519,0.635)
jolt: mesh v194 local=(4.473,-1.519,0.132) world=(4.473,-1.519,0.132)
jolt: mesh v195 local=(4.473,-1.519,0.635) world=(4.473,-1.519,0.635)
jolt: mesh v196 local=(4.473,-1.013,0.635) world=(4.473,-1.013,0.635)
jolt: mesh v197 local=(4.473,-0.506,0.635) world=(4.473,-0.506,0.635)
jolt: mesh v198 local=(4.473,0.000,0.635) world=(4.473,0.000,0.635)
jolt: mesh v199 local=(4.473,0.506,0.635) world=(4.473,0.506,0.635)
jolt: mesh v200 local=(4.473,1.013,0.635) world=(4.473,1.013,0.635)
jolt: mesh v201 local=(4.473,1.519,0.132) world=(4.473,1.519,0.132)
jolt: mesh v202 local=(4.473,1.519,0.635) world=(4.473,1.519,0.635)
jolt: mesh v203 local=(4.970,-1.519,0.132) world=(4.970,-1.519,0.132)
jolt: mesh v204 local=(4.970,-1.519,0.635) world=(4.970,-1.519,0.635)
jolt: mesh v205 local=(4.970,-1.013,0.635) world=(4.970,-1.013,0.635)
jolt: mesh v206 local=(4.970,-0.506,0.635) world=(4.970,-0.506,0.635)
jolt: mesh v207 local=(4.970,0.000,0.635) world=(4.970,0.000,0.635)
jolt: mesh v208 local=(4.970,0.506,0.635) world=(4.970,0.506,0.635)
jolt: mesh v209 local=(4.970,1.013,0.635) world=(4.970,1.013,0.635)
jolt: mesh v210 local=(4.970,1.519,0.132) world=(4.970,1.519,0.132)
jolt: mesh v211 local=(4.970,1.519,0.635) world=(4.970,1.519,0.635)
jolt: mesh v212 local=(5.467,-1.519,0.132) world=(5.467,-1.519,0.132)
jolt: mesh v213 local=(5.467,-1.519,0.635) world=(5.467,-1.519,0.635)
jolt: mesh v214 local=(5.467,-1.013,0.635) world=(5.467,-1.013,0.635)
jolt: mesh v215 local=(5.467,-0.506,0.635) world=(5.467,-0.506,0.635)
jolt: mesh v216 local=(5.467,0.000,0.635) world=(5.467,0.000,0.635)
jolt: mesh v217 local=(5.467,0.506,0.635) world=(5.467,0.506,0.635)
jolt: mesh v218 local=(5.467,1.013,0.635) world=(5.467,1.013,0.635)
jolt: mesh v219 local=(5.467,1.519,0.132) world=(5.467,1.519,0.132)
jolt: mesh v220 local=(5.467,1.519,0.635) world=(5.467,1.519,0.635)
jolt: mesh v221 local=(5.964,-1.519,0.132) world=(5.964,-1.519,0.132)
jolt: mesh v222 local=(5.964,-1.519,0.635) world=(5.964,-1.519,0.635)
jolt: mesh v223 local=(5.964,-1.013,0.132) world=(5.964,-1.013,0.132)
jolt: mesh v224 local=(5.964,-1.013,0.635) world=(5.964,-1.013,0.635)
jolt: mesh v225 local=(5.964,-0.506,0.132) world=(5.964,-0.506,0.132)
jolt: mesh v226 local=(5.964,-0.506,0.635) world=(5.964,-0.506,0.635)
jolt: mesh v227 local=(5.964,0.000,0.132) world=(5.964,0.000,0.132)
jolt: mesh v228 local=(5.964,0.000,0.635) world=(5.964,0.000,0.635)
jolt: mesh v229 local=(5.964,0.506,0.132) world=(5.964,0.506,0.132)
jolt: mesh v230 local=(5.964,0.506,0.635) world=(5.964,0.506,0.635)
jolt: mesh v231 local=(5.964,1.013,0.132) world=(5.964,1.013,0.132)
jolt: mesh v232 local=(5.964,1.013,0.635) world=(5.964,1.013,0.635)
jolt: mesh v233 local=(5.964,1.519,0.132) world=(5.964,1.519,0.132)
jolt: mesh v234 local=(5.964,1.519,0.635) world=(5.964,1.519,0.635)
jolt: body MESH_STATIC verts=235 faces=410 id=16777219
LMalloc of 276 not 8-byte aligned, rounding up
RenderActor3DAnimates constructed with no animations!
MATL closed without all data read (bytesLeft = 528)
jolt: mesh actor_pos=(0.000,0.000,0.000)
jolt: mesh v0 local=(-6.296,-1.851,-9.000) world=(-6.296,-1.851,-9.000)
jolt: mesh v1 local=(-6.296,-1.851,-0.010) world=(-6.296,-1.851,-0.010)
jolt: mesh v2 local=(-6.296,1.851,-9.000) world=(-6.296,1.851,-9.000)
jolt: mesh v3 local=(-6.296,1.851,-0.010) world=(-6.296,1.851,-0.010)
jolt: mesh v4 local=(6.296,-1.851,-9.000) world=(6.296,-1.851,-9.000)
jolt: mesh v5 local=(6.296,-1.851,-0.010) world=(6.296,-1.851,-0.010)
jolt: mesh v6 local=(6.296,1.851,-9.000) world=(6.296,1.851,-9.000)
jolt: mesh v7 local=(6.296,1.851,-0.010) world=(6.296,1.851,-0.010)
jolt: body MESH_STATIC verts=8 faces=12 id=16777220
LMalloc of 76 not 8-byte aligned, rounding up
RenderActor3DAnimates constructed with no animations!
MATL closed without all data read (bytesLeft = 264)
jolt: mesh actor_pos=(0.000,0.000,0.000)
jolt: mesh v0 local=(-20.000,4.000,-9.000) world=(-20.000,4.000,-9.000)
jolt: mesh v1 local=(-20.000,4.000,16.000) world=(-20.000,4.000,16.000)
jolt: mesh v2 local=(20.000,4.000,-9.000) world=(20.000,4.000,-9.000)
jolt: mesh v3 local=(20.000,4.000,16.000) world=(20.000,4.000,16.000)
jolt: body MESH_STATIC verts=4 faces=2 id=16777221
zforth: INDEXOF_CAMSHOT = 1921 (expect 1921)
zforth: INDEXOF_CAMSHOT = 1921 (expect 1921)
jolt: OptimizeBroadPhase done (6 static bodies)
audio: MusicPlayer — soundfont not found: florestan-subset.sf2
audio: sfx[0] not found: wflevels/qbert_practice/sfx/qbert_hop.wav
audio: sfx[1] not found: wflevels/qbert_practice/sfx/qbert_land.wav
audio: sfx[2] not found: wflevels/qbert_practice/sfx/qbert_fall.wav
audio: sfx[3] not found: wflevels/qbert_practice/sfx/qbert_swear.wav
audio: sfx[4] not found: wflevels/qbert_practice/sfx/qbert_round_clear.wav
audio: sfx[5] not found: wflevels/qbert_practice/sfx/qbert_kill.wav
audio: sfx[6] not found: wflevels/qbert_practice/sfx/qbert_disc.wav
rest_api: listening on http://127.0.0.1:8765
[debug] listening on :17941
[debug] client connected fd=18 from 127.0.0.1
delta too large: 0.4744110107
timeofday:1791015623:346777
lasttimeofday: 1791015622:872361
deltatime:0:474416
delta: 0.4744110107
delta too large: 0.6048126221
timeofday:1791015624:577884
lasttimeofday: 1791015623:973066
deltatime:0:604818
delta: 0.6048126221
delta too large: 0.5698242188
timeofday:1791015625:360180
lasttimeofday: 1791015624:790343
deltatime:0:569837
delta: 0.5698242188
delta too large: 0.5580596924
timeofday:1791015625:918240
lasttimeofday: 1791015625:360180
deltatime:0:558060
delta: 0.5580596924
delta too large: 0.7834014893
timeofday:1791015626:931742
lasttimeofday: 1791015626:148327
deltatime:0:783415
delta: 0.7834014893
delta too large: 0.967590332
timeofday:1791015628:268470
lasttimeofday: 1791015627:300865
deltatime:0:967605
delta: 0.967590332
delta too large: 0.6113128662
timeofday:1791015629:263758
lasttimeofday: 1791015628:652443
deltatime:0:611315
delta: 0.6113128662
delta too large: 0.6379089355
timeofday:1791015630:147211
lasttimeofday: 1791015629:509292
deltatime:0:637919
delta: 0.6379089355
delta too large: 0.7660217285
timeofday:1791015631:287038
lasttimeofday: 1791015630:521002
deltatime:0:766036
delta: 0.7660217285
delta too large: 0.9330444336
timeofday:1791015632:482520
lasttimeofday: 1791015631:549461
deltatime:0:933059
delta: 0.9330444336
delta too large: 1.003601074
timeofday:1791015633:863789
lasttimeofday: 1791015632:860181
deltatime:1:3608
delta: 1.003601074
delta too large: 0.948348999
timeofday:1791015635:204588
lasttimeofday: 1791015634:256237
deltatime:0:948351
delta: 0.948348999
delta too large: 1.437316895
timeofday:1791015637:46012
lasttimeofday: 1791015635:608686
deltatime:1:437326
delta: 1.437316895
delta too large: 0.4108734131
timeofday:1791015637:456892
lasttimeofday: 1791015637:46012
deltatime:0:410880
delta: 0.4108734131
delta too large: 0.3865509033
timeofday:1791015637:843447
lasttimeofday: 1791015637:456892
deltatime:0:386555
delta: 0.3865509033
delta too large: 0.3200683594
timeofday:1791015638:163527
lasttimeofday: 1791015637:843447
deltatime:0:320080
delta: 0.3200683594
delta too large: 1.110778809
timeofday:1791015639:274313
lasttimeofday: 1791015638:163527
deltatime:1:110786
delta: 1.110778809
delta too large: 1.940963745
timeofday:1791015641:215286
lasttimeofday: 1791015639:274313
deltatime:1:940973
delta: 1.940963745
delta too large: 0.3516082764
timeofday:1791015641:566895
lasttimeofday: 1791015641:215286
deltatime:0:351609
delta: 0.3516082764
delta too large: 0.4387512207
timeofday:1791015642:5651
lasttimeofday: 1791015641:566895
deltatime:0:438756
delta: 0.4387512207
delta too large: 0.3071289062
timeofday:1791015642:312785
lasttimeofday: 1791015642:5651
deltatime:0:307134
delta: 0.3071289062
delta too large: 2.015945435
timeofday:1791015644:328739
lasttimeofday: 1791015642:312785
deltatime:2:15954
delta: 2.015945435
ball pos: (0.154, -0.084, 2.400)
delta too large: 0.2993621826
timeofday:1791015644:628106
lasttimeofday: 1791015644:328739
deltatime:0:299367
delta: 0.2993621826
delta too large: 0.2723083496
timeofday:1791015644:900428
lasttimeofday: 1791015644:628106
deltatime:0:272322
delta: 0.2723083496
delta too large: 1.019607544
timeofday:1791015646:96215
lasttimeofday: 1791015645:76606
deltatime:1:19609
delta: 1.019607544
delta too large: 1.354217529
timeofday:1791015647:837539
lasttimeofday: 1791015646:483317
deltatime:1:354222
delta: 1.354217529
delta too large: 0.3029327393
timeofday:1791015648:140477
lasttimeofday: 1791015647:837539
deltatime:0:302938
delta: 0.3029327393
delta too large: 0.3432159424
timeofday:1791015648:483705
lasttimeofday: 1791015648:140477
deltatime:0:343228
delta: 0.3432159424
delta too large: 0.237701416
timeofday:1791015648:721419
lasttimeofday: 1791015648:483705
deltatime:0:237714
delta: 0.237701416
delta too large: 0.9274902344
timeofday:1791015649:648921
lasttimeofday: 1791015648:721419
deltatime:0:927502
delta: 0.9274902344
delta too large: 2.163040161
timeofday:1791015652:119470
lasttimeofday: 1791015649:956426
deltatime:2:163044
delta: 2.163040161
delta too large: 0.2428741455
timeofday:1791015652:362346
lasttimeofday: 1791015652:119470
deltatime:0:242876
delta: 0.2428741455
delta too large: 0.2520904541
timeofday:1791015652:614437
lasttimeofday: 1791015652:362346
deltatime:0:252091
delta: 0.2520904541
delta too large: 0.9009246826
timeofday:1791015653:665137
lasttimeofday: 1791015652:764199
deltatime:0:900938
delta: 0.9009246826
delta too large: 0.6642150879
timeofday:1791015654:612369
lasttimeofday: 1791015653:948148
deltatime:0:664221
delta: 0.6642150879
delta too large: 0.6572113037
timeofday:1791015655:519514
lasttimeofday: 1791015654:862293
deltatime:0:657221
delta: 0.6572113037
delta too large: 0.6310119629
timeofday:1791015656:389184
lasttimeofday: 1791015655:758171
deltatime:0:631013
delta: 0.6310119629
delta too large: 0.6628875732
timeofday:1791015657:300262
lasttimeofday: 1791015656:637360
deltatime:0:662902
delta: 0.6628875732
delta too large: 0.6265869141
timeofday:1791015658:186849
lasttimeofday: 1791015657:560259
deltatime:0:626590
delta: 0.6265869141
delta too large: 0.6259918213
timeofday:1791015659:74835
lasttimeofday: 1791015658:448831
deltatime:0:626004
delta: 0.6259918213
delta too large: 0.6877288818
timeofday:1791015660:1975
lasttimeofday: 1791015659:314232
deltatime:0:687743
delta: 0.6877288818
delta too large: 0.6234130859
timeofday:1791015660:882123
lasttimeofday: 1791015660:258702
deltatime:0:623421
delta: 0.6234130859
delta too large: 0.7430877686
timeofday:1791015661:853091
lasttimeofday: 1791015661:109998
deltatime:0:743093
delta: 0.7430877686
delta too large: 0.6364898682
timeofday:1791015662:489588
lasttimeofday: 1791015661:853091
deltatime:0:636497
delta: 0.6364898682
delta too large: 0.9243011475
timeofday:1791015663:777238
lasttimeofday: 1791015662:852931
deltatime:0:924307
delta: 0.9243011475
ball pos: (-2.014, -0.551, 2.416)
delta too large: 0.9212188721
timeofday:1791015665:79950
lasttimeofday: 1791015664:158724
deltatime:0:921226
delta: 0.9212188721
unknown key ffe9 released
unknown key ffe9 pressed, XK_KP_Enter = ff8d
delta too large: 1.025283813
timeofday:1791015666:463395
lasttimeofday: 1791015665:438102
deltatime:1:25293
delta: 1.025283813
delta too large: 1.043289185
timeofday:1791015667:937154
lasttimeofday: 1791015666:893860
deltatime:1:43294
delta: 1.043289185
delta too large: 0.2072296143
timeofday:1791015668:144387
lasttimeofday: 1791015667:937154
deltatime:0:207233
delta: 0.2072296143
delta too large: 1.123779297
timeofday:1791015669:613634
lasttimeofday: 1791015668:489851
deltatime:1:123783
delta: 1.123779297
delta too large: 0.8946228027
timeofday:1791015670:901960
lasttimeofday: 1791015670:7329
deltatime:0:894631
delta: 0.8946228027
delta too large: 0.9648590088
timeofday:1791015672:265174
lasttimeofday: 1791015671:300312
deltatime:0:964862
delta: 0.9648590088
delta too large: 1.116928101
timeofday:1791015673:673785
lasttimeofday: 1791015672:556856
deltatime:1:116929
delta: 1.116928101
delta too large: 0.9436340332
timeofday:1791015675:14077
lasttimeofday: 1791015674:70437
deltatime:0:943640
delta: 0.9436340332
delta too large: 0.9435424805
timeofday:1791015676:325370
lasttimeofday: 1791015675:381817
deltatime:0:943553
delta: 0.9435424805
delta too large: 0.8680267334
timeofday:1791015677:193401
lasttimeofday: 1791015676:325370
deltatime:0:868031
delta: 0.8680267334
delta too large: 0.5732116699
timeofday:1791015677:978762
lasttimeofday: 1791015677:405548
deltatime:0:573214
delta: 0.5732116699
delta too large: 0.6370849609
timeofday:1791015678:871561
lasttimeofday: 1791015678:234465
deltatime:0:637096
delta: 0.6370849609
delta too large: 0.6816864014
timeofday:1791015679:810555
lasttimeofday: 1791015679:128861
deltatime:0:681694
delta: 0.6816864014
delta too large: 0.6759185791
timeofday:1791015680:786095
lasttimeofday: 1791015680:110163
deltatime:0:675932
delta: 0.6759185791
delta too large: 1.007125854
timeofday:1791015682:176084
lasttimeofday: 1791015681:168957
deltatime:1:7127
delta: 1.007125854
delta too large: 0.7796478271
timeofday:1791015683:379830
lasttimeofday: 1791015682:600179
deltatime:0:779651
delta: 0.7796478271
ball pos: (-3.701, -0.552, 3.372)
delta too large: 0.9216003418
timeofday:1791015684:519778
lasttimeofday: 1791015683:598168
deltatime:0:921610
delta: 0.9216003418
delta too large: 0.946182251
timeofday:1791015685:842152
lasttimeofday: 1791015684:895959
deltatime:0:946193
delta: 0.946182251
delta too large: 0.9461975098
timeofday:1791015687:178957
lasttimeofday: 1791015686:232749
deltatime:0:946208
delta: 0.9461975098
delta too large: 0.9161987305
timeofday:1791015688:483781
lasttimeofday: 1791015687:567574
deltatime:0:916207
delta: 0.9161987305
delta too large: 1.0418396
timeofday:1791015689:525621
lasttimeofday: 1791015688:483781
deltatime:1:41840
delta: 1.0418396
delta too large: 1.039505005
timeofday:1791015690:941302
lasttimeofday: 1791015689:901792
deltatime:1:39510
delta: 1.039505005
delta too large: 0.9764709473
timeofday:1791015692:298931
lasttimeofday: 1791015691:322447
deltatime:0:976484
delta: 0.9764709473
delta too large: 1.120162964
timeofday:1791015693:819395
lasttimeofday: 1791015692:699222
deltatime:1:120173
delta: 1.120162964
delta too large: 0.9334106445
timeofday:1791015695:12238
lasttimeofday: 1791015694:78819
deltatime:0:933419
delta: 0.9334106445
delta too large: 0.9470672607
timeofday:1791015696:342718
lasttimeofday: 1791015695:395649
deltatime:0:947069
delta: 0.9470672607
delta too large: 0.8881988525
timeofday:1791015697:230931
lasttimeofday: 1791015696:342718
deltatime:0:888213
delta: 0.8881988525
delta too large: 0.8939208984
timeofday:1791015698:500334
lasttimeofday: 1791015697:606409
deltatime:0:893925
delta: 0.8939208984
delta too large: 0.9309234619
timeofday:1791015699:796486
lasttimeofday: 1791015698:865549
deltatime:0:930937
delta: 0.9309234619
delta too large: 0.944442749
timeofday:1791015701:105011
lasttimeofday: 1791015700:160568
deltatime:0:944443
delta: 0.944442749
delta too large: 0.7309112549
timeofday:1791015702:73140
lasttimeofday: 1791015701:342215
deltatime:0:730925
delta: 0.7309112549
delta too large: 0.702545166
timeofday:1791015703:103353
lasttimeofday: 1791015702:400797
deltatime:0:702556
delta: 0.702545166
delta too large: 0.6491394043
timeofday:1791015703:981630
lasttimeofday: 1791015703:332478
deltatime:0:649152
delta: 0.6491394043
ball pos: (-5.436, -0.553, 3.373)
delta too large: 0.8591461182
timeofday:1791015705:62445
lasttimeofday: 1791015704:203296
deltatime:0:859149
delta: 0.8591461182
delta too large: 1.025039673
timeofday:1791015706:478246
lasttimeofday: 1791015705:453206
deltatime:1:25040
delta: 1.025039673
delta too large: 1.146530151
timeofday:1791015708:33048
lasttimeofday: 1791015706:886511
deltatime:1:146537
delta: 1.146530151
delta too large: 0.860534668
timeofday:1791015709:285556
lasttimeofday: 1791015708:425017
deltatime:0:860539
delta: 0.860534668
delta too large: 1.51574707
timeofday:1791015710:801317
lasttimeofday: 1791015709:285556
deltatime:1:515761
delta: 1.51574707
delta too large: 0.2976074219
timeofday:1791015711:98931
lasttimeofday: 1791015710:801317
deltatime:0:297614
delta: 0.2976074219
delta too large: 0.3183898926
timeofday:1791015711:417327
lasttimeofday: 1791015711:98931
deltatime:0:318396
delta: 0.3183898926
delta too large: 0.2744750977
timeofday:1791015712:47490
lasttimeofday: 1791015711:773007
deltatime:0:274483
delta: 0.2744750977
delta too large: 0.3042755127
timeofday:1791015712:351771
lasttimeofday: 1791015712:47490
deltatime:0:304281
delta: 0.3042755127
delta too large: 0.266494751
timeofday:1791015712:618276
lasttimeofday: 1791015712:351771
deltatime:0:266505
delta: 0.266494751
delta too large: 0.2969818115
timeofday:1791015712:915270
lasttimeofday: 1791015712:618276
deltatime:0:296994
delta: 0.2969818115
