 (log → /storage/emulated/0/Android/data/org.worldfoundry.wf_game.aquarium/files/wf.log) ===
[130285.971797] (f_game.aquarium) Successfully parsed 1 environment variable(s) from /vendor/etc/mali_platform.config.
Could not open module param file '/sys/module/mali_kbase/parameters/large_page_conf'
[130285.981153] (f_game.aquarium) Successfully parsed 1 environment variable(s) from /vendor/etc/mali_platform.config.
audio: miniaudio v0.11.25 ready
wf_game v0.4.1, Built:Oct  1 2026,02:27:16 by kts
--frame-profile
argc = 2, commandIndex = 2
Level=-1
cerror:
cwarn:
cstats:
wf_game Ver 0.4.1, Built:Oct  1 2026,02:27:16 by kts
DBSTREAMS jolt: RegisterDefaultAllocator
jolt: Factory
jolt: RegisterTypes
jolt: RunSelftest
jolt: selftest ok (sphere fell to z=5.098)
jolt: backend init
jolt: backend ready (gravity -Z)
jolt: init complete
LMalloc of 76 not 8-byte aligned, rounding up
Opening cd.iff
LMalloc of 447 not 8-byte aligned, rounding up
zforth: INDEXOF_CAMSHOT = 1921 (expect 1921)
zforth: INDEXOF_CAMSHOT = 1921 (expect 1921)
LMalloc of 20 not 8-byte aligned, rounding up
LMalloc of 412 not 8-byte aligned, rounding up
LMalloc of 7620 not 8-byte aligned, rounding up
LMalloc of 20 not 8-byte aligned, rounding up
LMalloc of 20 not 8-byte aligned, rounding up
LMalloc of 44 not 8-byte aligned, rounding up
LMalloc of 44 not 8-byte aligned, rounding up
LMalloc of 44 not 8-byte aligned, rounding up
LMalloc of 44 not 8-byte aligned, rounding up
LMalloc of 44 not 8-byte aligned, rounding up
LMalloc of 44 not 8-byte aligned, rounding up
LMalloc of 44 not 8-byte aligned, rounding up
LMalloc of 44 not 8-byte aligned, rounding up
LMalloc of 44 not 8-byte aligned, rounding up
LMalloc of 44 not 8-byte aligned, rounding up
LMalloc of 44 not 8-byte aligned, rounding up
LMalloc of 44 not 8-byte aligned, rounding up
LMalloc of 44 not 8-byte aligned, rounding up
LMalloc of 44 not 8-byte aligned, rounding up
LMalloc of 44 not 8-byte aligned, rounding up
LMalloc of 44 not 8-byte aligned, rounding up
Level::Level: leveldata= 0xe134d8a8, object count  = 34
ASS closed without all data read (bytesLeft = 4118)
ASS closed without all data read (bytesLeft = 150)
ASS closed without all data read (bytesLeft = 16)
ASS closed without all data read (bytesLeft = 16)
ASS closed without all data read (bytesLeft = 13508)
DMalloc of 84 not 8-byte aligned, rounding up
LMalloc of 76 not 8-byte aligned, rounding up
PixelMap::Load: this = 0xe002e798
PixelMap::Load: this = 0xe002e7c8
LMalloc of 28 not 8-byte aligned, rounding up
LMalloc of 28 not 8-byte aligned, rounding up
LMalloc of 28 not 8-byte aligned, rounding up
LMalloc of 28 not 8-byte aligned, rounding up
LMalloc of 68 not 8-byte aligned, rounding up
LMalloc of 100 not 8-byte aligned, rounding up
DMalloc of 228 not 8-byte aligned, rounding up
[Actor] idx=2 class=23 commonOff=9516 NumberOfLocalMailboxes=0
DMalloc of 84 not 8-byte aligned, rounding up
[Actor] idx=3 class=13 commonOff=9516 NumberOfLocalMailboxes=0
DMalloc of 84 not 8-byte aligned, rounding up
this = 0xe0031d78,setting _memory to 0xe0031998
DMalloc of 52 not 8-byte aligned, rounding up
DMalloc of 252 not 8-byte aligned, rounding up
[Actor] idx=4 class=20 commonOff=10228 NumberOfLocalMailboxes=0
DMalloc of 84 not 8-byte aligned, rounding up
DMalloc of 228 not 8-byte aligned, rounding up
[Actor] idx=6 class=11 commonOff=9516 NumberOfLocalMailboxes=0
DMalloc of 84 not 8-byte aligned, rounding up
[Actor] idx=7 class=16 commonOff=9516 NumberOfLocalMailboxes=0
DMalloc of 84 not 8-byte aligned, rounding up
[Actor] idx=8 class=3 commonOff=9516 NumberOfLocalMailboxes=0
DMalloc of 84 not 8-byte aligned, rounding up
[Actor] idx=9 class=22 commonOff=10968 NumberOfLocalMailboxes=6
DMalloc of 84 not 8-byte aligned, rounding up
jolt: character 0 created at (0.00, -0.85, 0.86) ctr=(0.00,0.00,0.00)
[Actor] idx=10 class=7 commonOff=9516 NumberOfLocalMailboxes=0
DMalloc of 84 not 8-byte aligned, rounding up
[Actor] idx=11 class=7 commonOff=9516 NumberOfLocalMailboxes=0
DMalloc of 84 not 8-byte aligned, rounding up
[Actor] idx=12 class=7 commonOff=9516 NumberOfLocalMailboxes=0
DMalloc of 84 not 8-byte aligned, rounding up
[Actor] idx=13 class=7 commonOff=9516 NumberOfLocalMailboxes=0
DMalloc of 84 not 8-byte aligned, rounding up
[Actor] idx=14 class=7 commonOff=9516 NumberOfLocalMailboxes=0
DMalloc of 84 not 8-byte aligned, rounding up
[Actor] idx=15 class=7 commonOff=9516 NumberOfLocalMailboxes=0
DMalloc of 84 not 8-byte aligned, rounding up
[Actor] idx=16 class=7 commonOff=9516 NumberOfLocalMailboxes=0
DMalloc of 84 not 8-byte aligned, rounding up
[Actor] idx=17 class=7 commonOff=9516 NumberOfLocalMailboxes=0
DMalloc of 84 not 8-byte aligned, rounding up
[Actor] idx=18 class=5 commonOff=9516 NumberOfLocalMailboxes=0
jolt: body STATIC pos=(0.00,0.00,0.00) half=(6.10,1.65,0.12) id=8388608
[Actor] idx=19 class=5 commonOff=9516 NumberOfLocalMailboxes=0
jolt: body STATIC pos=(0.00,1.53,2.73) half=(5.97,0.12,2.10) id=8388609
[Actor] idx=20 class=5 commonOff=9516 NumberOfLocalMailboxes=0
jolt: body STATIC pos=(0.00,1.53,5.08) half=(6.10,0.12,0.25) id=8388610
[Actor] idx=21 class=5 commonOff=9516 NumberOfLocalMailboxes=0
jolt: body STATIC pos=(-6.09,0.00,2.67) half=(0.12,1.65,2.67) id=8388611
[Actor] idx=22 class=5 commonOff=9516 NumberOfLocalMailboxes=0
jolt: body STATIC pos=(5.97,0.00,2.67) half=(0.12,1.65,2.67) id=8388612
[Actor] idx=23 class=5 commonOff=9516 NumberOfLocalMailboxes=0
jolt: body STATIC pos=(0.00,-1.78,2.67) half=(6.10,0.12,2.67) id=8388613
[Actor] idx=24 class=7 commonOff=9516 NumberOfLocalMailboxes=0
DMalloc of 84 not 8-byte aligned, rounding up
[Actor] idx=25 class=5 commonOff=9516 NumberOfLocalMailboxes=0
jolt: body STATIC pos=(0.00,0.00,0.38) half=(5.97,1.52,0.25) id=8388614
[Actor] idx=26 class=7 commonOff=11540 NumberOfLocalMailboxes=0
DMalloc of 84 not 8-byte aligned, rounding up
[Actor] idx=27 class=7 commonOff=11584 NumberOfLocalMailboxes=0
DMalloc of 84 not 8-byte aligned, rounding up
[Actor] idx=28 class=7 commonOff=11628 NumberOfLocalMailboxes=0
DMalloc of 84 not 8-byte aligned, rounding up
[Actor] idx=29 class=5 commonOff=9516 NumberOfLocalMailboxes=0
jolt: body STATIC pos=(0.00,0.00,-1.26) half=(6.25,1.80,1.24) id=8388615
[Actor] idx=30 class=5 commonOff=9516 NumberOfLocalMailboxes=0
jolt: body STATIC pos=(0.00,2.97,7.50) half=(30.00,0.12,12.50) id=8388616
DMalloc of 228 not 8-byte aligned, rounding up
[Actor] idx=31 class=23 commonOff=9516 NumberOfLocalMailboxes=0
DMalloc of 84 not 8-byte aligned, rounding up
[Actor] idx=32 class=3 commonOff=9516 NumberOfLocalMailboxes=0
DMalloc of 84 not 8-byte aligned, rounding up
[Actor] idx=33 class=16 commonOff=9516 NumberOfLocalMailboxes=0
DMalloc of 84 not 8-byte aligned, rounding up
LMalloc of 20 not 8-byte aligned, rounding up
LMalloc of 212 not 8-byte aligned, rounding up
DMalloc of 66 not 8-byte aligned, rounding up
DMalloc of 404 not 8-byte aligned, rounding up
DMalloc of 404 not 8-byte aligned, rounding up
Walking from 0
0->0
0->0
LMalloc of 20 not 8-byte aligned, rounding up
LMalloc of 20 not 8-byte aligned, rounding up
ASS closed without all data read (bytesLeft = 4118)
ASS closed without all data read (bytesLeft = 150)
ASS closed without all data read (bytesLeft = 16)
ASS closed without all data read (bytesLeft = 16)
ASS closed without all data read (bytesLeft = 1516)
ASS closed without all data read (bytesLeft = 588)
ASS closed without all data read (bytesLeft = 4692)
ASS closed without all data read (bytesLeft = 588)
ASS closed without all data read (bytesLeft = 588)
ASS closed without all data read (bytesLeft = 588)
ASS closed without all data read (bytesLeft = 588)
ASS closed without all data read (bytesLeft = 1260)
ASS closed without all data read (bytesLeft = 588)
ASS closed without all data read (bytesLeft = 24900)
ASS closed without all data read (bytesLeft = 19716)
ASS closed without all data read (bytesLeft = 14964)
ASS closed without all data read (bytesLeft = 588)
ASS closed without all data read (bytesLeft = 588)
DMalloc of 84 not 8-byte aligned, rounding up
PixelMap::Load: this = 0xe002e7f8
PixelMap::Load: this = 0xe002e828
LMalloc of 28 not 8-byte aligned, rounding up
LMalloc of 28 not 8-byte aligned, rounding up
LMalloc of 28 not 8-byte aligned, rounding up
LMalloc of 28 not 8-byte aligned, rounding up
LMalloc of 44 not 8-byte aligned, rounding up
LMalloc of 44 not 8-byte aligned, rounding up
LMalloc of 268 not 8-byte aligned, rounding up
LMalloc of 44 not 8-byte aligned, rounding up
LMalloc of 8276 not 8-byte aligned, rounding up
RenderActor3DAnimates constructed with no animations!
LMalloc of 44 not 8-byte aligned, rounding up
LMalloc of 44 not 8-byte aligned, rounding up
LMalloc of 100 not 8-byte aligned, rounding up
LMalloc of 44 not 8-byte aligned, rounding up
LMalloc of 1156 not 8-byte aligned, rounding up
RenderActor3DAnimates constructed with no animations!
LMalloc of 44 not 8-byte aligned, rounding up
LMalloc of 44 not 8-byte aligned, rounding up
LMalloc of 100 not 8-byte aligned, rounding up
LMalloc of 44 not 8-byte aligned, rounding up
LMalloc of 1156 not 8-byte aligned, rounding up
RenderActor3DAnimates constructed with no animations!
LMalloc of 44 not 8-byte aligned, rounding up
LMalloc of 44 not 8-byte aligned, rounding up
LMalloc of 100 not 8-byte aligned, rounding up
LMalloc of 44 not 8-byte aligned, rounding up
LMalloc of 1156 not 8-byte aligned, rounding up
RenderActor3DAnimates constructed with no animations!
LMalloc of 44 not 8-byte aligned, rounding up
LMalloc of 44 not 8-byte aligned, rounding up
LMalloc of 100 not 8-byte aligned, rounding up
LMalloc of 44 not 8-byte aligned, rounding up
LMalloc of 1156 not 8-byte aligned, rounding up
RenderActor3DAnimates constructed with no animations!
LMalloc of 44 not 8-byte aligned, rounding up
LMalloc of 44 not 8-byte aligned, rounding up
LMalloc of 100 not 8-byte aligned, rounding up
LMalloc of 44 not 8-byte aligned, rounding up
LMalloc of 1156 not 8-byte aligned, rounding up
RenderActor3DAnimates constructed with no animations!
LMalloc of 44 not 8-byte aligned, rounding up
LMalloc of 44 not 8-byte aligned, rounding up
LMalloc of 100 not 8-byte aligned, rounding up
LMalloc of 44 not 8-byte aligned, rounding up
LMalloc of 1156 not 8-byte aligned, rounding up
RenderActor3DAnimates constructed with no animations!
LMalloc of 44 not 8-byte aligned, rounding up
LMalloc of 44 not 8-byte aligned, rounding up
LMalloc of 100 not 8-byte aligned, rounding up
LMalloc of 44 not 8-byte aligned, rounding up
LMalloc of 1156 not 8-byte aligned, rounding up
RenderActor3DAnimates constructed with no animations!
LMalloc of 44 not 8-byte aligned, rounding up
LMalloc of 44 not 8-byte aligned, rounding up
LMalloc of 100 not 8-byte aligned, rounding up
LMalloc of 44 not 8-byte aligned, rounding up
LMalloc of 1156 not 8-byte aligned, rounding up
RenderActor3DAnimates constructed with no animations!
LMalloc of 44 not 8-byte aligned, rounding up
LMalloc of 44 not 8-byte aligned, rounding up
LMalloc of 100 not 8-byte aligned, rounding up
LMalloc of 44 not 8-byte aligned, rounding up
LMalloc of 276 not 8-byte aligned, rounding up
RenderActor3DAnimates constructed with no animations!
LMalloc of 44 not 8-byte aligned, rounding up
LMalloc of 44 not 8-byte aligned, rounding up
MATL closed without all data read (bytesLeft = 264)
LMalloc of 44 not 8-byte aligned, rounding up
jolt: mesh actor_pos=(0.000,0.000,0.000)
jolt: mesh v0 local=(-6.096,-1.651,0.000) world=(-6.096,-1.651,0.000)
jolt: mesh v1 local=(-6.096,-1.651,0.127) world=(-6.096,-1.651,0.127)
jolt: mesh v2 local=(-6.096,1.651,0.000) world=(-6.096,1.651,0.000)
jolt: mesh v3 local=(-6.096,1.651,0.127) world=(-6.096,1.651,0.127)
jolt: mesh v4 local=(6.096,-1.651,0.000) world=(6.096,-1.651,0.000)
jolt: mesh v5 local=(6.096,-1.651,0.127) world=(6.096,-1.651,0.127)
jolt: mesh v6 local=(6.096,1.651,0.000) world=(6.096,1.651,0.000)
jolt: mesh v7 local=(6.096,1.651,0.127) world=(6.096,1.651,0.127)
jolt: body MESH_STATIC verts=8 faces=12 id=16777216
LMalloc of 44 not 8-byte aligned, rounding up
LMalloc of 44 not 8-byte aligned, rounding up
LMalloc of 44 not 8-byte aligned, rounding up
LMalloc of 2436 not 8-byte aligned, rounding up
RenderActor3DAnimates constructed with no animations!
LMalloc of 44 not 8-byte aligned, rounding up
LMalloc of 44 not 8-byte aligned, rounding up
MATL closed without all data read (bytesLeft = 2640)
LMalloc of 44 not 8-byte aligned, rounding up
jolt: mesh actor_pos=(0.000,0.000,0.000)
jolt: mesh v0 local=(-5.969,1.524,0.635) world=(-5.969,1.524,0.635)
jolt: mesh v1 local=(-5.969,1.524,1.054) world=(-5.969,1.524,1.054)
jolt: mesh v2 local=(-5.969,1.524,1.473) world=(-5.969,1.524,1.473)
jolt: mesh v3 local=(-5.969,1.524,1.892) world=(-5.969,1.524,1.892)
jolt: mesh v4 local=(-5.969,1.524,2.311) world=(-5.969,1.524,2.311)
jolt: mesh v5 local=(-5.969,1.524,2.730) world=(-5.969,1.524,2.730)
jolt: mesh v6 local=(-5.969,1.524,3.150) world=(-5.969,1.524,3.150)
jolt: mesh v7 local=(-5.969,1.524,3.569) world=(-5.969,1.524,3.569)
jolt: mesh v8 local=(-5.969,1.524,3.988) world=(-5.969,1.524,3.988)
jolt: mesh v9 local=(-5.969,1.524,4.407) world=(-5.969,1.524,4.407)
jolt: mesh v10 local=(-5.969,1.524,4.826) world=(-5.969,1.524,4.826)
jolt: mesh v11 local=(-5.969,1.651,0.635) world=(-5.969,1.651,0.635)
jolt: mesh v12 local=(-5.969,1.651,1.054) world=(-5.969,1.651,1.054)
jolt: mesh v13 local=(-5.969,1.651,1.473) world=(-5.969,1.651,1.473)
jolt: mesh v14 local=(-5.969,1.651,1.892) world=(-5.969,1.651,1.892)
jolt: mesh v15 local=(-5.969,1.651,2.311) world=(-5.969,1.651,2.311)
jolt: mesh v16 local=(-5.969,1.651,2.730) world=(-5.969,1.651,2.730)
jolt: mesh v17 local=(-5.969,1.651,3.150) world=(-5.969,1.651,3.150)
jolt: mesh v18 local=(-5.969,1.651,3.569) world=(-5.969,1.651,3.569)
jolt: mesh v19 local=(-5.969,1.651,3.988) world=(-5.969,1.651,3.988)
jolt: mesh v20 local=(-5.969,1.651,4.407) world=(-5.969,1.651,4.407)
jolt: mesh v21 local=(-5.969,1.651,4.826) world=(-5.969,1.651,4.826)
jolt: mesh v22 local=(5.969,1.524,0.635) world=(5.969,1.524,0.635)
jolt: mesh v23 local=(5.969,1.524,1.054) world=(5.969,1.524,1.054)
jolt: mesh v24 local=(5.969,1.524,1.473) world=(5.969,1.524,1.473)
jolt: mesh v25 local=(5.969,1.524,1.892) world=(5.969,1.524,1.892)
jolt: mesh v26 local=(5.969,1.524,2.311) world=(5.969,1.524,2.311)
jolt: mesh v27 local=(5.969,1.524,2.730) world=(5.969,1.524,2.730)
jolt: mesh v28 local=(5.969,1.524,3.150) world=(5.969,1.524,3.150)
jolt: mesh v29 local=(5.969,1.524,3.569) world=(5.969,1.524,3.569)
jolt: mesh v30 local=(5.969,1.524,3.988) world=(5.969,1.524,3.988)
jolt: mesh v31 local=(5.969,1.524,4.407) world=(5.969,1.524,4.407)
jolt: mesh v32 local=(5.969,1.524,4.826) world=(5.969,1.524,4.826)
jolt: mesh v33 local=(5.969,1.651,0.635) world=(5.969,1.651,0.635)
jolt: mesh v34 local=(5.969,1.651,1.054) world=(5.969,1.651,1.054)
jolt: mesh v35 local=(5.969,1.651,1.473) world=(5.969,1.651,1.473)
jolt: mesh v36 local=(5.969,1.651,1.892) world=(5.969,1.651,1.892)
jolt: mesh v37 local=(5.969,1.651,2.311) world=(5.969,1.651,2.311)
jolt: mesh v38 local=(5.969,1.651,2.730) world=(5.969,1.651,2.730)
jolt: mesh v39 local=(5.969,1.651,3.150) world=(5.969,1.651,3.150)
jolt: mesh v40 local=(5.969,1.651,3.569) world=(5.969,1.651,3.569)
jolt: mesh v41 local=(5.969,1.651,3.988) world=(5.969,1.651,3.988)
jolt: mesh v42 local=(5.969,1.651,4.407) world=(5.969,1.651,4.407)
jolt: mesh v43 local=(5.969,1.651,4.826) world=(5.969,1.651,4.826)
jolt: body MESH_STATIC verts=44 faces=120 id=16777217
LMalloc of 44 not 8-byte aligned, rounding up
LMalloc of 44 not 8-byte aligned, rounding up
LMalloc of 100 not 8-byte aligned, rounding up
LMalloc of 44 not 8-byte aligned, rounding up
LMalloc of 276 not 8-byte aligned, rounding up
RenderActor3DAnimates constructed with no animations!
LMalloc of 44 not 8-byte aligned, rounding up
LMalloc of 44 not 8-byte aligned, rounding up
MATL closed without all data read (bytesLeft = 264)
LMalloc of 44 not 8-byte aligned, rounding up
jolt: mesh actor_pos=(0.000,0.000,0.000)
jolt: mesh v0 local=(-6.096,1.524,4.826) world=(-6.096,1.524,4.826)
jolt: mesh v1 local=(-6.096,1.524,5.334) world=(-6.096,1.524,5.334)
jolt: mesh v2 local=(-6.096,1.651,4.826) world=(-6.096,1.651,4.826)
jolt: mesh v3 local=(-6.096,1.651,5.334) world=(-6.096,1.651,5.334)
jolt: mesh v4 local=(6.096,1.524,4.826) world=(6.096,1.524,4.826)
jolt: mesh v5 local=(6.096,1.524,5.334) world=(6.096,1.524,5.334)
jolt: mesh v6 local=(6.096,1.651,4.826) world=(6.096,1.651,4.826)
jolt: mesh v7 local=(6.096,1.651,5.334) world=(6.096,1.651,5.334)
jolt: body MESH_STATIC verts=8 faces=12 id=16777218
LMalloc of 44 not 8-byte aligned, rounding up
LMalloc of 44 not 8-byte aligned, rounding up
LMalloc of 100 not 8-byte aligned, rounding up
LMalloc of 44 not 8-byte aligned, rounding up
LMalloc of 276 not 8-byte aligned, rounding up
RenderActor3DAnimates constructed with no animations!
LMalloc of 44 not 8-byte aligned, rounding up
LMalloc of 44 not 8-byte aligned, rounding up
MATL closed without all data read (bytesLeft = 264)
LMalloc of 44 not 8-byte aligned, rounding up
jolt: mesh actor_pos=(0.000,0.000,0.000)
jolt: mesh v0 local=(-6.096,-1.651,0.000) world=(-6.096,-1.651,0.000)
jolt: mesh v1 local=(-6.096,-1.651,5.334) world=(-6.096,-1.651,5.334)
jolt: mesh v2 local=(-6.096,1.651,0.000) world=(-6.096,1.651,0.000)
jolt: mesh v3 local=(-6.096,1.651,5.334) world=(-6.096,1.651,5.334)
jolt: mesh v4 local=(-5.969,-1.651,0.000) world=(-5.969,-1.651,0.000)
jolt: mesh v5 local=(-5.969,-1.651,5.334) world=(-5.969,-1.651,5.334)
jolt: mesh v6 local=(-5.969,1.651,0.000) world=(-5.969,1.651,0.000)
jolt: mesh v7 local=(-5.969,1.651,5.334) world=(-5.969,1.651,5.334)
jolt: body MESH_STATIC verts=8 faces=12 id=16777219
LMalloc of 44 not 8-byte aligned, rounding up
LMalloc of 44 not 8-byte aligned, rounding up
LMalloc of 100 not 8-byte aligned, rounding up
LMalloc of 44 not 8-byte aligned, rounding up
LMalloc of 276 not 8-byte aligned, rounding up
RenderActor3DAnimates constructed with no animations!
LMalloc of 44 not 8-byte aligned, rounding up
LMalloc of 44 not 8-byte aligned, rounding up
MATL closed without all data read (bytesLeft = 264)
LMalloc of 44 not 8-byte aligned, rounding up
jolt: mesh actor_pos=(0.000,0.000,0.000)
jolt: mesh v0 local=(5.969,-1.651,0.000) world=(5.969,-1.651,0.000)
jolt: mesh v1 local=(5.969,-1.651,5.334) world=(5.969,-1.651,5.334)
jolt: mesh v2 local=(5.969,1.651,0.000) world=(5.969,1.651,0.000)
jolt: mesh v3 local=(5.969,1.651,5.334) world=(5.969,1.651,5.334)
jolt: mesh v4 local=(6.096,-1.651,0.000) world=(6.096,-1.651,0.000)
jolt: mesh v5 local=(6.096,-1.651,5.334) world=(6.096,-1.651,5.334)
jolt: mesh v6 local=(6.096,1.651,0.000) world=(6.096,1.651,0.000)
jolt: mesh v7 local=(6.096,1.651,5.334) world=(6.096,1.651,5.334)
jolt: body MESH_STATIC verts=8 faces=12 id=16777220
LMalloc of 44 not 8-byte aligned, rounding up
LMalloc of 44 not 8-byte aligned, rounding up
LMalloc of 100 not 8-byte aligned, rounding up
LMalloc of 44 not 8-byte aligned, rounding up
LMalloc of 276 not 8-byte aligned, rounding up
RenderActor3DAnimates constructed with no animations!
LMalloc of 44 not 8-byte aligned, rounding up
LMalloc of 44 not 8-byte aligned, rounding up
MATL closed without all data read (bytesLeft = 264)
LMalloc of 44 not 8-byte aligned, rounding up
jolt: mesh actor_pos=(0.000,0.000,0.000)
jolt: mesh v0 local=(-6.096,-1.778,0.000) world=(-6.096,-1.778,0.000)
jolt: mesh v1 local=(-6.096,-1.778,5.334) world=(-6.096,-1.778,5.334)
jolt: mesh v2 local=(-6.096,-1.651,0.000) world=(-6.096,-1.651,0.000)
jolt: mesh v3 local=(-6.096,-1.651,5.334) world=(-6.096,-1.651,5.334)
jolt: mesh v4 local=(6.096,-1.778,0.000) world=(6.096,-1.778,0.000)
jolt: mesh v5 local=(6.096,-1.778,5.334) world=(6.096,-1.778,5.334)
jolt: mesh v6 local=(6.096,-1.651,0.000) world=(6.096,-1.651,0.000)
jolt: mesh v7 local=(6.096,-1.651,5.334) world=(6.096,-1.651,5.334)
jolt: body MESH_STATIC verts=8 faces=12 id=16777221
LMalloc of 44 not 8-byte aligned, rounding up
LMalloc of 44 not 8-byte aligned, rounding up
LMalloc of 100 not 8-byte aligned, rounding up
LMalloc of 44 not 8-byte aligned, rounding up
LMalloc of 996 not 8-byte aligned, rounding up
RenderActor3DAnimates constructed with no animations!
LMalloc of 44 not 8-byte aligned, rounding up
LMalloc of 44 not 8-byte aligned, rounding up
LMalloc of 100 not 8-byte aligned, rounding up
LMalloc of 44 not 8-byte aligned, rounding up
LMalloc of 276 not 8-byte aligned, rounding up
RenderActor3DAnimates constructed with no animations!
LMalloc of 44 not 8-byte aligned, rounding up
LMalloc of 44 not 8-byte aligned, rounding up
MATL closed without all data read (bytesLeft = 264)
LMalloc of 44 not 8-byte aligned, rounding up
jolt: mesh actor_pos=(0.000,0.000,0.000)
jolt: mesh v0 local=(-5.969,-1.524,0.127) world=(-5.969,-1.524,0.127)
jolt: mesh v1 local=(-5.969,-1.524,0.635) world=(-5.969,-1.524,0.635)
jolt: mesh v2 local=(-5.969,1.524,0.127) world=(-5.969,1.524,0.127)
jolt: mesh v3 local=(-5.969,1.524,0.635) world=(-5.969,1.524,0.635)
jolt: mesh v4 local=(5.969,-1.524,0.127) world=(5.969,-1.524,0.127)
jolt: mesh v5 local=(5.969,-1.524,0.635) world=(5.969,-1.524,0.635)
jolt: mesh v6 local=(5.969,1.524,0.127) world=(5.969,1.524,0.127)
jolt: mesh v7 local=(5.969,1.524,0.635) world=(5.969,1.524,0.635)
jolt: body MESH_STATIC verts=8 faces=12 id=16777222
LMalloc of 44 not 8-byte aligned, rounding up
LMalloc of 44 not 8-byte aligned, rounding up
LMalloc of 44 not 8-byte aligned, rounding up
LMalloc of 19236 not 8-byte aligned, rounding up
RenderActor3DAnimates constructed with no animations!
LMalloc of 44 not 8-byte aligned, rounding up
LMalloc of 44 not 8-byte aligned, rounding up
LMalloc of 44 not 8-byte aligned, rounding up
LMalloc of 15396 not 8-byte aligned, rounding up
RenderActor3DAnimates constructed with no animations!
LMalloc of 44 not 8-byte aligned, rounding up
LMalloc of 44 not 8-byte aligned, rounding up
LMalloc of 44 not 8-byte aligned, rounding up
LMalloc of 12036 not 8-byte aligned, rounding up
RenderActor3DAnimates constructed with no animations!
LMalloc of 44 not 8-byte aligned, rounding up
LMalloc of 44 not 8-byte aligned, rounding up
LMalloc of 100 not 8-byte aligned, rounding up
LMalloc of 44 not 8-byte aligned, rounding up
LMalloc of 276 not 8-byte aligned, rounding up
RenderActor3DAnimates constructed with no animations!
LMalloc of 44 not 8-byte aligned, rounding up
LMalloc of 44 not 8-byte aligned, rounding up
MATL closed without all data read (bytesLeft = 264)
LMalloc of 44 not 8-byte aligned, rounding up
jolt: mesh actor_pos=(0.000,0.000,0.000)
jolt: mesh v0 local=(-6.246,-1.801,-2.500) world=(-6.246,-1.801,-2.500)
jolt: mesh v1 local=(-6.246,-1.801,-0.025) world=(-6.246,-1.801,-0.025)
jolt: mesh v2 local=(-6.246,1.801,-2.500) world=(-6.246,1.801,-2.500)
jolt: mesh v3 local=(-6.246,1.801,-0.025) world=(-6.246,1.801,-0.025)
jolt: mesh v4 local=(6.246,-1.801,-2.500) world=(6.246,-1.801,-2.500)
jolt: mesh v5 local=(6.246,-1.801,-0.025) world=(6.246,-1.801,-0.025)
jolt: mesh v6 local=(6.246,1.801,-2.500) world=(6.246,1.801,-2.500)
jolt: mesh v7 local=(6.246,1.801,-0.025) world=(6.246,1.801,-0.025)
jolt: body MESH_STATIC verts=8 faces=12 id=16777223
LMalloc of 44 not 8-byte aligned, rounding up
LMalloc of 44 not 8-byte aligned, rounding up
LMalloc of 100 not 8-byte aligned, rounding up
LMalloc of 44 not 8-byte aligned, rounding up
LMalloc of 276 not 8-byte aligned, rounding up
RenderActor3DAnimates constructed with no animations!
LMalloc of 44 not 8-byte aligned, rounding up
LMalloc of 44 not 8-byte aligned, rounding up
MATL closed without all data read (bytesLeft = 264)
LMalloc of 44 not 8-byte aligned, rounding up
jolt: mesh actor_pos=(0.000,0.000,0.000)
jolt: mesh v0 local=(-30.000,3.000,-5.000) world=(-30.000,3.000,-5.000)
jolt: mesh v1 local=(-30.000,3.000,20.000) world=(-30.000,3.000,20.000)
jolt: mesh v2 local=(-30.000,3.100,-5.000) world=(-30.000,3.100,-5.000)
jolt: mesh v3 local=(-30.000,3.100,20.000) world=(-30.000,3.100,20.000)
jolt: mesh v4 local=(30.000,3.000,-5.000) world=(30.000,3.000,-5.000)
jolt: mesh v5 local=(30.000,3.000,20.000) world=(30.000,3.000,20.000)
jolt: mesh v6 local=(30.000,3.100,-5.000) world=(30.000,3.100,-5.000)
jolt: mesh v7 local=(30.000,3.100,20.000) world=(30.000,3.100,20.000)
jolt: body MESH_STATIC verts=8 faces=12 id=16777224
zforth: INDEXOF_CAMSHOT = 1921 (expect 1921)
zforth: INDEXOF_CAMSHOT = 1921 (expect 1921)
jolt: OptimizeBroadPhase done (9 static bodies)
audio: MusicPlayer — soundfont not found: florestan-subset.sf2
audio: sfx[0] not found: wflevels/qbert_practice/sfx/qbert_hop.wav
audio: sfx[1] not found: wflevels/qbert_practice/sfx/qbert_land.wav
audio: sfx[2] not found: wflevels/qbert_practice/sfx/qbert_fall.wav
audio: sfx[3] not found: wflevels/qbert_practice/sfx/qbert_swear.wav
audio: sfx[4] not found: wflevels/qbert_practice/sfx/qbert_round_clear.wav
audio: sfx[5] not found: wflevels/qbert_practice/sfx/qbert_kill.wav
audio: sfx[6] not found: wflevels/qbert_practice/sfx/qbert_disc.wav
DMalloc of 36 not 8-byte aligned, rounding up
frame-window: start-ns=130286040455707 end-ns=130297254502129
frame-profile: update frames=1 mean=1.3950 p50=1.3950 p95=1.3950 max=1.3950 cpu-ms
frame-profile: actors frames=1 mean=1.2337 p50=1.2337 p95=1.2337 max=1.2337 cpu-ms
frame-profile: director frames=1 mean=0.1110 p50=0.1110 p95=0.1110 max=0.1110 cpu-ms
frame-profile: render frames=1 mean=5.1323 p50=5.1323 p95=5.1323 max=5.1323 cpu-ms
frame-profile: school frames=1 mean=0.0000 p50=0.0000 p95=0.0000 max=0.0000 cpu-ms
frame-profile: pose frames=1 mean=0.0000 p50=0.0000 p95=0.0000 max=0.0000 cpu-ms
frame-profile: animation frames=1 mean=0.0000 p50=0.0000 p95=0.0000 max=0.0000 cpu-ms
frame-profile: total frames=1 mean=6.5273 p50=6.5273 p95=6.5273 max=6.5273 cpu-ms
frame-count: level-objects frames=1 mean=33.000
frame-count: render-actors frames=1 mean=21.000
frame-count: draws frames=1 mean=20.000
frame-count: triangles frames=1 mean=1610.000
frame-count: actor-mailbox-writes frames=1 mean=29.000
frame-count: fish-deformations frames=1 mean=0.000
ball pos: (0.000, -0.850, 0.865)
ball pos: (0.000, -0.850, 0.865)
ball pos: (0.000, -0.850, 0.865)
ball pos: (0.000, -0.850, 0.865)
ball pos: (0.000, -0.850, 0.865)
ball pos: (0.000, -0.850, 0.865)
ball pos: (0.000, -0.850, 0.865)
ball pos: (0.000, -0.850, 0.865)
ball pos: (0.000, -0.850, 0.865)
ball pos: (0.000, -0.850, 0.865)
frame-window: start-ns=130297254502129 end-ns=130302258594173
frame-profile: update frames=300 mean=1.3624 p50=1.2382 p95=1.9836 max=2.2318 cpu-ms
frame-profile: actors frames=300 mean=1.1779 p50=1.0658 p95=1.7238 max=1.9819 cpu-ms
frame-profile: director frames=300 mean=0.1269 p50=0.1163 p95=0.1953 max=0.2368 cpu-ms
frame-profile: render frames=300 mean=3.3695 p50=3.0942 p95=4.8695 max=5.0845 cpu-ms
frame-profile: school frames=300 mean=0.0000 p50=0.0000 p95=0.0000 max=0.0000 cpu-ms
frame-profile: pose frames=300 mean=0.0000 p50=0.0000 p95=0.0000 max=0.0000 cpu-ms
frame-profile: animation frames=300 mean=0.0000 p50=0.0000 p95=0.0000 max=0.0000 cpu-ms
frame-profile: total frames=300 mean=4.7319 p50=4.6232 p95=6.0479 max=6.5701 cpu-ms
frame-count: level-objects frames=300 mean=33.000
frame-count: render-actors frames=300 mean=21.000
frame-count: draws frames=300 mean=20.000
frame-count: triangles frames=300 mean=1610.000
frame-count: actor-mailbox-writes frames=300 mean=29.000
frame-count: fish-deformations frames=300 mean=0.000
ball pos: (0.000, -0.850, 0.865)
ball pos: (0.000, -0.850, 0.865)
ball pos: (0.000, -0.850, 0.865)
ball pos: (0.000, -0.850, 0.865)
ball pos: (0.000, -0.850, 0.865)
ball pos: (0.000, -0.850, 0.865)
ball pos: (0.000, -0.850, 0.865)
ball pos: (0.000, -0.850, 0.865)
ball pos: (0.000, -0.850, 0.865)
ball pos: (0.000, -0.850, 0.865)
frame-window: start-ns=130302258594173 end-ns=130307264200800
frame-profile: update frames=300 mean=1.4405 p50=1.3625 p95=2.0241 max=2.2445 cpu-ms
frame-profile: actors frames=300 mean=1.2472 p50=1.1770 p95=1.7448 max=1.9789 cpu-ms
frame-profile: director frames=300 mean=0.1337 p50=0.1245 p95=0.1999 max=0.2541 cpu-ms
frame-profile: render frames=300 mean=3.4789 p50=3.3329 p95=4.9266 max=5.1983 cpu-ms
frame-profile: school frames=300 mean=0.0000 p50=0.0000 p95=0.0000 max=0.0000 cpu-ms
frame-profile: pose frames=300 mean=0.0000 p50=0.0000 p95=0.0000 max=0.0000 cpu-ms
frame-profile: animation frames=300 mean=0.0000 p50=0.0000 p95=0.0000 max=0.0000 cpu-ms
frame-profile: total frames=300 mean=4.9194 p50=4.8290 p95=6.1196 max=6.6008 cpu-ms
frame-count: level-objects frames=300 mean=33.000
frame-count: render-actors frames=300 mean=21.000
frame-count: draws frames=300 mean=20.000
frame-count: triangles frames=300 mean=1610.000
frame-count: actor-mailbox-writes frames=300 mean=29.000
frame-count: fish-deformations frames=300 mean=0.000
ball pos: (0.000, -0.850, 0.865)
ball pos: (0.000, -0.850, 0.865)
ball pos: (0.000, -0.850, 0.865)
ball pos: (0.000, -0.850, 0.865)
ball pos: (0.000, -0.850, 0.865)
ball pos: (0.000, -0.850, 0.865)
ball pos: (0.000, -0.850, 0.865)
ball pos: (0.000, -0.850, 0.865)
ball pos: (0.000, -0.850, 0.865)
ball pos: (0.000, -0.850, 0.865)
frame-window: start-ns=130307264200800 end-ns=130312270067094
frame-profile: update frames=300 mean=1.3959 p50=1.3332 p95=1.9136 max=2.2374 cpu-ms
frame-profile: actors frames=300 mean=1.2060 p50=1.1491 p95=1.6643 max=1.9387 cpu-ms
frame-profile: director frames=300 mean=0.1315 p50=0.1247 p95=0.1900 max=0.2396 cpu-ms
frame-profile: render frames=300 mean=3.5389 p50=3.5013 p95=4.7838 max=5.1342 cpu-ms
frame-profile: school frames=300 mean=0.0000 p50=0.0000 p95=0.0000 max=0.0000 cpu-ms
frame-profile: pose frames=300 mean=0.0000 p50=0.0000 p95=0.0000 max=0.0000 cpu-ms
frame-profile: animation frames=300 mean=0.0000 p50=0.0000 p95=0.0000 max=0.0000 cpu-ms
frame-profile: total frames=300 mean=4.9348 p50=4.8496 p95=6.0463 max=6.7642 cpu-ms
frame-count: level-objects frames=300 mean=33.000
frame-count: render-actors frames=300 mean=21.000
frame-count: draws frames=300 mean=20.000
frame-count: triangles frames=300 mean=1610.000
frame-count: actor-mailbox-writes frames=300 mean=29.000
frame-count: fish-deformations frames=300 mean=0.000
ball pos: (0.000, -0.850, 0.865)
ball pos: (0.000, -0.850, 0.865)
ball pos: (0.000, -0.850, 0.865)
ball pos: (0.000, -0.850, 0.865)
ball pos: (0.000, -0.850, 0.865)
ball pos: (0.000, -0.850, 0.865)
ball pos: (0.000, -0.850, 0.865)
ball pos: (0.000, -0.850, 0.865)
ball pos: (0.000, -0.850, 0.865)
ball pos: (0.000, -0.850, 0.865)
frame-window: start-ns=130312270067094 end-ns=130317276135222
frame-profile: update frames=300 mean=1.4296 p50=1.3946 p95=1.9996 max=2.1355 cpu-ms
frame-profile: actors frames=300 mean=1.2366 p50=1.2032 p95=1.7264 max=1.8360 cpu-ms
frame-profile: director frames=300 mean=0.1342 p50=0.1305 p95=0.1952 max=0.2490 cpu-ms
frame-profile: render frames=300 mean=3.4887 p50=3.4565 p95=4.4365 max=5.0157 cpu-ms
frame-profile: school frames=300 mean=0.0000 p50=0.0000 p95=0.0000 max=0.0000 cpu-ms
frame-profile: pose frames=300 mean=0.0000 p50=0.0000 p95=0.0000 max=0.0000 cpu-ms
frame-profile: animation frames=300 mean=0.0000 p50=0.0000 p95=0.0000 max=0.0000 cpu-ms
frame-profile: total frames=300 mean=4.9183 p50=4.8572 p95=5.9045 max=6.5226 cpu-ms
frame-count: level-objects frames=300 mean=33.000
frame-count: render-actors frames=300 mean=21.000
frame-count: draws frames=300 mean=20.000
frame-count: triangles frames=300 mean=1610.000
frame-count: actor-mailbox-writes frames=300 mean=29.000
frame-count: fish-deformations frames=300 mean=0.000
ball pos: (0.000, -0.850, 0.865)
ball pos: (0.000, -0.850, 0.865)
ball pos: (0.000, -0.850, 0.865)
ball pos: (0.000, -0.850, 0.865)
ball pos: (0.000, -0.850, 0.865)
ball pos: (0.000, -0.850, 0.865)
ball pos: (0.000, -0.850, 0.865)
ball pos: (0.000, -0.850, 0.865)
ball pos: (0.000, -0.850, 0.865)
ball pos: (0.000, -0.850, 0.865)
frame-window: start-ns=130317276135222 end-ns=130322277880766
frame-profile: update frames=300 mean=1.4650 p50=1.4366 p95=2.0490 max=2.2879 cpu-ms
frame-profile: actors frames=300 mean=1.2693 p50=1.2424 p95=1.7738 max=1.9939 cpu-ms
frame-profile: director frames=300 mean=0.1360 p50=0.1280 p95=0.2020 max=0.2394 cpu-ms
frame-profile: render frames=300 mean=3.5729 p50=3.4733 p95=4.9376 max=5.4227 cpu-ms
frame-profile: school frames=300 mean=0.0000 p50=0.0000 p95=0.0000 max=0.0000 cpu-ms
frame-profile: pose frames=300 mean=0.0000 p50=0.0000 p95=0.0000 max=0.0000 cpu-ms
frame-profile: animation frames=300 mean=0.0000 p50=0.0000 p95=0.0000 max=0.0000 cpu-ms
frame-profile: total frames=300 mean=5.0379 p50=4.9130 p95=6.1250 max=6.9538 cpu-ms
frame-count: level-objects frames=300 mean=33.000
frame-count: render-actors frames=300 mean=21.000
frame-count: draws frames=300 mean=20.000
frame-count: triangles frames=300 mean=1610.000
frame-count: actor-mailbox-writes frames=300 mean=29.000
frame-count: fish-deformations frames=300 mean=0.000
ball pos: (0.000, -0.850, 0.865)
ball pos: (0.000, -0.850, 0.865)
ball pos: (0.000, -0.850, 0.865)
ball pos: (0.000, -0.850, 0.865)
ball pos: (0.000, -0.850, 0.865)
ball pos: (0.000, -0.850, 0.865)
ball pos: (0.000, -0.850, 0.865)
ball pos: (0.000, -0.850, 0.865)
ball pos: (0.000, -0.850, 0.865)
ball pos: (0.000, -0.850, 0.865)
frame-window: start-ns=130322277880766 end-ns=130327282972310
frame-profile: update frames=300 mean=1.4295 p50=1.3338 p95=2.0284 max=2.1273 cpu-ms
frame-profile: actors frames=300 mean=1.2389 p50=1.1568 p95=1.7588 max=1.8459 cpu-ms
frame-profile: director frames=300 mean=0.1318 p50=0.1215 p95=0.2003 max=0.2341 cpu-ms
frame-profile: render frames=300 mean=3.5246 p50=3.4569 p95=4.9201 max=5.0898 cpu-ms
frame-profile: school frames=300 mean=0.0000 p50=0.0000 p95=0.0000 max=0.0000 cpu-ms
frame-profile: pose frames=300 mean=0.0000 p50=0.0000 p95=0.0000 max=0.0000 cpu-ms
frame-profile: animation frames=300 mean=0.0000 p50=0.0000 p95=0.0000 max=0.0000 cpu-ms
frame-profile: total frames=300 mean=4.9541 p50=4.8520 p95=6.1492 max=6.4325 cpu-ms
frame-count: level-objects frames=300 mean=33.000
frame-count: render-actors frames=300 mean=21.000
frame-count: draws frames=300 mean=20.000
frame-count: triangles frames=300 mean=1610.000
frame-count: actor-mailbox-writes frames=300 mean=29.000
frame-count: fish-deformations frames=300 mean=0.000
ball pos: (0.000, -0.850, 0.865)
ball pos: (0.000, -0.850, 0.865)
ball pos: (0.000, -0.850, 0.865)
ball pos: (0.000, -0.850, 0.865)
ball pos: (0.000, -0.850, 0.865)
ball pos: (0.000, -0.850, 0.865)
ball pos: (0.000, -0.850, 0.865)
ball pos: (0.000, -0.850, 0.865)
ball pos: (0.000, -0.850, 0.865)
ball pos: (0.000, -0.850, 0.865)
frame-window: start-ns=130327282972310 end-ns=130332287709937
frame-profile: update frames=299 mean=1.4357 p50=1.3647 p95=2.0542 max=2.2449 cpu-ms
frame-profile: actors frames=299 mean=1.2431 p50=1.1746 p95=1.7879 max=1.9561 cpu-ms
frame-profile: director frames=299 mean=0.1336 p50=0.1235 p95=0.1996 max=0.2735 cpu-ms
frame-profile: render frames=299 mean=3.5054 p50=3.4005 p95=4.8862 max=5.4474 cpu-ms
frame-profile: school frames=299 mean=0.0000 p50=0.0000 p95=0.0000 max=0.0000 cpu-ms
frame-profile: pose frames=299 mean=0.0000 p50=0.0000 p95=0.0000 max=0.0000 cpu-ms
frame-profile: animation frames=299 mean=0.0000 p50=0.0000 p95=0.0000 max=0.0000 cpu-ms
frame-profile: total frames=299 mean=4.9411 p50=4.8732 p95=6.1099 max=6.6137 cpu-ms
frame-count: level-objects frames=299 mean=33.000
frame-count: render-actors frames=299 mean=21.000
frame-count: draws frames=299 mean=20.000
frame-count: triangles frames=299 mean=1610.000
frame-count: actor-mailbox-writes frames=299 mean=29.000
frame-count: fish-deformations frames=299 mean=0.000
ball pos: (0.000, -0.850, 0.865)
ball pos: (0.000, -0.850, 0.865)
ball pos: (0.000, -0.850, 0.865)
ball pos: (0.000, -0.850, 0.865)
ball pos: (0.000, -0.850, 0.865)
ball pos: (0.000, -0.850, 0.865)
ball pos: (0.000, -0.850, 0.865)
ball pos: (0.000, -0.850, 0.865)
ball pos: (0.000, -0.850, 0.865)
ball pos: (0.000, -0.850, 0.865)
frame-window: start-ns=130332287709937 end-ns=130337295942606
frame-profile: update frames=300 mean=1.4122 p50=1.2992 p95=2.0256 max=2.4710 cpu-ms
frame-profile: actors frames=300 mean=1.2232 p50=1.1157 p95=1.7654 max=2.1714 cpu-ms
frame-profile: director frames=300 mean=0.1310 p50=0.1211 p95=0.1947 max=0.3081 cpu-ms
frame-profile: render frames=300 mean=3.4592 p50=3.2071 p95=4.9064 max=5.4992 cpu-ms
frame-profile: school frames=300 mean=0.0000 p50=0.0000 p95=0.0000 max=0.0000 cpu-ms
frame-profile: pose frames=300 mean=0.0000 p50=0.0000 p95=0.0000 max=0.0000 cpu-ms
frame-profile: animation frames=300 mean=0.0000 p50=0.0000 p95=0.0000 max=0.0000 cpu-ms
frame-profile: total frames=300 mean=4.8714 p50=4.7744 p95=6.0927 max=6.6762 cpu-ms
frame-count: level-objects frames=300 mean=33.000
frame-count: render-actors frames=300 mean=21.000
frame-count: draws frames=300 mean=20.000
frame-count: triangles frames=300 mean=1610.000
frame-count: actor-mailbox-writes frames=300 mean=29.000
frame-count: fish-deformations frames=300 mean=0.000
ball pos: (0.000, -0.850, 0.865)
ball pos: (0.000, -0.850, 0.865)
ball pos: (0.000, -0.850, 0.865)
ball pos: (0.000, -0.850, 0.865)
ball pos: (0.000, -0.850, 0.865)
ball pos: (0.000, -0.850, 0.865)
ball pos: (0.000, -0.850, 0.865)
ball pos: (0.000, -0.850, 0.865)
ball pos: (0.000, -0.850, 0.865)
ball pos: (0.000, -0.850, 0.865)
frame-window: start-ns=130337295942606 end-ns=130342297614150
frame-profile: update frames=299 mean=1.4208 p50=1.3350 p95=2.0281 max=2.2153 cpu-ms
frame-profile: actors frames=299 mean=1.2303 p50=1.1510 p95=1.7631 max=1.9323 cpu-ms
frame-profile: director frames=299 mean=0.1321 p50=0.1240 p95=0.2028 max=0.2801 cpu-ms
frame-profile: render frames=299 mean=3.4670 p50=3.3385 p95=4.8936 max=5.3063 cpu-ms
frame-profile: school frames=299 mean=0.0000 p50=0.0000 p95=0.0000 max=0.0000 cpu-ms
frame-profile: pose frames=299 mean=0.0000 p50=0.0000 p95=0.0000 max=0.0000 cpu-ms
frame-profile: animation frames=299 mean=0.0000 p50=0.0000 p95=0.0000 max=0.0000 cpu-ms
frame-profile: total frames=299 mean=4.8878 p50=4.8102 p95=6.0890 max=6.6325 cpu-ms
frame-count: level-objects frames=299 mean=33.000
frame-count: render-actors frames=299 mean=21.000
frame-count: draws frames=299 mean=20.000
frame-count: triangles frames=299 mean=1610.000
frame-count: actor-mailbox-writes frames=299 mean=29.000
frame-count: fish-deformations frames=299 mean=0.000
ball pos: (0.000, -0.850, 0.865)
ball pos: (0.000, -0.850, 0.865)
ball pos: (0.000, -0.850, 0.865)
ball pos: (0.000, -0.850, 0.865)
ball pos: (0.000, -0.850, 0.865)
ball pos: (0.000, -0.850, 0.865)
ball pos: (0.000, -0.850, 0.865)
ball pos: (0.000, -0.850, 0.865)
frame-window: start-ns=130342297614150 end-ns=130347319294403
frame-profile: update frames=267 mean=1.3926 p50=1.2384 p95=2.0460 max=3.2339 cpu-ms
frame-profile: actors frames=267 mean=1.2041 p50=1.0718 p95=1.7661 max=2.7751 cpu-ms
frame-profile: director frames=267 mean=0.1303 p50=0.1165 p95=0.2014 max=0.3504 cpu-ms
frame-profile: render frames=267 mean=3.4622 p50=3.1941 p95=4.8071 max=7.8922 cpu-ms
frame-profile: school frames=267 mean=0.0000 p50=0.0000 p95=0.0000 max=0.0000 cpu-ms
frame-profile: pose frames=267 mean=0.0000 p50=0.0000 p95=0.0000 max=0.0000 cpu-ms
frame-profile: animation frames=267 mean=0.0000 p50=0.0000 p95=0.0000 max=0.0000 cpu-ms
frame-profile: total frames=267 mean=4.8548 p50=4.6252 p95=6.1153 max=11.0314 cpu-ms
frame-count: level-objects frames=267 mean=33.000
frame-count: render-actors frames=267 mean=21.000
frame-count: draws frames=267 mean=20.000
frame-count: triangles frames=267 mean=1608.757
frame-count: actor-mailbox-writes frames=267 mean=29.000
frame-count: fish-deformations frames=267 mean=0.000
ball pos: (0.000, -0.850, 0.865)
ball pos: (0.000, -0.850, 0.865)
ball pos: (0.000, -0.850, 0.865)
ball pos: (0.000, -0.850, 0.865)
ball pos: (0.000, -0.850, 0.865)
frame-window: start-ns=130347319294403 end-ns=130352328604155
frame-profile: update frames=150 mean=1.6013 p50=1.3106 p95=3.0117 max=4.0282 cpu-ms
frame-profile: actors frames=150 mean=1.3844 p50=1.1370 p95=2.6122 max=3.5020 cpu-ms
frame-profile: director frames=150 mean=0.1512 p50=0.1192 p95=0.2955 max=0.4021 cpu-ms
frame-profile: render frames=150 mean=4.0139 p50=3.1734 p95=7.1365 max=9.5145 cpu-ms
frame-profile: school frames=150 mean=0.0000 p50=0.0000 p95=0.0000 max=0.0000 cpu-ms
frame-profile: pose frames=150 mean=0.0000 p50=0.0000 p95=0.0000 max=0.0000 cpu-ms
frame-profile: animation frames=150 mean=0.0000 p50=0.0000 p95=0.0000 max=0.0000 cpu-ms
frame-profile: total frames=150 mean=5.6152 p50=5.0279 p95=8.5406 max=12.1013 cpu-ms
frame-count: level-objects frames=150 mean=33.000
frame-count: render-actors frames=150 mean=21.000
frame-count: draws frames=150 mean=20.000
frame-count: triangles frames=150 mean=1594.207
frame-count: actor-mailbox-writes frames=150 mean=29.000
frame-count: fish-deformations frames=150 mean=0.000
ball pos: (0.000, -0.850, 0.865)
ball pos: (0.000, -0.850, 0.865)
ball pos: (0.000, -0.850, 0.865)
ball pos: (0.000, -0.850, 0.865)
ball pos: (0.000, -0.850, 0.865)
frame-window: start-ns=130352328604155 end-ns=130357329353032
frame-profile: update frames=150 mean=1.5738 p50=1.2846 p95=2.9790 max=3.9190 cpu-ms
frame-profile: actors frames=150 mean=1.3613 p50=1.1193 p95=2.5857 max=3.4009 cpu-ms
frame-profile: director frames=150 mean=0.1490 p50=0.1167 p95=0.2905 max=0.4710 cpu-ms
frame-profile: render frames=150 mean=4.2084 p50=3.2490 p95=7.4585 max=9.7717 cpu-ms
frame-profile: school frames=150 mean=0.0000 p50=0.0000 p95=0.0000 max=0.0000 cpu-ms
frame-profile: pose frames=150 mean=0.0000 p50=0.0000 p95=0.0000 max=0.0000 cpu-ms
frame-profile: animation frames=150 mean=0.0000 p50=0.0000 p95=0.0000 max=0.0000 cpu-ms
frame-profile: total frames=150 mean=5.7822 p50=5.0997 p95=8.9358 max=11.4366 cpu-ms
frame-count: level-objects frames=150 mean=33.000
frame-count: render-actors frames=150 mean=21.000
frame-count: draws frames=150 mean=20.000
frame-count: triangles frames=150 mean=1594.000
frame-count: actor-mailbox-writes frames=150 mean=29.000
frame-count: fish-deformations frames=150 mean=0.000
ball pos: (0.000, -0.850, 0.865)
ball pos: (0.000, -0.850, 0.865)
ball pos: (0.000, -0.850, 0.865)
ball pos: (0.006, -0.850, 0.865)
ball pos: (0.015, -0.850, 0.865)
frame-window: start-ns=130357329353032 end-ns=130362335631951
frame-profile: update frames=150 mean=1.5218 p50=1.3054 p95=2.3098 max=3.2542 cpu-ms
frame-profile: actors frames=150 mean=1.3175 p50=1.1305 p95=2.0234 max=2.8246 cpu-ms
frame-profile: director frames=150 mean=0.1422 p50=0.1203 p95=0.2149 max=0.3310 cpu-ms
frame-profile: render frames=150 mean=3.7132 p50=3.0322 p95=7.0537 max=9.3900 cpu-ms
frame-profile: school frames=150 mean=0.0000 p50=0.0000 p95=0.0000 max=0.0000 cpu-ms
frame-profile: pose frames=150 mean=0.0000 p50=0.0000 p95=0.0000 max=0.0000 cpu-ms
frame-profile: animation frames=150 mean=0.0000 p50=0.0000 p95=0.0000 max=0.0000 cpu-ms
frame-profile: total frames=150 mean=5.2350 p50=4.5570 p95=8.3591 max=11.0125 cpu-ms
frame-count: level-objects frames=150 mean=33.000
frame-count: render-actors frames=150 mean=21.000
frame-count: draws frames=150 mean=20.000
frame-count: triangles frames=150 mean=1594.420
frame-count: actor-mailbox-writes frames=150 mean=29.000
frame-count: fish-deformations frames=150 mean=0.000
ball pos: (0.024, -0.850, 0.865)
ball pos: (0.033, -0.850, 0.865)
ball pos: (0.042, -0.850, 0.865)
ball pos: (0.052, -0.850, 0.865)
ball pos: (0.061, -0.850, 0.865)
frame-window: start-ns=130362335631951 end-ns=130367345121829
frame-profile: update frames=150 mean=1.5370 p50=1.3079 p95=2.1625 max=3.1949 cpu-ms
frame-profile: actors frames=150 mean=1.3288 p50=1.1263 p95=1.8893 max=2.7868 cpu-ms
frame-profile: director frames=150 mean=0.1462 p50=0.1212 p95=0.2231 max=0.3670 cpu-ms
frame-profile: render frames=150 mean=3.8388 p50=3.2242 p95=7.0065 max=7.6988 cpu-ms
frame-profile: school frames=150 mean=0.0000 p50=0.0000 p95=0.0000 max=0.0000 cpu-ms
frame-profile: pose frames=150 mean=0.0000 p50=0.0000 p95=0.0000 max=0.0000 cpu-ms
frame-profile: animation frames=150 mean=0.0000 p50=0.0000 p95=0.0000 max=0.0000 cpu-ms
frame-profile: total frames=150 mean=5.3758 p50=4.9284 p95=8.4478 max=9.9836 cpu-ms
frame-count: level-objects frames=150 mean=33.000
frame-count: render-actors frames=150 mean=21.000
frame-count: draws frames=150 mean=20.000
frame-count: triangles frames=150 mean=1594.900
frame-count: actor-mailbox-writes frames=150 mean=29.000
frame-count: fish-deformations frames=150 mean=0.000
ball pos: (0.070, -0.850, 0.865)
ball pos: (0.078, -0.850, 0.865)
ball pos: (0.087, -0.850, 0.865)
ball pos: (0.096, -0.850, 0.865)
ball pos: (0.105, -0.850, 0.865)
frame-window: start-ns=130367345121829 end-ns=130372346194623
frame-profile: update frames=150 mean=1.6597 p50=1.3735 p95=2.9886 max=3.4660 cpu-ms
frame-profile: actors frames=150 mean=1.4334 p50=1.1903 p95=2.6153 max=3.0372 cpu-ms
frame-profile: director frames=150 mean=0.1602 p50=0.1266 p95=0.3074 max=0.3671 cpu-ms
frame-profile: render frames=150 mean=4.0327 p50=3.2882 p95=7.5590 max=9.4561 cpu-ms
frame-profile: school frames=150 mean=0.0000 p50=0.0000 p95=0.0000 max=0.0000 cpu-ms
frame-profile: pose frames=150 mean=0.0000 p50=0.0000 p95=0.0000 max=0.0000 cpu-ms
frame-profile: animation frames=150 mean=0.0000 p50=0.0000 p95=0.0000 max=0.0000 cpu-ms
frame-profile: total frames=150 mean=5.6924 p50=5.0100 p95=9.4471 max=11.5674 cpu-ms
frame-count: level-objects frames=150 mean=33.000
frame-count: render-actors frames=150 mean=21.000
frame-count: draws frames=150 mean=20.000
frame-count: triangles frames=150 mean=1593.420
frame-count: actor-mailbox-writes frames=150 mean=29.000
frame-count: fish-deformations frames=150 mean=0.000
ball pos: (0.112, -0.850, 0.865)
ball pos: (0.112, -0.850, 0.865)
ball pos: (0.112, -0.850, 0.865)
ball pos: (0.112, -0.850, 0.865)
ball pos: (0.112, -0.850, 0.865)
