Coordinator has active or queued jobs; no code changed.
Waiting for coordinator jobs to finish; no device interruption: J-cfbb812fc1ff (installing)
Waiting for coordinator jobs to finish; no device interruption: J-cfbb812fc1ff (warming-up)
Waiting for coordinator jobs to finish; no device interruption: J-cfbb812fc1ff (measuring)
Waiting for coordinator jobs to finish; no device interruption: J-cfbb812fc1ff (measuring)
Waiting for coordinator jobs to finish; no device interruption: J-cfbb812fc1ff (measuring)
Waiting for coordinator jobs to finish; no device interruption: J-cfbb812fc1ff (measuring)
Waiting for coordinator jobs to finish; no device interruption: J-cfbb812fc1ff (warming-up)
Waiting for coordinator jobs to finish; no device interruption: J-cfbb812fc1ff (measuring)
Waiting for coordinator jobs to finish; no device interruption: J-cfbb812fc1ff (measuring)
Waiting for coordinator jobs to finish; no device interruption: J-cfbb812fc1ff (measuring)
Waiting for coordinator jobs to finish; no device interruption: J-cfbb812fc1ff (measuring)
Waiting for coordinator jobs to finish; no device interruption: J-cfbb812fc1ff (warming-up)
Waiting for coordinator jobs to finish; no device interruption: J-cfbb812fc1ff (measuring)
Waiting for coordinator jobs to finish; no device interruption: J-cfbb812fc1ff (measuring)
Waiting for coordinator jobs to finish; no device interruption: J-cfbb812fc1ff (measuring)
Waiting for coordinator jobs to finish; no device interruption: J-cfbb812fc1ff (installing)
Waiting for coordinator jobs to finish; no device interruption: J-cfbb812fc1ff (warming-up)
Waiting for coordinator jobs to finish; no device interruption: J-cfbb812fc1ff (measuring)
Waiting for coordinator jobs to finish; no device interruption: J-cfbb812fc1ff (measuring)
Waiting for coordinator jobs to finish; no device interruption: J-cfbb812fc1ff (measuring)
Waiting for coordinator jobs to finish; no device interruption: J-cfbb812fc1ff (warming-up)
Waiting for coordinator jobs to finish; no device interruption: J-cfbb812fc1ff (warming-up)
Waiting for coordinator jobs to finish; no device interruption: J-cfbb812fc1ff (measuring)
Waiting for coordinator jobs to finish; no device interruption: J-cfbb812fc1ff (measuring)
Waiting for coordinator jobs to finish; no device interruption: J-cfbb812fc1ff (measuring)
Waiting for coordinator jobs to finish; no device interruption: J-cfbb812fc1ff (warming-up)
Waiting for coordinator jobs to finish; no device interruption: J-cfbb812fc1ff (measuring)
Waiting for coordinator jobs to finish; no device interruption: J-cfbb812fc1ff (measuring)
Waiting for coordinator jobs to finish; no device interruption: J-cfbb812fc1ff (measuring)
Waiting for coordinator jobs to finish; no device interruption: J-cfbb812fc1ff (installing)
Waiting for coordinator jobs to finish; no device interruption: J-cfbb812fc1ff (warming-up)
Waiting for coordinator jobs to finish; no device interruption: J-cfbb812fc1ff (measuring)
Waiting for coordinator jobs to finish; no device interruption: J-cfbb812fc1ff (measuring)
Waiting for coordinator jobs to finish; no device interruption: J-cfbb812fc1ff (measuring)
Waiting for coordinator jobs to finish; no device interruption: J-cfbb812fc1ff (measuring)
Waiting for coordinator jobs to finish; no device interruption: J-cfbb812fc1ff (warming-up)
Waiting for coordinator jobs to finish; no device interruption: J-cfbb812fc1ff (measuring)
Waiting for coordinator jobs to finish; no device interruption: J-cfbb812fc1ff (measuring)
Waiting for coordinator jobs to finish; no device interruption: J-cfbb812fc1ff (measuring)
Waiting for coordinator jobs to finish; no device interruption: J-cfbb812fc1ff (warming-up)
Waiting for coordinator jobs to finish; no device interruption: J-cfbb812fc1ff (warming-up)
Waiting for coordinator jobs to finish; no device interruption: J-cfbb812fc1ff (measuring)
Waiting for coordinator jobs to finish; no device interruption: J-cfbb812fc1ff (measuring)
Waiting for coordinator jobs to finish; no device interruption: J-cfbb812fc1ff (installing)
Waiting for coordinator jobs to finish; no device interruption: J-cfbb812fc1ff (warming-up)
Waiting for coordinator jobs to finish; no device interruption: J-cfbb812fc1ff (warming-up)
Waiting for coordinator jobs to finish; no device interruption: J-cfbb812fc1ff (measuring)
Waiting for coordinator jobs to finish; no device interruption: J-cfbb812fc1ff (measuring)
Waiting for coordinator jobs to finish; no device interruption: J-cfbb812fc1ff (measuring)
Waiting for coordinator jobs to finish; no device interruption: J-cfbb812fc1ff (warming-up)
Waiting for coordinator jobs to finish; no device interruption: J-cfbb812fc1ff (warming-up)
Waiting for coordinator jobs to finish; no device interruption: J-cfbb812fc1ff (measuring)
Waiting for coordinator jobs to finish; no device interruption: J-cfbb812fc1ff (measuring)
Waiting for coordinator jobs to finish; no device interruption: J-cfbb812fc1ff (measuring)
Waiting for coordinator jobs to finish; no device interruption: J-cfbb812fc1ff (warming-up)
Waiting for coordinator jobs to finish; no device interruption: J-cfbb812fc1ff (measuring)
Waiting for coordinator jobs to finish; no device interruption: J-cfbb812fc1ff (measuring)
Waiting for coordinator jobs to finish; no device interruption: J-cfbb812fc1ff (installing)
Waiting for coordinator jobs to finish; no device interruption: J-cfbb812fc1ff (installing)
Waiting for coordinator jobs to finish; no device interruption: J-cfbb812fc1ff (warming-up)
Waiting for coordinator jobs to finish; no device interruption: J-cfbb812fc1ff (measuring)
Waiting for coordinator jobs to finish; no device interruption: J-cfbb812fc1ff (measuring)
Waiting for coordinator jobs to finish; no device interruption: J-cfbb812fc1ff (measuring)
Waiting for coordinator jobs to finish; no device interruption: J-cfbb812fc1ff (installing)
Waiting for coordinator jobs to finish; no device interruption: J-cfbb812fc1ff (warming-up)
Waiting for coordinator jobs to finish; no device interruption: J-cfbb812fc1ff (measuring)
Waiting for coordinator jobs to finish; no device interruption: J-cfbb812fc1ff (measuring), J-c95d141e2cb1 (queued)
Service upgrade waiting for active sessions and cleanup: J-cfbb812fc1ff (measuring)
Waiting for coordinator jobs to finish; no device interruption: J-cfbb812fc1ff (measuring), J-c95d141e2cb1 (queued)
Service upgrade waiting for active sessions and cleanup: J-cfbb812fc1ff (installing)
Waiting for coordinator jobs to finish; no device interruption: J-cfbb812fc1ff (installing), J-c95d141e2cb1 (queued)
Service upgrade waiting for active sessions and cleanup: J-cfbb812fc1ff (warming-up)
Waiting for coordinator jobs to finish; no device interruption: J-cfbb812fc1ff (warming-up), J-c95d141e2cb1 (queued)
Service upgrade waiting for active sessions and cleanup: J-cfbb812fc1ff (measuring)
Waiting for coordinator jobs to finish; no device interruption: J-cfbb812fc1ff (measuring), J-c95d141e2cb1 (queued)
Service upgrade waiting for active sessions and cleanup: J-cfbb812fc1ff (measuring)
Waiting for coordinator jobs to finish; no device interruption: J-cfbb812fc1ff (measuring), J-c95d141e2cb1 (queued)
Service upgrade waiting for active sessions and cleanup: J-cfbb812fc1ff (measuring)
Waiting for coordinator jobs to finish; no device interruption: J-cfbb812fc1ff (installing), J-c95d141e2cb1 (queued)
Service upgrade waiting for active sessions and cleanup: J-cfbb812fc1ff (installing)
Waiting for coordinator jobs to finish; no device interruption: J-cfbb812fc1ff (warming-up), J-c95d141e2cb1 (queued)
Service upgrade waiting for active sessions and cleanup: J-cfbb812fc1ff (warming-up)
Waiting for coordinator jobs to finish; no device interruption: J-cfbb812fc1ff (warming-up), J-c95d141e2cb1 (queued)
Service upgrade waiting for active sessions and cleanup: J-cfbb812fc1ff (measuring)
Waiting for coordinator jobs to finish; no device interruption: J-cfbb812fc1ff (measuring), J-c95d141e2cb1 (queued)
Service upgrade waiting for active sessions and cleanup: J-cfbb812fc1ff (measuring)
Waiting for coordinator jobs to finish; no device interruption: J-cfbb812fc1ff (measuring), J-c95d141e2cb1 (queued)
Service upgrade waiting for active sessions and cleanup: J-cfbb812fc1ff (measuring)
Waiting for coordinator jobs to finish; no device interruption: J-cfbb812fc1ff (installing), J-c95d141e2cb1 (queued)
Service upgrade waiting for active sessions and cleanup: J-cfbb812fc1ff (installing)
Waiting for coordinator jobs to finish; no device interruption: J-cfbb812fc1ff (warming-up), J-c95d141e2cb1 (queued)
Service upgrade waiting for active sessions and cleanup: J-cfbb812fc1ff (warming-up)
Waiting for coordinator jobs to finish; no device interruption: J-cfbb812fc1ff (warming-up), J-c95d141e2cb1 (queued)
Service upgrade waiting for active sessions and cleanup: J-cfbb812fc1ff (measuring)
Waiting for coordinator jobs to finish; no device interruption: J-cfbb812fc1ff (measuring), J-c95d141e2cb1 (queued)
Service upgrade waiting for active sessions and cleanup: J-cfbb812fc1ff (measuring)
Waiting for coordinator jobs to finish; no device interruption: J-cfbb812fc1ff (measuring), J-c95d141e2cb1 (queued)
Service upgrade waiting for active sessions and cleanup: J-cfbb812fc1ff (measuring)
Waiting for coordinator jobs to finish; no device interruption: J-cfbb812fc1ff (installing), J-c95d141e2cb1 (queued)
Service upgrade waiting for active sessions and cleanup: J-c95d141e2cb1 (launching)
Waiting for coordinator jobs to finish; no device interruption: J-c95d141e2cb1 (launching)
Service upgrade waiting for active sessions and cleanup: J-c95d141e2cb1 (launching)
Waiting for coordinator jobs to finish; no device interruption: J-c95d141e2cb1 (launching)
Service upgrade waiting for active sessions and cleanup: J-c95d141e2cb1 (launching)
Waiting for coordinator jobs to finish; no device interruption: J-c95d141e2cb1 (launching)
Service upgrade waiting for active sessions and cleanup: J-c95d141e2cb1 (launching)
Waiting for coordinator jobs to finish; no device interruption: J-c95d141e2cb1 (launching)
Service upgrade waiting for active sessions and cleanup: J-c95d141e2cb1 (launching)
Waiting for coordinator jobs to finish; no device interruption: J-c95d141e2cb1 (launching)
Service upgrade waiting for active sessions and cleanup: J-c95d141e2cb1 (launching)
Waiting for coordinator jobs to finish; no device interruption: J-c95d141e2cb1 (launching)
Service upgrade waiting for active sessions and cleanup: J-c95d141e2cb1 (launching)
Waiting for coordinator jobs to finish; no device interruption: J-c95d141e2cb1 (launching)
Service upgrade waiting for active sessions and cleanup: J-c95d141e2cb1 (launching)
Waiting for coordinator jobs to finish; no device interruption: J-c95d141e2cb1 (launching)
Service upgrade waiting for active sessions and cleanup: J-c95d141e2cb1 (launching)
Waiting for coordinator jobs to finish; no device interruption: J-c95d141e2cb1 (launching), J-2c3998a36d75 (queued)
Service upgrade waiting for active sessions and cleanup: J-c95d141e2cb1 (launching)
Waiting for coordinator jobs to finish; no device interruption: J-2c3998a36d75 (installing), J-21e56167ef71 (queued)
Service upgrade waiting for active sessions and cleanup: J-2c3998a36d75 (launching)
Waiting for coordinator jobs to finish; no device interruption: J-2c3998a36d75 (launching), J-21e56167ef71 (queued)
Service upgrade waiting for active sessions and cleanup: J-2c3998a36d75 (recording)
Waiting for coordinator jobs to finish; no device interruption: J-2c3998a36d75 (recording), J-21e56167ef71 (queued)
Service upgrade waiting for active sessions and cleanup: J-2c3998a36d75 (recording)
Waiting for coordinator jobs to finish; no device interruption: J-2c3998a36d75 (recording), J-21e56167ef71 (queued)
Service upgrade waiting for active sessions and cleanup: J-2c3998a36d75 (recording)
Waiting for coordinator jobs to finish; no device interruption: J-2c3998a36d75 (recording), J-21e56167ef71 (queued)
Service upgrade waiting for active sessions and cleanup: J-2c3998a36d75 (recording)
Waiting for coordinator jobs to finish; no device interruption: J-2c3998a36d75 (recording), J-21e56167ef71 (queued)
Service upgrade waiting for active sessions and cleanup: J-2c3998a36d75 (recording)
Waiting for coordinator jobs to finish; no device interruption: J-2c3998a36d75 (recording), J-21e56167ef71 (queued)
Service upgrade waiting for active sessions and cleanup: J-2c3998a36d75 (recording)
Waiting for coordinator jobs to finish; no device interruption: J-2c3998a36d75 (recording), J-21e56167ef71 (queued)
Service upgrade waiting for active sessions and cleanup: J-2c3998a36d75 (recording)
Waiting for coordinator jobs to finish; no device interruption: J-2c3998a36d75 (recording), J-21e56167ef71 (queued)
Service upgrade waiting for active sessions and cleanup: J-2c3998a36d75 (recording)
Waiting for coordinator jobs to finish; no device interruption: J-2c3998a36d75 (recording), J-21e56167ef71 (queued)
Service upgrade waiting for active sessions and cleanup: J-2c3998a36d75 (recording)
Waiting for coordinator jobs to finish; no device interruption: J-2c3998a36d75 (recording), J-21e56167ef71 (queued)
Traceback (most recent call last):
  File "/home/will/WorldFoundry-wbniv/android/bomberman/deploy-coordinator.py", line 33, in <module>
  File "/home/will/WorldFoundry-wbniv/android/bomberman/deploy-coordinator.py", line 18, in wait_and_stop
sqlite3.OperationalError: unable to open database file
Service upgrade waiting for active sessions and cleanup: J-2c3998a36d75 (recording)
Service upgrade waiting for active sessions and cleanup: J-21e56167ef71 (launching)
Traceback (most recent call last):
  File "/opt/wf-device-coordinator/scripts/wf_device/client.py", line 46, in call
    sock.connect(self.path)
    ~~~~~~~~~~~~^^^^^^^^^^^
FileNotFoundError: [Errno 2] No such file or directory

The above exception was the direct cause of the following exception:

Traceback (most recent call last):
  File "<string>", line 1, in <module>
    import sys;sys.path.insert(0,'/opt/wf-device-coordinator/scripts');from wf_device.client import Client;c=Client();r=c.call('capabilities');assert 'install' in r['workflows'] and r['maintenance_drain'];assert c.call('queue')['maintenance']
                                                                                                                        ~~~~~~^^^^^^^^^^^^^^^^
  File "/opt/wf-device-coordinator/scripts/wf_device/client.py", line 52, in call
    raise RuntimeError('Coordinator connection failed at '+self.path+': '+str(exc)+
                       '; no direct ADB fallback') from exc
RuntimeError: Coordinator connection failed at /run/wf-device-coordinator/coordinator.sock: [Errno 2] No such file or directory; no direct ADB fallback
Deployment failed; previous adapters restored and service kept stopped. Maintenance remains paused; inspect the log and rerun deployment.
Traceback (most recent call last):
  File "/home/will/WorldFoundry-wbniv/android/bomberman/deploy-coordinator.py", line 106, in <module>
    raise SystemExit(main())
                     ~~~~^^
  File "/home/will/WorldFoundry-wbniv/android/bomberman/deploy-coordinator.py", line 88, in main
    verify_service()
    ~~~~~~~~~~~~~~^^
  File "/home/will/WorldFoundry-wbniv/android/bomberman/deploy-coordinator.py", line 64, in verify_service
    subprocess.run(['runuser', '-u', 'will', '--', sys.executable, '-c', code], check=True, timeout=30)
    ~~~~~~~~~~~~~~^^^^^^^^^^^^^^^^^^^^^^^^^^^^^^^^^^^^^^^^^^^^^^^^^^^^^^^^^^^^^^^^^^^^^^^^^^^^^^^^^^^^^
  File "/usr/lib/python3.14/subprocess.py", line 578, in run
    raise CalledProcessError(retcode, process.args,
                             output=stdout, stderr=stderr)
subprocess.CalledProcessError: Command '['runuser', '-u', 'will', '--', '/usr/bin/python3', '-c', "import sys;sys.path.insert(0,'/opt/wf-device-coordinator/scripts');from wf_device.client import Client;c=Client();r=c.call('capabilities');assert 'install' in r['workflows'] and r['maintenance_drain'];assert c.call('queue')['maintenance']"]' returned non-zero exit status 1.
Verified background-install capability; queue resumed; reservations retained.
{"jobs": ["J-ac7fa776da28", "J-905b237085a2"], "exit": 0}
