material: texture=""  bTranslucent=0  bitdepth=16  flags_in=0x2
material: texture=""  bTranslucent=0  bitdepth=16  flags_in=0x2
audio: miniaudio v0.11.25 ready
DEBUG = 1,
DO_ASSERTIONS = 1, NO_ASSERT_EXPR = 0, USE_INLINE_DEFS = 1, WF_BIG_ENDIAN = 0
argc = 9, argv: /home/will/WorldFoundry-wbniv/engine/wf_game -L/home/will/WorldFoundry-wbniv/wflevels/aquarium_betta-standalone.iff -rate20 -width=960 -height=540 --debug-port 17921 --debug-bind 127.0.0.1 
cbHalLmalloc = 64000000, cbHalScratchLmalloc = 180000
wf_game v0.4.1, Built:Jul 31 2026,10:21:50 by kts
-L/home/will/WorldFoundry-wbniv/wflevels/aquarium_betta-standalone.iff
-rate20
Fake clock delta = 0.05000000075
-width=960
-height=540
--debug-port
--debug-bind
argc = 9, commandIndex = 9
Level=-1
cerror:
cwarn:
cstats:
wf_game Ver 0.4.1, Built:Jul 31 2026,10:21:50 by kts
DBSTREAMS jolt: RegisterDefaultAllocator
jolt: Factory
jolt: RegisterTypes
jolt: RunSelftest
jolt: selftest ok (sphere fell to z=5.098)
jolt: backend init
jolt: backend ready (gravity -Z)
jolt: init complete
LMalloc of 412 not 8-byte aligned, rounding up
LMalloc of 7620 not 8-byte aligned, rounding up
LMalloc of 20 not 8-byte aligned, rounding up
LMalloc of 20 not 8-byte aligned, rounding up
Level::Level: leveldata= 0x6e70ff646b80, object count  = 33
ASS closed without all data read (bytesLeft = 4118)
ASS closed without all data read (bytesLeft = 150)
ASS closed without all data read (bytesLeft = 16)
ASS closed without all data read (bytesLeft = 16)
ASS closed without all data read (bytesLeft = 8028)
PixelMap::Load: this = 0x6e70fe327b80
PixelMap::Load: this = 0x6e70fe327bc0
LMalloc of 28 not 8-byte aligned, rounding up
LMalloc of 28 not 8-byte aligned, rounding up
LMalloc of 28 not 8-byte aligned, rounding up
LMalloc of 28 not 8-byte aligned, rounding up
LMalloc of 100 not 8-byte aligned, rounding up
[Actor] idx=2 class=23 commonOff=19408 NumberOfLocalMailboxes=0
[Actor] idx=3 class=13 commonOff=19408 NumberOfLocalMailboxes=0
this = 0x6e70fe32b0c0,setting _memory to 0x6e70fe32abc8
DMalloc of 52 not 8-byte aligned, rounding up
[Actor] idx=4 class=20 commonOff=20120 NumberOfLocalMailboxes=0
[Actor] idx=6 class=11 commonOff=19408 NumberOfLocalMailboxes=0
[Actor] idx=7 class=16 commonOff=19408 NumberOfLocalMailboxes=0
[Actor] idx=8 class=3 commonOff=19408 NumberOfLocalMailboxes=0
[Actor] idx=9 class=22 commonOff=20860 NumberOfLocalMailboxes=6
jolt: character 0 created at (0.00, -0.20, 2.50) ctr=(0.00,0.00,0.00)
[Actor] idx=10 class=7 commonOff=21168 NumberOfLocalMailboxes=0
[Actor] idx=11 class=7 commonOff=21368 NumberOfLocalMailboxes=0
[Actor] idx=12 class=7 commonOff=21412 NumberOfLocalMailboxes=0
[Actor] idx=13 class=7 commonOff=21456 NumberOfLocalMailboxes=0
[Actor] idx=14 class=7 commonOff=21500 NumberOfLocalMailboxes=0
[Actor] idx=15 class=7 commonOff=21544 NumberOfLocalMailboxes=0
[Actor] idx=16 class=7 commonOff=21588 NumberOfLocalMailboxes=0
[Actor] idx=17 class=7 commonOff=21632 NumberOfLocalMailboxes=0
[Actor] idx=18 class=5 commonOff=19408 NumberOfLocalMailboxes=0
jolt: body STATIC pos=(0.00,0.00,0.00) half=(6.10,1.65,0.12) id=8388608
[Actor] idx=19 class=5 commonOff=19408 NumberOfLocalMailboxes=0
jolt: body STATIC pos=(0.00,1.53,2.73) half=(5.97,0.12,2.10) id=8388609
[Actor] idx=20 class=5 commonOff=19408 NumberOfLocalMailboxes=0
jolt: body STATIC pos=(0.00,1.53,5.08) half=(6.10,0.12,0.25) id=8388610
[Actor] idx=21 class=5 commonOff=19408 NumberOfLocalMailboxes=0
jolt: body STATIC pos=(-6.09,0.00,2.67) half=(0.12,1.65,2.67) id=8388611
[Actor] idx=22 class=5 commonOff=19408 NumberOfLocalMailboxes=0
jolt: body STATIC pos=(5.97,0.00,2.67) half=(0.12,1.65,2.67) id=8388612
[Actor] idx=23 class=5 commonOff=19408 NumberOfLocalMailboxes=0
jolt: body STATIC pos=(0.00,-1.78,2.67) half=(6.10,0.12,2.67) id=8388613
[Actor] idx=24 class=7 commonOff=19408 NumberOfLocalMailboxes=0
[Actor] idx=25 class=5 commonOff=19408 NumberOfLocalMailboxes=0
jolt: body STATIC pos=(0.00,0.00,0.38) half=(5.97,1.52,0.25) id=8388614
[Actor] idx=26 class=7 commonOff=19408 NumberOfLocalMailboxes=0
[Actor] idx=27 class=7 commonOff=19408 NumberOfLocalMailboxes=0
[Actor] idx=28 class=5 commonOff=19408 NumberOfLocalMailboxes=0
jolt: body STATIC pos=(0.00,0.00,-1.26) half=(6.25,1.80,1.24) id=8388615
[Actor] idx=29 class=5 commonOff=19408 NumberOfLocalMailboxes=0
jolt: body STATIC pos=(0.00,2.97,7.50) half=(30.00,0.12,12.50) id=8388616
[Actor] idx=30 class=23 commonOff=19408 NumberOfLocalMailboxes=0
[Actor] idx=31 class=3 commonOff=19408 NumberOfLocalMailboxes=0
[Actor] idx=32 class=16 commonOff=19408 NumberOfLocalMailboxes=0
LMalloc of 20 not 8-byte aligned, rounding up
DMalloc of 404 not 8-byte aligned, rounding up
DMalloc of 446 not 8-byte aligned, rounding up
DMalloc of 454 not 8-byte aligned, rounding up
DMalloc of 404 not 8-byte aligned, rounding up
Walking from 0
0->0
0->0
LMalloc of 20 not 8-byte aligned, rounding up
LMalloc of 20 not 8-byte aligned, rounding up
ASS closed without all data read (bytesLeft = 4118)
ASS closed without all data read (bytesLeft = 150)
ASS closed without all data read (bytesLeft = 16)
ASS closed without all data read (bytesLeft = 16)
ASS closed without all data read (bytesLeft = 31244)
ASS closed without all data read (bytesLeft = 21964)
ASS closed without all data read (bytesLeft = 14316)
ASS closed without all data read (bytesLeft = 15596)
ASS closed without all data read (bytesLeft = 6700)
ASS closed without all data read (bytesLeft = 6700)
ASS closed without all data read (bytesLeft = 8364)
ASS closed without all data read (bytesLeft = 8364)
ASS closed without all data read (bytesLeft = 588)
ASS closed without all data read (bytesLeft = 4692)
ASS closed without all data read (bytesLeft = 588)
ASS closed without all data read (bytesLeft = 588)
ASS closed without all data read (bytesLeft = 588)
ASS closed without all data read (bytesLeft = 588)
ASS closed without all data read (bytesLeft = 1260)
ASS closed without all data read (bytesLeft = 588)
ASS closed without all data read (bytesLeft = 18828)
ASS closed without all data read (bytesLeft = 23940)
ASS closed without all data read (bytesLeft = 588)
ASS closed without all data read (bytesLeft = 588)
PixelMap::Load: this = 0x6e70fe327c00
PixelMap::Load: this = 0x6e70fe327c40
LMalloc of 28 not 8-byte aligned, rounding up
LMalloc of 28 not 8-byte aligned, rounding up
LMalloc of 28 not 8-byte aligned, rounding up
LMalloc of 28 not 8-byte aligned, rounding up
LMalloc of 6276 not 8-byte aligned, rounding up
RenderActor3DAnimates constructed with no animations!
LMalloc of 23636 not 8-byte aligned, rounding up
RenderActor3DAnimates constructed with no animations!
LMalloc of 17956 not 8-byte aligned, rounding up
RenderActor3DAnimates constructed with no animations!
LMalloc of 10836 not 8-byte aligned, rounding up
RenderActor3DAnimates constructed with no animations!
LMalloc of 12116 not 8-byte aligned, rounding up
RenderActor3DAnimates constructed with no animations!
LMalloc of 4276 not 8-byte aligned, rounding up
RenderActor3DAnimates constructed with no animations!
LMalloc of 4276 not 8-byte aligned, rounding up
RenderActor3DAnimates constructed with no animations!
LMalloc of 4356 not 8-byte aligned, rounding up
RenderActor3DAnimates constructed with no animations!
LMalloc of 4356 not 8-byte aligned, rounding up
RenderActor3DAnimates constructed with no animations!
LMalloc of 276 not 8-byte aligned, rounding up
RenderActor3DAnimates constructed with no animations!
MATL closed without all data read (bytesLeft = 264)
jolt: mesh actor_pos=(0.000,0.000,0.000)
jolt: mesh v0 local=(-6.096,-1.651,0.000) world=(-6.096,-1.651,0.000)
jolt: mesh v1 local=(-6.096,-1.651,0.127) world=(-6.096,-1.651,0.127)
jolt: mesh v2 local=(-6.096,1.651,0.000) world=(-6.096,1.651,0.000)
jolt: mesh v3 local=(-6.096,1.651,0.127) world=(-6.096,1.651,0.127)
jolt: mesh v4 local=(6.096,-1.651,0.000) world=(6.096,-1.651,0.000)
jolt: mesh v5 local=(6.096,-1.651,0.127) world=(6.096,-1.651,0.127)
jolt: mesh v6 local=(6.096,1.651,0.000) world=(6.096,1.651,0.000)
jolt: mesh v7 local=(6.096,1.651,0.127) world=(6.096,1.651,0.127)
jolt: body MESH_STATIC verts=8 faces=12 id=16777216
LMalloc of 2436 not 8-byte aligned, rounding up
RenderActor3DAnimates constructed with no animations!
MATL closed without all data read (bytesLeft = 2640)
jolt: mesh actor_pos=(0.000,0.000,0.000)
jolt: mesh v0 local=(-5.969,1.524,0.635) world=(-5.969,1.524,0.635)
jolt: mesh v1 local=(-5.969,1.524,1.054) world=(-5.969,1.524,1.054)
jolt: mesh v2 local=(-5.969,1.524,1.473) world=(-5.969,1.524,1.473)
jolt: mesh v3 local=(-5.969,1.524,1.892) world=(-5.969,1.524,1.892)
jolt: mesh v4 local=(-5.969,1.524,2.311) world=(-5.969,1.524,2.311)
jolt: mesh v5 local=(-5.969,1.524,2.730) world=(-5.969,1.524,2.730)
jolt: mesh v6 local=(-5.969,1.524,3.150) world=(-5.969,1.524,3.150)
jolt: mesh v7 local=(-5.969,1.524,3.569) world=(-5.969,1.524,3.569)
jolt: mesh v8 local=(-5.969,1.524,3.988) world=(-5.969,1.524,3.988)
jolt: mesh v9 local=(-5.969,1.524,4.407) world=(-5.969,1.524,4.407)
jolt: mesh v10 local=(-5.969,1.524,4.826) world=(-5.969,1.524,4.826)
jolt: mesh v11 local=(-5.969,1.651,0.635) world=(-5.969,1.651,0.635)
jolt: mesh v12 local=(-5.969,1.651,1.054) world=(-5.969,1.651,1.054)
jolt: mesh v13 local=(-5.969,1.651,1.473) world=(-5.969,1.651,1.473)
jolt: mesh v14 local=(-5.969,1.651,1.892) world=(-5.969,1.651,1.892)
jolt: mesh v15 local=(-5.969,1.651,2.311) world=(-5.969,1.651,2.311)
jolt: mesh v16 local=(-5.969,1.651,2.730) world=(-5.969,1.651,2.730)
jolt: mesh v17 local=(-5.969,1.651,3.150) world=(-5.969,1.651,3.150)
jolt: mesh v18 local=(-5.969,1.651,3.569) world=(-5.969,1.651,3.569)
jolt: mesh v19 local=(-5.969,1.651,3.988) world=(-5.969,1.651,3.988)
jolt: mesh v20 local=(-5.969,1.651,4.407) world=(-5.969,1.651,4.407)
jolt: mesh v21 local=(-5.969,1.651,4.826) world=(-5.969,1.651,4.826)
jolt: mesh v22 local=(5.969,1.524,0.635) world=(5.969,1.524,0.635)
jolt: mesh v23 local=(5.969,1.524,1.054) world=(5.969,1.524,1.054)
jolt: mesh v24 local=(5.969,1.524,1.473) world=(5.969,1.524,1.473)
jolt: mesh v25 local=(5.969,1.524,1.892) world=(5.969,1.524,1.892)
jolt: mesh v26 local=(5.969,1.524,2.311) world=(5.969,1.524,2.311)
jolt: mesh v27 local=(5.969,1.524,2.730) world=(5.969,1.524,2.730)
jolt: mesh v28 local=(5.969,1.524,3.150) world=(5.969,1.524,3.150)
jolt: mesh v29 local=(5.969,1.524,3.569) world=(5.969,1.524,3.569)
jolt: mesh v30 local=(5.969,1.524,3.988) world=(5.969,1.524,3.988)
jolt: mesh v31 local=(5.969,1.524,4.407) world=(5.969,1.524,4.407)
jolt: mesh v32 local=(5.969,1.524,4.826) world=(5.969,1.524,4.826)
jolt: mesh v33 local=(5.969,1.651,0.635) world=(5.969,1.651,0.635)
jolt: mesh v34 local=(5.969,1.651,1.054) world=(5.969,1.651,1.054)
jolt: mesh v35 local=(5.969,1.651,1.473) world=(5.969,1.651,1.473)
jolt: mesh v36 local=(5.969,1.651,1.892) world=(5.969,1.651,1.892)
jolt: mesh v37 local=(5.969,1.651,2.311) world=(5.969,1.651,2.311)
jolt: mesh v38 local=(5.969,1.651,2.730) world=(5.969,1.651,2.730)
jolt: mesh v39 local=(5.969,1.651,3.150) world=(5.969,1.651,3.150)
jolt: mesh v40 local=(5.969,1.651,3.569) world=(5.969,1.651,3.569)
jolt: mesh v41 local=(5.969,1.651,3.988) world=(5.969,1.651,3.988)
jolt: mesh v42 local=(5.969,1.651,4.407) world=(5.969,1.651,4.407)
jolt: mesh v43 local=(5.969,1.651,4.826) world=(5.969,1.651,4.826)
jolt: body MESH_STATIC verts=44 faces=120 id=16777217
LMalloc of 276 not 8-byte aligned, rounding up
RenderActor3DAnimates constructed with no animations!
MATL closed without all data read (bytesLeft = 264)
jolt: mesh actor_pos=(0.000,0.000,0.000)
jolt: mesh v0 local=(-6.096,1.524,4.826) world=(-6.096,1.524,4.826)
jolt: mesh v1 local=(-6.096,1.524,5.334) world=(-6.096,1.524,5.334)
jolt: mesh v2 local=(-6.096,1.651,4.826) world=(-6.096,1.651,4.826)
jolt: mesh v3 local=(-6.096,1.651,5.334) world=(-6.096,1.651,5.334)
jolt: mesh v4 local=(6.096,1.524,4.826) world=(6.096,1.524,4.826)
jolt: mesh v5 local=(6.096,1.524,5.334) world=(6.096,1.524,5.334)
jolt: mesh v6 local=(6.096,1.651,4.826) world=(6.096,1.651,4.826)
jolt: mesh v7 local=(6.096,1.651,5.334) world=(6.096,1.651,5.334)
jolt: body MESH_STATIC verts=8 faces=12 id=16777218
LMalloc of 276 not 8-byte aligned, rounding up
RenderActor3DAnimates constructed with no animations!
MATL closed without all data read (bytesLeft = 264)
jolt: mesh actor_pos=(0.000,0.000,0.000)
jolt: mesh v0 local=(-6.096,-1.651,0.000) world=(-6.096,-1.651,0.000)
jolt: mesh v1 local=(-6.096,-1.651,5.334) world=(-6.096,-1.651,5.334)
jolt: mesh v2 local=(-6.096,1.651,0.000) world=(-6.096,1.651,0.000)
jolt: mesh v3 local=(-6.096,1.651,5.334) world=(-6.096,1.651,5.334)
jolt: mesh v4 local=(-5.969,-1.651,0.000) world=(-5.969,-1.651,0.000)
jolt: mesh v5 local=(-5.969,-1.651,5.334) world=(-5.969,-1.651,5.334)
jolt: mesh v6 local=(-5.969,1.651,0.000) world=(-5.969,1.651,0.000)
jolt: mesh v7 local=(-5.969,1.651,5.334) world=(-5.969,1.651,5.334)
jolt: body MESH_STATIC verts=8 faces=12 id=16777219
LMalloc of 276 not 8-byte aligned, rounding up
RenderActor3DAnimates constructed with no animations!
MATL closed without all data read (bytesLeft = 264)
jolt: mesh actor_pos=(0.000,0.000,0.000)
jolt: mesh v0 local=(5.969,-1.651,0.000) world=(5.969,-1.651,0.000)
jolt: mesh v1 local=(5.969,-1.651,5.334) world=(5.969,-1.651,5.334)
jolt: mesh v2 local=(5.969,1.651,0.000) world=(5.969,1.651,0.000)
jolt: mesh v3 local=(5.969,1.651,5.334) world=(5.969,1.651,5.334)
jolt: mesh v4 local=(6.096,-1.651,0.000) world=(6.096,-1.651,0.000)
jolt: mesh v5 local=(6.096,-1.651,5.334) world=(6.096,-1.651,5.334)
jolt: mesh v6 local=(6.096,1.651,0.000) world=(6.096,1.651,0.000)
jolt: mesh v7 local=(6.096,1.651,5.334) world=(6.096,1.651,5.334)
jolt: body MESH_STATIC verts=8 faces=12 id=16777220
LMalloc of 276 not 8-byte aligned, rounding up
RenderActor3DAnimates constructed with no animations!
MATL closed without all data read (bytesLeft = 264)
jolt: mesh actor_pos=(0.000,0.000,0.000)
jolt: mesh v0 local=(-6.096,-1.778,0.000) world=(-6.096,-1.778,0.000)
jolt: mesh v1 local=(-6.096,-1.778,5.334) world=(-6.096,-1.778,5.334)
jolt: mesh v2 local=(-6.096,-1.651,0.000) world=(-6.096,-1.651,0.000)
jolt: mesh v3 local=(-6.096,-1.651,5.334) world=(-6.096,-1.651,5.334)
jolt: mesh v4 local=(6.096,-1.778,0.000) world=(6.096,-1.778,0.000)
jolt: mesh v5 local=(6.096,-1.778,5.334) world=(6.096,-1.778,5.334)
jolt: mesh v6 local=(6.096,-1.651,0.000) world=(6.096,-1.651,0.000)
jolt: mesh v7 local=(6.096,-1.651,5.334) world=(6.096,-1.651,5.334)
jolt: body MESH_STATIC verts=8 faces=12 id=16777221
LMalloc of 996 not 8-byte aligned, rounding up
RenderActor3DAnimates constructed with no animations!
LMalloc of 276 not 8-byte aligned, rounding up
RenderActor3DAnimates constructed with no animations!
MATL closed without all data read (bytesLeft = 264)
jolt: mesh actor_pos=(0.000,0.000,0.000)
jolt: mesh v0 local=(-5.969,-1.524,0.127) world=(-5.969,-1.524,0.127)
jolt: mesh v1 local=(-5.969,-1.524,0.635) world=(-5.969,-1.524,0.635)
jolt: mesh v2 local=(-5.969,1.524,0.127) world=(-5.969,1.524,0.127)
jolt: mesh v3 local=(-5.969,1.524,0.635) world=(-5.969,1.524,0.635)
jolt: mesh v4 local=(5.969,-1.524,0.127) world=(5.969,-1.524,0.127)
jolt: mesh v5 local=(5.969,-1.524,0.635) world=(5.969,-1.524,0.635)
jolt: mesh v6 local=(5.969,1.524,0.127) world=(5.969,1.524,0.127)
jolt: mesh v7 local=(5.969,1.524,0.635) world=(5.969,1.524,0.635)
jolt: body MESH_STATIC verts=8 faces=12 id=16777222
LMalloc of 14436 not 8-byte aligned, rounding up
RenderActor3DAnimates constructed with no animations!
LMalloc of 19356 not 8-byte aligned, rounding up
RenderActor3DAnimates constructed with no animations!
LMalloc of 276 not 8-byte aligned, rounding up
RenderActor3DAnimates constructed with no animations!
MATL closed without all data read (bytesLeft = 264)
jolt: mesh actor_pos=(0.000,0.000,0.000)
jolt: mesh v0 local=(-6.246,-1.801,-2.500) world=(-6.246,-1.801,-2.500)
jolt: mesh v1 local=(-6.246,-1.801,-0.025) world=(-6.246,-1.801,-0.025)
jolt: mesh v2 local=(-6.246,1.801,-2.500) world=(-6.246,1.801,-2.500)
jolt: mesh v3 local=(-6.246,1.801,-0.025) world=(-6.246,1.801,-0.025)
jolt: mesh v4 local=(6.246,-1.801,-2.500) world=(6.246,-1.801,-2.500)
jolt: mesh v5 local=(6.246,-1.801,-0.025) world=(6.246,-1.801,-0.025)
jolt: mesh v6 local=(6.246,1.801,-2.500) world=(6.246,1.801,-2.500)
jolt: mesh v7 local=(6.246,1.801,-0.025) world=(6.246,1.801,-0.025)
jolt: body MESH_STATIC verts=8 faces=12 id=16777223
LMalloc of 276 not 8-byte aligned, rounding up
RenderActor3DAnimates constructed with no animations!
MATL closed without all data read (bytesLeft = 264)
jolt: mesh actor_pos=(0.000,0.000,0.000)
jolt: mesh v0 local=(-30.000,3.000,-5.000) world=(-30.000,3.000,-5.000)
jolt: mesh v1 local=(-30.000,3.000,20.000) world=(-30.000,3.000,20.000)
jolt: mesh v2 local=(-30.000,3.100,-5.000) world=(-30.000,3.100,-5.000)
jolt: mesh v3 local=(-30.000,3.100,20.000) world=(-30.000,3.100,20.000)
jolt: mesh v4 local=(30.000,3.000,-5.000) world=(30.000,3.000,-5.000)
jolt: mesh v5 local=(30.000,3.000,20.000) world=(30.000,3.000,20.000)
jolt: mesh v6 local=(30.000,3.100,-5.000) world=(30.000,3.100,-5.000)
jolt: mesh v7 local=(30.000,3.100,20.000) world=(30.000,3.100,20.000)
jolt: body MESH_STATIC verts=8 faces=12 id=16777224
zforth: INDEXOF_CAMSHOT = 1921 (expect 1921)
zforth: INDEXOF_CAMSHOT = 1921 (expect 1921)
jolt: OptimizeBroadPhase done (9 static bodies)
audio: MusicPlayer — soundfont not found: florestan-subset.sf2
audio: sfx[0] not found: wflevels/qbert_practice/sfx/qbert_hop.wav
audio: sfx[1] not found: wflevels/qbert_practice/sfx/qbert_land.wav
audio: sfx[2] not found: wflevels/qbert_practice/sfx/qbert_fall.wav
audio: sfx[3] not found: wflevels/qbert_practice/sfx/qbert_swear.wav
audio: sfx[4] not found: wflevels/qbert_practice/sfx/qbert_round_clear.wav
audio: sfx[5] not found: wflevels/qbert_practice/sfx/qbert_kill.wav
audio: sfx[6] not found: wflevels/qbert_practice/sfx/qbert_disc.wav
rest_api: listening on http://127.0.0.1:8765
[debug] listening on :17921
[debug] client connected fd=18 from 127.0.0.1
delta too large: 0.2272338867
timeofday:1790995508:848264
lasttimeofday: 1790995508:621029
deltatime:0:227235
delta: 0.2272338867
delta too large: 0.5258331299
timeofday:1790995509:806961
lasttimeofday: 1790995509:281120
deltatime:0:525841
delta: 0.5258331299
delta too large: 0.4744415283
timeofday:1790995510:365600
lasttimeofday: 1790995509:891147
deltatime:0:474453
delta: 0.4744415283
delta too large: 0.5480499268
timeofday:1790995510:913661
lasttimeofday: 1790995510:365600
deltatime:0:548061
delta: 0.5480499268
delta too large: 0.516418457
timeofday:1790995511:519503
lasttimeofday: 1790995511:3074
deltatime:0:516429
delta: 0.516418457
delta too large: 0.4749755859
timeofday:1790995512:83835
lasttimeofday: 1790995511:608858
deltatime:0:474977
delta: 0.4749755859
delta too large: 0.4985961914
timeofday:1790995512:685750
lasttimeofday: 1790995512:187147
deltatime:0:498603
delta: 0.4985961914
delta too large: 0.4992828369
timeofday:1790995513:287280
lasttimeofday: 1790995512:787993
deltatime:0:499287
delta: 0.4992828369
delta too large: 0.4870758057
timeofday:1790995513:841838
lasttimeofday: 1790995513:354762
deltatime:0:487076
delta: 0.4870758057
delta too large: 0.4704284668
timeofday:1790995514:401407
lasttimeofday: 1790995513:930972
deltatime:0:470435
delta: 0.4704284668
delta too large: 0.5070343018
timeofday:1790995514:994333
lasttimeofday: 1790995514:487294
deltatime:0:507039
delta: 0.5070343018
delta too large: 0.4948577881
timeofday:1790995515:599326
lasttimeofday: 1790995515:104466
deltatime:0:494860
delta: 0.4948577881
delta too large: 0.4724884033
timeofday:1790995516:163517
lasttimeofday: 1790995515:691021
deltatime:0:472496
delta: 0.4724884033
delta too large: 0.4748687744
timeofday:1790995516:704939
lasttimeofday: 1790995516:230069
deltatime:0:474870
delta: 0.4748687744
delta too large: 0.4821624756
timeofday:1790995517:187102
lasttimeofday: 1790995516:704939
deltatime:0:482163
delta: 0.4821624756
delta too large: 0.4738006592
timeofday:1790995517:746821
lasttimeofday: 1790995517:273020
deltatime:0:473801
delta: 0.4738006592
ball pos: (0.782, -0.185, 2.500)
delta too large: 0.4685974121
timeofday:1790995518:307306
lasttimeofday: 1790995517:838703
deltatime:0:468603
delta: 0.4685974121
delta too large: 0.4687957764
timeofday:1790995518:862258
lasttimeofday: 1790995518:393454
deltatime:0:468804
delta: 0.4687957764
delta too large: 0.4563751221
timeofday:1790995519:402790
lasttimeofday: 1790995518:946413
deltatime:0:456377
delta: 0.4563751221
delta too large: 0.4547119141
timeofday:1790995519:941224
lasttimeofday: 1790995519:486507
deltatime:0:454717
delta: 0.4547119141
delta too large: 0.4469909668
timeofday:1790995520:450521
lasttimeofday: 1790995520:3517
deltatime:0:447004
delta: 0.4469909668
delta too large: 0.4613037109
timeofday:1790995521:15169
lasttimeofday: 1790995520:553861
deltatime:0:461308
delta: 0.4613037109
delta too large: 0.5314788818
timeofday:1790995521:639567
lasttimeofday: 1790995521:108087
deltatime:0:531480
delta: 0.5314788818
delta too large: 0.5395965576
timeofday:1790995522:265480
lasttimeofday: 1790995521:725875
deltatime:0:539605
delta: 0.5395965576
delta too large: 0.4906768799
timeofday:1790995522:846060
lasttimeofday: 1790995522:355370
deltatime:0:490690
delta: 0.4906768799
delta too large: 0.4423217773
timeofday:1790995523:388200
lasttimeofday: 1790995522:945863
deltatime:0:442337
delta: 0.4423217773
delta too large: 0.4761962891
timeofday:1790995523:946439
lasttimeofday: 1790995523:470229
deltatime:0:476210
delta: 0.4761962891
delta too large: 0.4619598389
timeofday:1790995524:494635
lasttimeofday: 1790995524:32661
deltatime:0:461974
delta: 0.4619598389
delta too large: 0.4595489502
timeofday:1790995525:38139
lasttimeofday: 1790995524:578581
deltatime:0:459558
delta: 0.4595489502
delta too large: 0.4545898438
timeofday:1790995525:582529
lasttimeofday: 1790995525:127937
deltatime:0:454592
delta: 0.4545898438
delta too large: 0.4766693115
timeofday:1790995526:59209
lasttimeofday: 1790995525:582529
deltatime:0:476680
delta: 0.4766693115
delta too large: 0.4889678955
timeofday:1790995526:632644
lasttimeofday: 1790995526:143670
deltatime:0:488974
delta: 0.4889678955
ball pos: (0.161, -0.043, 2.507)
delta too large: 0.4659881592
timeofday:1790995527:183144
lasttimeofday: 1790995526:717151
deltatime:0:465993
delta: 0.4659881592
delta too large: 0.4579772949
timeofday:1790995527:726499
lasttimeofday: 1790995527:268510
deltatime:0:457989
delta: 0.4579772949
delta too large: 0.4792175293
timeofday:1790995528:289431
lasttimeofday: 1790995527:810209
deltatime:0:479222
delta: 0.4792175293
delta too large: 0.475402832
timeofday:1790995528:846250
lasttimeofday: 1790995528:370844
deltatime:0:475406
delta: 0.475402832
delta too large: 0.4860992432
timeofday:1790995529:417403
lasttimeofday: 1790995528:931298
deltatime:0:486105
delta: 0.4860992432
delta too large: 0.4676055908
timeofday:1790995529:991621
lasttimeofday: 1790995529:524002
deltatime:0:467619
delta: 0.4676055908
delta too large: 0.4898529053
timeofday:1790995530:575165
lasttimeofday: 1790995530:85307
deltatime:0:489858
delta: 0.4898529053
delta too large: 0.464050293
timeofday:1790995531:124971
lasttimeofday: 1790995530:660916
deltatime:0:464055
delta: 0.464050293
delta too large: 0.4766845703
timeofday:1790995531:709967
lasttimeofday: 1790995531:233269
deltatime:0:476698
delta: 0.4766845703
delta too large: 0.4245300293
timeofday:1790995532:134501
lasttimeofday: 1790995531:709967
deltatime:0:424534
delta: 0.4245300293
delta too large: 0.4221191406
timeofday:1790995532:673309
lasttimeofday: 1790995532:251187
deltatime:0:422122
delta: 0.4221191406
delta too large: 0.4373321533
timeofday:1790995533:189655
lasttimeofday: 1790995532:752315
deltatime:0:437340
delta: 0.4373321533
delta too large: 0.4179382324
timeofday:1790995533:688958
lasttimeofday: 1790995533:271006
deltatime:0:417952
delta: 0.4179382324
delta too large: 0.4292449951
timeofday:1790995534:179295
lasttimeofday: 1790995533:750047
deltatime:0:429248
delta: 0.4292449951
delta too large: 0.4223632812
timeofday:1790995534:698774
lasttimeofday: 1790995534:276401
deltatime:0:422373
delta: 0.4223632812
delta too large: 0.4384918213
timeofday:1790995535:238800
lasttimeofday: 1790995534:800304
deltatime:0:438496
delta: 0.4384918213
ball pos: (-0.637, -0.043, 2.879)
delta too large: 0.4357452393
timeofday:1790995535:771812
lasttimeofday: 1790995535:336056
deltatime:0:435756
delta: 0.4357452393
delta too large: 0.436706543
timeofday:1790995536:299606
lasttimeofday: 1790995535:862898
deltatime:0:436708
delta: 0.436706543
delta too large: 0.4130096436
timeofday:1790995536:809336
lasttimeofday: 1790995536:396313
deltatime:0:413023
delta: 0.4130096436
delta too large: 0.4209136963
timeofday:1790995537:325444
lasttimeofday: 1790995536:904521
deltatime:0:420923
delta: 0.4209136963
delta too large: 0.4073638916
timeofday:1790995537:732808
lasttimeofday: 1790995537:325444
deltatime:0:407364
delta: 0.4073638916
delta too large: 0.4357452393
timeofday:1790995538:259540
lasttimeofday: 1790995537:823794
deltatime:0:435746
delta: 0.4357452393
delta too large: 0.4479370117
timeofday:1790995538:789007
lasttimeofday: 1790995538:341068
deltatime:0:447939
delta: 0.4479370117
delta too large: 0.4214935303
timeofday:1790995539:297899
lasttimeofday: 1790995538:876403
deltatime:0:421496
delta: 0.4214935303
delta too large: 0.4417419434
timeofday:1790995539:801952
lasttimeofday: 1790995539:360201
deltatime:0:441751
delta: 0.4417419434
delta too large: 0.4227142334
timeofday:1790995540:318932
lasttimeofday: 1790995539:896216
deltatime:0:422716
delta: 0.4227142334
delta too large: 0.4283905029
timeofday:1790995540:747325
lasttimeofday: 1790995540:318932
deltatime:0:428393
delta: 0.4283905029
delta too large: 0.4222717285
timeofday:1790995541:256572
lasttimeofday: 1790995540:834297
deltatime:0:422275
delta: 0.4222717285
delta too large: 0.4213256836
timeofday:1790995541:787263
lasttimeofday: 1790995541:365937
deltatime:0:421326
delta: 0.4213256836
delta too large: 0.4155578613
timeofday:1790995542:296492
lasttimeofday: 1790995541:880931
deltatime:0:415561
delta: 0.4155578613
delta too large: 0.4262084961
timeofday:1790995542:819402
lasttimeofday: 1790995542:393182
deltatime:0:426220
delta: 0.4262084961
delta too large: 0.4420776367
timeofday:1790995543:357946
lasttimeofday: 1790995542:915855
deltatime:0:442091
delta: 0.4420776367
delta too large: 0.4158782959
timeofday:1790995543:871912
lasttimeofday: 1790995543:456031
deltatime:0:415881
delta: 0.4158782959
ball pos: (-0.984, -0.043, 2.879)
delta too large: 0.4232940674
timeofday:1790995544:389714
lasttimeofday: 1790995543:966415
deltatime:0:423299
delta: 0.4232940674
delta too large: 0.4197692871
timeofday:1790995544:892514
lasttimeofday: 1790995544:472744
deltatime:0:419770
delta: 0.4197692871
delta too large: 0.4184112549
timeofday:1790995545:389132
lasttimeofday: 1790995544:970707
deltatime:0:418425
delta: 0.4184112549
delta too large: 0.4124908447
timeofday:1790995545:894959
lasttimeofday: 1790995545:482467
deltatime:0:412492
delta: 0.4124908447
delta too large: 0.4276885986
timeofday:1790995546:322660
lasttimeofday: 1790995545:894959
deltatime:0:427701
delta: 0.4276885986
[debug] client disconnected fd=18
