[INFO] cheat ON (Demo Mode + Unlim Lives + Start=Adv)
[INFO] WAIT_RAM
[round 1] L1R1 ram=0x04 frame=1101
[snap] idx=0000 round=1 L1R1 state0 frame=1106
[snap] idx=0001 round=1 L1R1 state1 frame=1220
[round 2] L1R2 ram=0x05 frame=1281
[snap] idx=0002 round=2 L1R2 state0 frame=1286
[snap] idx=0003 round=2 L1R2 state1 frame=1400
[round 3] L1R3 ram=0x06 frame=1537
[snap] idx=0004 round=3 L1R3 state0 frame=1542
[snap] idx=0005 round=3 L1R3 state1 frame=1656
[round 4] L1R4 ram=0x07 frame=1793
[snap] idx=0006 round=4 L1R4 state0 frame=1798
[snap] idx=0007 round=4 L1R4 state1 frame=1912
[round 5] L2-trans ram=0x08 frame=2049
[skip] L2-trans transition
[round 6] L2R1 ram=0x09 frame=2305
[snap] idx=0008 round=6 L2R1 state0 frame=2310
[snap] idx=0009 round=6 L2R1 state1 frame=2424
[round 7] L2R2 ram=0x0A frame=2561
[snap] idx=0010 round=7 L2R2 state0 frame=2566
[snap] idx=0011 round=7 L2R2 state1 frame=2680
[round 8] L2R3 ram=0x0B frame=2817
[snap] idx=0012 round=8 L2R3 state0 frame=2822
[snap] idx=0013 round=8 L2R3 state1 frame=2936
[round 9] L2R4 ram=0x0C frame=3073
[snap] idx=0014 round=9 L2R4 state0 frame=3078
[snap] idx=0015 round=9 L2R4 state1 frame=3192
[round 10] L3-trans ram=0x0D frame=3329
[skip] L3-trans transition
[round 11] L3R1 ram=0x0E frame=3585
[snap] idx=0016 round=11 L3R1 state0 frame=3590
[snap] idx=0017 round=11 L3R1 state1 frame=3704
[round 12] L3R2 ram=0x0F frame=3841
[snap] idx=0018 round=12 L3R2 state0 frame=3846
[snap] idx=0019 round=12 L3R2 state1 frame=3960
[round 13] L3R3 ram=0x10 frame=4097
[snap] idx=0020 round=13 L3R3 state0 frame=4102
[snap] idx=0021 round=13 L3R3 state1 frame=4216
[round 14] L3R4 ram=0x11 frame=4353
[snap] idx=0022 round=14 L3R4 state0 frame=4358
[snap] idx=0023 round=14 L3R4 state1 frame=4472
[round 15] L4-trans ram=0x12 frame=4609
[skip] L4-trans transition
[round 16] L4R1 ram=0x13 frame=4865
[snap] idx=0024 round=16 L4R1 state0 frame=4870
[snap] idx=0025 round=16 L4R1 state1 frame=4984
[round 17] L4R2 ram=0x14 frame=5121
[snap] idx=0026 round=17 L4R2 state0 frame=5126
[snap] idx=0027 round=17 L4R2 state1 frame=5240
[round 18] L4R3 ram=0x15 frame=5377
[snap] idx=0028 round=18 L4R3 state0 frame=5382
[snap] idx=0029 round=18 L4R3 state1 frame=5496
[round 19] L4R4 ram=0x16 frame=5633
[snap] idx=0030 round=19 L4R4 state0 frame=5638
[snap] idx=0031 round=19 L4R4 state1 frame=5752
[round 20] ? ram=0x17 frame=5889
[done]
