material: texture=""  bTranslucent=0  bitdepth=16  flags_in=0x2
material: texture=""  bTranslucent=0  bitdepth=16  flags_in=0x2
audio: miniaudio v0.11.25 ready
DEBUG = 1,
DO_ASSERTIONS = 1, NO_ASSERT_EXPR = 0, USE_INLINE_DEFS = 1, WF_BIG_ENDIAN = 0
argc = 9, argv: /home/will/WorldFoundry-wbniv/engine/wf_game -L/home/will/WorldFoundry-wbniv/wflevels/aquarium_plants-standalone.iff -rate20 -width=960 -height=540 --debug-port 17946 --debug-bind 127.0.0.1 
cbHalLmalloc = 64000000, cbHalScratchLmalloc = 180000
wf_game v0.4.1, Built:Jul 31 2026,10:21:50 by kts
-L/home/will/WorldFoundry-wbniv/wflevels/aquarium_plants-standalone.iff
-rate20
Fake clock delta = 0.05000000075
-width=960
-height=540
--debug-port
--debug-bind
argc = 9, commandIndex = 9
Level=-1
cerror:
cwarn:
cstats:
wf_game Ver 0.4.1, Built:Jul 31 2026,10:21:50 by kts
DBSTREAMS jolt: RegisterDefaultAllocator
jolt: Factory
jolt: RegisterTypes
jolt: RunSelftest
jolt: selftest ok (sphere fell to z=5.098)
jolt: backend init
jolt: backend ready (gravity -Z)
jolt: init complete
LMalloc of 412 not 8-byte aligned, rounding up
LMalloc of 7620 not 8-byte aligned, rounding up
LMalloc of 20 not 8-byte aligned, rounding up
LMalloc of 20 not 8-byte aligned, rounding up
Level::Level: leveldata= 0x73e809fff918, object count  = 39
ASS closed without all data read (bytesLeft = 4118)
ASS closed without all data read (bytesLeft = 150)
ASS closed without all data read (bytesLeft = 16)
ASS closed without all data read (bytesLeft = 16)
ASS closed without all data read (bytesLeft = 13508)
PixelMap::Load: this = 0x73e808727b98
PixelMap::Load: this = 0x73e808727bd8
LMalloc of 28 not 8-byte aligned, rounding up
LMalloc of 28 not 8-byte aligned, rounding up
LMalloc of 28 not 8-byte aligned, rounding up
LMalloc of 28 not 8-byte aligned, rounding up
LMalloc of 100 not 8-byte aligned, rounding up
[Actor] idx=2 class=23 commonOff=9516 NumberOfLocalMailboxes=0
[Actor] idx=3 class=13 commonOff=9516 NumberOfLocalMailboxes=0
this = 0x73e80872b0d8,setting _memory to 0x73e80872abe0
DMalloc of 52 not 8-byte aligned, rounding up
[Actor] idx=4 class=20 commonOff=10228 NumberOfLocalMailboxes=0
[Actor] idx=6 class=11 commonOff=9516 NumberOfLocalMailboxes=0
[Actor] idx=7 class=16 commonOff=9516 NumberOfLocalMailboxes=0
[Actor] idx=8 class=3 commonOff=9516 NumberOfLocalMailboxes=0
[Actor] idx=9 class=22 commonOff=10968 NumberOfLocalMailboxes=6
jolt: character 0 created at (0.00, -0.85, 0.86) ctr=(0.00,0.00,0.00)
[Actor] idx=10 class=7 commonOff=9516 NumberOfLocalMailboxes=0
[Actor] idx=11 class=7 commonOff=9516 NumberOfLocalMailboxes=0
[Actor] idx=12 class=7 commonOff=9516 NumberOfLocalMailboxes=0
[Actor] idx=13 class=7 commonOff=9516 NumberOfLocalMailboxes=0
[Actor] idx=14 class=7 commonOff=9516 NumberOfLocalMailboxes=0
[Actor] idx=15 class=7 commonOff=9516 NumberOfLocalMailboxes=0
[Actor] idx=16 class=7 commonOff=9516 NumberOfLocalMailboxes=0
[Actor] idx=17 class=7 commonOff=9516 NumberOfLocalMailboxes=0
[Actor] idx=18 class=5 commonOff=9516 NumberOfLocalMailboxes=0
jolt: body STATIC pos=(0.00,0.00,0.00) half=(6.10,1.65,0.12) id=8388608
[Actor] idx=19 class=5 commonOff=9516 NumberOfLocalMailboxes=0
jolt: body STATIC pos=(0.00,1.53,2.73) half=(5.97,0.12,2.10) id=8388609
[Actor] idx=20 class=5 commonOff=9516 NumberOfLocalMailboxes=0
jolt: body STATIC pos=(0.00,1.53,5.08) half=(6.10,0.12,0.25) id=8388610
[Actor] idx=21 class=5 commonOff=9516 NumberOfLocalMailboxes=0
jolt: body STATIC pos=(-6.09,0.00,2.67) half=(0.12,1.65,2.67) id=8388611
[Actor] idx=22 class=5 commonOff=9516 NumberOfLocalMailboxes=0
jolt: body STATIC pos=(5.97,0.00,2.67) half=(0.12,1.65,2.67) id=8388612
[Actor] idx=23 class=5 commonOff=9516 NumberOfLocalMailboxes=0
jolt: body STATIC pos=(0.00,-1.78,2.67) half=(6.10,0.12,2.67) id=8388613
[Actor] idx=24 class=7 commonOff=9516 NumberOfLocalMailboxes=0
[Actor] idx=25 class=5 commonOff=9516 NumberOfLocalMailboxes=0
jolt: body STATIC pos=(0.00,0.00,0.38) half=(5.97,1.52,0.25) id=8388614
[Actor] idx=26 class=7 commonOff=11540 NumberOfLocalMailboxes=0
[Actor] idx=27 class=7 commonOff=11584 NumberOfLocalMailboxes=0
[Actor] idx=28 class=7 commonOff=11628 NumberOfLocalMailboxes=0
[Actor] idx=29 class=7 commonOff=11672 NumberOfLocalMailboxes=0
[Actor] idx=30 class=7 commonOff=11716 NumberOfLocalMailboxes=0
[Actor] idx=31 class=7 commonOff=11760 NumberOfLocalMailboxes=0
[Actor] idx=32 class=7 commonOff=11804 NumberOfLocalMailboxes=0
[Actor] idx=33 class=7 commonOff=11848 NumberOfLocalMailboxes=0
[Actor] idx=34 class=5 commonOff=9516 NumberOfLocalMailboxes=0
jolt: body STATIC pos=(0.00,0.00,-1.26) half=(6.25,1.80,1.24) id=8388615
[Actor] idx=35 class=5 commonOff=9516 NumberOfLocalMailboxes=0
jolt: body STATIC pos=(0.00,2.97,7.50) half=(30.00,0.12,12.50) id=8388616
[Actor] idx=36 class=23 commonOff=9516 NumberOfLocalMailboxes=0
[Actor] idx=37 class=3 commonOff=9516 NumberOfLocalMailboxes=0
[Actor] idx=38 class=16 commonOff=9516 NumberOfLocalMailboxes=0
LMalloc of 20 not 8-byte aligned, rounding up
DMalloc of 76 not 8-byte aligned, rounding up
DMalloc of 404 not 8-byte aligned, rounding up
DMalloc of 458 not 8-byte aligned, rounding up
DMalloc of 466 not 8-byte aligned, rounding up
DMalloc of 404 not 8-byte aligned, rounding up
Walking from 0
0->0
0->0
LMalloc of 20 not 8-byte aligned, rounding up
LMalloc of 20 not 8-byte aligned, rounding up
ASS closed without all data read (bytesLeft = 4118)
ASS closed without all data read (bytesLeft = 150)
ASS closed without all data read (bytesLeft = 16)
ASS closed without all data read (bytesLeft = 16)
ASS closed without all data read (bytesLeft = 1516)
ASS closed without all data read (bytesLeft = 588)
ASS closed without all data read (bytesLeft = 4692)
ASS closed without all data read (bytesLeft = 588)
ASS closed without all data read (bytesLeft = 588)
ASS closed without all data read (bytesLeft = 588)
ASS closed without all data read (bytesLeft = 588)
ASS closed without all data read (bytesLeft = 1260)
ASS closed without all data read (bytesLeft = 588)
ASS closed without all data read (bytesLeft = 110476)
ASS closed without all data read (bytesLeft = 117516)
ASS closed without all data read (bytesLeft = 128076)
ASS closed without all data read (bytesLeft = 99916)
ASS closed without all data read (bytesLeft = 250564)
ASS closed without all data read (bytesLeft = 250564)
ASS closed without all data read (bytesLeft = 251508)
ASS closed without all data read (bytesLeft = 249596)
ASS closed without all data read (bytesLeft = 588)
ASS closed without all data read (bytesLeft = 588)
PixelMap::Load: this = 0x73e808727c18
PixelMap::Load: this = 0x73e808727c58
LMalloc of 28 not 8-byte aligned, rounding up
LMalloc of 28 not 8-byte aligned, rounding up
LMalloc of 28 not 8-byte aligned, rounding up
LMalloc of 28 not 8-byte aligned, rounding up
LMalloc of 8276 not 8-byte aligned, rounding up
RenderActor3DAnimates constructed with no animations!
LMalloc of 1156 not 8-byte aligned, rounding up
RenderActor3DAnimates constructed with no animations!
LMalloc of 1156 not 8-byte aligned, rounding up
RenderActor3DAnimates constructed with no animations!
LMalloc of 1156 not 8-byte aligned, rounding up
RenderActor3DAnimates constructed with no animations!
LMalloc of 1156 not 8-byte aligned, rounding up
RenderActor3DAnimates constructed with no animations!
LMalloc of 1156 not 8-byte aligned, rounding up
RenderActor3DAnimates constructed with no animations!
LMalloc of 1156 not 8-byte aligned, rounding up
RenderActor3DAnimates constructed with no animations!
LMalloc of 1156 not 8-byte aligned, rounding up
RenderActor3DAnimates constructed with no animations!
LMalloc of 1156 not 8-byte aligned, rounding up
RenderActor3DAnimates constructed with no animations!
LMalloc of 276 not 8-byte aligned, rounding up
RenderActor3DAnimates constructed with no animations!
MATL closed without all data read (bytesLeft = 264)
jolt: mesh actor_pos=(0.000,0.000,0.000)
jolt: mesh v0 local=(-6.096,-1.651,0.000) world=(-6.096,-1.651,0.000)
jolt: mesh v1 local=(-6.096,-1.651,0.127) world=(-6.096,-1.651,0.127)
jolt: mesh v2 local=(-6.096,1.651,0.000) world=(-6.096,1.651,0.000)
jolt: mesh v3 local=(-6.096,1.651,0.127) world=(-6.096,1.651,0.127)
jolt: mesh v4 local=(6.096,-1.651,0.000) world=(6.096,-1.651,0.000)
jolt: mesh v5 local=(6.096,-1.651,0.127) world=(6.096,-1.651,0.127)
jolt: mesh v6 local=(6.096,1.651,0.000) world=(6.096,1.651,0.000)
jolt: mesh v7 local=(6.096,1.651,0.127) world=(6.096,1.651,0.127)
jolt: body MESH_STATIC verts=8 faces=12 id=16777216
LMalloc of 2436 not 8-byte aligned, rounding up
RenderActor3DAnimates constructed with no animations!
MATL closed without all data read (bytesLeft = 2640)
jolt: mesh actor_pos=(0.000,0.000,0.000)
jolt: mesh v0 local=(-5.969,1.524,0.635) world=(-5.969,1.524,0.635)
jolt: mesh v1 local=(-5.969,1.524,1.054) world=(-5.969,1.524,1.054)
jolt: mesh v2 local=(-5.969,1.524,1.473) world=(-5.969,1.524,1.473)
jolt: mesh v3 local=(-5.969,1.524,1.892) world=(-5.969,1.524,1.892)
jolt: mesh v4 local=(-5.969,1.524,2.311) world=(-5.969,1.524,2.311)
jolt: mesh v5 local=(-5.969,1.524,2.730) world=(-5.969,1.524,2.730)
jolt: mesh v6 local=(-5.969,1.524,3.150) world=(-5.969,1.524,3.150)
jolt: mesh v7 local=(-5.969,1.524,3.569) world=(-5.969,1.524,3.569)
jolt: mesh v8 local=(-5.969,1.524,3.988) world=(-5.969,1.524,3.988)
jolt: mesh v9 local=(-5.969,1.524,4.407) world=(-5.969,1.524,4.407)
jolt: mesh v10 local=(-5.969,1.524,4.826) world=(-5.969,1.524,4.826)
jolt: mesh v11 local=(-5.969,1.651,0.635) world=(-5.969,1.651,0.635)
jolt: mesh v12 local=(-5.969,1.651,1.054) world=(-5.969,1.651,1.054)
jolt: mesh v13 local=(-5.969,1.651,1.473) world=(-5.969,1.651,1.473)
jolt: mesh v14 local=(-5.969,1.651,1.892) world=(-5.969,1.651,1.892)
jolt: mesh v15 local=(-5.969,1.651,2.311) world=(-5.969,1.651,2.311)
jolt: mesh v16 local=(-5.969,1.651,2.730) world=(-5.969,1.651,2.730)
jolt: mesh v17 local=(-5.969,1.651,3.150) world=(-5.969,1.651,3.150)
jolt: mesh v18 local=(-5.969,1.651,3.569) world=(-5.969,1.651,3.569)
jolt: mesh v19 local=(-5.969,1.651,3.988) world=(-5.969,1.651,3.988)
jolt: mesh v20 local=(-5.969,1.651,4.407) world=(-5.969,1.651,4.407)
jolt: mesh v21 local=(-5.969,1.651,4.826) world=(-5.969,1.651,4.826)
jolt: mesh v22 local=(5.969,1.524,0.635) world=(5.969,1.524,0.635)
jolt: mesh v23 local=(5.969,1.524,1.054) world=(5.969,1.524,1.054)
jolt: mesh v24 local=(5.969,1.524,1.473) world=(5.969,1.524,1.473)
jolt: mesh v25 local=(5.969,1.524,1.892) world=(5.969,1.524,1.892)
jolt: mesh v26 local=(5.969,1.524,2.311) world=(5.969,1.524,2.311)
jolt: mesh v27 local=(5.969,1.524,2.730) world=(5.969,1.524,2.730)
jolt: mesh v28 local=(5.969,1.524,3.150) world=(5.969,1.524,3.150)
jolt: mesh v29 local=(5.969,1.524,3.569) world=(5.969,1.524,3.569)
jolt: mesh v30 local=(5.969,1.524,3.988) world=(5.969,1.524,3.988)
jolt: mesh v31 local=(5.969,1.524,4.407) world=(5.969,1.524,4.407)
jolt: mesh v32 local=(5.969,1.524,4.826) world=(5.969,1.524,4.826)
jolt: mesh v33 local=(5.969,1.651,0.635) world=(5.969,1.651,0.635)
jolt: mesh v34 local=(5.969,1.651,1.054) world=(5.969,1.651,1.054)
jolt: mesh v35 local=(5.969,1.651,1.473) world=(5.969,1.651,1.473)
jolt: mesh v36 local=(5.969,1.651,1.892) world=(5.969,1.651,1.892)
jolt: mesh v37 local=(5.969,1.651,2.311) world=(5.969,1.651,2.311)
jolt: mesh v38 local=(5.969,1.651,2.730) world=(5.969,1.651,2.730)
jolt: mesh v39 local=(5.969,1.651,3.150) world=(5.969,1.651,3.150)
jolt: mesh v40 local=(5.969,1.651,3.569) world=(5.969,1.651,3.569)
jolt: mesh v41 local=(5.969,1.651,3.988) world=(5.969,1.651,3.988)
jolt: mesh v42 local=(5.969,1.651,4.407) world=(5.969,1.651,4.407)
jolt: mesh v43 local=(5.969,1.651,4.826) world=(5.969,1.651,4.826)
jolt: body MESH_STATIC verts=44 faces=120 id=16777217
LMalloc of 276 not 8-byte aligned, rounding up
RenderActor3DAnimates constructed with no animations!
MATL closed without all data read (bytesLeft = 264)
jolt: mesh actor_pos=(0.000,0.000,0.000)
jolt: mesh v0 local=(-6.096,1.524,4.826) world=(-6.096,1.524,4.826)
jolt: mesh v1 local=(-6.096,1.524,5.334) world=(-6.096,1.524,5.334)
jolt: mesh v2 local=(-6.096,1.651,4.826) world=(-6.096,1.651,4.826)
jolt: mesh v3 local=(-6.096,1.651,5.334) world=(-6.096,1.651,5.334)
jolt: mesh v4 local=(6.096,1.524,4.826) world=(6.096,1.524,4.826)
jolt: mesh v5 local=(6.096,1.524,5.334) world=(6.096,1.524,5.334)
jolt: mesh v6 local=(6.096,1.651,4.826) world=(6.096,1.651,4.826)
jolt: mesh v7 local=(6.096,1.651,5.334) world=(6.096,1.651,5.334)
jolt: body MESH_STATIC verts=8 faces=12 id=16777218
LMalloc of 276 not 8-byte aligned, rounding up
RenderActor3DAnimates constructed with no animations!
MATL closed without all data read (bytesLeft = 264)
jolt: mesh actor_pos=(0.000,0.000,0.000)
jolt: mesh v0 local=(-6.096,-1.651,0.000) world=(-6.096,-1.651,0.000)
jolt: mesh v1 local=(-6.096,-1.651,5.334) world=(-6.096,-1.651,5.334)
jolt: mesh v2 local=(-6.096,1.651,0.000) world=(-6.096,1.651,0.000)
jolt: mesh v3 local=(-6.096,1.651,5.334) world=(-6.096,1.651,5.334)
jolt: mesh v4 local=(-5.969,-1.651,0.000) world=(-5.969,-1.651,0.000)
jolt: mesh v5 local=(-5.969,-1.651,5.334) world=(-5.969,-1.651,5.334)
jolt: mesh v6 local=(-5.969,1.651,0.000) world=(-5.969,1.651,0.000)
jolt: mesh v7 local=(-5.969,1.651,5.334) world=(-5.969,1.651,5.334)
jolt: body MESH_STATIC verts=8 faces=12 id=16777219
LMalloc of 276 not 8-byte aligned, rounding up
RenderActor3DAnimates constructed with no animations!
MATL closed without all data read (bytesLeft = 264)
jolt: mesh actor_pos=(0.000,0.000,0.000)
jolt: mesh v0 local=(5.969,-1.651,0.000) world=(5.969,-1.651,0.000)
jolt: mesh v1 local=(5.969,-1.651,5.334) world=(5.969,-1.651,5.334)
jolt: mesh v2 local=(5.969,1.651,0.000) world=(5.969,1.651,0.000)
jolt: mesh v3 local=(5.969,1.651,5.334) world=(5.969,1.651,5.334)
jolt: mesh v4 local=(6.096,-1.651,0.000) world=(6.096,-1.651,0.000)
jolt: mesh v5 local=(6.096,-1.651,5.334) world=(6.096,-1.651,5.334)
jolt: mesh v6 local=(6.096,1.651,0.000) world=(6.096,1.651,0.000)
jolt: mesh v7 local=(6.096,1.651,5.334) world=(6.096,1.651,5.334)
jolt: body MESH_STATIC verts=8 faces=12 id=16777220
LMalloc of 276 not 8-byte aligned, rounding up
RenderActor3DAnimates constructed with no animations!
MATL closed without all data read (bytesLeft = 264)
jolt: mesh actor_pos=(0.000,0.000,0.000)
jolt: mesh v0 local=(-6.096,-1.778,0.000) world=(-6.096,-1.778,0.000)
jolt: mesh v1 local=(-6.096,-1.778,5.334) world=(-6.096,-1.778,5.334)
jolt: mesh v2 local=(-6.096,-1.651,0.000) world=(-6.096,-1.651,0.000)
jolt: mesh v3 local=(-6.096,-1.651,5.334) world=(-6.096,-1.651,5.334)
jolt: mesh v4 local=(6.096,-1.778,0.000) world=(6.096,-1.778,0.000)
jolt: mesh v5 local=(6.096,-1.778,5.334) world=(6.096,-1.778,5.334)
jolt: mesh v6 local=(6.096,-1.651,0.000) world=(6.096,-1.651,0.000)
jolt: mesh v7 local=(6.096,-1.651,5.334) world=(6.096,-1.651,5.334)
jolt: body MESH_STATIC verts=8 faces=12 id=16777221
LMalloc of 996 not 8-byte aligned, rounding up
RenderActor3DAnimates constructed with no animations!
LMalloc of 276 not 8-byte aligned, rounding up
RenderActor3DAnimates constructed with no animations!
MATL closed without all data read (bytesLeft = 264)
jolt: mesh actor_pos=(0.000,0.000,0.000)
jolt: mesh v0 local=(-5.969,-1.524,0.127) world=(-5.969,-1.524,0.127)
jolt: mesh v1 local=(-5.969,-1.524,0.635) world=(-5.969,-1.524,0.635)
jolt: mesh v2 local=(-5.969,1.524,0.127) world=(-5.969,1.524,0.127)
jolt: mesh v3 local=(-5.969,1.524,0.635) world=(-5.969,1.524,0.635)
jolt: mesh v4 local=(5.969,-1.524,0.127) world=(5.969,-1.524,0.127)
jolt: mesh v5 local=(5.969,-1.524,0.635) world=(5.969,-1.524,0.635)
jolt: mesh v6 local=(5.969,1.524,0.127) world=(5.969,1.524,0.127)
jolt: mesh v7 local=(5.969,1.524,0.635) world=(5.969,1.524,0.635)
jolt: body MESH_STATIC verts=8 faces=12 id=16777222
LMalloc of 94276 not 8-byte aligned, rounding up
RenderActor3DAnimates constructed with no animations!
LMalloc of 100356 not 8-byte aligned, rounding up
RenderActor3DAnimates constructed with no animations!
LMalloc of 109476 not 8-byte aligned, rounding up
RenderActor3DAnimates constructed with no animations!
LMalloc of 85156 not 8-byte aligned, rounding up
RenderActor3DAnimates constructed with no animations!
LMalloc of 232996 not 8-byte aligned, rounding up
RenderActor3DAnimates constructed with no animations!
LMalloc of 232996 not 8-byte aligned, rounding up
RenderActor3DAnimates constructed with no animations!
LMalloc of 233796 not 8-byte aligned, rounding up
RenderActor3DAnimates constructed with no animations!
LMalloc of 232196 not 8-byte aligned, rounding up
RenderActor3DAnimates constructed with no animations!
LMalloc of 276 not 8-byte aligned, rounding up
RenderActor3DAnimates constructed with no animations!
MATL closed without all data read (bytesLeft = 264)
jolt: mesh actor_pos=(0.000,0.000,0.000)
jolt: mesh v0 local=(-6.246,-1.801,-2.500) world=(-6.246,-1.801,-2.500)
jolt: mesh v1 local=(-6.246,-1.801,-0.025) world=(-6.246,-1.801,-0.025)
jolt: mesh v2 local=(-6.246,1.801,-2.500) world=(-6.246,1.801,-2.500)
jolt: mesh v3 local=(-6.246,1.801,-0.025) world=(-6.246,1.801,-0.025)
jolt: mesh v4 local=(6.246,-1.801,-2.500) world=(6.246,-1.801,-2.500)
jolt: mesh v5 local=(6.246,-1.801,-0.025) world=(6.246,-1.801,-0.025)
jolt: mesh v6 local=(6.246,1.801,-2.500) world=(6.246,1.801,-2.500)
jolt: mesh v7 local=(6.246,1.801,-0.025) world=(6.246,1.801,-0.025)
jolt: body MESH_STATIC verts=8 faces=12 id=16777223
LMalloc of 276 not 8-byte aligned, rounding up
RenderActor3DAnimates constructed with no animations!
MATL closed without all data read (bytesLeft = 264)
jolt: mesh actor_pos=(0.000,0.000,0.000)
jolt: mesh v0 local=(-30.000,3.000,-5.000) world=(-30.000,3.000,-5.000)
jolt: mesh v1 local=(-30.000,3.000,20.000) world=(-30.000,3.000,20.000)
jolt: mesh v2 local=(-30.000,3.100,-5.000) world=(-30.000,3.100,-5.000)
jolt: mesh v3 local=(-30.000,3.100,20.000) world=(-30.000,3.100,20.000)
jolt: mesh v4 local=(30.000,3.000,-5.000) world=(30.000,3.000,-5.000)
jolt: mesh v5 local=(30.000,3.000,20.000) world=(30.000,3.000,20.000)
jolt: mesh v6 local=(30.000,3.100,-5.000) world=(30.000,3.100,-5.000)
jolt: mesh v7 local=(30.000,3.100,20.000) world=(30.000,3.100,20.000)
jolt: body MESH_STATIC verts=8 faces=12 id=16777224
fennel: loaded (143294 bytes embedded)
quickjs: runtime initialised
quickjs smoke: 1+2 -> 3 (expect 3)
zforth: INDEXOF_CAMSHOT = 1921 (expect 1921)
zforth: INDEXOF_CAMSHOT = 1921 (expect 1921)
jolt: OptimizeBroadPhase done (9 static bodies)
audio: MusicPlayer — soundfont not found: florestan-subset.sf2
audio: sfx[0] not found: wflevels/qbert_practice/sfx/qbert_hop.wav
audio: sfx[1] not found: wflevels/qbert_practice/sfx/qbert_land.wav
audio: sfx[2] not found: wflevels/qbert_practice/sfx/qbert_fall.wav
audio: sfx[3] not found: wflevels/qbert_practice/sfx/qbert_swear.wav
audio: sfx[4] not found: wflevels/qbert_practice/sfx/qbert_round_clear.wav
audio: sfx[5] not found: wflevels/qbert_practice/sfx/qbert_kill.wav
audio: sfx[6] not found: wflevels/qbert_practice/sfx/qbert_disc.wav
rest_api: listening on http://127.0.0.1:8765
[debug] listening on :17946
delta too large: 1.325164795
timeofday:1791026236:796357
lasttimeofday: 1791026235:471177
deltatime:1:325180
delta: 1.325164795
[debug] client connected fd=19 from 127.0.0.1
delta too large: 0.3565216064
timeofday:1791026237:152879
lasttimeofday: 1791026236:796357
deltatime:0:356522
delta: 0.3565216064
delta too large: 0.2465515137
timeofday:1791026237:399437
lasttimeofday: 1791026237:152879
deltatime:0:246558
delta: 0.2465515137
delta too large: 0.246307373
timeofday:1791026237:645750
lasttimeofday: 1791026237:399437
deltatime:0:246313
delta: 0.246307373
delta too large: 0.2661895752
timeofday:1791026237:911942
lasttimeofday: 1791026237:645750
deltatime:0:266192
delta: 0.2661895752
delta too large: 0.2226409912
timeofday:1791026238:134594
lasttimeofday: 1791026237:911942
deltatime:0:222652
delta: 0.2226409912
delta too large: 0.7158050537
timeofday:1791026238:850402
lasttimeofday: 1791026238:134594
deltatime:0:715808
delta: 0.7158050537
delta too large: 0.2714233398
timeofday:1791026239:121833
lasttimeofday: 1791026238:850402
deltatime:0:271431
delta: 0.2714233398
delta too large: 0.3307037354
timeofday:1791026239:452544
lasttimeofday: 1791026239:121833
deltatime:0:330711
delta: 0.3307037354
delta too large: 0.3023071289
timeofday:1791026239:754856
lasttimeofday: 1791026239:452544
deltatime:0:302312
delta: 0.3023071289
delta too large: 0.7301330566
timeofday:1791026240:485000
lasttimeofday: 1791026239:754856
deltatime:0:730144
delta: 0.7301330566
delta too large: 0.7325439453
timeofday:1791026241:217551
lasttimeofday: 1791026240:485000
deltatime:0:732551
delta: 0.7325439453
delta too large: 0.2968444824
timeofday:1791026241:514396
lasttimeofday: 1791026241:217551
deltatime:0:296845
delta: 0.2968444824
delta too large: 0.2303161621
timeofday:1791026241:744717
lasttimeofday: 1791026241:514396
deltatime:0:230321
delta: 0.2303161621
delta too large: 0.2454833984
timeofday:1791026241:990205
lasttimeofday: 1791026241:744717
deltatime:0:245488
delta: 0.2454833984
delta too large: 0.8363647461
timeofday:1791026242:826581
lasttimeofday: 1791026241:990205
deltatime:0:836376
delta: 0.8363647461
delta too large: 0.2150878906
timeofday:1791026243:241073
lasttimeofday: 1791026243:25973
deltatime:0:215100
delta: 0.2150878906
delta too large: 0.2245025635
timeofday:1791026243:465582
lasttimeofday: 1791026243:241073
deltatime:0:224509
delta: 0.2245025635
delta too large: 0.793762207
timeofday:1791026244:259350
lasttimeofday: 1791026243:465582
deltatime:0:793768
delta: 0.793762207
delta too large: 0.2792205811
timeofday:1791026244:538580
lasttimeofday: 1791026244:259350
deltatime:0:279230
delta: 0.2792205811
delta too large: 0.3216705322
timeofday:1791026244:860259
lasttimeofday: 1791026244:538580
deltatime:0:321679
delta: 0.3216705322
delta too large: 0.2300872803
timeofday:1791026245:90360
lasttimeofday: 1791026244:860259
deltatime:0:230101
delta: 0.2300872803
delta too large: 0.6740112305
timeofday:1791026245:764377
lasttimeofday: 1791026245:90360
deltatime:0:674017
delta: 0.6740112305
delta too large: 0.2357940674
timeofday:1791026246:172
lasttimeofday: 1791026245:764377
deltatime:0:235795
delta: 0.2357940674
delta too large: 0.265411377
timeofday:1791026246:265586
lasttimeofday: 1791026246:172
deltatime:0:265414
delta: 0.265411377
delta too large: 0.3154449463
timeofday:1791026246:581037
lasttimeofday: 1791026246:265586
deltatime:0:315451
delta: 0.3154449463
delta too large: 0.8130187988
timeofday:1791026247:394056
lasttimeofday: 1791026246:581037
deltatime:0:813019
delta: 0.8130187988
delta too large: 0.2083129883
timeofday:1791026247:602374
lasttimeofday: 1791026247:394056
deltatime:0:208318
delta: 0.2083129883
delta too large: 0.2022857666
timeofday:1791026247:804672
lasttimeofday: 1791026247:602374
deltatime:0:202298
delta: 0.2022857666
delta too large: 0.2641906738
timeofday:1791026248:68863
lasttimeofday: 1791026247:804672
deltatime:0:264191
delta: 0.2641906738
delta too large: 0.7342224121
timeofday:1791026248:803089
lasttimeofday: 1791026248:68863
deltatime:0:734226
delta: 0.7342224121
delta too large: 0.2213745117
timeofday:1791026249:24470
lasttimeofday: 1791026248:803089
deltatime:0:221381
delta: 0.2213745117
delta too large: 0.2113647461
timeofday:1791026249:235845
lasttimeofday: 1791026249:24470
deltatime:0:211375
delta: 0.2113647461
delta too large: 0.2122344971
timeofday:1791026249:448080
lasttimeofday: 1791026249:235845
deltatime:0:212235
delta: 0.2122344971
delta too large: 0.6755523682
timeofday:1791026250:123642
lasttimeofday: 1791026249:448080
deltatime:0:675562
delta: 0.6755523682
delta too large: 0.203994751
timeofday:1791026250:327637
lasttimeofday: 1791026250:123642
deltatime:0:203995
delta: 0.203994751
delta too large: 0.6318817139
timeofday:1791026251:356805
lasttimeofday: 1791026250:724916
deltatime:0:631889
delta: 0.6318817139
delta too large: 0.6823730469
timeofday:1791026252:632899
lasttimeofday: 1791026251:950513
deltatime:0:682386
delta: 0.6823730469
delta too large: 0.2033996582
timeofday:1791026253:34135
lasttimeofday: 1791026252:830730
deltatime:0:203405
delta: 0.2033996582
delta too large: 0.2164001465
timeofday:1791026253:250546
lasttimeofday: 1791026253:34135
deltatime:0:216411
delta: 0.2164001465
delta too large: 0.6618041992
timeofday:1791026253:912355
lasttimeofday: 1791026253:250546
deltatime:0:661809
delta: 0.6618041992
delta too large: 0.2058410645
timeofday:1791026254:118210
lasttimeofday: 1791026253:912355
deltatime:0:205855
delta: 0.2058410645
delta too large: 0.2032470703
timeofday:1791026254:321458
lasttimeofday: 1791026254:118210
deltatime:0:203248
delta: 0.2032470703
delta too large: 0.2032012939
timeofday:1791026254:524665
lasttimeofday: 1791026254:321458
deltatime:0:203207
delta: 0.2032012939
delta too large: 0.647857666
timeofday:1791026255:172531
lasttimeofday: 1791026254:524665
deltatime:0:647866
delta: 0.647857666
delta too large: 0.2034606934
timeofday:1791026255:376002
lasttimeofday: 1791026255:172531
deltatime:0:203471
delta: 0.2034606934
ball pos: (0.008, -0.842, 0.865)
delta too large: 0.2031860352
timeofday:1791026255:579197
lasttimeofday: 1791026255:376002
deltatime:0:203195
delta: 0.2031860352
delta too large: 0.2010650635
timeofday:1791026255:780276
lasttimeofday: 1791026255:579197
deltatime:0:201079
delta: 0.2010650635
delta too large: 0.6605224609
timeofday:1791026256:440806
lasttimeofday: 1791026255:780276
deltatime:0:660530
delta: 0.6605224609
delta too large: 0.2303161621
timeofday:1791026256:671128
lasttimeofday: 1791026256:440806
deltatime:0:230322
delta: 0.2303161621
delta too large: 0.2038879395
timeofday:1791026256:875031
lasttimeofday: 1791026256:671128
deltatime:0:203903
delta: 0.2038879395
delta too large: 0.2100524902
timeofday:1791026257:85094
lasttimeofday: 1791026256:875031
deltatime:0:210063
delta: 0.2100524902
delta too large: 0.6837921143
timeofday:1791026257:768895
lasttimeofday: 1791026257:85094
deltatime:0:683801
delta: 0.6837921143
delta too large: 0.2038421631
timeofday:1791026257:972750
lasttimeofday: 1791026257:768895
deltatime:0:203855
delta: 0.2038421631
delta too large: 0.2300109863
timeofday:1791026258:202762
lasttimeofday: 1791026257:972750
deltatime:0:230012
delta: 0.2300109863
delta too large: 0.2169342041
timeofday:1791026258:419706
lasttimeofday: 1791026258:202762
deltatime:0:216944
delta: 0.2169342041
delta too large: 0.6500396729
timeofday:1791026259:69746
lasttimeofday: 1791026258:419706
deltatime:0:650040
delta: 0.6500396729
delta too large: 0.2020263672
timeofday:1791026259:271773
lasttimeofday: 1791026259:69746
deltatime:0:202027
delta: 0.2020263672
delta too large: 0.207321167
timeofday:1791026259:479096
lasttimeofday: 1791026259:271773
deltatime:0:207323
delta: 0.207321167
delta too large: 0.2142181396
timeofday:1791026259:693329
lasttimeofday: 1791026259:479096
deltatime:0:214233
delta: 0.2142181396
unknown key ffe9 released
unknown key ffe9 pressed, XK_KP_Enter = ff8d
delta too large: 0.6882629395
timeofday:1791026260:381592
lasttimeofday: 1791026259:693329
deltatime:0:688263
delta: 0.6882629395
delta too large: 0.2092590332
timeofday:1791026260:590855
lasttimeofday: 1791026260:381592
deltatime:0:209263
delta: 0.2092590332
delta too large: 0.2238922119
timeofday:1791026260:814756
lasttimeofday: 1791026260:590855
deltatime:0:223901
delta: 0.2238922119
delta too large: 0.2124481201
timeofday:1791026261:27214
lasttimeofday: 1791026260:814756
deltatime:0:212458
delta: 0.2124481201
delta too large: 0.7398529053
timeofday:1791026261:767076
lasttimeofday: 1791026261:27214
deltatime:0:739862
delta: 0.7398529053
delta too large: 0.2034912109
timeofday:1791026262:168508
lasttimeofday: 1791026261:965009
deltatime:0:203499
delta: 0.2034912109
delta too large: 0.6866455078
timeofday:1791026263:51290
lasttimeofday: 1791026262:364641
deltatime:0:686649
delta: 0.6866455078
delta too large: 0.2040252686
timeofday:1791026263:255321
lasttimeofday: 1791026263:51290
deltatime:0:204031
delta: 0.2040252686
delta too large: 0.2003173828
timeofday:1791026263:654332
lasttimeofday: 1791026263:454011
deltatime:0:200321
delta: 0.2003173828
delta too large: 0.67628479
timeofday:1791026264:330626
lasttimeofday: 1791026263:654332
deltatime:0:676294
delta: 0.67628479
delta too large: 0.2172393799
timeofday:1791026264:547872
lasttimeofday: 1791026264:330626
deltatime:0:217246
delta: 0.2172393799
delta too large: 0.2203674316
timeofday:1791026264:768245
lasttimeofday: 1791026264:547872
deltatime:0:220373
delta: 0.2203674316
delta too large: 0.204498291
timeofday:1791026264:972746
lasttimeofday: 1791026264:768245
deltatime:0:204501
delta: 0.204498291
delta too large: 0.69871521
timeofday:1791026265:671469
lasttimeofday: 1791026264:972746
deltatime:0:698723
delta: 0.69871521
delta too large: 0.2204589844
timeofday:1791026265:891930
lasttimeofday: 1791026265:671469
deltatime:0:220461
delta: 0.2204589844
delta too large: 0.2298431396
timeofday:1791026266:320376
lasttimeofday: 1791026266:90521
deltatime:0:229855
delta: 0.2298431396
delta too large: 0.6904602051
timeofday:1791026267:10845
lasttimeofday: 1791026266:320376
deltatime:0:690469
delta: 0.6904602051
delta too large: 0.2277984619
timeofday:1791026267:238650
lasttimeofday: 1791026267:10845
deltatime:0:227805
delta: 0.2277984619
delta too large: 0.2192077637
timeofday:1791026267:457868
lasttimeofday: 1791026267:238650
deltatime:0:219218
delta: 0.2192077637
delta too large: 0.2184906006
timeofday:1791026267:676364
lasttimeofday: 1791026267:457868
deltatime:0:218496
delta: 0.2184906006
delta too large: 0.7310791016
timeofday:1791026268:407451
lasttimeofday: 1791026267:676364
deltatime:0:731087
delta: 0.7310791016
delta too large: 0.6739654541
timeofday:1791026269:81419
lasttimeofday: 1791026268:407451
deltatime:0:673968
delta: 0.6739654541
delta too large: 0.2159881592
timeofday:1791026269:297422
lasttimeofday: 1791026269:81419
deltatime:0:216003
delta: 0.2159881592
delta too large: 0.2048034668
timeofday:1791026269:502234
lasttimeofday: 1791026269:297422
deltatime:0:204812
delta: 0.2048034668
delta too large: 0.2005767822
timeofday:1791026269:702820
lasttimeofday: 1791026269:502234
deltatime:0:200586
delta: 0.2005767822
delta too large: 0.6415252686
timeofday:1791026270:344358
lasttimeofday: 1791026269:702820
deltatime:0:641538
delta: 0.6415252686
delta too large: 0.2209472656
timeofday:1791026270:565320
lasttimeofday: 1791026270:344358
deltatime:0:220962
delta: 0.2209472656
delta too large: 0.203414917
timeofday:1791026270:768744
lasttimeofday: 1791026270:565320
deltatime:0:203424
delta: 0.203414917
delta too large: 0.2097625732
timeofday:1791026270:978507
lasttimeofday: 1791026270:768744
deltatime:0:209763
delta: 0.2097625732
delta too large: 0.7049865723
timeofday:1791026271:683507
lasttimeofday: 1791026270:978507
deltatime:0:705000
delta: 0.7049865723
delta too large: 0.6809997559
timeofday:1791026272:364520
lasttimeofday: 1791026271:683507
deltatime:0:681013
delta: 0.6809997559
delta too large: 0.2077331543
timeofday:1791026272:572265
lasttimeofday: 1791026272:364520
deltatime:0:207745
delta: 0.2077331543
delta too large: 0.200958252
timeofday:1791026272:773226
lasttimeofday: 1791026272:572265
deltatime:0:200961
delta: 0.200958252
delta too large: 0.2154388428
timeofday:1791026272:988666
lasttimeofday: 1791026272:773226
deltatime:0:215440
delta: 0.2154388428
delta too large: 0.7220458984
timeofday:1791026273:710726
lasttimeofday: 1791026272:988666
deltatime:0:722060
delta: 0.7220458984
delta too large: 0.2164306641
timeofday:1791026273:927170
lasttimeofday: 1791026273:710726
deltatime:0:216444
delta: 0.2164306641
delta too large: 0.2099761963
timeofday:1791026274:137148
lasttimeofday: 1791026273:927170
deltatime:0:209978
delta: 0.2099761963
delta too large: 0.6695556641
timeofday:1791026274:806711
lasttimeofday: 1791026274:137148
deltatime:0:669563
delta: 0.6695556641
delta too large: 0.2147979736
timeofday:1791026275:21512
lasttimeofday: 1791026274:806711
deltatime:0:214801
delta: 0.2147979736
delta too large: 0.208770752
timeofday:1791026275:230286
lasttimeofday: 1791026275:21512
deltatime:0:208774
delta: 0.208770752
delta too large: 0.2295227051
timeofday:1791026275:459823
lasttimeofday: 1791026275:230286
deltatime:0:229537
delta: 0.2295227051
delta too large: 0.6671447754
timeofday:1791026276:126969
lasttimeofday: 1791026275:459823
deltatime:0:667146
delta: 0.6671447754
delta too large: 0.2046966553
timeofday:1791026276:331668
lasttimeofday: 1791026276:126969
deltatime:0:204699
delta: 0.2046966553
ball pos: (0.018, -0.832, 0.865)
delta too large: 0.2044219971
timeofday:1791026276:536093
lasttimeofday: 1791026276:331668
deltatime:0:204425
delta: 0.2044219971
delta too large: 0.2067108154
timeofday:1791026276:742805
lasttimeofday: 1791026276:536093
deltatime:0:206712
delta: 0.2067108154
delta too large: 0.7256774902
timeofday:1791026277:468484
lasttimeofday: 1791026276:742805
deltatime:0:725679
delta: 0.7256774902
delta too large: 0.2174987793
timeofday:1791026277:685991
lasttimeofday: 1791026277:468484
deltatime:0:217507
delta: 0.2174987793
delta too large: 0.2074279785
timeofday:1791026277:893421
lasttimeofday: 1791026277:685991
deltatime:0:207430
delta: 0.2074279785
delta too large: 0.2120513916
timeofday:1791026278:105481
lasttimeofday: 1791026277:893421
deltatime:0:212060
delta: 0.2120513916
delta too large: 0.6887817383
timeofday:1791026278:794268
lasttimeofday: 1791026278:105481
deltatime:0:688787
delta: 0.6887817383
delta too large: 0.2281341553
timeofday:1791026279:418180
lasttimeofday: 1791026279:190035
deltatime:0:228145
delta: 0.2281341553
delta too large: 0.6585998535
timeofday:1791026280:76793
lasttimeofday: 1791026279:418180
deltatime:0:658613
delta: 0.6585998535
delta too large: 0.207244873
timeofday:1791026280:284050
lasttimeofday: 1791026280:76793
deltatime:0:207257
delta: 0.207244873
delta too large: 0.2010498047
timeofday:1791026280:485107
lasttimeofday: 1791026280:284050
deltatime:0:201057
delta: 0.2010498047
delta too large: 0.2008361816
timeofday:1791026280:685953
lasttimeofday: 1791026280:485107
deltatime:0:200846
delta: 0.2008361816
delta too large: 0.671295166
timeofday:1791026281:357249
lasttimeofday: 1791026280:685953
deltatime:0:671296
delta: 0.671295166
delta too large: 0.2150268555
timeofday:1791026281:970212
lasttimeofday: 1791026281:755178
deltatime:0:215034
delta: 0.2150268555
delta too large: 0.6683349609
timeofday:1791026282:638550
lasttimeofday: 1791026281:970212
deltatime:0:668338
delta: 0.6683349609
delta too large: 0.2005157471
timeofday:1791026282:839078
lasttimeofday: 1791026282:638550
deltatime:0:200528
delta: 0.2005157471
delta too large: 0.2062683105
timeofday:1791026283:45361
lasttimeofday: 1791026282:839078
deltatime:0:206283
delta: 0.2062683105
delta too large: 0.2183837891
timeofday:1791026283:263747
lasttimeofday: 1791026283:45361
deltatime:0:218386
delta: 0.2183837891
delta too large: 0.6481018066
timeofday:1791026283:911849
lasttimeofday: 1791026283:263747
deltatime:0:648102
delta: 0.6481018066
delta too large: 0.2085418701
timeofday:1791026284:514295
lasttimeofday: 1791026284:305746
deltatime:0:208549
delta: 0.2085418701
delta too large: 0.6939697266
timeofday:1791026285:208277
lasttimeofday: 1791026284:514295
deltatime:0:693982
delta: 0.6939697266
delta too large: 0.2003326416
timeofday:1791026285:408613
lasttimeofday: 1791026285:208277
deltatime:0:200336
delta: 0.2003326416
delta too large: 0.2026672363
timeofday:1791026285:611291
lasttimeofday: 1791026285:408613
deltatime:0:202678
delta: 0.2026672363
delta too large: 0.2072601318
timeofday:1791026285:818565
lasttimeofday: 1791026285:611291
deltatime:0:207274
delta: 0.2072601318
delta too large: 0.704208374
timeofday:1791026286:522784
lasttimeofday: 1791026285:818565
deltatime:0:704219
delta: 0.704208374
delta too large: 0.2169952393
timeofday:1791026287:137880
lasttimeofday: 1791026286:920878
deltatime:0:217002
delta: 0.2169952393
delta too large: 0.6948242188
timeofday:1791026287:832713
lasttimeofday: 1791026287:137880
deltatime:0:694833
delta: 0.6948242188
delta too large: 0.2581481934
timeofday:1791026288:90876
lasttimeofday: 1791026287:832713
deltatime:0:258163
delta: 0.2581481934
delta too large: 0.2819976807
timeofday:1791026288:372879
lasttimeofday: 1791026288:90876
deltatime:0:282003
delta: 0.2819976807
delta too large: 0.2547912598
timeofday:1791026288:627678
lasttimeofday: 1791026288:372879
deltatime:0:254799
delta: 0.2547912598
delta too large: 0.663482666
timeofday:1791026289:291173
lasttimeofday: 1791026288:627678
deltatime:0:663495
delta: 0.663482666
delta too large: 0.201171875
timeofday:1791026289:492351
lasttimeofday: 1791026289:291173
deltatime:0:201178
delta: 0.201171875
delta too large: 0.2028503418
timeofday:1791026289:695208
lasttimeofday: 1791026289:492351
deltatime:0:202857
delta: 0.2028503418
delta too large: 0.632598877
timeofday:1791026290:525069
lasttimeofday: 1791026289:892470
deltatime:0:632599
delta: 0.632598877
delta too large: 0.6459350586
timeofday:1791026291:561929
lasttimeofday: 1791026290:915989
deltatime:0:645940
delta: 0.6459350586
delta too large: 0.6325073242
timeofday:1791026292:787199
lasttimeofday: 1791026292:154680
deltatime:0:632519
delta: 0.6325073242
delta too large: 0.2010650635
timeofday:1791026293:185677
lasttimeofday: 1791026292:984606
deltatime:0:201071
delta: 0.2010650635
delta too large: 0.666305542
timeofday:1791026294:51715
lasttimeofday: 1791026293:385398
deltatime:0:666317
delta: 0.666305542
delta too large: 0.2040405273
timeofday:1791026294:649533
lasttimeofday: 1791026294:445489
deltatime:0:204044
delta: 0.2040405273
delta too large: 0.7315826416
timeofday:1791026295:381121
lasttimeofday: 1791026294:649533
deltatime:0:731588
delta: 0.7315826416
delta too large: 0.2281799316
timeofday:1791026295:609308
lasttimeofday: 1791026295:381121
deltatime:0:228187
delta: 0.2281799316
ball pos: (0.018, -0.832, 0.865)
delta too large: 0.2080230713
timeofday:1791026295:817340
lasttimeofday: 1791026295:609308
deltatime:0:208032
delta: 0.2080230713
delta too large: 0.2266845703
timeofday:1791026296:44037
lasttimeofday: 1791026295:817340
deltatime:0:226697
delta: 0.2266845703
delta too large: 0.6967010498
timeofday:1791026296:740747
lasttimeofday: 1791026296:44037
deltatime:0:696710
delta: 0.6967010498
delta too large: 0.2030181885
timeofday:1791026296:943767
lasttimeofday: 1791026296:740747
deltatime:0:203020
delta: 0.2030181885
delta too large: 0.2444000244
timeofday:1791026297:188173
lasttimeofday: 1791026296:943767
deltatime:0:244406
delta: 0.2444000244
delta too large: 0.6977996826
timeofday:1791026297:885976
lasttimeofday: 1791026297:188173
deltatime:0:697803
delta: 0.6977996826
delta too large: 0.7279968262
timeofday:1791026298:613977
lasttimeofday: 1791026297:885976
deltatime:0:728001
delta: 0.7279968262
delta too large: 0.3891906738
timeofday:1791026299:3170
lasttimeofday: 1791026298:613977
deltatime:0:389193
delta: 0.3891906738
[debug] client disconnected fd=19
