material: texture=""  bTranslucent=0  bitdepth=16  flags_in=0x2
material: texture=""  bTranslucent=0  bitdepth=16  flags_in=0x2
audio: miniaudio v0.11.25 ready
jolt: RegisterDefaultAllocator
jolt: Factory
jolt: RegisterTypes
jolt: RunSelftest
jolt: selftest ok (sphere fell to z=5.098)
jolt: backend init
jolt: backend ready (gravity -Z)
jolt: init complete
Level::Level: leveldata= 0x7a49e0333e28, object count  = 22
PixelMap::Load: this = 0x7a49dd727d48
PixelMap::Load: this = 0x7a49dd727d78
[Actor] idx=6 class=13 commonOff=1092 NumberOfLocalMailboxes=0
this = 0x7a49dd72af38,setting _memory to 0x7a49dd72ac20
[Actor] idx=7 class=20 commonOff=1648 NumberOfLocalMailboxes=0
[Actor] idx=8 class=16 commonOff=1092 NumberOfLocalMailboxes=0
[Actor] idx=9 class=22 commonOff=1908 NumberOfLocalMailboxes=6
[Actor] idx=10 class=3 commonOff=1092 NumberOfLocalMailboxes=0
[Actor] idx=11 class=3 commonOff=1092 NumberOfLocalMailboxes=0
[Actor] idx=12 class=6 commonOff=1092 NumberOfLocalMailboxes=0
[Actor] idx=13 class=23 commonOff=1092 NumberOfLocalMailboxes=0
[Actor] idx=14 class=6 commonOff=1092 NumberOfLocalMailboxes=0
[Actor] idx=15 class=23 commonOff=1092 NumberOfLocalMailboxes=0
[Actor] idx=16 class=6 commonOff=1092 NumberOfLocalMailboxes=0
[Actor] idx=17 class=23 commonOff=1092 NumberOfLocalMailboxes=0
[Actor] idx=18 class=6 commonOff=1092 NumberOfLocalMailboxes=0
[Actor] idx=19 class=23 commonOff=1092 NumberOfLocalMailboxes=0
[Actor] idx=20 class=6 commonOff=2696 NumberOfLocalMailboxes=0
[Actor] idx=21 class=6 commonOff=2740 NumberOfLocalMailboxes=0
PixelMap::Load: this = 0x7a49dd727da8
PixelMap::Load: this = 0x7a49dd727dd8
PixelMap::Load: this = 0x7a49dd727e68
PixelMap::Load: this = 0x7a49dd727e98
PixelMap::Load: this = 0x7a49dd727e08
PixelMap::Load: this = 0x7a49dd727e38
zforth: INDEXOF_CAMSHOT = 1921 (expect 1921)
zforth: INDEXOF_CAMSHOT = 1921 (expect 1921)
jolt: OptimizeBroadPhase done (0 static bodies)
audio: MusicPlayer — soundfont not found: florestan-subset.sf2
audio: sfx[0] not found: wflevels/qbert_practice/sfx/qbert_hop.wav
audio: sfx[1] not found: wflevels/qbert_practice/sfx/qbert_land.wav
audio: sfx[2] not found: wflevels/qbert_practice/sfx/qbert_fall.wav
audio: sfx[3] not found: wflevels/qbert_practice/sfx/qbert_swear.wav
audio: sfx[4] not found: wflevels/qbert_practice/sfx/qbert_round_clear.wav
audio: sfx[5] not found: wflevels/qbert_practice/sfx/qbert_kill.wav
audio: sfx[6] not found: wflevels/qbert_practice/sfx/qbert_disc.wav
[debug] listening on :47393
rest_api: listening on http://127.0.0.1:0
[debug] client connected fd=20 from 127.0.0.1
[debug] client disconnected fd=20
