material: texture=""  bTranslucent=0  bitdepth=16  flags_in=0x2
material: texture=""  bTranslucent=0  bitdepth=16  flags_in=0x2
audio: miniaudio v0.11.25 ready
DEBUG = 1,
DO_ASSERTIONS = 1, NO_ASSERT_EXPR = 0, USE_INLINE_DEFS = 1, WF_BIG_ENDIAN = 0
argc = 9, argv: /home/will/WorldFoundry-wbniv/engine/wf_game -L/home/will/WorldFoundry-wbniv/wflevels/aquarium_lionfish-standalone.iff -rate20 -width=960 -height=540 --debug-port 17921 --debug-bind 127.0.0.1 
cbHalLmalloc = 64000000, cbHalScratchLmalloc = 180000
wf_game v0.4.1, Built:Jul 31 2026,10:21:50 by kts
-L/home/will/WorldFoundry-wbniv/wflevels/aquarium_lionfish-standalone.iff
-rate20
Fake clock delta = 0.05000000075
-width=960
-height=540
--debug-port
--debug-bind
argc = 9, commandIndex = 9
Level=-1
cerror:
cwarn:
cstats:
wf_game Ver 0.4.1, Built:Jul 31 2026,10:21:50 by kts
DBSTREAMS jolt: RegisterDefaultAllocator
jolt: Factory
jolt: RegisterTypes
jolt: RunSelftest
jolt: selftest ok (sphere fell to z=5.098)
jolt: backend init
jolt: backend ready (gravity -Z)
jolt: init complete
LMalloc of 412 not 8-byte aligned, rounding up
LMalloc of 7620 not 8-byte aligned, rounding up
LMalloc of 20 not 8-byte aligned, rounding up
LMalloc of 20 not 8-byte aligned, rounding up
Level::Level: leveldata= 0x768a56846b80, object count  = 42
ASS closed without all data read (bytesLeft = 4118)
ASS closed without all data read (bytesLeft = 150)
ASS closed without all data read (bytesLeft = 16)
ASS closed without all data read (bytesLeft = 16)
ASS closed without all data read (bytesLeft = 10908)
PixelMap::Load: this = 0x768a55527b80
PixelMap::Load: this = 0x768a55527bc0
LMalloc of 28 not 8-byte aligned, rounding up
LMalloc of 28 not 8-byte aligned, rounding up
LMalloc of 28 not 8-byte aligned, rounding up
LMalloc of 28 not 8-byte aligned, rounding up
LMalloc of 100 not 8-byte aligned, rounding up
[Actor] idx=2 class=23 commonOff=33044 NumberOfLocalMailboxes=0
[Actor] idx=3 class=13 commonOff=33044 NumberOfLocalMailboxes=0
this = 0x768a5552b0c0,setting _memory to 0x768a5552abc8
DMalloc of 52 not 8-byte aligned, rounding up
[Actor] idx=4 class=20 commonOff=33756 NumberOfLocalMailboxes=0
[Actor] idx=6 class=11 commonOff=33044 NumberOfLocalMailboxes=0
[Actor] idx=7 class=16 commonOff=33044 NumberOfLocalMailboxes=0
[Actor] idx=8 class=3 commonOff=33044 NumberOfLocalMailboxes=0
[Actor] idx=9 class=22 commonOff=34496 NumberOfLocalMailboxes=6
jolt: character 0 created at (0.00, -0.20, 2.30) ctr=(0.00,0.00,0.00)
[Actor] idx=10 class=7 commonOff=34804 NumberOfLocalMailboxes=0
[Actor] idx=11 class=7 commonOff=35004 NumberOfLocalMailboxes=0
[Actor] idx=12 class=7 commonOff=33044 NumberOfLocalMailboxes=0
[Actor] idx=13 class=7 commonOff=33044 NumberOfLocalMailboxes=0
[Actor] idx=14 class=7 commonOff=35048 NumberOfLocalMailboxes=0
[Actor] idx=15 class=7 commonOff=35092 NumberOfLocalMailboxes=0
[Actor] idx=16 class=7 commonOff=35136 NumberOfLocalMailboxes=0
[Actor] idx=17 class=7 commonOff=35180 NumberOfLocalMailboxes=0
[Actor] idx=18 class=7 commonOff=33044 NumberOfLocalMailboxes=0
[Actor] idx=19 class=7 commonOff=33044 NumberOfLocalMailboxes=0
[Actor] idx=20 class=7 commonOff=35224 NumberOfLocalMailboxes=0
[Actor] idx=21 class=7 commonOff=35268 NumberOfLocalMailboxes=0
[Actor] idx=22 class=7 commonOff=35312 NumberOfLocalMailboxes=0
[Actor] idx=23 class=7 commonOff=35312 NumberOfLocalMailboxes=0
[Actor] idx=24 class=7 commonOff=35312 NumberOfLocalMailboxes=0
[Actor] idx=25 class=5 commonOff=33044 NumberOfLocalMailboxes=0
jolt: body STATIC pos=(0.00,0.00,0.00) half=(6.10,1.65,0.12) id=8388608
[Actor] idx=26 class=5 commonOff=33044 NumberOfLocalMailboxes=0
jolt: body STATIC pos=(0.00,1.53,2.73) half=(5.97,0.12,2.10) id=8388609
[Actor] idx=27 class=5 commonOff=33044 NumberOfLocalMailboxes=0
jolt: body STATIC pos=(0.00,1.53,5.08) half=(6.10,0.12,0.25) id=8388610
[Actor] idx=28 class=5 commonOff=33044 NumberOfLocalMailboxes=0
jolt: body STATIC pos=(-6.09,0.00,2.67) half=(0.12,1.65,2.67) id=8388611
[Actor] idx=29 class=5 commonOff=33044 NumberOfLocalMailboxes=0
jolt: body STATIC pos=(5.97,0.00,2.67) half=(0.12,1.65,2.67) id=8388612
[Actor] idx=30 class=5 commonOff=33044 NumberOfLocalMailboxes=0
jolt: body STATIC pos=(0.00,-1.78,2.67) half=(6.10,0.12,2.67) id=8388613
[Actor] idx=31 class=7 commonOff=33044 NumberOfLocalMailboxes=0
[Actor] idx=32 class=5 commonOff=33044 NumberOfLocalMailboxes=0
jolt: body STATIC pos=(0.00,0.00,0.38) half=(5.97,1.52,0.25) id=8388614
[Actor] idx=33 class=5 commonOff=35932 NumberOfLocalMailboxes=0
jolt: body STATIC pos=(-4.20,0.80,0.96) half=(0.95,0.55,0.32) id=8388615
[Actor] idx=34 class=5 commonOff=35976 NumberOfLocalMailboxes=0
jolt: body STATIC pos=(-2.40,0.95,0.84) half=(0.70,0.40,0.21) id=8388616
[Actor] idx=35 class=5 commonOff=36020 NumberOfLocalMailboxes=0
jolt: body STATIC pos=(3.80,0.80,0.95) half=(0.90,0.48,0.31) id=8388617
[Actor] idx=36 class=5 commonOff=36064 NumberOfLocalMailboxes=0
jolt: body STATIC pos=(4.80,0.90,0.81) half=(0.50,0.40,0.17) id=8388618
[Actor] idx=37 class=5 commonOff=33044 NumberOfLocalMailboxes=0
jolt: body STATIC pos=(0.00,0.00,-1.26) half=(6.25,1.80,1.24) id=8388619
[Actor] idx=38 class=5 commonOff=33044 NumberOfLocalMailboxes=0
jolt: body STATIC pos=(0.00,2.97,7.50) half=(30.00,0.12,12.50) id=8388620
[Actor] idx=39 class=23 commonOff=33044 NumberOfLocalMailboxes=0
[Actor] idx=40 class=3 commonOff=33044 NumberOfLocalMailboxes=0
[Actor] idx=41 class=16 commonOff=33044 NumberOfLocalMailboxes=0
LMalloc of 20 not 8-byte aligned, rounding up
DMalloc of 82 not 8-byte aligned, rounding up
DMalloc of 404 not 8-byte aligned, rounding up
DMalloc of 404 not 8-byte aligned, rounding up
Walking from 0
0->0
0->0
LMalloc of 20 not 8-byte aligned, rounding up
LMalloc of 20 not 8-byte aligned, rounding up
ASS closed without all data read (bytesLeft = 4118)
ASS closed without all data read (bytesLeft = 1046)
ASS closed without all data read (bytesLeft = 64)
ASS closed without all data read (bytesLeft = 16)
ASS closed without all data read (bytesLeft = 10908)
ASS closed without all data read (bytesLeft = 1780)
ASS closed without all data read (bytesLeft = 2540)
ASS closed without all data read (bytesLeft = 2540)
ASS closed without all data read (bytesLeft = 2676)
ASS closed without all data read (bytesLeft = 2676)
ASS closed without all data read (bytesLeft = 3100)
ASS closed without all data read (bytesLeft = 588)
ASS closed without all data read (bytesLeft = 4692)
ASS closed without all data read (bytesLeft = 588)
ASS closed without all data read (bytesLeft = 588)
ASS closed without all data read (bytesLeft = 588)
ASS closed without all data read (bytesLeft = 588)
ASS closed without all data read (bytesLeft = 1260)
ASS closed without all data read (bytesLeft = 588)
ASS closed without all data read (bytesLeft = 1172)
ASS closed without all data read (bytesLeft = 1172)
ASS closed without all data read (bytesLeft = 1172)
ASS closed without all data read (bytesLeft = 1172)
ASS closed without all data read (bytesLeft = 588)
ASS closed without all data read (bytesLeft = 588)
PixelMap::Load: this = 0x768a55527c00
PixelMap::Load: this = 0x768a55527c40
LMalloc of 76 not 8-byte aligned, rounding up
LMalloc of 28 not 8-byte aligned, rounding up
LMalloc of 76 not 8-byte aligned, rounding up
LMalloc of 28 not 8-byte aligned, rounding up
LMalloc of 8916 not 8-byte aligned, rounding up
RenderActor3DAnimates constructed with no animations!
LMalloc of 8916 not 8-byte aligned, rounding up
RenderActor3DAnimates constructed with no animations!
LMalloc of 1156 not 8-byte aligned, rounding up
RenderActor3DAnimates constructed with no animations!
LMalloc of 1676 not 8-byte aligned, rounding up
RenderActor3DAnimates constructed with no animations!
LMalloc of 1676 not 8-byte aligned, rounding up
RenderActor3DAnimates constructed with no animations!
LMalloc of 1836 not 8-byte aligned, rounding up
RenderActor3DAnimates constructed with no animations!
LMalloc of 1836 not 8-byte aligned, rounding up
RenderActor3DAnimates constructed with no animations!
LMalloc of 8916 not 8-byte aligned, rounding up
RenderActor3DAnimates constructed with no animations!
LMalloc of 1156 not 8-byte aligned, rounding up
RenderActor3DAnimates constructed with no animations!
LMalloc of 1676 not 8-byte aligned, rounding up
RenderActor3DAnimates constructed with no animations!
LMalloc of 1676 not 8-byte aligned, rounding up
RenderActor3DAnimates constructed with no animations!
LMalloc of 1836 not 8-byte aligned, rounding up
RenderActor3DAnimates constructed with no animations!
LMalloc of 1836 not 8-byte aligned, rounding up
RenderActor3DAnimates constructed with no animations!
material: texture="goldfish_palette.tga"  bTranslucent=0  bitdepth=15  flags_in=0x6
LMalloc of 2236 not 8-byte aligned, rounding up
RenderActor3DAnimates constructed with no animations!
material: texture="goldfish_palette.tga"  bTranslucent=0  bitdepth=15  flags_in=0x6
LMalloc of 2236 not 8-byte aligned, rounding up
RenderActor3DAnimates constructed with no animations!
material: texture="goldfish_palette.tga"  bTranslucent=0  bitdepth=15  flags_in=0x6
LMalloc of 2236 not 8-byte aligned, rounding up
RenderActor3DAnimates constructed with no animations!
LMalloc of 276 not 8-byte aligned, rounding up
RenderActor3DAnimates constructed with no animations!
MATL closed without all data read (bytesLeft = 264)
jolt: mesh actor_pos=(0.000,0.000,0.000)
jolt: mesh v0 local=(-6.096,-1.651,0.000) world=(-6.096,-1.651,0.000)
jolt: mesh v1 local=(-6.096,-1.651,0.127) world=(-6.096,-1.651,0.127)
jolt: mesh v2 local=(-6.096,1.651,0.000) world=(-6.096,1.651,0.000)
jolt: mesh v3 local=(-6.096,1.651,0.127) world=(-6.096,1.651,0.127)
jolt: mesh v4 local=(6.096,-1.651,0.000) world=(6.096,-1.651,0.000)
jolt: mesh v5 local=(6.096,-1.651,0.127) world=(6.096,-1.651,0.127)
jolt: mesh v6 local=(6.096,1.651,0.000) world=(6.096,1.651,0.000)
jolt: mesh v7 local=(6.096,1.651,0.127) world=(6.096,1.651,0.127)
jolt: body MESH_STATIC verts=8 faces=12 id=16777216
LMalloc of 2436 not 8-byte aligned, rounding up
RenderActor3DAnimates constructed with no animations!
MATL closed without all data read (bytesLeft = 2640)
jolt: mesh actor_pos=(0.000,0.000,0.000)
jolt: mesh v0 local=(-5.969,1.524,0.635) world=(-5.969,1.524,0.635)
jolt: mesh v1 local=(-5.969,1.524,1.054) world=(-5.969,1.524,1.054)
jolt: mesh v2 local=(-5.969,1.524,1.473) world=(-5.969,1.524,1.473)
jolt: mesh v3 local=(-5.969,1.524,1.892) world=(-5.969,1.524,1.892)
jolt: mesh v4 local=(-5.969,1.524,2.311) world=(-5.969,1.524,2.311)
jolt: mesh v5 local=(-5.969,1.524,2.730) world=(-5.969,1.524,2.730)
jolt: mesh v6 local=(-5.969,1.524,3.150) world=(-5.969,1.524,3.150)
jolt: mesh v7 local=(-5.969,1.524,3.569) world=(-5.969,1.524,3.569)
jolt: mesh v8 local=(-5.969,1.524,3.988) world=(-5.969,1.524,3.988)
jolt: mesh v9 local=(-5.969,1.524,4.407) world=(-5.969,1.524,4.407)
jolt: mesh v10 local=(-5.969,1.524,4.826) world=(-5.969,1.524,4.826)
jolt: mesh v11 local=(-5.969,1.651,0.635) world=(-5.969,1.651,0.635)
jolt: mesh v12 local=(-5.969,1.651,1.054) world=(-5.969,1.651,1.054)
jolt: mesh v13 local=(-5.969,1.651,1.473) world=(-5.969,1.651,1.473)
jolt: mesh v14 local=(-5.969,1.651,1.892) world=(-5.969,1.651,1.892)
jolt: mesh v15 local=(-5.969,1.651,2.311) world=(-5.969,1.651,2.311)
jolt: mesh v16 local=(-5.969,1.651,2.730) world=(-5.969,1.651,2.730)
jolt: mesh v17 local=(-5.969,1.651,3.150) world=(-5.969,1.651,3.150)
jolt: mesh v18 local=(-5.969,1.651,3.569) world=(-5.969,1.651,3.569)
jolt: mesh v19 local=(-5.969,1.651,3.988) world=(-5.969,1.651,3.988)
jolt: mesh v20 local=(-5.969,1.651,4.407) world=(-5.969,1.651,4.407)
jolt: mesh v21 local=(-5.969,1.651,4.826) world=(-5.969,1.651,4.826)
jolt: mesh v22 local=(5.969,1.524,0.635) world=(5.969,1.524,0.635)
jolt: mesh v23 local=(5.969,1.524,1.054) world=(5.969,1.524,1.054)
jolt: mesh v24 local=(5.969,1.524,1.473) world=(5.969,1.524,1.473)
jolt: mesh v25 local=(5.969,1.524,1.892) world=(5.969,1.524,1.892)
jolt: mesh v26 local=(5.969,1.524,2.311) world=(5.969,1.524,2.311)
jolt: mesh v27 local=(5.969,1.524,2.730) world=(5.969,1.524,2.730)
jolt: mesh v28 local=(5.969,1.524,3.150) world=(5.969,1.524,3.150)
jolt: mesh v29 local=(5.969,1.524,3.569) world=(5.969,1.524,3.569)
jolt: mesh v30 local=(5.969,1.524,3.988) world=(5.969,1.524,3.988)
jolt: mesh v31 local=(5.969,1.524,4.407) world=(5.969,1.524,4.407)
jolt: mesh v32 local=(5.969,1.524,4.826) world=(5.969,1.524,4.826)
jolt: mesh v33 local=(5.969,1.651,0.635) world=(5.969,1.651,0.635)
jolt: mesh v34 local=(5.969,1.651,1.054) world=(5.969,1.651,1.054)
jolt: mesh v35 local=(5.969,1.651,1.473) world=(5.969,1.651,1.473)
jolt: mesh v36 local=(5.969,1.651,1.892) world=(5.969,1.651,1.892)
jolt: mesh v37 local=(5.969,1.651,2.311) world=(5.969,1.651,2.311)
jolt: mesh v38 local=(5.969,1.651,2.730) world=(5.969,1.651,2.730)
jolt: mesh v39 local=(5.969,1.651,3.150) world=(5.969,1.651,3.150)
jolt: mesh v40 local=(5.969,1.651,3.569) world=(5.969,1.651,3.569)
jolt: mesh v41 local=(5.969,1.651,3.988) world=(5.969,1.651,3.988)
jolt: mesh v42 local=(5.969,1.651,4.407) world=(5.969,1.651,4.407)
jolt: mesh v43 local=(5.969,1.651,4.826) world=(5.969,1.651,4.826)
jolt: body MESH_STATIC verts=44 faces=120 id=16777217
LMalloc of 276 not 8-byte aligned, rounding up
RenderActor3DAnimates constructed with no animations!
MATL closed without all data read (bytesLeft = 264)
jolt: mesh actor_pos=(0.000,0.000,0.000)
jolt: mesh v0 local=(-6.096,1.524,4.826) world=(-6.096,1.524,4.826)
jolt: mesh v1 local=(-6.096,1.524,5.334) world=(-6.096,1.524,5.334)
jolt: mesh v2 local=(-6.096,1.651,4.826) world=(-6.096,1.651,4.826)
jolt: mesh v3 local=(-6.096,1.651,5.334) world=(-6.096,1.651,5.334)
jolt: mesh v4 local=(6.096,1.524,4.826) world=(6.096,1.524,4.826)
jolt: mesh v5 local=(6.096,1.524,5.334) world=(6.096,1.524,5.334)
jolt: mesh v6 local=(6.096,1.651,4.826) world=(6.096,1.651,4.826)
jolt: mesh v7 local=(6.096,1.651,5.334) world=(6.096,1.651,5.334)
jolt: body MESH_STATIC verts=8 faces=12 id=16777218
LMalloc of 276 not 8-byte aligned, rounding up
RenderActor3DAnimates constructed with no animations!
MATL closed without all data read (bytesLeft = 264)
jolt: mesh actor_pos=(0.000,0.000,0.000)
jolt: mesh v0 local=(-6.096,-1.651,0.000) world=(-6.096,-1.651,0.000)
jolt: mesh v1 local=(-6.096,-1.651,5.334) world=(-6.096,-1.651,5.334)
jolt: mesh v2 local=(-6.096,1.651,0.000) world=(-6.096,1.651,0.000)
jolt: mesh v3 local=(-6.096,1.651,5.334) world=(-6.096,1.651,5.334)
jolt: mesh v4 local=(-5.969,-1.651,0.000) world=(-5.969,-1.651,0.000)
jolt: mesh v5 local=(-5.969,-1.651,5.334) world=(-5.969,-1.651,5.334)
jolt: mesh v6 local=(-5.969,1.651,0.000) world=(-5.969,1.651,0.000)
jolt: mesh v7 local=(-5.969,1.651,5.334) world=(-5.969,1.651,5.334)
jolt: body MESH_STATIC verts=8 faces=12 id=16777219
LMalloc of 276 not 8-byte aligned, rounding up
RenderActor3DAnimates constructed with no animations!
MATL closed without all data read (bytesLeft = 264)
jolt: mesh actor_pos=(0.000,0.000,0.000)
jolt: mesh v0 local=(5.969,-1.651,0.000) world=(5.969,-1.651,0.000)
jolt: mesh v1 local=(5.969,-1.651,5.334) world=(5.969,-1.651,5.334)
jolt: mesh v2 local=(5.969,1.651,0.000) world=(5.969,1.651,0.000)
jolt: mesh v3 local=(5.969,1.651,5.334) world=(5.969,1.651,5.334)
jolt: mesh v4 local=(6.096,-1.651,0.000) world=(6.096,-1.651,0.000)
jolt: mesh v5 local=(6.096,-1.651,5.334) world=(6.096,-1.651,5.334)
jolt: mesh v6 local=(6.096,1.651,0.000) world=(6.096,1.651,0.000)
jolt: mesh v7 local=(6.096,1.651,5.334) world=(6.096,1.651,5.334)
jolt: body MESH_STATIC verts=8 faces=12 id=16777220
LMalloc of 276 not 8-byte aligned, rounding up
RenderActor3DAnimates constructed with no animations!
MATL closed without all data read (bytesLeft = 264)
jolt: mesh actor_pos=(0.000,0.000,0.000)
jolt: mesh v0 local=(-6.096,-1.778,0.000) world=(-6.096,-1.778,0.000)
jolt: mesh v1 local=(-6.096,-1.778,5.334) world=(-6.096,-1.778,5.334)
jolt: mesh v2 local=(-6.096,-1.651,0.000) world=(-6.096,-1.651,0.000)
jolt: mesh v3 local=(-6.096,-1.651,5.334) world=(-6.096,-1.651,5.334)
jolt: mesh v4 local=(6.096,-1.778,0.000) world=(6.096,-1.778,0.000)
jolt: mesh v5 local=(6.096,-1.778,5.334) world=(6.096,-1.778,5.334)
jolt: mesh v6 local=(6.096,-1.651,0.000) world=(6.096,-1.651,0.000)
jolt: mesh v7 local=(6.096,-1.651,5.334) world=(6.096,-1.651,5.334)
jolt: body MESH_STATIC verts=8 faces=12 id=16777221
LMalloc of 996 not 8-byte aligned, rounding up
RenderActor3DAnimates constructed with no animations!
LMalloc of 276 not 8-byte aligned, rounding up
RenderActor3DAnimates constructed with no animations!
MATL closed without all data read (bytesLeft = 264)
jolt: mesh actor_pos=(0.000,0.000,0.000)
jolt: mesh v0 local=(-5.969,-1.524,0.127) world=(-5.969,-1.524,0.127)
jolt: mesh v1 local=(-5.969,-1.524,0.635) world=(-5.969,-1.524,0.635)
jolt: mesh v2 local=(-5.969,1.524,0.127) world=(-5.969,1.524,0.127)
jolt: mesh v3 local=(-5.969,1.524,0.635) world=(-5.969,1.524,0.635)
jolt: mesh v4 local=(5.969,-1.524,0.127) world=(5.969,-1.524,0.127)
jolt: mesh v5 local=(5.969,-1.524,0.635) world=(5.969,-1.524,0.635)
jolt: mesh v6 local=(5.969,1.524,0.127) world=(5.969,1.524,0.127)
jolt: mesh v7 local=(5.969,1.524,0.635) world=(5.969,1.524,0.635)
jolt: body MESH_STATIC verts=8 faces=12 id=16777222
LMalloc of 596 not 8-byte aligned, rounding up
RenderActor3DAnimates constructed with no animations!
MATL closed without all data read (bytesLeft = 528)
jolt: mesh actor_pos=(-4.200,0.800,0.635)
jolt: mesh v0 local=(-0.950,0.000,0.000) world=(-5.150,0.800,0.635)
jolt: mesh v1 local=(-0.672,-0.389,0.000) world=(-4.872,0.411,0.635)
jolt: mesh v2 local=(-0.672,0.389,0.000) world=(-4.872,1.189,0.635)
jolt: mesh v3 local=(-0.475,0.000,0.650) world=(-4.675,0.800,1.285)
jolt: mesh v4 local=(-0.336,-0.194,0.650) world=(-4.536,0.606,1.285)
jolt: mesh v5 local=(-0.336,0.194,0.650) world=(-4.536,0.994,1.285)
jolt: mesh v6 local=(0.000,-0.550,0.000) world=(-4.200,0.250,0.635)
jolt: mesh v7 local=(0.000,-0.275,0.650) world=(-4.200,0.525,1.285)
jolt: mesh v8 local=(0.000,0.275,0.650) world=(-4.200,1.075,1.285)
jolt: mesh v9 local=(0.000,0.550,0.000) world=(-4.200,1.350,0.635)
jolt: mesh v10 local=(0.336,-0.194,0.650) world=(-3.864,0.606,1.285)
jolt: mesh v11 local=(0.336,0.194,0.650) world=(-3.864,0.994,1.285)
jolt: mesh v12 local=(0.475,0.000,0.650) world=(-3.725,0.800,1.285)
jolt: mesh v13 local=(0.672,-0.389,0.000) world=(-3.528,0.411,0.635)
jolt: mesh v14 local=(0.672,0.389,0.000) world=(-3.528,1.189,0.635)
jolt: mesh v15 local=(0.950,0.000,0.000) world=(-3.250,0.800,0.635)
jolt: body MESH_STATIC verts=16 faces=28 id=16777223
LMalloc of 596 not 8-byte aligned, rounding up
RenderActor3DAnimates constructed with no animations!
MATL closed without all data read (bytesLeft = 528)
jolt: mesh actor_pos=(-2.400,0.950,0.635)
jolt: mesh v0 local=(-0.700,0.000,0.000) world=(-3.100,0.950,0.635)
jolt: mesh v1 local=(-0.495,-0.283,0.000) world=(-2.895,0.667,0.635)
jolt: mesh v2 local=(-0.495,0.283,0.000) world=(-2.895,1.233,0.635)
jolt: mesh v3 local=(-0.350,0.000,0.420) world=(-2.750,0.950,1.055)
jolt: mesh v4 local=(-0.247,-0.141,0.420) world=(-2.647,0.809,1.055)
jolt: mesh v5 local=(-0.247,0.141,0.420) world=(-2.647,1.091,1.055)
jolt: mesh v6 local=(0.000,-0.400,0.000) world=(-2.400,0.550,0.635)
jolt: mesh v7 local=(0.000,-0.200,0.420) world=(-2.400,0.750,1.055)
jolt: mesh v8 local=(0.000,0.200,0.420) world=(-2.400,1.150,1.055)
jolt: mesh v9 local=(0.000,0.400,0.000) world=(-2.400,1.350,0.635)
jolt: mesh v10 local=(0.247,-0.141,0.420) world=(-2.153,0.809,1.055)
jolt: mesh v11 local=(0.247,0.141,0.420) world=(-2.153,1.091,1.055)
jolt: mesh v12 local=(0.350,0.000,0.420) world=(-2.050,0.950,1.055)
jolt: mesh v13 local=(0.495,-0.283,0.000) world=(-1.905,0.667,0.635)
jolt: mesh v14 local=(0.495,0.283,0.000) world=(-1.905,1.233,0.635)
jolt: mesh v15 local=(0.700,0.000,0.000) world=(-1.700,0.950,0.635)
jolt: body MESH_STATIC verts=16 faces=28 id=16777224
LMalloc of 596 not 8-byte aligned, rounding up
RenderActor3DAnimates constructed with no animations!
MATL closed without all data read (bytesLeft = 528)
jolt: mesh actor_pos=(3.800,0.800,0.635)
jolt: mesh v0 local=(-0.900,0.000,0.000) world=(2.900,0.800,0.635)
jolt: mesh v1 local=(-0.636,-0.339,0.000) world=(3.164,0.461,0.635)
jolt: mesh v2 local=(-0.636,0.339,0.000) world=(3.164,1.139,0.635)
jolt: mesh v3 local=(-0.450,0.000,0.630) world=(3.350,0.800,1.265)
jolt: mesh v4 local=(-0.318,-0.170,0.630) world=(3.482,0.630,1.265)
jolt: mesh v5 local=(-0.318,0.170,0.630) world=(3.482,0.970,1.265)
jolt: mesh v6 local=(0.000,-0.480,0.000) world=(3.800,0.320,0.635)
jolt: mesh v7 local=(0.000,-0.240,0.630) world=(3.800,0.560,1.265)
jolt: mesh v8 local=(0.000,0.240,0.630) world=(3.800,1.040,1.265)
jolt: mesh v9 local=(0.000,0.480,0.000) world=(3.800,1.280,0.635)
jolt: mesh v10 local=(0.318,-0.170,0.630) world=(4.118,0.630,1.265)
jolt: mesh v11 local=(0.318,0.170,0.630) world=(4.118,0.970,1.265)
jolt: mesh v12 local=(0.450,0.000,0.630) world=(4.250,0.800,1.265)
jolt: mesh v13 local=(0.636,-0.339,0.000) world=(4.436,0.461,0.635)
jolt: mesh v14 local=(0.636,0.339,0.000) world=(4.436,1.139,0.635)
jolt: mesh v15 local=(0.900,0.000,0.000) world=(4.700,0.800,0.635)
jolt: body MESH_STATIC verts=16 faces=28 id=16777225
LMalloc of 596 not 8-byte aligned, rounding up
RenderActor3DAnimates constructed with no animations!
MATL closed without all data read (bytesLeft = 528)
jolt: mesh actor_pos=(4.800,0.900,0.635)
jolt: mesh v0 local=(-0.500,0.000,0.000) world=(4.300,0.900,0.635)
jolt: mesh v1 local=(-0.354,-0.283,0.000) world=(4.446,0.617,0.635)
jolt: mesh v2 local=(-0.354,0.283,0.000) world=(4.446,1.183,0.635)
jolt: mesh v3 local=(-0.250,0.000,0.350) world=(4.550,0.900,0.985)
jolt: mesh v4 local=(-0.177,-0.141,0.350) world=(4.623,0.759,0.985)
jolt: mesh v5 local=(-0.177,0.141,0.350) world=(4.623,1.041,0.985)
jolt: mesh v6 local=(0.000,-0.400,0.000) world=(4.800,0.500,0.635)
jolt: mesh v7 local=(0.000,-0.200,0.350) world=(4.800,0.700,0.985)
jolt: mesh v8 local=(0.000,0.200,0.350) world=(4.800,1.100,0.985)
jolt: mesh v9 local=(0.000,0.400,0.000) world=(4.800,1.300,0.635)
jolt: mesh v10 local=(0.177,-0.141,0.350) world=(4.977,0.759,0.985)
jolt: mesh v11 local=(0.177,0.141,0.350) world=(4.977,1.041,0.985)
jolt: mesh v12 local=(0.250,0.000,0.350) world=(5.050,0.900,0.985)
jolt: mesh v13 local=(0.354,-0.283,0.000) world=(5.154,0.617,0.635)
jolt: mesh v14 local=(0.354,0.283,0.000) world=(5.154,1.183,0.635)
jolt: mesh v15 local=(0.500,0.000,0.000) world=(5.300,0.900,0.635)
jolt: body MESH_STATIC verts=16 faces=28 id=16777226
LMalloc of 276 not 8-byte aligned, rounding up
RenderActor3DAnimates constructed with no animations!
MATL closed without all data read (bytesLeft = 264)
jolt: mesh actor_pos=(0.000,0.000,0.000)
jolt: mesh v0 local=(-6.246,-1.801,-2.500) world=(-6.246,-1.801,-2.500)
jolt: mesh v1 local=(-6.246,-1.801,-0.025) world=(-6.246,-1.801,-0.025)
jolt: mesh v2 local=(-6.246,1.801,-2.500) world=(-6.246,1.801,-2.500)
jolt: mesh v3 local=(-6.246,1.801,-0.025) world=(-6.246,1.801,-0.025)
jolt: mesh v4 local=(6.246,-1.801,-2.500) world=(6.246,-1.801,-2.500)
jolt: mesh v5 local=(6.246,-1.801,-0.025) world=(6.246,-1.801,-0.025)
jolt: mesh v6 local=(6.246,1.801,-2.500) world=(6.246,1.801,-2.500)
jolt: mesh v7 local=(6.246,1.801,-0.025) world=(6.246,1.801,-0.025)
jolt: body MESH_STATIC verts=8 faces=12 id=16777227
LMalloc of 276 not 8-byte aligned, rounding up
RenderActor3DAnimates constructed with no animations!
MATL closed without all data read (bytesLeft = 264)
jolt: mesh actor_pos=(0.000,0.000,0.000)
jolt: mesh v0 local=(-30.000,3.000,-5.000) world=(-30.000,3.000,-5.000)
jolt: mesh v1 local=(-30.000,3.000,20.000) world=(-30.000,3.000,20.000)
jolt: mesh v2 local=(-30.000,3.100,-5.000) world=(-30.000,3.100,-5.000)
jolt: mesh v3 local=(-30.000,3.100,20.000) world=(-30.000,3.100,20.000)
jolt: mesh v4 local=(30.000,3.000,-5.000) world=(30.000,3.000,-5.000)
jolt: mesh v5 local=(30.000,3.000,20.000) world=(30.000,3.000,20.000)
jolt: mesh v6 local=(30.000,3.100,-5.000) world=(30.000,3.100,-5.000)
jolt: mesh v7 local=(30.000,3.100,20.000) world=(30.000,3.100,20.000)
jolt: body MESH_STATIC verts=8 faces=12 id=16777228
zforth: INDEXOF_CAMSHOT = 1921 (expect 1921)
zforth: INDEXOF_CAMSHOT = 1921 (expect 1921)
jolt: OptimizeBroadPhase done (13 static bodies)
audio: MusicPlayer — soundfont not found: florestan-subset.sf2
audio: sfx[0] not found: wflevels/qbert_practice/sfx/qbert_hop.wav
audio: sfx[1] not found: wflevels/qbert_practice/sfx/qbert_land.wav
audio: sfx[2] not found: wflevels/qbert_practice/sfx/qbert_fall.wav
audio: sfx[3] not found: wflevels/qbert_practice/sfx/qbert_swear.wav
audio: sfx[4] not found: wflevels/qbert_practice/sfx/qbert_round_clear.wav
audio: sfx[5] not found: wflevels/qbert_practice/sfx/qbert_kill.wav
audio: sfx[6] not found: wflevels/qbert_practice/sfx/qbert_disc.wav
rest_api: listening on http://127.0.0.1:8765
[debug] listening on :17921
[debug] client connected fd=18 from 127.0.0.1
delta too large: 0.4370727539
timeofday:1790994570:719395
lasttimeofday: 1790994570:282312
deltatime:0:437083
delta: 0.4370727539
delta too large: 0.4350585938
timeofday:1790994571:234603
lasttimeofday: 1790994570:799539
deltatime:0:435064
delta: 0.4350585938
delta too large: 0.4321746826
timeofday:1790994571:749186
lasttimeofday: 1790994571:317000
deltatime:0:432186
delta: 0.4321746826
delta too large: 0.437789917
timeofday:1790994572:271435
lasttimeofday: 1790994571:833644
deltatime:0:437791
delta: 0.437789917
delta too large: 0.4346313477
timeofday:1790994572:789315
lasttimeofday: 1790994572:354673
deltatime:0:434642
delta: 0.4346313477
delta too large: 0.4297790527
timeofday:1790994573:288568
lasttimeofday: 1790994572:858783
deltatime:0:429785
delta: 0.4297790527
delta too large: 0.442199707
timeofday:1790994573:802373
lasttimeofday: 1790994573:360170
deltatime:0:442203
delta: 0.442199707
delta too large: 0.4252166748
timeofday:1790994574:301802
lasttimeofday: 1790994573:876584
deltatime:0:425218
delta: 0.4252166748
delta too large: 0.4305877686
timeofday:1790994574:794059
lasttimeofday: 1790994574:363465
deltatime:0:430594
delta: 0.4305877686
delta too large: 0.4996032715
timeofday:1790994575:364586
lasttimeofday: 1790994574:864973
deltatime:0:499613
delta: 0.4996032715
delta too large: 0.4350738525
timeofday:1790994575:808075
lasttimeofday: 1790994575:372988
deltatime:0:435087
delta: 0.4350738525
delta too large: 0.4465789795
timeofday:1790994576:378465
lasttimeofday: 1790994575:931871
deltatime:0:446594
delta: 0.4465789795
delta too large: 0.4219360352
timeofday:1790994576:873240
lasttimeofday: 1790994576:451296
deltatime:0:421944
delta: 0.4219360352
ball pos: (0.083, -0.200, 2.300)
delta too large: 0.4821624756
timeofday:1790994577:437170
lasttimeofday: 1790994576:955001
deltatime:0:482169
delta: 0.4821624756
delta too large: 0.4216003418
timeofday:1790994577:928159
lasttimeofday: 1790994577:506544
deltatime:0:421615
delta: 0.4216003418
delta too large: 0.4222106934
timeofday:1790994578:415456
lasttimeofday: 1790994577:993232
deltatime:0:422224
delta: 0.4222106934
delta too large: 0.4306793213
timeofday:1790994578:910861
lasttimeofday: 1790994578:480169
deltatime:0:430692
delta: 0.4306793213
delta too large: 0.4241333008
timeofday:1790994579:405532
lasttimeofday: 1790994578:981393
deltatime:0:424139
delta: 0.4241333008
delta too large: 0.4372711182
timeofday:1790994579:915086
lasttimeofday: 1790994579:477808
deltatime:0:437278
delta: 0.4372711182
delta too large: 0.4235687256
timeofday:1790994580:417281
lasttimeofday: 1790994579:993709
deltatime:0:423572
delta: 0.4235687256
delta too large: 0.4307556152
timeofday:1790994580:928925
lasttimeofday: 1790994580:498166
deltatime:0:430759
delta: 0.4307556152
delta too large: 0.443862915
timeofday:1790994581:445147
lasttimeofday: 1790994581:1270
deltatime:0:443877
delta: 0.443862915
delta too large: 0.4346313477
timeofday:1790994581:953157
lasttimeofday: 1790994581:518515
deltatime:0:434642
delta: 0.4346313477
delta too large: 0.4290313721
timeofday:1790994582:451722
lasttimeofday: 1790994582:22676
deltatime:0:429046
delta: 0.4290313721
delta too large: 0.4501800537
timeofday:1790994582:976935
lasttimeofday: 1790994582:526747
deltatime:0:450188
delta: 0.4501800537
delta too large: 0.424407959
timeofday:1790994583:485683
lasttimeofday: 1790994583:61267
deltatime:0:424416
delta: 0.424407959
delta too large: 0.4314880371
timeofday:1790994583:992481
lasttimeofday: 1790994583:560984
deltatime:0:431497
delta: 0.4314880371
delta too large: 0.4357910156
timeofday:1790994584:499990
lasttimeofday: 1790994584:64191
deltatime:0:435799
delta: 0.4357910156
ball pos: (1.318, -0.200, 2.300)
delta too large: 0.4486694336
timeofday:1790994585:34198
lasttimeofday: 1790994584:585523
deltatime:0:448675
delta: 0.4486694336
delta too large: 0.4195556641
timeofday:1790994585:525209
lasttimeofday: 1790994585:105642
deltatime:0:419567
delta: 0.4195556641
delta too large: 0.4321746826
timeofday:1790994586:38898
lasttimeofday: 1790994585:606717
deltatime:0:432181
delta: 0.4321746826
delta too large: 0.4525146484
timeofday:1790994586:498500
lasttimeofday: 1790994586:45982
deltatime:0:452518
delta: 0.4525146484
delta too large: 0.424911499
timeofday:1790994587:20979
lasttimeofday: 1790994586:596061
deltatime:0:424918
delta: 0.424911499
delta too large: 0.4497833252
timeofday:1790994587:547216
lasttimeofday: 1790994587:97418
deltatime:0:449798
delta: 0.4497833252
delta too large: 0.4325561523
timeofday:1790994588:62903
lasttimeofday: 1790994587:630345
deltatime:0:432558
delta: 0.4325561523
delta too large: 0.4193878174
timeofday:1790994588:569877
lasttimeofday: 1790994588:150488
deltatime:0:419389
delta: 0.4193878174
delta too large: 0.4242095947
timeofday:1790994589:78447
lasttimeofday: 1790994588:654237
deltatime:0:424210
delta: 0.4242095947
delta too large: 0.4697723389
timeofday:1790994589:627486
lasttimeofday: 1790994589:157710
deltatime:0:469776
delta: 0.4697723389
delta too large: 0.4213256836
timeofday:1790994590:113058
lasttimeofday: 1790994589:691730
deltatime:0:421328
delta: 0.4213256836
delta too large: 0.4242248535
timeofday:1790994590:601703
lasttimeofday: 1790994590:177473
deltatime:0:424230
delta: 0.4242248535
delta too large: 0.4456176758
timeofday:1790994591:110876
lasttimeofday: 1790994590:665257
deltatime:0:445619
delta: 0.4456176758
delta too large: 0.5045471191
timeofday:1790994591:702529
lasttimeofday: 1790994591:197971
deltatime:0:504558
delta: 0.5045471191
delta too large: 0.4710083008
timeofday:1790994592:234745
lasttimeofday: 1790994591:763730
deltatime:0:471015
delta: 0.4710083008
delta too large: 0.4439697266
timeofday:1790994592:760574
lasttimeofday: 1790994592:316600
deltatime:0:443974
delta: 0.4439697266
ball pos: (1.711, -0.270, 2.300)
delta too large: 0.4454498291
timeofday:1790994593:265908
lasttimeofday: 1790994592:820443
deltatime:0:445465
delta: 0.4454498291
delta too large: 0.4422607422
timeofday:1790994593:780078
lasttimeofday: 1790994593:337813
deltatime:0:442265
delta: 0.4422607422
delta too large: 0.4670562744
timeofday:1790994594:320937
lasttimeofday: 1790994593:853875
deltatime:0:467062
delta: 0.4670562744
delta too large: 0.4881134033
timeofday:1790994594:895301
lasttimeofday: 1790994594:407184
deltatime:0:488117
delta: 0.4881134033
delta too large: 0.5253295898
timeofday:1790994595:483033
lasttimeofday: 1790994594:957689
deltatime:0:525344
delta: 0.5253295898
delta too large: 0.4211883545
timeofday:1790994595:974390
lasttimeofday: 1790994595:553192
deltatime:0:421198
delta: 0.4211883545
delta too large: 0.4207458496
timeofday:1790994596:477524
lasttimeofday: 1790994596:56770
deltatime:0:420754
delta: 0.4207458496
delta too large: 0.4166564941
timeofday:1790994596:961444
lasttimeofday: 1790994596:544784
deltatime:0:416660
delta: 0.4166564941
delta too large: 0.4336853027
timeofday:1790994597:395133
lasttimeofday: 1790994596:961444
deltatime:0:433689
delta: 0.4336853027
delta too large: 0.4266815186
timeofday:1790994597:942134
lasttimeofday: 1790994597:515448
deltatime:0:426686
delta: 0.4266815186
delta too large: 0.4205474854
timeofday:1790994598:440064
lasttimeofday: 1790994598:19508
deltatime:0:420556
delta: 0.4205474854
delta too large: 0.4426116943
timeofday:1790994598:966031
lasttimeofday: 1790994598:523405
deltatime:0:442626
delta: 0.4426116943
delta too large: 0.4279327393
timeofday:1790994599:468337
lasttimeofday: 1790994599:40400
deltatime:0:427937
delta: 0.4279327393
delta too large: 0.418838501
timeofday:1790994599:959814
lasttimeofday: 1790994599:540967
deltatime:0:418847
delta: 0.418838501
delta too large: 0.429473877
timeofday:1790994600:468162
lasttimeofday: 1790994600:38685
deltatime:0:429477
delta: 0.429473877
delta too large: 0.4196929932
timeofday:1790994600:963449
lasttimeofday: 1790994600:543752
deltatime:0:419697
delta: 0.4196929932
ball pos: (0.780, -0.270, 2.511)
delta too large: 0.4294128418
timeofday:1790994601:460995
lasttimeofday: 1790994601:31577
deltatime:0:429418
delta: 0.4294128418
delta too large: 0.4228515625
timeofday:1790994601:955411
lasttimeofday: 1790994601:532545
deltatime:0:422866
delta: 0.4228515625
delta too large: 0.4228210449
timeofday:1790994602:456625
lasttimeofday: 1790994602:33796
deltatime:0:422829
delta: 0.4228210449
delta too large: 0.4279174805
timeofday:1790994602:968126
lasttimeofday: 1790994602:540195
deltatime:0:427931
delta: 0.4279174805
delta too large: 0.4467315674
timeofday:1790994603:486636
lasttimeofday: 1790994603:39898
deltatime:0:446738
delta: 0.4467315674
delta too large: 0.4198760986
timeofday:1790994603:976951
lasttimeofday: 1790994603:557063
deltatime:0:419888
delta: 0.4198760986
delta too large: 0.4318237305
timeofday:1790994604:489205
lasttimeofday: 1790994604:57378
deltatime:0:431827
delta: 0.4318237305
delta too large: 0.4333343506
timeofday:1790994605:12517
lasttimeofday: 1790994604:579168
deltatime:0:433349
delta: 0.4333343506
delta too large: 0.4521942139
timeofday:1790994605:552442
lasttimeofday: 1790994605:100235
deltatime:0:452207
delta: 0.4521942139
delta too large: 0.4275970459
timeofday:1790994606:44970
lasttimeofday: 1790994605:617360
deltatime:0:427610
delta: 0.4275970459
delta too large: 0.4243011475
timeofday:1790994606:528752
lasttimeofday: 1790994606:104438
deltatime:0:424314
delta: 0.4243011475
delta too large: 0.424987793
timeofday:1790994607:34383
lasttimeofday: 1790994606:609386
deltatime:0:424997
delta: 0.424987793
delta too large: 0.4383392334
timeofday:1790994607:547915
lasttimeofday: 1790994607:109566
deltatime:0:438349
delta: 0.4383392334
delta too large: 0.4196014404
timeofday:1790994607:967520
lasttimeofday: 1790994607:547915
deltatime:0:419605
delta: 0.4196014404
delta too large: 0.4326171875
timeofday:1790994608:495593
lasttimeofday: 1790994608:62975
deltatime:0:432618
delta: 0.4326171875
delta too large: 0.4185180664
timeofday:1790994608:985928
lasttimeofday: 1790994608:567398
deltatime:0:418530
delta: 0.4185180664
ball pos: (-0.255, -0.270, 3.098)
delta too large: 0.4263305664
timeofday:1790994609:480854
lasttimeofday: 1790994609:54516
deltatime:0:426338
delta: 0.4263305664
delta too large: 0.4546966553
timeofday:1790994610:26336
lasttimeofday: 1790994609:571626
deltatime:0:454710
delta: 0.4546966553
delta too large: 0.4227142334
timeofday:1790994610:531391
lasttimeofday: 1790994610:108663
deltatime:0:422728
delta: 0.4227142334
delta too large: 0.4444580078
timeofday:1790994611:56203
lasttimeofday: 1790994610:611743
deltatime:0:444460
delta: 0.4444580078
delta too large: 0.458694458
timeofday:1790994611:600022
lasttimeofday: 1790994611:141317
deltatime:0:458705
delta: 0.458694458
delta too large: 0.4107971191
timeofday:1790994612:86278
lasttimeofday: 1790994611:675473
deltatime:0:410805
delta: 0.4107971191
delta too large: 0.4671630859
timeofday:1790994612:629432
lasttimeofday: 1790994612:162254
deltatime:0:467178
delta: 0.4671630859
delta too large: 0.4227294922
timeofday:1790994613:124805
lasttimeofday: 1790994612:702073
deltatime:0:422732
delta: 0.4227294922
delta too large: 0.4231262207
timeofday:1790994613:631001
lasttimeofday: 1790994613:207870
deltatime:0:423131
delta: 0.4231262207
delta too large: 0.4217987061
timeofday:1790994614:112802
lasttimeofday: 1790994613:690994
deltatime:0:421808
delta: 0.4217987061
delta too large: 0.4258422852
timeofday:1790994614:615810
lasttimeofday: 1790994614:189958
deltatime:0:425852
delta: 0.4258422852
delta too large: 0.4617004395
timeofday:1790994615:141434
lasttimeofday: 1790994614:679729
deltatime:0:461705
delta: 0.4617004395
delta too large: 0.419921875
timeofday:1790994615:632400
lasttimeofday: 1790994615:212478
deltatime:0:419922
delta: 0.419921875
delta too large: 0.4606933594
timeofday:1790994616:157157
lasttimeofday: 1790994615:696456
deltatime:0:460701
delta: 0.4606933594
delta too large: 0.4266662598
timeofday:1790994616:660053
lasttimeofday: 1790994616:233373
deltatime:0:426680
delta: 0.4266662598
ball pos: (-0.295, -0.270, 3.103)
delta too large: 0.4246063232
timeofday:1790994617:150190
lasttimeofday: 1790994616:725582
deltatime:0:424608
delta: 0.4246063232
delta too large: 0.4365081787
timeofday:1790994617:666045
lasttimeofday: 1790994617:229522
deltatime:0:436523
delta: 0.4365081787
delta too large: 0.4247589111
timeofday:1790994618:171703
lasttimeofday: 1790994617:746935
deltatime:0:424768
delta: 0.4247589111
delta too large: 0.4270172119
timeofday:1790994618:598734
lasttimeofday: 1790994618:171703
deltatime:0:427031
delta: 0.4270172119
delta too large: 0.4290313721
timeofday:1790994619:134441
lasttimeofday: 1790994618:705406
deltatime:0:429035
delta: 0.4290313721
delta too large: 0.4338531494
timeofday:1790994619:638853
lasttimeofday: 1790994619:204988
deltatime:0:433865
delta: 0.4338531494
delta too large: 0.4461975098
timeofday:1790994620:168377
lasttimeofday: 1790994619:722170
deltatime:0:446207
delta: 0.4461975098
delta too large: 0.45753479
timeofday:1790994620:698465
lasttimeofday: 1790994620:240916
deltatime:0:457549
delta: 0.45753479
delta too large: 0.4389038086
timeofday:1790994621:206662
lasttimeofday: 1790994620:767746
deltatime:0:438916
delta: 0.4389038086
delta too large: 0.4293365479
timeofday:1790994621:697622
lasttimeofday: 1790994621:268277
deltatime:0:429345
delta: 0.4293365479
delta too large: 0.4953308105
timeofday:1790994622:263404
lasttimeofday: 1790994621:768070
deltatime:0:495334
delta: 0.4953308105
delta too large: 0.4698181152
timeofday:1790994622:807680
lasttimeofday: 1790994622:337849
deltatime:0:469831
delta: 0.4698181152
delta too large: 0.5361022949
timeofday:1790994623:407787
lasttimeofday: 1790994622:871683
deltatime:0:536104
delta: 0.5361022949
delta too large: 0.428817749
timeofday:1790994623:899896
lasttimeofday: 1790994623:471078
deltatime:0:428818
delta: 0.428817749
delta too large: 0.4141998291
timeofday:1790994624:321531
lasttimeofday: 1790994623:907317
deltatime:0:414214
delta: 0.4141998291
delta too large: 0.4480133057
timeofday:1790994624:889947
lasttimeofday: 1790994624:441923
deltatime:0:448024
delta: 0.4480133057
delta too large: 0.437789917
timeofday:1790994625:400260
lasttimeofday: 1790994624:962464
deltatime:0:437796
delta: 0.437789917
ball pos: (-0.638, -0.270, 3.103)
delta too large: 0.4172515869
timeofday:1790994625:896965
lasttimeofday: 1790994625:479711
deltatime:0:417254
delta: 0.4172515869
delta too large: 0.4477081299
timeofday:1790994626:426744
lasttimeofday: 1790994625:979029
deltatime:0:447715
delta: 0.4477081299
delta too large: 0.4242248535
timeofday:1790994626:923295
lasttimeofday: 1790994626:499063
deltatime:0:424232
delta: 0.4242248535
delta too large: 0.4322662354
timeofday:1790994627:415243
lasttimeofday: 1790994626:982963
deltatime:0:432280
delta: 0.4322662354
delta too large: 0.41796875
timeofday:1790994627:901587
lasttimeofday: 1790994627:483608
deltatime:0:417979
delta: 0.41796875
delta too large: 0.429397583
timeofday:1790994628:412636
lasttimeofday: 1790994627:983234
deltatime:0:429402
delta: 0.429397583
delta too large: 0.4227600098
timeofday:1790994628:908241
lasttimeofday: 1790994628:485477
deltatime:0:422764
delta: 0.4227600098
delta too large: 0.4331665039
timeofday:1790994629:405767
lasttimeofday: 1790994628:972600
deltatime:0:433167
delta: 0.4331665039
delta too large: 0.4473571777
timeofday:1790994629:937620
lasttimeofday: 1790994629:490257
deltatime:0:447363
delta: 0.4473571777
delta too large: 0.4424133301
timeofday:1790994630:452180
lasttimeofday: 1790994630:9757
deltatime:0:442423
delta: 0.4424133301
delta too large: 0.4417572021
timeofday:1790994630:955893
lasttimeofday: 1790994630:514132
deltatime:0:441761
delta: 0.4417572021
delta too large: 0.4337921143
timeofday:1790994631:466391
lasttimeofday: 1790994631:32596
deltatime:0:433795
delta: 0.4337921143
delta too large: 0.4274749756
timeofday:1790994631:957283
lasttimeofday: 1790994631:529795
deltatime:0:427488
delta: 0.4274749756
delta too large: 0.4528503418
timeofday:1790994632:485885
lasttimeofday: 1790994632:33030
deltatime:0:452855
delta: 0.4528503418
delta too large: 0.4179229736
timeofday:1790994632:967443
lasttimeofday: 1790994632:549507
deltatime:0:417936
delta: 0.4179229736
ball pos: (-0.639, -0.270, 3.103)
delta too large: 0.4178466797
timeofday:1790994633:455536
lasttimeofday: 1790994633:37687
deltatime:0:417849
delta: 0.4178466797
delta too large: 0.4615020752
timeofday:1790994633:982855
lasttimeofday: 1790994633:521352
deltatime:0:461503
delta: 0.4615020752
delta too large: 0.4119415283
timeofday:1790994634:470007
lasttimeofday: 1790994634:58064
deltatime:0:411943
delta: 0.4119415283
delta too large: 0.4193267822
timeofday:1790994634:889341
lasttimeofday: 1790994634:470007
deltatime:0:419334
delta: 0.4193267822
GF 1 0 1 1 2 0.80000001192093 0 3.6500000953674 3.6799368858337 0.12650479376316 2.5084760189056 0.18181556463242 
delta too large: 0.4196777344
timeofday:1790994635:432791
lasttimeofday: 1790994635:13104
deltatime:0:419687
delta: 0.4196777344
delta too large: 0.4212493896
timeofday:1790994635:935099
lasttimeofday: 1790994635:513835
deltatime:0:421264
delta: 0.4212493896
delta too large: 0.4342651367
timeofday:1790994636:369378
lasttimeofday: 1790994635:935099
deltatime:0:434279
delta: 0.4342651367
delta too large: 0.4094848633
timeofday:1790994636:879297
lasttimeofday: 1790994636:469810
deltatime:0:409487
delta: 0.4094848633
delta too large: 0.4229125977
timeofday:1790994637:379766
lasttimeofday: 1790994636:956844
deltatime:0:422922
delta: 0.4229125977
delta too large: 0.4188079834
timeofday:1790994637:876475
lasttimeofday: 1790994637:457664
deltatime:0:418811
delta: 0.4188079834
delta too large: 0.4300537109
timeofday:1790994638:383609
lasttimeofday: 1790994637:953551
deltatime:0:430058
delta: 0.4300537109
delta too large: 0.4867401123
timeofday:1790994638:944435
lasttimeofday: 1790994638:457683
deltatime:0:486752
delta: 0.4867401123
delta too large: 0.4304656982
timeofday:1790994639:455741
lasttimeofday: 1790994639:25275
deltatime:0:430466
delta: 0.4304656982
delta too large: 0.4519500732
timeofday:1790994639:993946
lasttimeofday: 1790994639:541985
deltatime:0:451961
delta: 0.4519500732
delta too large: 0.4214324951
timeofday:1790994640:466381
lasttimeofday: 1790994640:44939
deltatime:0:421442
delta: 0.4214324951
delta too large: 0.4248199463
timeofday:1790994640:974641
lasttimeofday: 1790994640:549820
deltatime:0:424821
delta: 0.4248199463
ball pos: (-0.639, -0.270, 3.103)
delta too large: 0.4339904785
timeofday:1790994641:487279
lasttimeofday: 1790994641:53279
deltatime:0:434000
delta: 0.4339904785
delta too large: 0.4180297852
timeofday:1790994641:955393
lasttimeofday: 1790994641:537361
deltatime:0:418032
delta: 0.4180297852
delta too large: 0.4270782471
timeofday:1790994642:467214
lasttimeofday: 1790994642:40130
deltatime:0:427084
delta: 0.4270782471
delta too large: 0.4557495117
timeofday:1790994643:1975
lasttimeofday: 1790994642:546225
deltatime:0:455750
delta: 0.4557495117
delta too large: 0.4209899902
timeofday:1790994643:483378
lasttimeofday: 1790994643:62385
deltatime:0:420993
delta: 0.4209899902
delta too large: 0.4172363281
timeofday:1790994643:975519
lasttimeofday: 1790994643:558278
deltatime:0:417241
delta: 0.4172363281
delta too large: 0.4226074219
timeofday:1790994644:483680
lasttimeofday: 1790994644:61068
deltatime:0:422612
delta: 0.4226074219
delta too large: 0.4231872559
timeofday:1790994644:972570
lasttimeofday: 1790994644:549370
deltatime:0:423200
delta: 0.4231872559
delta too large: 0.4221038818
timeofday:1790994645:458271
lasttimeofday: 1790994645:36166
deltatime:0:422105
delta: 0.4221038818
delta too large: 0.4195709229
timeofday:1790994645:940672
lasttimeofday: 1790994645:521088
deltatime:0:419584
delta: 0.4195709229
delta too large: 0.4181060791
timeofday:1790994646:425902
lasttimeofday: 1790994646:7790
deltatime:0:418112
delta: 0.4181060791
delta too large: 0.4255065918
timeofday:1790994646:919992
lasttimeofday: 1790994646:494481
deltatime:0:425511
delta: 0.4255065918
delta too large: 0.4473876953
timeofday:1790994647:426786
lasttimeofday: 1790994646:979390
deltatime:0:447396
delta: 0.4473876953
delta too large: 0.4239196777
timeofday:1790994647:936022
lasttimeofday: 1790994647:512090
deltatime:0:423932
delta: 0.4239196777
delta too large: 0.4345550537
timeofday:1790994648:433281
lasttimeofday: 1790994647:998725
deltatime:0:434556
delta: 0.4345550537
delta too large: 0.4191589355
timeofday:1790994648:938330
lasttimeofday: 1790994648:519169
deltatime:0:419161
delta: 0.4191589355
ball pos: (-0.639, -0.270, 3.103)
delta too large: 0.4178161621
timeofday:1790994649:424834
lasttimeofday: 1790994649:7005
deltatime:0:417829
delta: 0.4178161621
delta too large: 0.4448852539
timeofday:1790994649:935955
lasttimeofday: 1790994649:491065
deltatime:0:444890
delta: 0.4448852539
delta too large: 0.4163208008
timeofday:1790994650:410638
lasttimeofday: 1790994649:994308
deltatime:0:416330
delta: 0.4163208008
delta too large: 0.4236907959
timeofday:1790994650:904459
lasttimeofday: 1790994650:480763
deltatime:0:423696
delta: 0.4236907959
delta too large: 0.431854248
timeofday:1790994651:413244
lasttimeofday: 1790994650:981385
deltatime:0:431859
delta: 0.431854248
delta too large: 0.481338501
timeofday:1790994651:964245
lasttimeofday: 1790994651:482896
deltatime:0:481349
delta: 0.481338501
delta too large: 0.4607543945
timeofday:1790994652:505140
lasttimeofday: 1790994652:44372
deltatime:0:460768
delta: 0.4607543945
delta too large: 0.4201965332
timeofday:1790994652:985503
lasttimeofday: 1790994652:565301
deltatime:0:420202
delta: 0.4201965332
delta too large: 0.4244689941
timeofday:1790994653:476855
lasttimeofday: 1790994653:52378
deltatime:0:424477
delta: 0.4244689941
delta too large: 0.4176940918
timeofday:1790994653:970980
lasttimeofday: 1790994653:553276
deltatime:0:417704
delta: 0.4176940918
delta too large: 0.4214935303
timeofday:1790994654:462016
lasttimeofday: 1790994654:40522
deltatime:0:421494
delta: 0.4214935303
delta too large: 0.4393615723
timeofday:1790994654:950184
lasttimeofday: 1790994654:510822
deltatime:0:439362
delta: 0.4393615723
delta too large: 0.4334106445
timeofday:1790994655:441995
lasttimeofday: 1790994655:8581
deltatime:0:433414
delta: 0.4334106445
delta too large: 0.4319915771
timeofday:1790994655:924121
lasttimeofday: 1790994655:492118
deltatime:0:432003
delta: 0.4319915771
delta too large: 0.4571228027
timeofday:1790994656:454165
lasttimeofday: 1790994655:997041
deltatime:0:457124
delta: 0.4571228027
ball pos: (-0.639, -0.270, 3.103)
delta too large: 0.4431304932
timeofday:1790994656:977201
lasttimeofday: 1790994656:534057
deltatime:0:443144
delta: 0.4431304932
delta too large: 0.419418335
timeofday:1790994657:491394
lasttimeofday: 1790994657:71964
deltatime:0:419430
delta: 0.419418335
delta too large: 0.4507141113
timeofday:1790994658:6886
lasttimeofday: 1790994657:556165
deltatime:0:450721
delta: 0.4507141113
delta too large: 0.4286651611
timeofday:1790994658:504135
lasttimeofday: 1790994658:75460
deltatime:0:428675
delta: 0.4286651611
delta too large: 0.4267272949
timeofday:1790994658:990482
lasttimeofday: 1790994658:563749
deltatime:0:426733
delta: 0.4267272949
delta too large: 0.4289550781
timeofday:1790994659:493349
lasttimeofday: 1790994659:64379
deltatime:0:428970
delta: 0.4289550781
delta too large: 0.4205169678
timeofday:1790994659:984437
lasttimeofday: 1790994659:563913
deltatime:0:420524
delta: 0.4205169678
delta too large: 0.4463500977
timeofday:1790994660:509257
lasttimeofday: 1790994660:62901
deltatime:0:446356
delta: 0.4463500977
delta too large: 0.4262237549
timeofday:1790994661:10470
lasttimeofday: 1790994660:584236
deltatime:0:426234
delta: 0.4262237549
delta too large: 0.4269561768
timeofday:1790994661:516047
lasttimeofday: 1790994661:89090
deltatime:0:426957
delta: 0.4269561768
delta too large: 0.4236297607
timeofday:1790994662:12889
lasttimeofday: 1790994661:589245
deltatime:0:423644
delta: 0.4236297607
delta too large: 0.4156341553
timeofday:1790994662:508493
lasttimeofday: 1790994662:92847
deltatime:0:415646
delta: 0.4156341553
delta too large: 0.4228820801
timeofday:1790994663:20478
lasttimeofday: 1790994662:597593
deltatime:0:422885
delta: 0.4228820801
delta too large: 0.42578125
timeofday:1790994663:525403
lasttimeofday: 1790994663:99611
deltatime:0:425792
delta: 0.42578125
delta too large: 0.427947998
timeofday:1790994664:26366
lasttimeofday: 1790994663:598413
deltatime:0:427953
delta: 0.427947998
ball pos: (-0.639, -0.270, 3.103)
delta too large: 0.4171447754
timeofday:1790994664:518658
lasttimeofday: 1790994664:101513
deltatime:0:417145
delta: 0.4171447754
delta too large: 0.4550933838
timeofday:1790994665:60436
lasttimeofday: 1790994664:605335
deltatime:0:455101
delta: 0.4550933838
delta too large: 0.4281616211
timeofday:1790994665:554614
lasttimeofday: 1790994665:126448
deltatime:0:428166
delta: 0.4281616211
delta too large: 0.4224395752
timeofday:1790994666:49814
lasttimeofday: 1790994665:627369
deltatime:0:422445
delta: 0.4224395752
delta too large: 0.4446411133
timeofday:1790994666:558130
lasttimeofday: 1790994666:113483
deltatime:0:444647
delta: 0.4446411133
delta too large: 0.4342956543
timeofday:1790994666:992432
lasttimeofday: 1790994666:558130
deltatime:0:434302
delta: 0.4342956543
[debug] client disconnected fd=18
