material: texture=""  bTranslucent=0  bitdepth=16  flags_in=0x2
material: texture=""  bTranslucent=0  bitdepth=16  flags_in=0x2
audio: miniaudio v0.11.25 ready
wf_game v0.4.1, Built:Oct  9 2026,00:40:31 by kts
-L/home/will/WorldFoundry-wbniv/.worktrees/teleport-audit/wflevels/unloaded_actor_regression-standalone.iff
--windowed
--debug-print-actors
game Error: Unrecognized command line switch "-"
--debug-port
--debug-bind
argc = 8, commandIndex = 8
Level=-1
cerror:
cwarn:
cstats:
wf_game Ver 0.4.1, Built:Oct  9 2026,00:40:31 by kts
DBSTREAMS jolt: RegisterDefaultAllocator
jolt: Factory
jolt: RegisterTypes
jolt: RunSelftest
jolt: selftest ok (sphere fell to z=5.098)
jolt: backend init
jolt: backend ready (gravity -Z)
jolt: init complete
LMalloc of 412 not 8-byte aligned, rounding up
LMalloc of 7620 not 8-byte aligned, rounding up
LMalloc of 20 not 8-byte aligned, rounding up
LMalloc of 20 not 8-byte aligned, rounding up
Level::Level: leveldata= 0x7bf104b34148, object count  = 22
ASS closed without all data read (bytesLeft = 4118)
ASS closed without all data read (bytesLeft = 150)
ASS closed without all data read (bytesLeft = 16)
ASS closed without all data read (bytesLeft = 16)
ASS closed without all data read (bytesLeft = 12100)
ASS closed without all data read (bytesLeft = 1948)
PixelMap::Load: this = 0x7bf101f27de8
PixelMap::Load: this = 0x7bf101f27e28
LMalloc of 28 not 8-byte aligned, rounding up
LMalloc of 28 not 8-byte aligned, rounding up
LMalloc of 28 not 8-byte aligned, rounding up
LMalloc of 28 not 8-byte aligned, rounding up
[Actor] idx=6 class=13 commonOff=1092 NumberOfLocalMailboxes=0
this = 0x7bf101f2b1a0,setting _memory to 0x7bf101f2ae78
DMalloc of 52 not 8-byte aligned, rounding up
[Actor] idx=7 class=20 commonOff=1648 NumberOfLocalMailboxes=0
[Actor] idx=8 class=16 commonOff=1092 NumberOfLocalMailboxes=0
[Actor] idx=9 class=22 commonOff=1908 NumberOfLocalMailboxes=6
[Actor] idx=10 class=3 commonOff=1092 NumberOfLocalMailboxes=0
[Actor] idx=11 class=3 commonOff=1092 NumberOfLocalMailboxes=0
[Actor] idx=12 class=6 commonOff=1092 NumberOfLocalMailboxes=0
[Actor] idx=13 class=23 commonOff=1092 NumberOfLocalMailboxes=0
[Actor] idx=14 class=6 commonOff=1092 NumberOfLocalMailboxes=0
[Actor] idx=15 class=23 commonOff=1092 NumberOfLocalMailboxes=0
[Actor] idx=16 class=6 commonOff=1092 NumberOfLocalMailboxes=0
[Actor] idx=17 class=23 commonOff=1092 NumberOfLocalMailboxes=0
[Actor] idx=18 class=6 commonOff=1092 NumberOfLocalMailboxes=0
[Actor] idx=19 class=23 commonOff=1092 NumberOfLocalMailboxes=0
[Actor] idx=20 class=6 commonOff=2696 NumberOfLocalMailboxes=0
[Actor] idx=21 class=6 commonOff=2740 NumberOfLocalMailboxes=0
DMalloc of 22 not 8-byte aligned, rounding up
DMalloc of 402 not 8-byte aligned, rounding up
DMalloc of 412 not 8-byte aligned, rounding up
DMalloc of 402 not 8-byte aligned, rounding up
DMalloc of 4 not 8-byte aligned, rounding up
DMalloc of 404 not 8-byte aligned, rounding up
DMalloc of 404 not 8-byte aligned, rounding up
DMalloc of 402 not 8-byte aligned, rounding up
DMalloc of 4 not 8-byte aligned, rounding up
DMalloc of 404 not 8-byte aligned, rounding up
DMalloc of 404 not 8-byte aligned, rounding up
DMalloc of 402 not 8-byte aligned, rounding up
DMalloc of 6 not 8-byte aligned, rounding up
DMalloc of 406 not 8-byte aligned, rounding up
DMalloc of 406 not 8-byte aligned, rounding up
DMalloc of 402 not 8-byte aligned, rounding up
Walking from 0
0->0
forward
2->1
backward
1->2
Walking from 3
3->0
0->0, 1->2, 2->1
1->2, 0->0
2->1, 0->0
3->0
ASS closed without all data read (bytesLeft = 4118)
ASS closed without all data read (bytesLeft = 150)
ASS closed without all data read (bytesLeft = 16)
ASS closed without all data read (bytesLeft = 16)
ASS closed without all data read (bytesLeft = 1948)
PixelMap::Load: this = 0x7bf101f27e68
PixelMap::Load: this = 0x7bf101f27ea8
LMalloc of 28 not 8-byte aligned, rounding up
LMalloc of 28 not 8-byte aligned, rounding up
LMalloc of 28 not 8-byte aligned, rounding up
LMalloc of 28 not 8-byte aligned, rounding up
LMalloc of 7396 not 8-byte aligned, rounding up
RenderActor3DAnimates constructed with no animations!
LMalloc of 1636 not 8-byte aligned, rounding up
RenderActor3DAnimates constructed with no animations!
LMalloc of 1636 not 8-byte aligned, rounding up
RenderActor3DAnimates constructed with no animations!
ASS closed without all data read (bytesLeft = 4118)
ASS closed without all data read (bytesLeft = 150)
ASS closed without all data read (bytesLeft = 16)
ASS closed without all data read (bytesLeft = 16)
ASS closed without all data read (bytesLeft = 1948)
PixelMap::Load: this = 0x7bf101f27f68
PixelMap::Load: this = 0x7bf101f27fa8
LMalloc of 28 not 8-byte aligned, rounding up
LMalloc of 28 not 8-byte aligned, rounding up
LMalloc of 28 not 8-byte aligned, rounding up
LMalloc of 28 not 8-byte aligned, rounding up
LMalloc of 1636 not 8-byte aligned, rounding up
RenderActor3DAnimates constructed with no animations!
ASS closed without all data read (bytesLeft = 4118)
ASS closed without all data read (bytesLeft = 150)
ASS closed without all data read (bytesLeft = 16)
ASS closed without all data read (bytesLeft = 16)
ASS closed without all data read (bytesLeft = 1948)
PixelMap::Load: this = 0x7bf101f27ee8
PixelMap::Load: this = 0x7bf101f27f28
LMalloc of 28 not 8-byte aligned, rounding up
LMalloc of 28 not 8-byte aligned, rounding up
LMalloc of 28 not 8-byte aligned, rounding up
LMalloc of 28 not 8-byte aligned, rounding up
LMalloc of 1636 not 8-byte aligned, rounding up
RenderActor3DAnimates constructed with no animations!
zforth: INDEXOF_CAMSHOT = 1921 (expect 1921)
zforth: INDEXOF_CAMSHOT = 1921 (expect 1921)
jolt: OptimizeBroadPhase done (0 static bodies)
audio: MusicPlayer — soundfont not found: florestan-subset.sf2
audio: sfx[0] not found: wflevels/qbert_practice/sfx/qbert_hop.wav
audio: sfx[1] not found: wflevels/qbert_practice/sfx/qbert_land.wav
audio: sfx[2] not found: wflevels/qbert_practice/sfx/qbert_fall.wav
audio: sfx[3] not found: wflevels/qbert_practice/sfx/qbert_swear.wav
audio: sfx[4] not found: wflevels/qbert_practice/sfx/qbert_round_clear.wav
audio: sfx[5] not found: wflevels/qbert_practice/sfx/qbert_kill.wav
audio: sfx[6] not found: wflevels/qbert_practice/sfx/qbert_disc.wav
[debug] listening on :42551
rest_api: listening on http://127.0.0.1:0
[debug] client connected fd=20 from 127.0.0.1
Room::UpdateRoomContents: object 9 kind=22 pos=(300,0,7) fell out of room 0 roompos=(0,0,0) roombox=(-20,-30,-20)-(20,30,40); re-adding
Room::UpdateRoomContents: object 6 kind=13 pos=(300,-15,5) fell out of room 0 roompos=(0,0,0) roombox=(-20,-30,-20)-(20,30,40); re-adding
ASS closed without all data read (bytesLeft = 4118)
ASS closed without all data read (bytesLeft = 150)
ASS closed without all data read (bytesLeft = 16)
ASS closed without all data read (bytesLeft = 16)
ASS closed without all data read (bytesLeft = 1948)
PixelMap::Load: this = 0x7bf101f27e68
PixelMap::Load: this = 0x7bf101f27ea8
LMalloc of 28 not 8-byte aligned, rounding up
LMalloc of 28 not 8-byte aligned, rounding up
LMalloc of 28 not 8-byte aligned, rounding up
LMalloc of 28 not 8-byte aligned, rounding up
LMalloc of 1636 not 8-byte aligned, rounding up
RenderActor3DAnimates constructed with no animations!
LMalloc of 1636 not 8-byte aligned, rounding up
RenderActor3DAnimates constructed with no animations!
Asset manager
Perm
LMalloc Dump: [named Room #4095]
_flags = 0
_memory = 0x7bf1023340e0
_endMemory = 0x7bf1033340e0
_currentFree = 0x7bf10234ed48
_parentMemory = 0
109672/16777216 free=16667544


Room 0
LMalloc Dump: [named Room #3]
_flags = 0
_memory = 0x7bf1033340e0
_endMemory = 0x7bf103b340e0
_currentFree = 0x7bf103338198
_parentMemory = 0
16568/8388608 free=8372040

Room 1
Room 2
Room 3
Room 4
Room 5
Room 6
Room 7
Room 8

Room::UpdateRoomContents: object 9 kind=22 pos=(0,0,7) fell out of room 3 roompos=(0,0,0) roombox=(280,-30,-20)-(320,30,40); re-adding
Room::UpdateRoomContents: object 6 kind=13 pos=(0,-15,5) fell out of room 3 roompos=(0,0,0) roombox=(280,-30,-20)-(320,30,40); re-adding
ASS closed without all data read (bytesLeft = 4118)
ASS closed without all data read (bytesLeft = 150)
ASS closed without all data read (bytesLeft = 16)
ASS closed without all data read (bytesLeft = 16)
ASS closed without all data read (bytesLeft = 1948)
PixelMap::Load: this = 0x7bf101f27e68
PixelMap::Load: this = 0x7bf101f27ea8
LMalloc of 28 not 8-byte aligned, rounding up
LMalloc of 28 not 8-byte aligned, rounding up
LMalloc of 28 not 8-byte aligned, rounding up
LMalloc of 28 not 8-byte aligned, rounding up
LMalloc of 1636 not 8-byte aligned, rounding up
RenderActor3DAnimates constructed with no animations!
ASS closed without all data read (bytesLeft = 4118)
ASS closed without all data read (bytesLeft = 150)
ASS closed without all data read (bytesLeft = 16)
ASS closed without all data read (bytesLeft = 16)
ASS closed without all data read (bytesLeft = 1948)
PixelMap::Load: this = 0x7bf101f27f68
PixelMap::Load: this = 0x7bf101f27fa8
LMalloc of 28 not 8-byte aligned, rounding up
LMalloc of 28 not 8-byte aligned, rounding up
LMalloc of 28 not 8-byte aligned, rounding up
LMalloc of 28 not 8-byte aligned, rounding up
LMalloc of 1636 not 8-byte aligned, rounding up
RenderActor3DAnimates constructed with no animations!
ASS closed without all data read (bytesLeft = 4118)
ASS closed without all data read (bytesLeft = 150)
ASS closed without all data read (bytesLeft = 16)
ASS closed without all data read (bytesLeft = 16)
ASS closed without all data read (bytesLeft = 1948)
PixelMap::Load: this = 0x7bf101f27ee8
PixelMap::Load: this = 0x7bf101f27f28
LMalloc of 28 not 8-byte aligned, rounding up
LMalloc of 28 not 8-byte aligned, rounding up
LMalloc of 28 not 8-byte aligned, rounding up
LMalloc of 28 not 8-byte aligned, rounding up
LMalloc of 1636 not 8-byte aligned, rounding up
RenderActor3DAnimates constructed with no animations!
Asset manager
Perm
LMalloc Dump: [named Room #4095]
_flags = 0
_memory = 0x7bf1023340e0
_endMemory = 0x7bf1033340e0
_currentFree = 0x7bf10234ed48
_parentMemory = 0
109672/16777216 free=16667544


Room 0
LMalloc Dump: [named Room #0]
_flags = 0
_memory = 0x7bf1033340e0
_endMemory = 0x7bf103b340e0
_currentFree = 0x7bf103338198
_parentMemory = 0
16568/8388608 free=8372040

Room 1
LMalloc Dump: [named Room #2]
_flags = 0
_memory = 0x7bf103b340e0
_endMemory = 0x7bf1043340e0
_currentFree = 0x7bf103b38198
_parentMemory = 0
16568/8388608 free=8372040

Room 2
LMalloc Dump: [named Room #1]
_flags = 0
_memory = 0x7bf1043340e0
_endMemory = 0x7bf104b340e0
_currentFree = 0x7bf104338198
_parentMemory = 0
16568/8388608 free=8372040

Room 3
Room 4
Room 5
Room 6
Room 7
Room 8

Room::UpdateRoomContents: object 20 kind=6 pos=(-5,0,7) fell out of room 3 roompos=(0,0,0) roombox=(280,-30,-20)-(320,30,40); re-adding
Room::UpdateRoomContents: object 20 kind=6 pos=(295,0,7) fell out of room 0 roompos=(0,0,0) roombox=(-20,-30,-20)-(20,30,40); re-adding
Room::UpdateRoomContents: object 20 kind=6 pos=(-5,0,7) fell out of room 3 roompos=(0,0,0) roombox=(280,-30,-20)-(320,30,40); re-adding
Room::UpdateRoomContents: object 20 kind=6 pos=(295,0,7) fell out of room 0 roompos=(0,0,0) roombox=(-20,-30,-20)-(20,30,40); re-adding
Room::UpdateRoomContents: object 20 kind=6 pos=(-5,0,7) fell out of room 3 roompos=(0,0,0) roombox=(280,-30,-20)-(320,30,40); re-adding
Room::UpdateRoomContents: object 20 kind=6 pos=(295,0,7) fell out of room 0 roompos=(0,0,0) roombox=(-20,-30,-20)-(20,30,40); re-adding
Room::UpdateRoomContents: object 20 kind=6 pos=(-5,0,7) fell out of room 3 roompos=(0,0,0) roombox=(280,-30,-20)-(320,30,40); re-adding
Room::UpdateRoomContents: object 9 kind=22 pos=(300,0,7) fell out of room 0 roompos=(0,0,0) roombox=(-20,-30,-20)-(20,30,40); re-adding
Room::UpdateRoomContents: object 6 kind=13 pos=(300,-15,5) fell out of room 0 roompos=(0,0,0) roombox=(-20,-30,-20)-(20,30,40); re-adding
ASS closed without all data read (bytesLeft = 4118)
ASS closed without all data read (bytesLeft = 150)
ASS closed without all data read (bytesLeft = 16)
ASS closed without all data read (bytesLeft = 16)
ASS closed without all data read (bytesLeft = 1948)
PixelMap::Load: this = 0x7bf101f27e68
PixelMap::Load: this = 0x7bf101f27ea8
LMalloc of 28 not 8-byte aligned, rounding up
LMalloc of 28 not 8-byte aligned, rounding up
LMalloc of 28 not 8-byte aligned, rounding up
LMalloc of 28 not 8-byte aligned, rounding up
LMalloc of 1636 not 8-byte aligned, rounding up
RenderActor3DAnimates constructed with no animations!
Asset manager
Perm
LMalloc Dump: [named Room #4095]
_flags = 0
_memory = 0x7bf1023340e0
_endMemory = 0x7bf1033340e0
_currentFree = 0x7bf10234ed48
_parentMemory = 0
109672/16777216 free=16667544


Room 0
LMalloc Dump: [named Room #3]
_flags = 0
_memory = 0x7bf1033340e0
_endMemory = 0x7bf103b340e0
_currentFree = 0x7bf103338198
_parentMemory = 0
16568/8388608 free=8372040

Room 1
Room 2
Room 3
Room 4
Room 5
Room 6
Room 7
Room 8

Room::UpdateRoomContents: object 9 kind=22 pos=(0,0,7) fell out of room 3 roompos=(0,0,0) roombox=(280,-30,-20)-(320,30,40); re-adding
Room::UpdateRoomContents: object 6 kind=13 pos=(0,-15,5) fell out of room 3 roompos=(0,0,0) roombox=(280,-30,-20)-(320,30,40); re-adding
ASS closed without all data read (bytesLeft = 4118)
ASS closed without all data read (bytesLeft = 150)
ASS closed without all data read (bytesLeft = 16)
ASS closed without all data read (bytesLeft = 16)
ASS closed without all data read (bytesLeft = 1948)
PixelMap::Load: this = 0x7bf101f27e68
PixelMap::Load: this = 0x7bf101f27ea8
LMalloc of 28 not 8-byte aligned, rounding up
LMalloc of 28 not 8-byte aligned, rounding up
LMalloc of 28 not 8-byte aligned, rounding up
LMalloc of 28 not 8-byte aligned, rounding up
LMalloc of 1636 not 8-byte aligned, rounding up
RenderActor3DAnimates constructed with no animations!
ASS closed without all data read (bytesLeft = 4118)
ASS closed without all data read (bytesLeft = 150)
ASS closed without all data read (bytesLeft = 16)
ASS closed without all data read (bytesLeft = 16)
ASS closed without all data read (bytesLeft = 1948)
PixelMap::Load: this = 0x7bf101f27f68
PixelMap::Load: this = 0x7bf101f27fa8
LMalloc of 28 not 8-byte aligned, rounding up
LMalloc of 28 not 8-byte aligned, rounding up
LMalloc of 28 not 8-byte aligned, rounding up
LMalloc of 28 not 8-byte aligned, rounding up
LMalloc of 1636 not 8-byte aligned, rounding up
RenderActor3DAnimates constructed with no animations!
ASS closed without all data read (bytesLeft = 4118)
ASS closed without all data read (bytesLeft = 150)
ASS closed without all data read (bytesLeft = 16)
ASS closed without all data read (bytesLeft = 16)
ASS closed without all data read (bytesLeft = 1948)
PixelMap::Load: this = 0x7bf101f27ee8
PixelMap::Load: this = 0x7bf101f27f28
LMalloc of 28 not 8-byte aligned, rounding up
LMalloc of 28 not 8-byte aligned, rounding up
LMalloc of 28 not 8-byte aligned, rounding up
LMalloc of 28 not 8-byte aligned, rounding up
LMalloc of 1636 not 8-byte aligned, rounding up
RenderActor3DAnimates constructed with no animations!
Asset manager
Perm
LMalloc Dump: [named Room #4095]
_flags = 0
_memory = 0x7bf1023340e0
_endMemory = 0x7bf1033340e0
_currentFree = 0x7bf10234ed48
_parentMemory = 0
109672/16777216 free=16667544


Room 0
LMalloc Dump: [named Room #0]
_flags = 0
_memory = 0x7bf1033340e0
_endMemory = 0x7bf103b340e0
_currentFree = 0x7bf103338198
_parentMemory = 0
16568/8388608 free=8372040

Room 1
LMalloc Dump: [named Room #2]
_flags = 0
_memory = 0x7bf103b340e0
_endMemory = 0x7bf1043340e0
_currentFree = 0x7bf103b38198
_parentMemory = 0
16568/8388608 free=8372040

Room 2
LMalloc Dump: [named Room #1]
_flags = 0
_memory = 0x7bf1043340e0
_endMemory = 0x7bf104b340e0
_currentFree = 0x7bf104338198
_parentMemory = 0
16568/8388608 free=8372040

Room 3
Room 4
Room 5
Room 6
Room 7
Room 8

[debug] client disconnected fd=20
