Artwork: /home/will/WorldFoundry-wbniv/android/prime-numbers/res/drawable-nodpi
----------
1. WARNING in /home/will/WorldFoundry-wbniv/android/prime-numbers/src/org/worldfoundry/wf_game/primes/TvActivity.java (at line 24)
	getWindow().getDecorView().setSystemUiVisibility(View.SYSTEM_UI_FLAG_FULLSCREEN
            | View.SYSTEM_UI_FLAG_HIDE_NAVIGATION | View.SYSTEM_UI_FLAG_IMMERSIVE_STICKY);
	                           ^^^^^^^^^^^^^^^^^^^^^^^^^^^^^^^^^^^^^^^^^^^^^^^^^^^^^^^^^^^^^^^^^^^^^^^^^^^^^^^^^^^^^^^^^^^^^^^^^^^^^^^^^^^^^^^^^^^^^^^^^^^^^^^^^^^^^^^^^^^^^^
The method setSystemUiVisibility(int) from the type View is deprecated
----------
2. WARNING in /home/will/WorldFoundry-wbniv/android/prime-numbers/src/org/worldfoundry/wf_game/primes/TvActivity.java (at line 24)
	getWindow().getDecorView().setSystemUiVisibility(View.SYSTEM_UI_FLAG_FULLSCREEN
	                                                      ^^^^^^^^^^^^^^^^^^^^^^^^^
The field View.SYSTEM_UI_FLAG_FULLSCREEN is deprecated
----------
3. WARNING in /home/will/WorldFoundry-wbniv/android/prime-numbers/src/org/worldfoundry/wf_game/primes/TvActivity.java (at line 25)
	| View.SYSTEM_UI_FLAG_HIDE_NAVIGATION | View.SYSTEM_UI_FLAG_IMMERSIVE_STICKY);
	       ^^^^^^^^^^^^^^^^^^^^^^^^^^^^^^
The field View.SYSTEM_UI_FLAG_HIDE_NAVIGATION is deprecated
----------
4. WARNING in /home/will/WorldFoundry-wbniv/android/prime-numbers/src/org/worldfoundry/wf_game/primes/TvActivity.java (at line 25)
	| View.SYSTEM_UI_FLAG_HIDE_NAVIGATION | View.SYSTEM_UI_FLAG_IMMERSIVE_STICKY);
	                                             ^^^^^^^^^^^^^^^^^^^^^^^^^^^^^^^
The field View.SYSTEM_UI_FLAG_IMMERSIVE_STICKY is deprecated
----------
5. WARNING in /home/will/WorldFoundry-wbniv/android/prime-numbers/src/org/worldfoundry/wf_game/primes/TvActivity.java (at line 36)
	display.getSettings().setAllowFileAccessFromFileURLs(false);
	                      ^^^^^^^^^^^^^^^^^^^^^^^^^^^^^^^^^^^^^
The method setAllowFileAccessFromFileURLs(boolean) from the type WebSettings is deprecated
----------
6. WARNING in /home/will/WorldFoundry-wbniv/android/prime-numbers/src/org/worldfoundry/wf_game/primes/TvActivity.java (at line 37)
	display.getSettings().setAllowUniversalAccessFromFileURLs(false);
	                      ^^^^^^^^^^^^^^^^^^^^^^^^^^^^^^^^^^^^^^^^^^
The method setAllowUniversalAccessFromFileURLs(boolean) from the type WebSettings is deprecated
----------
6 problems (6 warnings)
Verifies
Verified using v1 scheme (JAR signing): false
Verified using v2 scheme (APK Signature Scheme v2): true
Verified using v3 scheme (APK Signature Scheme v3): true
Verified using v3.1 scheme (APK Signature Scheme v3.1): false
Verified using v4 scheme (APK Signature Scheme v4): false
Verified for SourceStamp: false
Number of signers: 1
{
  "apk": "/home/will/WorldFoundry-wbniv/android/prime-numbers/build/primes-bb98c637cfeef2c8.apk",
  "sha256": "bb98c637cfeef2c824251af4f1b0ad71eab89fde347c3e3d3d6fc1798ab1c4b8",
  "package": "org.worldfoundry.wf_game.primes",
  "nativeCode": false,
  "source": {
    "AndroidManifest.xml": "0c1cdc77f895119133331edfda48fd9b7c59b2c061c6d376f5c042c7aeb86cf0",
    "README.md": "edd1fd682747d569e4eab0220afca8b56ffaa75b0adc9d78edab946c31f049a9",
    "artwork.py": "1b38963fe4a6840347839d9a2acfd59ef0afef2c42915ac274fc912f127f517c",
    "assets/index.html": "ddd6e14faf828e166701d8ff0bac2e93ce29dfb585ddf89d29716c1e8bbed9cc",
    "assets/study.css": "9371d766eda57d2609dadab9beea39ecad427fc763b43736f3bb10b635731ffd",
    "assets/study.js": "bd96b4a7419873d7c7bfdb5aac4cf4c7bbbb4c799c8451687a6ca1f1934155e9",
    "build.py": "f9ceb0bf8e410c6b75fb25a24c316b1363ead69ef5303c54485396e8f6e82e57",
    "deploy-review.json": "0a83333243e3996855b90a6ce8a1f5aea0e905f18b180772a2334a61e37394e4",
    "install.py": "adadac710bb1ec57fd1780de6562dce43ec8d1f7b9f7437186f8b39f2fd84c3a",
    "res/drawable-nodpi/banner.png": "5d5c2b28e239f2ce00fb12d7d5a323751ac74d3d9aaba86d0ef217de4abb337d",
    "res/drawable-nodpi/icon.png": "47f26956cc85960bc524f28afd8107d198327bdcd8fdd5ef01c648b2cb6ac727",
    "src/org/worldfoundry/wf_game/primes/TvActivity.java": "80707caf886441c227ceb3e02fcc95f58088cc71bb8008d1d281558fc0af02e4",
    "verify.py": "65f28285f20b6e9ff9159583e64687dcc554f19148ddf6b4c21fd68d6403d9af"
  },
  "compilerSha256": "01f5a92ac19bb2b3bf85e295a68f2c73c264369109158b566ce9b490af982948"
}
