> Task :app:preBuild UP-TO-DATE
> Task :app:preAquariumReleaseBuild UP-TO-DATE
> Task :app:javaPreCompileAquariumRelease UP-TO-DATE
> Task :app:checkAquariumReleaseAarMetadata UP-TO-DATE
> Task :app:generateAquariumReleaseResValues UP-TO-DATE
> Task :app:mapAquariumReleaseSourceSetPaths UP-TO-DATE
> Task :app:generateAquariumReleaseResources UP-TO-DATE
> Task :app:mergeAquariumReleaseResources UP-TO-DATE
> Task :app:packageAquariumReleaseResources UP-TO-DATE
> Task :app:parseAquariumReleaseLocalResources UP-TO-DATE
> Task :app:createAquariumReleaseCompatibleScreenManifests UP-TO-DATE
> Task :app:extractDeepLinksAquariumRelease UP-TO-DATE
> Task :app:processAquariumReleaseMainManifest UP-TO-DATE
> Task :app:processAquariumReleaseManifest UP-TO-DATE
> Task :app:processAquariumReleaseManifestForPackage UP-TO-DATE
> Task :app:processAquariumReleaseResources UP-TO-DATE
> Task :app:compileAquariumReleaseJavaWithJavac UP-TO-DATE
> Task :app:extractProguardFiles UP-TO-DATE
> Task :app:generateAquariumReleaseLintVitalReportModel UP-TO-DATE
> Task :app:lintVitalAnalyzeAquariumRelease UP-TO-DATE
> Task :app:lintVitalReportAquariumRelease UP-TO-DATE
> Task :app:lintVitalAquariumRelease
> Task :app:preQbertReleaseBuild UP-TO-DATE
> Task :app:configureCMakeRelease[arm64-v8a]
> Task :app:buildCMakeRelease[arm64-v8a]
> Task :app:configureCMakeRelease[armeabi-v7a]
> Task :app:buildCMakeRelease[armeabi-v7a]
> Task :app:mergeAquariumReleaseJniLibFolders UP-TO-DATE
> Task :app:mergeAquariumReleaseArtProfile UP-TO-DATE
> Task :app:desugarAquariumReleaseFileDependencies UP-TO-DATE
> Task :app:dexBuilderAquariumRelease UP-TO-DATE
> Task :app:mergeAquariumReleaseGlobalSynthetics UP-TO-DATE
> Task :app:checkAquariumReleaseDuplicateClasses UP-TO-DATE
> Task :app:mergeAquariumReleaseStartupProfile UP-TO-DATE
> Task :app:mergeExtDexAquariumRelease UP-TO-DATE
> Task :app:mergeDexAquariumRelease UP-TO-DATE
> Task :app:compileAquariumReleaseArtProfile UP-TO-DATE
> Task :app:mergeAquariumReleaseShaders UP-TO-DATE
> Task :app:compileAquariumReleaseShaders NO-SOURCE
> Task :app:generateAquariumReleaseAssets UP-TO-DATE
> Task :app:mergeAquariumReleaseAssets UP-TO-DATE
> Task :app:compressAquariumReleaseAssets UP-TO-DATE
> Task :app:extractAquariumReleaseVersionControlInfo UP-TO-DATE
> Task :app:processAquariumReleaseJavaRes NO-SOURCE
> Task :app:mergeAquariumReleaseJavaResource UP-TO-DATE
> Task :app:optimizeAquariumReleaseResources UP-TO-DATE
> Task :app:collectAquariumReleaseDependencies UP-TO-DATE
> Task :app:sdkAquariumReleaseDependencyData UP-TO-DATE
> Task :app:validateSigningAquariumRelease UP-TO-DATE
> Task :app:writeAquariumReleaseAppMetadata UP-TO-DATE
> Task :app:writeAquariumReleaseSigningConfigVersions UP-TO-DATE
> Task :app:preAquariumDiagnosticBuild UP-TO-DATE
> Task :app:mergeAquariumDiagnosticNativeDebugMetadata NO-SOURCE
> Task :app:javaPreCompileAquariumDiagnostic UP-TO-DATE
> Task :app:checkAquariumDiagnosticAarMetadata UP-TO-DATE
> Task :app:generateAquariumDiagnosticResValues UP-TO-DATE
> Task :app:mapAquariumDiagnosticSourceSetPaths UP-TO-DATE
> Task :app:generateAquariumDiagnosticResources UP-TO-DATE
> Task :app:mergeAquariumDiagnosticResources UP-TO-DATE
> Task :app:packageAquariumDiagnosticResources UP-TO-DATE
> Task :app:parseAquariumDiagnosticLocalResources UP-TO-DATE
> Task :app:createAquariumDiagnosticCompatibleScreenManifests UP-TO-DATE
> Task :app:extractDeepLinksAquariumDiagnostic UP-TO-DATE
> Task :app:processAquariumDiagnosticMainManifest UP-TO-DATE
> Task :app:processAquariumDiagnosticManifest UP-TO-DATE
> Task :app:processAquariumDiagnosticManifestForPackage UP-TO-DATE
> Task :app:processAquariumDiagnosticResources UP-TO-DATE
> Task :app:mergeAquariumReleaseNativeLibs

> Task :app:compileAquariumDiagnosticJavaWithJavac
Java compiler version 21 has deprecated support for compiling with source/target version 8.
Try one of the following options:
    1. [Recommended] Use Java toolchain with a lower language version
    2. Set a higher source/target version
    3. Use a lower version of the JDK running the build (if you're not using Java toolchain)
For more details on how to configure these settings, see https://developer.android.com/build/jdks.
To suppress this warning, set android.javaCompile.suppressSourceTargetDeprecationWarning=true in gradle.properties.
warning: [options] source value 8 is obsolete and will be removed in a future release
warning: [options] target value 8 is obsolete and will be removed in a future release
warning: [options] To suppress warnings about obsolete options, use -Xlint:-options.
Note: /home/will/WorldFoundry-wbniv/android/app/src/main/java/org/worldfoundry/wf_game/WorldFoundryActivity.java uses or overrides a deprecated API.
Note: Recompile with -Xlint:deprecation for details.
3 warnings

> Task :app:mergeAquariumDiagnosticShaders UP-TO-DATE
> Task :app:compileAquariumDiagnosticShaders NO-SOURCE
> Task :app:generateAquariumDiagnosticAssets UP-TO-DATE
> Task :app:mergeAquariumDiagnosticAssets UP-TO-DATE
> Task :app:compressAquariumDiagnosticAssets UP-TO-DATE
> Task :app:processAquariumDiagnosticJavaRes NO-SOURCE
> Task :app:mergeAquariumDiagnosticJavaResource UP-TO-DATE
> Task :app:checkAquariumDiagnosticDuplicateClasses UP-TO-DATE
> Task :app:desugarAquariumDiagnosticFileDependencies UP-TO-DATE
> Task :app:mergeAquariumDiagnosticStartupProfile UP-TO-DATE
> Task :app:stripAquariumReleaseDebugSymbols
> Task :app:mergeExtDexAquariumDiagnostic UP-TO-DATE
> Task :app:mergeLibDexAquariumDiagnostic UP-TO-DATE
> Task :app:extractAquariumReleaseNativeSymbolTables
> Task :app:dexBuilderAquariumDiagnostic
> Task :app:preQbertDiagnosticBuild UP-TO-DATE
> Task :app:configureCMakeRelease[arm64-v8a]-2
> Task :app:mergeProjectDexAquariumDiagnostic
> Task :app:mergeAquariumReleaseNativeDebugMetadata

> Task :app:buildCMakeRelease[arm64-v8a]-2
C/C++: -- GLOB mismatch!

> Task :app:packageAquariumRelease
> Task :app:configureCMakeRelease[armeabi-v7a]-2

> Task :app:buildCMakeRelease[armeabi-v7a]-2
C/C++: -- GLOB mismatch!

> Task :app:mergeAquariumDiagnosticJniLibFolders UP-TO-DATE
> Task :app:validateSigningAquariumDiagnostic UP-TO-DATE
> Task :app:writeAquariumDiagnosticAppMetadata UP-TO-DATE
> Task :app:writeAquariumDiagnosticSigningConfigVersions UP-TO-DATE
> Task :app:createAquariumReleaseApkListingFileRedirect UP-TO-DATE
> Task :app:assembleAquariumRelease
> Task :app:mergeAquariumDiagnosticNativeLibs
> Task :app:stripAquariumDiagnosticDebugSymbols
> Task :app:packageAquariumDiagnostic
> Task :app:createAquariumDiagnosticApkListingFileRedirect UP-TO-DATE
> Task :app:assembleAquariumDiagnostic

BUILD SUCCESSFUL in 3m 25s
89 actionable tasks: 20 executed, 69 up-to-date
