.......F                                                                 [100%]
=================================== FAILURES ===================================
________________ test_complete_phone_settings_and_reconnection _________________

executable = PosixPath('/tmp/pytest-of-will/pytest-438/plant-phone0/host')
tmp_path = PosixPath('/tmp/pytest-of-will/pytest-438/test_complete_phone_settings_a0')

    def test_complete_phone_settings_and_reconnection(executable,tmp_path):
        from playwright.sync_api import sync_playwright,expect
        process=subprocess.Popen([str(executable),str(ROOT/'wfsource/source/hal/phonepad/controller.html'),str(ROOT/'android/app/src/aquarium/assets/layout.json')],stdout=subprocess.PIPE,text=True)
        try:
            port=int(process.stdout.readline());url=f'http://127.0.0.1:{port}/?k=123456'
            with sync_playwright() as p:
                browser=p.chromium.launch(headless=True)
                context=browser.new_context(viewport={'width':390,'height':844},is_mobile=True,has_touch=True)
                page=context.new_page();errors=[];page.on('pageerror',lambda e:errors.append(str(e)))
>               page.goto(url);page.locator('#plant-open').click();expect(page.locator('#plant-settings')).to_be_visible();expect(page.locator('#property-1')).to_have_value('713')
                               ^^^^^^^^^^^^^^^^^^^^^^^^^^^^^^^^^^^

tests/test_plant_phone.py:21:
_ _ _ _ _ _ _ _ _ _ _ _ _ _ _ _ _ _ _ _ _ _ _ _ _ _ _ _ _ _ _ _ _ _ _ _ _ _ _ _
/home/will/.local/lib/python3.14/site-packages/playwright/sync_api/_generated.py:17876: in click
    self._sync(
/home/will/.local/lib/python3.14/site-packages/playwright/_impl/_locator.py:165: in click
    return await self._frame._click(self._selector, strict=True, **params)
           ^^^^^^^^^^^^^^^^^^^^^^^^^^^^^^^^^^^^^^^^^^^^^^^^^^^^^^^^^^^^^^^
/home/will/.local/lib/python3.14/site-packages/playwright/_impl/_frame.py:593: in _click
    await self._channel.send("click", self._timeout, locals_to_params(locals()))
/home/will/.local/lib/python3.14/site-packages/playwright/_impl/_connection.py:76: in send
    return await self._connection.wrap_api_call(
_ _ _ _ _ _ _ _ _ _ _ _ _ _ _ _ _ _ _ _ _ _ _ _ _ _ _ _ _ _ _ _ _ _ _ _ _ _ _ _

self = <playwright._impl._connection.Connection object at 0x7fd2e19ea710>
cb = <function Channel.send.<locals>.<lambda> at 0x7fd2e18780f0>
is_internal = False, title = None

    async def wrap_api_call(
        self, cb: Callable[[], Any], is_internal: bool = False, title: str = None
    ) -> Any:
        if self._api_zone.get():
            return await cb()
        task = asyncio.current_task(self._loop)
        parsed_st = _attach_api_call_information(
            getattr(task, "__pw_stack__", None) or _capture_stack_trace(),
            is_internal,
            title,
        )
        self._api_zone.set(parsed_st)
        try:
            return await cb()
        except Exception as error:
>           raise rewrite_error(error, f"{parsed_st['apiName']}: {error}") from None
E           playwright._impl._errors.TimeoutError: Locator.click: Timeout 30000ms exceeded.
E           Call log:
E             - waiting for locator("#plant-open")
E               - locator resolved to <button hidden="" id="plant-open">Properties</button>
E             - attempting click action
E               2 × waiting for element to be visible, enabled and stable
E                 - element is not visible
E               - retrying click action
E               - waiting 20ms
E               2 × waiting for element to be visible, enabled and stable
E                 - element is not visible
E               - retrying click action
E                 - waiting 100ms
E               57 × waiting for element to be visible, enabled and stable
E                  - element is not visible
E                - retrying click action
E                  - waiting 500ms

/home/will/.local/lib/python3.14/site-packages/playwright/_impl/_connection.py:632: TimeoutError
----------------------------- Captured stderr call -----------------------------
PLANTS generation=1 seed=713 mode=freshwater shoots=384 vertices=82888 triangles=53024 graph_ms=0.445 mesh_ms=20.043
=========================== short test summary info ============================
FAILED tests/test_plant_phone.py::test_complete_phone_settings_and_reconnection
1 failed, 7 passed in 126.02s (0:02:06)
