material: texture=""  bTranslucent=0  bitdepth=16  flags_in=0x2
material: texture=""  bTranslucent=0  bitdepth=16  flags_in=0x2
audio: miniaudio v0.11.25 ready
wf_game v0.4.1, Built:Oct  8 2026,21:44:13 by kts
-L/tmp/t4-regression-level/teleport_regression-standalone.iff
--windowed
--debug-print-actors
game Error: Unrecognized command line switch "-"
--debug-port
--debug-bind
argc = 8, commandIndex = 8
Level=-1
cerror:
cwarn:
cstats:
wf_game Ver 0.4.1, Built:Oct  8 2026,21:44:13 by kts
DBSTREAMS jolt: RegisterDefaultAllocator
jolt: Factory
jolt: RegisterTypes
jolt: RunSelftest
jolt: selftest ok (sphere fell to z=5.098)
jolt: backend init
jolt: backend ready (gravity -Z)
jolt: init complete
LMalloc of 412 not 8-byte aligned, rounding up
LMalloc of 7620 not 8-byte aligned, rounding up
LMalloc of 20 not 8-byte aligned, rounding up
LMalloc of 20 not 8-byte aligned, rounding up
Level::Level: leveldata= 0x761edb334138, object count  = 20
ASS closed without all data read (bytesLeft = 4118)
ASS closed without all data read (bytesLeft = 150)
ASS closed without all data read (bytesLeft = 16)
ASS closed without all data read (bytesLeft = 16)
ASS closed without all data read (bytesLeft = 12100)
PixelMap::Load: this = 0x761ed8727de8
PixelMap::Load: this = 0x761ed8727e28
LMalloc of 28 not 8-byte aligned, rounding up
LMalloc of 28 not 8-byte aligned, rounding up
LMalloc of 28 not 8-byte aligned, rounding up
LMalloc of 28 not 8-byte aligned, rounding up
[Actor] idx=6 class=13 commonOff=460 NumberOfLocalMailboxes=0
this = 0x761ed872b190,setting _memory to 0x761ed872ae68
DMalloc of 52 not 8-byte aligned, rounding up
[Actor] idx=7 class=20 commonOff=1016 NumberOfLocalMailboxes=0
[Actor] idx=8 class=16 commonOff=460 NumberOfLocalMailboxes=0
[Actor] idx=9 class=22 commonOff=1276 NumberOfLocalMailboxes=6
[Actor] idx=10 class=3 commonOff=460 NumberOfLocalMailboxes=0
[Actor] idx=11 class=3 commonOff=460 NumberOfLocalMailboxes=0
[Actor] idx=12 class=6 commonOff=460 NumberOfLocalMailboxes=0
[Actor] idx=13 class=23 commonOff=460 NumberOfLocalMailboxes=0
[Actor] idx=14 class=6 commonOff=460 NumberOfLocalMailboxes=0
[Actor] idx=15 class=23 commonOff=460 NumberOfLocalMailboxes=0
[Actor] idx=16 class=6 commonOff=460 NumberOfLocalMailboxes=0
[Actor] idx=17 class=23 commonOff=460 NumberOfLocalMailboxes=0
[Actor] idx=18 class=6 commonOff=460 NumberOfLocalMailboxes=0
[Actor] idx=19 class=23 commonOff=460 NumberOfLocalMailboxes=0
DMalloc of 20 not 8-byte aligned, rounding up
DMalloc of 402 not 8-byte aligned, rounding up
DMalloc of 406 not 8-byte aligned, rounding up
DMalloc of 410 not 8-byte aligned, rounding up
DMalloc of 402 not 8-byte aligned, rounding up
DMalloc of 4 not 8-byte aligned, rounding up
DMalloc of 404 not 8-byte aligned, rounding up
DMalloc of 404 not 8-byte aligned, rounding up
DMalloc of 402 not 8-byte aligned, rounding up
DMalloc of 4 not 8-byte aligned, rounding up
DMalloc of 404 not 8-byte aligned, rounding up
DMalloc of 404 not 8-byte aligned, rounding up
DMalloc of 402 not 8-byte aligned, rounding up
DMalloc of 4 not 8-byte aligned, rounding up
DMalloc of 404 not 8-byte aligned, rounding up
DMalloc of 404 not 8-byte aligned, rounding up
DMalloc of 402 not 8-byte aligned, rounding up
Walking from 0
0->0
forward
2->1
backward
1->2
Walking from 3
3->0
0->0, 1->2, 2->1
1->2, 0->0
2->1, 0->0
3->0
ASS closed without all data read (bytesLeft = 4118)
ASS closed without all data read (bytesLeft = 150)
ASS closed without all data read (bytesLeft = 16)
ASS closed without all data read (bytesLeft = 16)
ASS closed without all data read (bytesLeft = 1948)
PixelMap::Load: this = 0x761ed8727e68
PixelMap::Load: this = 0x761ed8727ea8
LMalloc of 28 not 8-byte aligned, rounding up
LMalloc of 28 not 8-byte aligned, rounding up
LMalloc of 28 not 8-byte aligned, rounding up
LMalloc of 28 not 8-byte aligned, rounding up
LMalloc of 7396 not 8-byte aligned, rounding up
RenderActor3DAnimates constructed with no animations!
LMalloc of 1636 not 8-byte aligned, rounding up
RenderActor3DAnimates constructed with no animations!
ASS closed without all data read (bytesLeft = 4118)
ASS closed without all data read (bytesLeft = 150)
ASS closed without all data read (bytesLeft = 16)
ASS closed without all data read (bytesLeft = 16)
ASS closed without all data read (bytesLeft = 1948)
PixelMap::Load: this = 0x761ed8727f68
PixelMap::Load: this = 0x761ed8727fa8
LMalloc of 28 not 8-byte aligned, rounding up
LMalloc of 28 not 8-byte aligned, rounding up
LMalloc of 28 not 8-byte aligned, rounding up
LMalloc of 28 not 8-byte aligned, rounding up
LMalloc of 1636 not 8-byte aligned, rounding up
RenderActor3DAnimates constructed with no animations!
ASS closed without all data read (bytesLeft = 4118)
ASS closed without all data read (bytesLeft = 150)
ASS closed without all data read (bytesLeft = 16)
ASS closed without all data read (bytesLeft = 16)
ASS closed without all data read (bytesLeft = 1948)
PixelMap::Load: this = 0x761ed8727ee8
PixelMap::Load: this = 0x761ed8727f28
LMalloc of 28 not 8-byte aligned, rounding up
LMalloc of 28 not 8-byte aligned, rounding up
LMalloc of 28 not 8-byte aligned, rounding up
LMalloc of 28 not 8-byte aligned, rounding up
LMalloc of 1636 not 8-byte aligned, rounding up
RenderActor3DAnimates constructed with no animations!
zforth: INDEXOF_CAMSHOT = 1921 (expect 1921)
zforth: INDEXOF_CAMSHOT = 1921 (expect 1921)
jolt: OptimizeBroadPhase done (0 static bodies)
audio: MusicPlayer — soundfont not found: florestan-subset.sf2
audio: sfx[0] not found: wflevels/qbert_practice/sfx/qbert_hop.wav
audio: sfx[1] not found: wflevels/qbert_practice/sfx/qbert_land.wav
audio: sfx[2] not found: wflevels/qbert_practice/sfx/qbert_fall.wav
audio: sfx[3] not found: wflevels/qbert_practice/sfx/qbert_swear.wav
audio: sfx[4] not found: wflevels/qbert_practice/sfx/qbert_round_clear.wav
audio: sfx[5] not found: wflevels/qbert_practice/sfx/qbert_kill.wav
audio: sfx[6] not found: wflevels/qbert_practice/sfx/qbert_disc.wav
rest_api: listening on http://127.0.0.1:0
[debug] listening on :58423
[debug] client connected fd=20 from 127.0.0.1
ValidPtr( (nil) ) failed
[debug] client disconnected fd=20
