game plugin: patchwork
party-games platform ready on http://localhost:34885
  receiver:   http://localhost:34885/receiver
  controller: http://localhost:34885/controller?name=Alice
[ws] room CBUH created
[ws] player joined room=CBUH id=1 name=Alice
[ws] receiver attached to room=CBUH
[ws] player joined room=CBUH id=2 name=Bob
[ws] player dropped room=CBUH id=2 — grace 300000ms
[ws] player resumed room=CBUH id=2 name=Bob
[ws] receiver detached room=CBUH
[ws] receiver attached to room=CBUH
[ws] player dropped room=CBUH id=2 — grace 300000ms
[ws] player resumed room=CBUH id=2 name=Bob
[ws] receiver detached room=CBUH
[ws] receiver attached to room=CBUH
[ws] receiver detached room=CBUH
[ws] player dropped room=CBUH id=1 — grace 300000ms
[ws] player dropped room=CBUH id=2 — grace 300000ms

received SIGTERM, shutting down
