 (log → /storage/emulated/0/Android/data/org.worldfoundry.wf_game.aquarium/files/wf.log) ===
[101374.604416] (f_game.aquarium) Successfully parsed 1 environment variable(s) from /vendor/etc/mali_platform.config.
Could not open module param file '/sys/module/mali_kbase/parameters/large_page_conf'
[101374.618991] (f_game.aquarium) Successfully parsed 1 environment variable(s) from /vendor/etc/mali_platform.config.
audio: miniaudio v0.11.25 ready
wf_game v0.4.1, Built:Oct  1 2026,02:27:16 by kts
--frame-profile
argc = 2, commandIndex = 2
Level=-1
cerror:
cwarn:
cstats:
wf_game Ver 0.4.1, Built:Oct  1 2026,02:27:16 by kts
DBSTREAMS jolt: RegisterDefaultAllocator
jolt: Factory
jolt: RegisterTypes
jolt: RunSelftest
jolt: selftest ok (sphere fell to z=5.098)
jolt: backend init
jolt: backend ready (gravity -Z)
jolt: init complete
LMalloc of 76 not 8-byte aligned, rounding up
Opening cd.iff
LMalloc of 114 not 8-byte aligned, rounding up
zforth: INDEXOF_CAMSHOT = 1921 (expect 1921)
zforth: INDEXOF_CAMSHOT = 1921 (expect 1921)
LMalloc of 412 not 8-byte aligned, rounding up
LMalloc of 7620 not 8-byte aligned, rounding up
LMalloc of 20 not 8-byte aligned, rounding up
LMalloc of 20 not 8-byte aligned, rounding up
LMalloc of 44 not 8-byte aligned, rounding up
LMalloc of 44 not 8-byte aligned, rounding up
LMalloc of 44 not 8-byte aligned, rounding up
LMalloc of 44 not 8-byte aligned, rounding up
LMalloc of 44 not 8-byte aligned, rounding up
LMalloc of 44 not 8-byte aligned, rounding up
LMalloc of 44 not 8-byte aligned, rounding up
LMalloc of 44 not 8-byte aligned, rounding up
LMalloc of 44 not 8-byte aligned, rounding up
LMalloc of 44 not 8-byte aligned, rounding up
LMalloc of 44 not 8-byte aligned, rounding up
LMalloc of 44 not 8-byte aligned, rounding up
LMalloc of 44 not 8-byte aligned, rounding up
LMalloc of 44 not 8-byte aligned, rounding up
LMalloc of 44 not 8-byte aligned, rounding up
LMalloc of 44 not 8-byte aligned, rounding up
LMalloc of 44 not 8-byte aligned, rounding up
LMalloc of 44 not 8-byte aligned, rounding up
LMalloc of 44 not 8-byte aligned, rounding up
LMalloc of 44 not 8-byte aligned, rounding up
LMalloc of 44 not 8-byte aligned, rounding up
LMalloc of 44 not 8-byte aligned, rounding up
Level::Level: leveldata= 0xe0a224c8, object count  = 62
ASS closed without all data read (bytesLeft = 4118)
ASS closed without all data read (bytesLeft = 150)
ASS closed without all data read (bytesLeft = 16)
ASS closed without all data read (bytesLeft = 16)
ASS closed without all data read (bytesLeft = 8732)
DMalloc of 84 not 8-byte aligned, rounding up
LMalloc of 76 not 8-byte aligned, rounding up
PixelMap::Load: this = 0xe002b140
PixelMap::Load: this = 0xe002b170
LMalloc of 28 not 8-byte aligned, rounding up
LMalloc of 28 not 8-byte aligned, rounding up
LMalloc of 28 not 8-byte aligned, rounding up
LMalloc of 28 not 8-byte aligned, rounding up
[Actor] idx=1 class=13 commonOff=87960 NumberOfLocalMailboxes=0
DMalloc of 84 not 8-byte aligned, rounding up
this = 0xe002e448,setting _memory to 0xe002e1b8
DMalloc of 52 not 8-byte aligned, rounding up
DMalloc of 252 not 8-byte aligned, rounding up
[Actor] idx=2 class=20 commonOff=88276 NumberOfLocalMailboxes=0
DMalloc of 84 not 8-byte aligned, rounding up
DMalloc of 228 not 8-byte aligned, rounding up
[Actor] idx=4 class=11 commonOff=87960 NumberOfLocalMailboxes=0
DMalloc of 84 not 8-byte aligned, rounding up
[Actor] idx=5 class=16 commonOff=87960 NumberOfLocalMailboxes=0
DMalloc of 84 not 8-byte aligned, rounding up
[Actor] idx=6 class=3 commonOff=87960 NumberOfLocalMailboxes=0
DMalloc of 84 not 8-byte aligned, rounding up
[Actor] idx=8 class=22 commonOff=89172 NumberOfLocalMailboxes=6
DMalloc of 84 not 8-byte aligned, rounding up
jolt: character 0 created at (-1.60, 0.00, 2.40) ctr=(0.00,0.00,0.00)
DMalloc of 228 not 8-byte aligned, rounding up
[Actor] idx=9 class=23 commonOff=87960 NumberOfLocalMailboxes=0
DMalloc of 84 not 8-byte aligned, rounding up
[Actor] idx=10 class=7 commonOff=89744 NumberOfLocalMailboxes=0
DMalloc of 84 not 8-byte aligned, rounding up
[Actor] idx=11 class=7 commonOff=89944 NumberOfLocalMailboxes=0
DMalloc of 84 not 8-byte aligned, rounding up
[Actor] idx=12 class=7 commonOff=89988 NumberOfLocalMailboxes=0
DMalloc of 84 not 8-byte aligned, rounding up
[Actor] idx=13 class=7 commonOff=90032 NumberOfLocalMailboxes=0
DMalloc of 84 not 8-byte aligned, rounding up
[Actor] idx=14 class=7 commonOff=90032 NumberOfLocalMailboxes=0
DMalloc of 84 not 8-byte aligned, rounding up
[Actor] idx=15 class=7 commonOff=90076 NumberOfLocalMailboxes=0
DMalloc of 84 not 8-byte aligned, rounding up
[Actor] idx=16 class=7 commonOff=90076 NumberOfLocalMailboxes=0
DMalloc of 84 not 8-byte aligned, rounding up
[Actor] idx=17 class=7 commonOff=90076 NumberOfLocalMailboxes=0
DMalloc of 84 not 8-byte aligned, rounding up
[Actor] idx=18 class=7 commonOff=90076 NumberOfLocalMailboxes=0
DMalloc of 84 not 8-byte aligned, rounding up
[Actor] idx=19 class=7 commonOff=90076 NumberOfLocalMailboxes=0
DMalloc of 84 not 8-byte aligned, rounding up
[Actor] idx=20 class=7 commonOff=90076 NumberOfLocalMailboxes=0
DMalloc of 84 not 8-byte aligned, rounding up
[Actor] idx=21 class=7 commonOff=90076 NumberOfLocalMailboxes=0
DMalloc of 84 not 8-byte aligned, rounding up
[Actor] idx=22 class=7 commonOff=90076 NumberOfLocalMailboxes=0
DMalloc of 84 not 8-byte aligned, rounding up
[Actor] idx=23 class=7 commonOff=90076 NumberOfLocalMailboxes=0
DMalloc of 84 not 8-byte aligned, rounding up
[Actor] idx=24 class=7 commonOff=90076 NumberOfLocalMailboxes=0
DMalloc of 84 not 8-byte aligned, rounding up
[Actor] idx=25 class=7 commonOff=90076 NumberOfLocalMailboxes=0
DMalloc of 84 not 8-byte aligned, rounding up
[Actor] idx=26 class=7 commonOff=90076 NumberOfLocalMailboxes=0
DMalloc of 84 not 8-byte aligned, rounding up
[Actor] idx=27 class=7 commonOff=90076 NumberOfLocalMailboxes=0
DMalloc of 84 not 8-byte aligned, rounding up
[Actor] idx=28 class=7 commonOff=90076 NumberOfLocalMailboxes=0
DMalloc of 84 not 8-byte aligned, rounding up
[Actor] idx=29 class=7 commonOff=90076 NumberOfLocalMailboxes=0
DMalloc of 84 not 8-byte aligned, rounding up
[Actor] idx=30 class=7 commonOff=90076 NumberOfLocalMailboxes=0
DMalloc of 84 not 8-byte aligned, rounding up
[Actor] idx=31 class=7 commonOff=90076 NumberOfLocalMailboxes=0
DMalloc of 84 not 8-byte aligned, rounding up
[Actor] idx=32 class=7 commonOff=90076 NumberOfLocalMailboxes=0
DMalloc of 84 not 8-byte aligned, rounding up
[Actor] idx=33 class=7 commonOff=90076 NumberOfLocalMailboxes=0
DMalloc of 84 not 8-byte aligned, rounding up
[Actor] idx=34 class=7 commonOff=90076 NumberOfLocalMailboxes=0
DMalloc of 84 not 8-byte aligned, rounding up
[Actor] idx=35 class=7 commonOff=90076 NumberOfLocalMailboxes=0
DMalloc of 84 not 8-byte aligned, rounding up
[Actor] idx=36 class=7 commonOff=90076 NumberOfLocalMailboxes=0
DMalloc of 84 not 8-byte aligned, rounding up
[Actor] idx=37 class=7 commonOff=90076 NumberOfLocalMailboxes=0
DMalloc of 84 not 8-byte aligned, rounding up
[Actor] idx=38 class=7 commonOff=90076 NumberOfLocalMailboxes=0
DMalloc of 84 not 8-byte aligned, rounding up
[Actor] idx=39 class=7 commonOff=90076 NumberOfLocalMailboxes=0
DMalloc of 84 not 8-byte aligned, rounding up
[Actor] idx=40 class=7 commonOff=90076 NumberOfLocalMailboxes=0
DMalloc of 84 not 8-byte aligned, rounding up
[Actor] idx=41 class=7 commonOff=90076 NumberOfLocalMailboxes=0
DMalloc of 84 not 8-byte aligned, rounding up
[Actor] idx=42 class=7 commonOff=90076 NumberOfLocalMailboxes=0
DMalloc of 84 not 8-byte aligned, rounding up
[Actor] idx=43 class=7 commonOff=90076 NumberOfLocalMailboxes=0
DMalloc of 84 not 8-byte aligned, rounding up
[Actor] idx=44 class=5 commonOff=90228 NumberOfLocalMailboxes=0
jolt: body STATIC pos=(0.00,0.00,2.67) half=(6.10,1.65,2.67) id=8388608
[Actor] idx=45 class=5 commonOff=87960 NumberOfLocalMailboxes=0
jolt: body STATIC pos=(0.00,-1.65,2.73) half=(5.97,0.12,2.60) id=8388609
[Actor] idx=46 class=5 commonOff=90272 NumberOfLocalMailboxes=0
jolt: body STATIC pos=(0.00,0.00,5.27) half=(6.16,1.71,0.12) id=8388610
[Actor] idx=47 class=5 commonOff=90316 NumberOfLocalMailboxes=0
jolt: body STATIC pos=(0.00,0.00,0.38) half=(5.96,1.52,0.25) id=8388611
[Actor] idx=48 class=5 commonOff=90360 NumberOfLocalMailboxes=0
jolt: body STATIC pos=(2.48,-0.02,0.91) half=(0.76,0.56,0.27) id=8388612
[Actor] idx=49 class=5 commonOff=90404 NumberOfLocalMailboxes=0
jolt: body STATIC pos=(2.50,0.00,1.56) half=(0.50,0.50,0.38) id=8388613
[Actor] idx=50 class=7 commonOff=90448 NumberOfLocalMailboxes=0
DMalloc of 84 not 8-byte aligned, rounding up
[Actor] idx=51 class=7 commonOff=90448 NumberOfLocalMailboxes=0
DMalloc of 84 not 8-byte aligned, rounding up
[Actor] idx=52 class=7 commonOff=90448 NumberOfLocalMailboxes=0
DMalloc of 84 not 8-byte aligned, rounding up
[Actor] idx=53 class=7 commonOff=90492 NumberOfLocalMailboxes=0
DMalloc of 84 not 8-byte aligned, rounding up
[Actor] idx=54 class=7 commonOff=90492 NumberOfLocalMailboxes=0
DMalloc of 84 not 8-byte aligned, rounding up
[Actor] idx=55 class=7 commonOff=90492 NumberOfLocalMailboxes=0
DMalloc of 84 not 8-byte aligned, rounding up
[Actor] idx=56 class=3 commonOff=87960 NumberOfLocalMailboxes=0
DMalloc of 84 not 8-byte aligned, rounding up
[Actor] idx=57 class=5 commonOff=87960 NumberOfLocalMailboxes=0
jolt: body STATIC pos=(0.00,0.00,-4.50) half=(6.30,1.85,4.50) id=8388614
[Actor] idx=58 class=5 commonOff=90536 NumberOfLocalMailboxes=0
jolt: body STATIC pos=(0.00,3.88,3.50) half=(20.00,0.12,12.50) id=8388615
DMalloc of 228 not 8-byte aligned, rounding up
[Actor] idx=59 class=23 commonOff=87960 NumberOfLocalMailboxes=0
DMalloc of 84 not 8-byte aligned, rounding up
[Actor] idx=60 class=7 commonOff=87960 NumberOfLocalMailboxes=0
DMalloc of 84 not 8-byte aligned, rounding up
[Actor] idx=61 class=16 commonOff=87960 NumberOfLocalMailboxes=0
DMalloc of 84 not 8-byte aligned, rounding up
LMalloc of 20 not 8-byte aligned, rounding up
LMalloc of 212 not 8-byte aligned, rounding up
DMalloc of 122 not 8-byte aligned, rounding up
DMalloc of 404 not 8-byte aligned, rounding up
DMalloc of 502 not 8-byte aligned, rounding up
DMalloc of 404 not 8-byte aligned, rounding up
Walking from 0
0->0
0->0
LMalloc of 20 not 8-byte aligned, rounding up
LMalloc of 20 not 8-byte aligned, rounding up
ASS closed without all data read (bytesLeft = 4118)
ASS closed without all data read (bytesLeft = 65558)
ASS closed without all data read (bytesLeft = 64)
ASS closed without all data read (bytesLeft = 16)
ASS closed without all data read (bytesLeft = 8732)
ASS closed without all data read (bytesLeft = 1732)
ASS closed without all data read (bytesLeft = 1572)
ASS closed without all data read (bytesLeft = 1252)
ASS closed without all data read (bytesLeft = 1252)
ASS closed without all data read (bytesLeft = 4028)
ASS closed without all data read (bytesLeft = 19380)
ASS closed without all data read (bytesLeft = 588)
ASS closed without all data read (bytesLeft = 1364)
ASS closed without all data read (bytesLeft = 10012)
ASS closed without all data read (bytesLeft = 1716)
ASS closed without all data read (bytesLeft = 4308)
ASS closed without all data read (bytesLeft = 4668)
ASS closed without all data read (bytesLeft = 5772)
ASS closed without all data read (bytesLeft = 4668)
ASS closed without all data read (bytesLeft = 4668)
ASS closed without all data read (bytesLeft = 3564)
ASS closed without all data read (bytesLeft = 4668)
ASS closed without all data read (bytesLeft = 852)
ASS closed without all data read (bytesLeft = 412)
DMalloc of 84 not 8-byte aligned, rounding up
PixelMap::Load: this = 0xe002b1a0
PixelMap::Load: this = 0xe002b1d0
LMalloc of 76 not 8-byte aligned, rounding up
LMalloc of 28 not 8-byte aligned, rounding up
LMalloc of 76 not 8-byte aligned, rounding up
LMalloc of 28 not 8-byte aligned, rounding up
LMalloc of 244 not 8-byte aligned, rounding up
LMalloc of 44 not 8-byte aligned, rounding up
LMalloc of 44 not 8-byte aligned, rounding up
LMalloc of 44 not 8-byte aligned, rounding up
LMalloc of 6236 not 8-byte aligned, rounding up
RenderActor3DAnimates constructed with no animations!
LMalloc of 244 not 8-byte aligned, rounding up
LMalloc of 44 not 8-byte aligned, rounding up
LMalloc of 44 not 8-byte aligned, rounding up
LMalloc of 44 not 8-byte aligned, rounding up
LMalloc of 6236 not 8-byte aligned, rounding up
RenderActor3DAnimates constructed with no animations!
LMalloc of 244 not 8-byte aligned, rounding up
LMalloc of 44 not 8-byte aligned, rounding up
LMalloc of 44 not 8-byte aligned, rounding up
LMalloc of 44 not 8-byte aligned, rounding up
LMalloc of 1156 not 8-byte aligned, rounding up
RenderActor3DAnimates constructed with no animations!
LMalloc of 244 not 8-byte aligned, rounding up
LMalloc of 44 not 8-byte aligned, rounding up
LMalloc of 44 not 8-byte aligned, rounding up
LMalloc of 44 not 8-byte aligned, rounding up
LMalloc of 996 not 8-byte aligned, rounding up
RenderActor3DAnimates constructed with no animations!
LMalloc of 244 not 8-byte aligned, rounding up
LMalloc of 44 not 8-byte aligned, rounding up
LMalloc of 44 not 8-byte aligned, rounding up
LMalloc of 44 not 8-byte aligned, rounding up
LMalloc of 676 not 8-byte aligned, rounding up
RenderActor3DAnimates constructed with no animations!
LMalloc of 244 not 8-byte aligned, rounding up
LMalloc of 44 not 8-byte aligned, rounding up
LMalloc of 44 not 8-byte aligned, rounding up
LMalloc of 44 not 8-byte aligned, rounding up
LMalloc of 676 not 8-byte aligned, rounding up
RenderActor3DAnimates constructed with no animations!
LMalloc of 244 not 8-byte aligned, rounding up
LMalloc of 44 not 8-byte aligned, rounding up
LMalloc of 44 not 8-byte aligned, rounding up
material: texture="tiger_barb.tga"  bTranslucent=0  bitdepth=15  flags_in=0x16
LMalloc of 44 not 8-byte aligned, rounding up
LMalloc of 3476 not 8-byte aligned, rounding up
RenderActor3DAnimates constructed with no animations!
LMalloc of 244 not 8-byte aligned, rounding up
LMalloc of 44 not 8-byte aligned, rounding up
LMalloc of 44 not 8-byte aligned, rounding up
material: texture="tiger_barb.tga"  bTranslucent=0  bitdepth=15  flags_in=0x16
LMalloc of 44 not 8-byte aligned, rounding up
LMalloc of 3476 not 8-byte aligned, rounding up
RenderActor3DAnimates constructed with no animations!
LMalloc of 244 not 8-byte aligned, rounding up
LMalloc of 44 not 8-byte aligned, rounding up
LMalloc of 44 not 8-byte aligned, rounding up
material: texture="tiger_barb.tga"  bTranslucent=0  bitdepth=15  flags_in=0x16
LMalloc of 44 not 8-byte aligned, rounding up
LMalloc of 3476 not 8-byte aligned, rounding up
RenderActor3DAnimates constructed with no animations!
LMalloc of 244 not 8-byte aligned, rounding up
LMalloc of 44 not 8-byte aligned, rounding up
LMalloc of 44 not 8-byte aligned, rounding up
material: texture="tiger_barb.tga"  bTranslucent=0  bitdepth=15  flags_in=0x16
LMalloc of 44 not 8-byte aligned, rounding up
LMalloc of 3476 not 8-byte aligned, rounding up
RenderActor3DAnimates constructed with no animations!
LMalloc of 244 not 8-byte aligned, rounding up
LMalloc of 44 not 8-byte aligned, rounding up
LMalloc of 44 not 8-byte aligned, rounding up
material: texture="tiger_barb.tga"  bTranslucent=0  bitdepth=15  flags_in=0x16
LMalloc of 44 not 8-byte aligned, rounding up
LMalloc of 3476 not 8-byte aligned, rounding up
RenderActor3DAnimates constructed with no animations!
LMalloc of 244 not 8-byte aligned, rounding up
LMalloc of 44 not 8-byte aligned, rounding up
LMalloc of 44 not 8-byte aligned, rounding up
material: texture="tiger_barb.tga"  bTranslucent=0  bitdepth=15  flags_in=0x16
LMalloc of 44 not 8-byte aligned, rounding up
LMalloc of 3476 not 8-byte aligned, rounding up
RenderActor3DAnimates constructed with no animations!
LMalloc of 244 not 8-byte aligned, rounding up
LMalloc of 44 not 8-byte aligned, rounding up
LMalloc of 44 not 8-byte aligned, rounding up
material: texture="tiger_barb.tga"  bTranslucent=0  bitdepth=15  flags_in=0x16
LMalloc of 44 not 8-byte aligned, rounding up
LMalloc of 3476 not 8-byte aligned, rounding up
RenderActor3DAnimates constructed with no animations!
LMalloc of 244 not 8-byte aligned, rounding up
LMalloc of 44 not 8-byte aligned, rounding up
LMalloc of 44 not 8-byte aligned, rounding up
material: texture="tiger_barb.tga"  bTranslucent=0  bitdepth=15  flags_in=0x16
LMalloc of 44 not 8-byte aligned, rounding up
LMalloc of 3476 not 8-byte aligned, rounding up
RenderActor3DAnimates constructed with no animations!
LMalloc of 244 not 8-byte aligned, rounding up
LMalloc of 44 not 8-byte aligned, rounding up
LMalloc of 44 not 8-byte aligned, rounding up
material: texture="tiger_barb.tga"  bTranslucent=0  bitdepth=15  flags_in=0x16
LMalloc of 44 not 8-byte aligned, rounding up
LMalloc of 3476 not 8-byte aligned, rounding up
RenderActor3DAnimates constructed with no animations!
LMalloc of 244 not 8-byte aligned, rounding up
LMalloc of 44 not 8-byte aligned, rounding up
LMalloc of 44 not 8-byte aligned, rounding up
material: texture="tiger_barb.tga"  bTranslucent=0  bitdepth=15  flags_in=0x16
LMalloc of 44 not 8-byte aligned, rounding up
LMalloc of 3476 not 8-byte aligned, rounding up
RenderActor3DAnimates constructed with no animations!
LMalloc of 244 not 8-byte aligned, rounding up
LMalloc of 44 not 8-byte aligned, rounding up
LMalloc of 44 not 8-byte aligned, rounding up
material: texture="tiger_barb.tga"  bTranslucent=0  bitdepth=15  flags_in=0x16
LMalloc of 44 not 8-byte aligned, rounding up
LMalloc of 3476 not 8-byte aligned, rounding up
RenderActor3DAnimates constructed with no animations!
LMalloc of 244 not 8-byte aligned, rounding up
LMalloc of 44 not 8-byte aligned, rounding up
LMalloc of 44 not 8-byte aligned, rounding up
material: texture="tiger_barb.tga"  bTranslucent=0  bitdepth=15  flags_in=0x16
LMalloc of 44 not 8-byte aligned, rounding up
LMalloc of 3476 not 8-byte aligned, rounding up
RenderActor3DAnimates constructed with no animations!
LMalloc of 244 not 8-byte aligned, rounding up
LMalloc of 44 not 8-byte aligned, rounding up
LMalloc of 44 not 8-byte aligned, rounding up
material: texture="tiger_barb.tga"  bTranslucent=0  bitdepth=15  flags_in=0x16
LMalloc of 44 not 8-byte aligned, rounding up
LMalloc of 3476 not 8-byte aligned, rounding up
RenderActor3DAnimates constructed with no animations!
LMalloc of 244 not 8-byte aligned, rounding up
LMalloc of 44 not 8-byte aligned, rounding up
LMalloc of 44 not 8-byte aligned, rounding up
material: texture="tiger_barb.tga"  bTranslucent=0  bitdepth=15  flags_in=0x16
LMalloc of 44 not 8-byte aligned, rounding up
LMalloc of 3476 not 8-byte aligned, rounding up
RenderActor3DAnimates constructed with no animations!
LMalloc of 244 not 8-byte aligned, rounding up
LMalloc of 44 not 8-byte aligned, rounding up
LMalloc of 44 not 8-byte aligned, rounding up
material: texture="tiger_barb.tga"  bTranslucent=0  bitdepth=15  flags_in=0x16
LMalloc of 44 not 8-byte aligned, rounding up
LMalloc of 3476 not 8-byte aligned, rounding up
RenderActor3DAnimates constructed with no animations!
LMalloc of 244 not 8-byte aligned, rounding up
LMalloc of 44 not 8-byte aligned, rounding up
LMalloc of 44 not 8-byte aligned, rounding up
material: texture="tiger_barb.tga"  bTranslucent=0  bitdepth=15  flags_in=0x16
LMalloc of 44 not 8-byte aligned, rounding up
LMalloc of 3476 not 8-byte aligned, rounding up
RenderActor3DAnimates constructed with no animations!
LMalloc of 244 not 8-byte aligned, rounding up
LMalloc of 44 not 8-byte aligned, rounding up
LMalloc of 44 not 8-byte aligned, rounding up
material: texture="tiger_barb.tga"  bTranslucent=0  bitdepth=15  flags_in=0x16
LMalloc of 44 not 8-byte aligned, rounding up
LMalloc of 3476 not 8-byte aligned, rounding up
RenderActor3DAnimates constructed with no animations!
LMalloc of 244 not 8-byte aligned, rounding up
LMalloc of 44 not 8-byte aligned, rounding up
LMalloc of 44 not 8-byte aligned, rounding up
material: texture="tiger_barb.tga"  bTranslucent=0  bitdepth=15  flags_in=0x16
LMalloc of 44 not 8-byte aligned, rounding up
LMalloc of 3476 not 8-byte aligned, rounding up
RenderActor3DAnimates constructed with no animations!
LMalloc of 244 not 8-byte aligned, rounding up
LMalloc of 44 not 8-byte aligned, rounding up
LMalloc of 44 not 8-byte aligned, rounding up
material: texture="tiger_barb.tga"  bTranslucent=0  bitdepth=15  flags_in=0x16
LMalloc of 44 not 8-byte aligned, rounding up
LMalloc of 3476 not 8-byte aligned, rounding up
RenderActor3DAnimates constructed with no animations!
LMalloc of 244 not 8-byte aligned, rounding up
LMalloc of 44 not 8-byte aligned, rounding up
LMalloc of 44 not 8-byte aligned, rounding up
material: texture="tiger_barb.tga"  bTranslucent=0  bitdepth=15  flags_in=0x16
LMalloc of 44 not 8-byte aligned, rounding up
LMalloc of 3476 not 8-byte aligned, rounding up
RenderActor3DAnimates constructed with no animations!
LMalloc of 244 not 8-byte aligned, rounding up
LMalloc of 44 not 8-byte aligned, rounding up
LMalloc of 44 not 8-byte aligned, rounding up
material: texture="tiger_barb.tga"  bTranslucent=0  bitdepth=15  flags_in=0x16
LMalloc of 44 not 8-byte aligned, rounding up
LMalloc of 3476 not 8-byte aligned, rounding up
RenderActor3DAnimates constructed with no animations!
LMalloc of 244 not 8-byte aligned, rounding up
LMalloc of 44 not 8-byte aligned, rounding up
LMalloc of 44 not 8-byte aligned, rounding up
material: texture="tiger_barb.tga"  bTranslucent=0  bitdepth=15  flags_in=0x16
LMalloc of 44 not 8-byte aligned, rounding up
LMalloc of 3476 not 8-byte aligned, rounding up
RenderActor3DAnimates constructed with no animations!
LMalloc of 244 not 8-byte aligned, rounding up
LMalloc of 44 not 8-byte aligned, rounding up
LMalloc of 44 not 8-byte aligned, rounding up
material: texture="tiger_barb.tga"  bTranslucent=0  bitdepth=15  flags_in=0x16
LMalloc of 44 not 8-byte aligned, rounding up
LMalloc of 3476 not 8-byte aligned, rounding up
RenderActor3DAnimates constructed with no animations!
LMalloc of 244 not 8-byte aligned, rounding up
LMalloc of 44 not 8-byte aligned, rounding up
LMalloc of 44 not 8-byte aligned, rounding up
material: texture="tiger_barb.tga"  bTranslucent=0  bitdepth=15  flags_in=0x16
LMalloc of 44 not 8-byte aligned, rounding up
LMalloc of 3476 not 8-byte aligned, rounding up
RenderActor3DAnimates constructed with no animations!
LMalloc of 244 not 8-byte aligned, rounding up
LMalloc of 44 not 8-byte aligned, rounding up
LMalloc of 44 not 8-byte aligned, rounding up
material: texture="tiger_barb.tga"  bTranslucent=0  bitdepth=15  flags_in=0x16
LMalloc of 44 not 8-byte aligned, rounding up
LMalloc of 3476 not 8-byte aligned, rounding up
RenderActor3DAnimates constructed with no animations!
LMalloc of 244 not 8-byte aligned, rounding up
LMalloc of 44 not 8-byte aligned, rounding up
LMalloc of 44 not 8-byte aligned, rounding up
material: texture="tiger_barb.tga"  bTranslucent=0  bitdepth=15  flags_in=0x16
LMalloc of 44 not 8-byte aligned, rounding up
LMalloc of 3476 not 8-byte aligned, rounding up
RenderActor3DAnimates constructed with no animations!
LMalloc of 244 not 8-byte aligned, rounding up
LMalloc of 44 not 8-byte aligned, rounding up
LMalloc of 44 not 8-byte aligned, rounding up
material: texture="tiger_barb.tga"  bTranslucent=0  bitdepth=15  flags_in=0x16
LMalloc of 44 not 8-byte aligned, rounding up
LMalloc of 3476 not 8-byte aligned, rounding up
RenderActor3DAnimates constructed with no animations!
LMalloc of 244 not 8-byte aligned, rounding up
LMalloc of 44 not 8-byte aligned, rounding up
LMalloc of 44 not 8-byte aligned, rounding up
material: texture="tiger_barb.tga"  bTranslucent=0  bitdepth=15  flags_in=0x16
LMalloc of 44 not 8-byte aligned, rounding up
LMalloc of 3476 not 8-byte aligned, rounding up
RenderActor3DAnimates constructed with no animations!
LMalloc of 244 not 8-byte aligned, rounding up
LMalloc of 44 not 8-byte aligned, rounding up
LMalloc of 44 not 8-byte aligned, rounding up
material: texture="tiger_barb.tga"  bTranslucent=0  bitdepth=15  flags_in=0x16
LMalloc of 44 not 8-byte aligned, rounding up
LMalloc of 3476 not 8-byte aligned, rounding up
RenderActor3DAnimates constructed with no animations!
LMalloc of 244 not 8-byte aligned, rounding up
LMalloc of 44 not 8-byte aligned, rounding up
LMalloc of 44 not 8-byte aligned, rounding up
LMalloc of 44 not 8-byte aligned, rounding up
LMalloc of 12036 not 8-byte aligned, rounding up
RenderActor3DAnimates constructed with no animations!
LMalloc of 44 not 8-byte aligned, rounding up
LMalloc of 44 not 8-byte aligned, rounding up
MATL closed without all data read (bytesLeft = 9504)
LMalloc of 44 not 8-byte aligned, rounding up
jolt: mesh actor_pos=(0.000,0.000,0.000)
jolt: mesh v0 local=(-6.096,-1.651,0.000) world=(-6.096,-1.651,0.000)
jolt: mesh v1 local=(-6.096,-1.651,0.127) world=(-6.096,-1.651,0.127)
jolt: mesh v2 local=(-6.096,-1.651,0.635) world=(-6.096,-1.651,0.635)
jolt: mesh v3 local=(-6.096,-1.651,1.044) world=(-6.096,-1.651,1.044)
jolt: mesh v4 local=(-6.096,-1.651,1.453) world=(-6.096,-1.651,1.453)
jolt: mesh v5 local=(-6.096,-1.651,1.862) world=(-6.096,-1.651,1.862)
jolt: mesh v6 local=(-6.096,-1.651,2.271) world=(-6.096,-1.651,2.271)
jolt: mesh v7 local=(-6.096,-1.651,2.680) world=(-6.096,-1.651,2.680)
jolt: mesh v8 local=(-6.096,-1.651,3.089) world=(-6.096,-1.651,3.089)
jolt: mesh v9 local=(-6.096,-1.651,3.498) world=(-6.096,-1.651,3.498)
jolt: mesh v10 local=(-6.096,-1.651,3.907) world=(-6.096,-1.651,3.907)
jolt: mesh v11 local=(-6.096,-1.651,4.315) world=(-6.096,-1.651,4.315)
jolt: mesh v12 local=(-6.096,-1.651,4.724) world=(-6.096,-1.651,4.724)
jolt: mesh v13 local=(-6.096,-1.651,4.826) world=(-6.096,-1.651,4.826)
jolt: mesh v14 local=(-6.096,-1.651,5.334) world=(-6.096,-1.651,5.334)
jolt: mesh v15 local=(-6.096,1.524,0.127) world=(-6.096,1.524,0.127)
jolt: mesh v16 local=(-6.096,1.524,0.635) world=(-6.096,1.524,0.635)
jolt: mesh v17 local=(-6.096,1.524,1.044) world=(-6.096,1.524,1.044)
jolt: mesh v18 local=(-6.096,1.524,1.453) world=(-6.096,1.524,1.453)
jolt: mesh v19 local=(-6.096,1.524,1.862) world=(-6.096,1.524,1.862)
jolt: mesh v20 local=(-6.096,1.524,2.271) world=(-6.096,1.524,2.271)
jolt: mesh v21 local=(-6.096,1.524,2.680) world=(-6.096,1.524,2.680)
jolt: mesh v22 local=(-6.096,1.524,3.089) world=(-6.096,1.524,3.089)
jolt: mesh v23 local=(-6.096,1.524,3.498) world=(-6.096,1.524,3.498)
jolt: mesh v24 local=(-6.096,1.524,3.907) world=(-6.096,1.524,3.907)
jolt: mesh v25 local=(-6.096,1.524,4.315) world=(-6.096,1.524,4.315)
jolt: mesh v26 local=(-6.096,1.524,4.724) world=(-6.096,1.524,4.724)
jolt: mesh v27 local=(-6.096,1.524,4.826) world=(-6.096,1.524,4.826)
jolt: mesh v28 local=(-6.096,1.524,5.334) world=(-6.096,1.524,5.334)
jolt: mesh v29 local=(-6.096,1.651,0.000) world=(-6.096,1.651,0.000)
jolt: mesh v30 local=(-6.096,1.651,0.127) world=(-6.096,1.651,0.127)
jolt: mesh v31 local=(-6.096,1.651,0.635) world=(-6.096,1.651,0.635)
jolt: mesh v32 local=(-6.096,1.651,1.044) world=(-6.096,1.651,1.044)
jolt: mesh v33 local=(-6.096,1.651,1.453) world=(-6.096,1.651,1.453)
jolt: mesh v34 local=(-6.096,1.651,1.862) world=(-6.096,1.651,1.862)
jolt: mesh v35 local=(-6.096,1.651,2.271) world=(-6.096,1.651,2.271)
jolt: mesh v36 local=(-6.096,1.651,2.680) world=(-6.096,1.651,2.680)
jolt: mesh v37 local=(-6.096,1.651,3.089) world=(-6.096,1.651,3.089)
jolt: mesh v38 local=(-6.096,1.651,3.498) world=(-6.096,1.651,3.498)
jolt: mesh v39 local=(-6.096,1.651,3.907) world=(-6.096,1.651,3.907)
jolt: mesh v40 local=(-6.096,1.651,4.315) world=(-6.096,1.651,4.315)
jolt: mesh v41 local=(-6.096,1.651,4.724) world=(-6.096,1.651,4.724)
jolt: mesh v42 local=(-6.096,1.651,4.826) world=(-6.096,1.651,4.826)
jolt: mesh v43 local=(-6.096,1.651,5.334) world=(-6.096,1.651,5.334)
jolt: mesh v44 local=(-5.969,-1.651,0.127) world=(-5.969,-1.651,0.127)
jolt: mesh v45 local=(-5.969,-1.651,0.635) world=(-5.969,-1.651,0.635)
jolt: mesh v46 local=(-5.969,-1.651,1.044) world=(-5.969,-1.651,1.044)
jolt: mesh v47 local=(-5.969,-1.651,1.453) world=(-5.969,-1.651,1.453)
jolt: mesh v48 local=(-5.969,-1.651,1.862) world=(-5.969,-1.651,1.862)
jolt: mesh v49 local=(-5.969,-1.651,2.271) world=(-5.969,-1.651,2.271)
jolt: mesh v50 local=(-5.969,-1.651,2.680) world=(-5.969,-1.651,2.680)
jolt: mesh v51 local=(-5.969,-1.651,3.089) world=(-5.969,-1.651,3.089)
jolt: mesh v52 local=(-5.969,-1.651,3.498) world=(-5.969,-1.651,3.498)
jolt: mesh v53 local=(-5.969,-1.651,3.907) world=(-5.969,-1.651,3.907)
jolt: mesh v54 local=(-5.969,-1.651,4.315) world=(-5.969,-1.651,4.315)
jolt: mesh v55 local=(-5.969,-1.651,4.724) world=(-5.969,-1.651,4.724)
jolt: mesh v56 local=(-5.969,-1.651,4.826) world=(-5.969,-1.651,4.826)
jolt: mesh v57 local=(-5.969,-1.651,5.334) world=(-5.969,-1.651,5.334)
jolt: mesh v58 local=(-5.969,1.524,0.127) world=(-5.969,1.524,0.127)
jolt: mesh v59 local=(-5.969,1.524,0.635) world=(-5.969,1.524,0.635)
jolt: mesh v60 local=(-5.969,1.524,1.044) world=(-5.969,1.524,1.044)
jolt: mesh v61 local=(-5.969,1.524,1.453) world=(-5.969,1.524,1.453)
jolt: mesh v62 local=(-5.969,1.524,1.862) world=(-5.969,1.524,1.862)
jolt: mesh v63 local=(-5.969,1.524,2.271) world=(-5.969,1.524,2.271)
jolt: mesh v64 local=(-5.969,1.524,2.680) world=(-5.969,1.524,2.680)
jolt: mesh v65 local=(-5.969,1.524,3.089) world=(-5.969,1.524,3.089)
jolt: mesh v66 local=(-5.969,1.524,3.498) world=(-5.969,1.524,3.498)
jolt: mesh v67 local=(-5.969,1.524,3.907) world=(-5.969,1.524,3.907)
jolt: mesh v68 local=(-5.969,1.524,4.315) world=(-5.969,1.524,4.315)
jolt: mesh v69 local=(-5.969,1.524,4.724) world=(-5.969,1.524,4.724)
jolt: mesh v70 local=(-5.969,1.524,4.826) world=(-5.969,1.524,4.826)
jolt: mesh v71 local=(-5.969,1.524,5.334) world=(-5.969,1.524,5.334)
jolt: mesh v72 local=(-4.185,1.524,4.724) world=(-4.185,1.524,4.724)
jolt: mesh v73 local=(-4.127,1.524,4.315) world=(-4.127,1.524,4.315)
jolt: mesh v74 local=(-4.068,1.524,3.907) world=(-4.068,1.524,3.907)
jolt: mesh v75 local=(-4.010,1.524,3.498) world=(-4.010,1.524,3.498)
jolt: mesh v76 local=(-3.951,1.524,3.089) world=(-3.951,1.524,3.089)
jolt: mesh v77 local=(-3.893,1.524,2.680) world=(-3.893,1.524,2.680)
jolt: mesh v78 local=(-3.834,1.524,2.271) world=(-3.834,1.524,2.271)
jolt: mesh v79 local=(-3.776,1.524,1.862) world=(-3.776,1.524,1.862)
jolt: mesh v80 local=(-3.717,1.524,1.453) world=(-3.717,1.524,1.453)
jolt: mesh v81 local=(-3.659,1.524,1.044) world=(-3.659,1.524,1.044)
jolt: mesh v82 local=(-3.600,1.524,0.635) world=(-3.600,1.524,0.635)
jolt: mesh v83 local=(-3.254,1.524,4.724) world=(-3.254,1.524,4.724)
jolt: mesh v84 local=(-3.069,1.524,4.315) world=(-3.069,1.524,4.315)
jolt: mesh v85 local=(-2.883,1.524,3.907) world=(-2.883,1.524,3.907)
jolt: mesh v86 local=(-2.698,1.524,3.498) world=(-2.698,1.524,3.498)
jolt: mesh v87 local=(-2.512,1.524,3.089) world=(-2.512,1.524,3.089)
jolt: mesh v88 local=(-2.327,1.524,2.680) world=(-2.327,1.524,2.680)
jolt: mesh v89 local=(-2.142,1.524,2.271) world=(-2.142,1.524,2.271)
jolt: mesh v90 local=(-1.956,1.524,1.862) world=(-1.956,1.524,1.862)
jolt: mesh v91 local=(-1.771,1.524,1.453) world=(-1.771,1.524,1.453)
jolt: mesh v92 local=(-1.585,1.524,1.044) world=(-1.585,1.524,1.044)
jolt: mesh v93 local=(-1.400,1.524,0.635) world=(-1.400,1.524,0.635)
jolt: mesh v94 local=(-0.385,1.524,4.724) world=(-0.385,1.524,4.724)
jolt: mesh v95 local=(-0.327,1.524,4.315) world=(-0.327,1.524,4.315)
jolt: mesh v96 local=(-0.268,1.524,3.907) world=(-0.268,1.524,3.907)
jolt: mesh v97 local=(-0.210,1.524,3.498) world=(-0.210,1.524,3.498)
jolt: mesh v98 local=(-0.151,1.524,3.089) world=(-0.151,1.524,3.089)
jolt: mesh v99 local=(-0.093,1.524,2.680) world=(-0.093,1.524,2.680)
jolt: mesh v100 local=(-0.034,1.524,2.271) world=(-0.034,1.524,2.271)
jolt: mesh v101 local=(0.024,1.524,1.862) world=(0.024,1.524,1.862)
jolt: mesh v102 local=(0.083,1.524,1.453) world=(0.083,1.524,1.453)
jolt: mesh v103 local=(0.141,1.524,1.044) world=(0.141,1.524,1.044)
jolt: mesh v104 local=(0.200,1.524,0.635) world=(0.200,1.524,0.635)
jolt: mesh v105 local=(0.546,1.524,4.724) world=(0.546,1.524,4.724)
jolt: mesh v106 local=(0.731,1.524,4.315) world=(0.731,1.524,4.315)
jolt: mesh v107 local=(0.917,1.524,3.907) world=(0.917,1.524,3.907)
jolt: mesh v108 local=(1.102,1.524,3.498) world=(1.102,1.524,3.498)
jolt: mesh v109 local=(1.288,1.524,3.089) world=(1.288,1.524,3.089)
jolt: mesh v110 local=(1.473,1.524,2.680) world=(1.473,1.524,2.680)
jolt: mesh v111 local=(1.658,1.524,2.271) world=(1.658,1.524,2.271)
jolt: mesh v112 local=(1.844,1.524,1.862) world=(1.844,1.524,1.862)
jolt: mesh v113 local=(2.029,1.524,1.453) world=(2.029,1.524,1.453)
jolt: mesh v114 local=(2.215,1.524,1.044) world=(2.215,1.524,1.044)
jolt: mesh v115 local=(2.400,1.524,0.635) world=(2.400,1.524,0.635)
jolt: mesh v116 local=(3.612,1.524,4.724) world=(3.612,1.524,4.724)
jolt: mesh v117 local=(3.661,1.524,4.315) world=(3.661,1.524,4.315)
jolt: mesh v118 local=(3.710,1.524,3.907) world=(3.710,1.524,3.907)
jolt: mesh v119 local=(3.758,1.524,3.498) world=(3.758,1.524,3.498)
jolt: mesh v120 local=(3.807,1.524,3.089) world=(3.807,1.524,3.089)
jolt: mesh v121 local=(3.856,1.524,2.680) world=(3.856,1.524,2.680)
jolt: mesh v122 local=(3.905,1.524,2.271) world=(3.905,1.524,2.271)
jolt: mesh v123 local=(3.954,1.524,1.862) world=(3.954,1.524,1.862)
jolt: mesh v124 local=(4.002,1.524,1.453) world=(4.002,1.524,1.453)
jolt: mesh v125 local=(4.051,1.524,1.044) world=(4.051,1.524,1.044)
jolt: mesh v126 local=(4.100,1.524,0.635) world=(4.100,1.524,0.635)
jolt: mesh v127 local=(4.339,1.524,4.724) world=(4.339,1.524,4.724)
jolt: mesh v128 local=(4.495,1.524,4.315) world=(4.495,1.524,4.315)
jolt: mesh v129 local=(4.651,1.524,3.907) world=(4.651,1.524,3.907)
jolt: mesh v130 local=(4.807,1.524,3.498) world=(4.807,1.524,3.498)
jolt: mesh v131 local=(4.963,1.524,3.089) world=(4.963,1.524,3.089)
jolt: mesh v132 local=(5.119,1.524,2.680) world=(5.119,1.524,2.680)
jolt: mesh v133 local=(5.276,1.524,2.271) world=(5.276,1.524,2.271)
jolt: mesh v134 local=(5.432,1.524,1.862) world=(5.432,1.524,1.862)
jolt: mesh v135 local=(5.588,1.524,1.453) world=(5.588,1.524,1.453)
jolt: mesh v136 local=(5.744,1.524,1.044) world=(5.744,1.524,1.044)
jolt: mesh v137 local=(5.900,1.524,0.635) world=(5.900,1.524,0.635)
jolt: mesh v138 local=(5.969,-1.651,0.127) world=(5.969,-1.651,0.127)
jolt: mesh v139 local=(5.969,-1.651,0.635) world=(5.969,-1.651,0.635)
jolt: mesh v140 local=(5.969,-1.651,1.044) world=(5.969,-1.651,1.044)
jolt: mesh v141 local=(5.969,-1.651,1.453) world=(5.969,-1.651,1.453)
jolt: mesh v142 local=(5.969,-1.651,1.862) world=(5.969,-1.651,1.862)
jolt: mesh v143 local=(5.969,-1.651,2.271) world=(5.969,-1.651,2.271)
jolt: mesh v144 local=(5.969,-1.651,2.680) world=(5.969,-1.651,2.680)
jolt: mesh v145 local=(5.969,-1.651,3.089) world=(5.969,-1.651,3.089)
jolt: mesh v146 local=(5.969,-1.651,3.498) world=(5.969,-1.651,3.498)
jolt: mesh v147 local=(5.969,-1.651,3.907) world=(5.969,-1.651,3.907)
jolt: mesh v148 local=(5.969,-1.651,4.315) world=(5.969,-1.651,4.315)
jolt: mesh v149 local=(5.969,-1.651,4.724) world=(5.969,-1.651,4.724)
jolt: mesh v150 local=(5.969,-1.651,4.826) world=(5.969,-1.651,4.826)
jolt: mesh v151 local=(5.969,-1.651,5.334) world=(5.969,-1.651,5.334)
jolt: mesh v152 local=(5.969,1.524,0.127) world=(5.969,1.524,0.127)
jolt: mesh v153 local=(5.969,1.524,0.635) world=(5.969,1.524,0.635)
jolt: mesh v154 local=(5.969,1.524,1.044) world=(5.969,1.524,1.044)
jolt: mesh v155 local=(5.969,1.524,1.453) world=(5.969,1.524,1.453)
jolt: mesh v156 local=(5.969,1.524,1.862) world=(5.969,1.524,1.862)
jolt: mesh v157 local=(5.969,1.524,2.271) world=(5.969,1.524,2.271)
jolt: mesh v158 local=(5.969,1.524,2.680) world=(5.969,1.524,2.680)
jolt: mesh v159 local=(5.969,1.524,3.089) world=(5.969,1.524,3.089)
jolt: mesh v160 local=(5.969,1.524,3.498) world=(5.969,1.524,3.498)
jolt: mesh v161 local=(5.969,1.524,3.907) world=(5.969,1.524,3.907)
jolt: mesh v162 local=(5.969,1.524,4.315) world=(5.969,1.524,4.315)
jolt: mesh v163 local=(5.969,1.524,4.724) world=(5.969,1.524,4.724)
jolt: mesh v164 local=(5.969,1.524,4.826) world=(5.969,1.524,4.826)
jolt: mesh v165 local=(5.969,1.524,5.334) world=(5.969,1.524,5.334)
jolt: mesh v166 local=(6.096,-1.651,0.000) world=(6.096,-1.651,0.000)
jolt: mesh v167 local=(6.096,-1.651,0.127) world=(6.096,-1.651,0.127)
jolt: mesh v168 local=(6.096,-1.651,0.635) world=(6.096,-1.651,0.635)
jolt: mesh v169 local=(6.096,-1.651,1.044) world=(6.096,-1.651,1.044)
jolt: mesh v170 local=(6.096,-1.651,1.453) world=(6.096,-1.651,1.453)
jolt: mesh v171 local=(6.096,-1.651,1.862) world=(6.096,-1.651,1.862)
jolt: mesh v172 local=(6.096,-1.651,2.271) world=(6.096,-1.651,2.271)
jolt: mesh v173 local=(6.096,-1.651,2.680) world=(6.096,-1.651,2.680)
jolt: mesh v174 local=(6.096,-1.651,3.089) world=(6.096,-1.651,3.089)
jolt: mesh v175 local=(6.096,-1.651,3.498) world=(6.096,-1.651,3.498)
jolt: mesh v176 local=(6.096,-1.651,3.907) world=(6.096,-1.651,3.907)
jolt: mesh v177 local=(6.096,-1.651,4.315) world=(6.096,-1.651,4.315)
jolt: mesh v178 local=(6.096,-1.651,4.724) world=(6.096,-1.651,4.724)
jolt: mesh v179 local=(6.096,-1.651,4.826) world=(6.096,-1.651,4.826)
jolt: mesh v180 local=(6.096,-1.651,5.334) world=(6.096,-1.651,5.334)
jolt: mesh v181 local=(6.096,1.524,0.127) world=(6.096,1.524,0.127)
jolt: mesh v182 local=(6.096,1.524,0.635) world=(6.096,1.524,0.635)
jolt: mesh v183 local=(6.096,1.524,1.044) world=(6.096,1.524,1.044)
jolt: mesh v184 local=(6.096,1.524,1.453) world=(6.096,1.524,1.453)
jolt: mesh v185 local=(6.096,1.524,1.862) world=(6.096,1.524,1.862)
jolt: mesh v186 local=(6.096,1.524,2.271) world=(6.096,1.524,2.271)
jolt: mesh v187 local=(6.096,1.524,2.680) world=(6.096,1.524,2.680)
jolt: mesh v188 local=(6.096,1.524,3.089) world=(6.096,1.524,3.089)
jolt: mesh v189 local=(6.096,1.524,3.498) world=(6.096,1.524,3.498)
jolt: mesh v190 local=(6.096,1.524,3.907) world=(6.096,1.524,3.907)
jolt: mesh v191 local=(6.096,1.524,4.315) world=(6.096,1.524,4.315)
jolt: mesh v192 local=(6.096,1.524,4.724) world=(6.096,1.524,4.724)
jolt: mesh v193 local=(6.096,1.524,4.826) world=(6.096,1.524,4.826)
jolt: mesh v194 local=(6.096,1.524,5.334) world=(6.096,1.524,5.334)
jolt: mesh v195 local=(6.096,1.651,0.000) world=(6.096,1.651,0.000)
jolt: mesh v196 local=(6.096,1.651,0.127) world=(6.096,1.651,0.127)
jolt: mesh v197 local=(6.096,1.651,0.635) world=(6.096,1.651,0.635)
jolt: mesh v198 local=(6.096,1.651,1.044) world=(6.096,1.651,1.044)
jolt: mesh v199 local=(6.096,1.651,1.453) world=(6.096,1.651,1.453)
jolt: mesh v200 local=(6.096,1.651,1.862) world=(6.096,1.651,1.862)
jolt: mesh v201 local=(6.096,1.651,2.271) world=(6.096,1.651,2.271)
jolt: mesh v202 local=(6.096,1.651,2.680) world=(6.096,1.651,2.680)
jolt: mesh v203 local=(6.096,1.651,3.089) world=(6.096,1.651,3.089)
jolt: mesh v204 local=(6.096,1.651,3.498) world=(6.096,1.651,3.498)
jolt: mesh v205 local=(6.096,1.651,3.907) world=(6.096,1.651,3.907)
jolt: mesh v206 local=(6.096,1.651,4.315) world=(6.096,1.651,4.315)
jolt: mesh v207 local=(6.096,1.651,4.724) world=(6.096,1.651,4.724)
jolt: mesh v208 local=(6.096,1.651,4.826) world=(6.096,1.651,4.826)
jolt: mesh v209 local=(6.096,1.651,5.334) world=(6.096,1.651,5.334)
jolt: body MESH_STATIC verts=210 faces=600 id=16777216
LMalloc of 244 not 8-byte aligned, rounding up
LMalloc of 44 not 8-byte aligned, rounding up
LMalloc of 44 not 8-byte aligned, rounding up
LMalloc of 44 not 8-byte aligned, rounding up
LMalloc of 276 not 8-byte aligned, rounding up
RenderActor3DAnimates constructed with no animations!
LMalloc of 44 not 8-byte aligned, rounding up
LMalloc of 44 not 8-byte aligned, rounding up
MATL closed without all data read (bytesLeft = 264)
LMalloc of 44 not 8-byte aligned, rounding up
jolt: mesh actor_pos=(0.000,0.000,0.000)
jolt: mesh v0 local=(-5.969,-1.651,0.127) world=(-5.969,-1.651,0.127)
jolt: mesh v1 local=(-5.969,-1.651,5.334) world=(-5.969,-1.651,5.334)
jolt: mesh v2 local=(-5.969,-1.524,0.127) world=(-5.969,-1.524,0.127)
jolt: mesh v3 local=(-5.969,-1.524,5.334) world=(-5.969,-1.524,5.334)
jolt: mesh v4 local=(5.969,-1.651,0.127) world=(5.969,-1.651,0.127)
jolt: mesh v5 local=(5.969,-1.651,5.334) world=(5.969,-1.651,5.334)
jolt: mesh v6 local=(5.969,-1.524,0.127) world=(5.969,-1.524,0.127)
jolt: mesh v7 local=(5.969,-1.524,5.334) world=(5.969,-1.524,5.334)
jolt: body MESH_STATIC verts=8 faces=12 id=16777217
LMalloc of 244 not 8-byte aligned, rounding up
LMalloc of 44 not 8-byte aligned, rounding up
LMalloc of 44 not 8-byte aligned, rounding up
LMalloc of 44 not 8-byte aligned, rounding up
LMalloc of 836 not 8-byte aligned, rounding up
RenderActor3DAnimates constructed with no animations!
LMalloc of 44 not 8-byte aligned, rounding up
LMalloc of 44 not 8-byte aligned, rounding up
MATL closed without all data read (bytesLeft = 528)
LMalloc of 44 not 8-byte aligned, rounding up
jolt: mesh actor_pos=(0.000,0.000,0.000)
jolt: mesh v0 local=(-6.160,-1.714,5.207) world=(-6.160,-1.714,5.207)
jolt: mesh v1 local=(-6.160,-1.714,5.334) world=(-6.160,-1.714,5.334)
jolt: mesh v2 local=(-6.160,1.714,5.207) world=(-6.160,1.714,5.207)
jolt: mesh v3 local=(-6.160,1.714,5.334) world=(-6.160,1.714,5.334)
jolt: mesh v4 local=(-6.096,-1.651,5.397) world=(-6.096,-1.651,5.397)
jolt: mesh v5 local=(-6.096,1.651,5.397) world=(-6.096,1.651,5.397)
jolt: mesh v6 local=(-5.905,-1.460,5.207) world=(-5.905,-1.460,5.207)
jolt: mesh v7 local=(-5.905,-1.460,5.397) world=(-5.905,-1.460,5.397)
jolt: mesh v8 local=(-5.905,1.460,5.207) world=(-5.905,1.460,5.207)
jolt: mesh v9 local=(-5.905,1.460,5.397) world=(-5.905,1.460,5.397)
jolt: mesh v10 local=(5.905,-1.460,5.207) world=(5.905,-1.460,5.207)
jolt: mesh v11 local=(5.905,-1.460,5.397) world=(5.905,-1.460,5.397)
jolt: mesh v12 local=(5.905,1.460,5.207) world=(5.905,1.460,5.207)
jolt: mesh v13 local=(5.905,1.460,5.397) world=(5.905,1.460,5.397)
jolt: mesh v14 local=(6.096,-1.651,5.397) world=(6.096,-1.651,5.397)
jolt: mesh v15 local=(6.096,1.651,5.397) world=(6.096,1.651,5.397)
jolt: mesh v16 local=(6.160,-1.714,5.207) world=(6.160,-1.714,5.207)
jolt: mesh v17 local=(6.160,-1.714,5.334) world=(6.160,-1.714,5.334)
jolt: mesh v18 local=(6.160,1.714,5.207) world=(6.160,1.714,5.207)
jolt: mesh v19 local=(6.160,1.714,5.334) world=(6.160,1.714,5.334)
jolt: body MESH_STATIC verts=20 faces=40 id=16777218
LMalloc of 244 not 8-byte aligned, rounding up
LMalloc of 44 not 8-byte aligned, rounding up
LMalloc of 44 not 8-byte aligned, rounding up
LMalloc of 44 not 8-byte aligned, rounding up
LMalloc of 8236 not 8-byte aligned, rounding up
RenderActor3DAnimates constructed with no animations!
LMalloc of 44 not 8-byte aligned, rounding up
LMalloc of 44 not 8-byte aligned, rounding up
MATL closed without all data read (bytesLeft = 1056)
LMalloc of 44 not 8-byte aligned, rounding up
jolt: mesh actor_pos=(0.000,0.000,0.000)
jolt: mesh v0 local=(-5.964,-1.519,0.132) world=(-5.964,-1.519,0.132)
jolt: mesh v1 local=(-5.964,-1.519,0.635) world=(-5.964,-1.519,0.635)
jolt: mesh v2 local=(-5.964,-1.013,0.132) world=(-5.964,-1.013,0.132)
jolt: mesh v3 local=(-5.964,-1.013,0.635) world=(-5.964,-1.013,0.635)
jolt: mesh v4 local=(-5.964,-0.506,0.132) world=(-5.964,-0.506,0.132)
jolt: mesh v5 local=(-5.964,-0.506,0.635) world=(-5.964,-0.506,0.635)
jolt: mesh v6 local=(-5.964,0.000,0.132) world=(-5.964,0.000,0.132)
jolt: mesh v7 local=(-5.964,0.000,0.635) world=(-5.964,0.000,0.635)
jolt: mesh v8 local=(-5.964,0.506,0.132) world=(-5.964,0.506,0.132)
jolt: mesh v9 local=(-5.964,0.506,0.635) world=(-5.964,0.506,0.635)
jolt: mesh v10 local=(-5.964,1.013,0.132) world=(-5.964,1.013,0.132)
jolt: mesh v11 local=(-5.964,1.013,0.635) world=(-5.964,1.013,0.635)
jolt: mesh v12 local=(-5.964,1.519,0.132) world=(-5.964,1.519,0.132)
jolt: mesh v13 local=(-5.964,1.519,0.635) world=(-5.964,1.519,0.635)
jolt: mesh v14 local=(-5.467,-1.519,0.132) world=(-5.467,-1.519,0.132)
jolt: mesh v15 local=(-5.467,-1.519,0.635) world=(-5.467,-1.519,0.635)
jolt: mesh v16 local=(-5.467,-1.013,0.635) world=(-5.467,-1.013,0.635)
jolt: mesh v17 local=(-5.467,-0.506,0.635) world=(-5.467,-0.506,0.635)
jolt: mesh v18 local=(-5.467,0.000,0.635) world=(-5.467,0.000,0.635)
jolt: mesh v19 local=(-5.467,0.506,0.635) world=(-5.467,0.506,0.635)
jolt: mesh v20 local=(-5.467,1.013,0.635) world=(-5.467,1.013,0.635)
jolt: mesh v21 local=(-5.467,1.519,0.132) world=(-5.467,1.519,0.132)
jolt: mesh v22 local=(-5.467,1.519,0.635) world=(-5.467,1.519,0.635)
jolt: mesh v23 local=(-4.970,-1.519,0.132) world=(-4.970,-1.519,0.132)
jolt: mesh v24 local=(-4.970,-1.519,0.635) world=(-4.970,-1.519,0.635)
jolt: mesh v25 local=(-4.970,-1.013,0.635) world=(-4.970,-1.013,0.635)
jolt: mesh v26 local=(-4.970,-0.506,0.635) world=(-4.970,-0.506,0.635)
jolt: mesh v27 local=(-4.970,0.000,0.635) world=(-4.970,0.000,0.635)
jolt: mesh v28 local=(-4.970,0.506,0.635) world=(-4.970,0.506,0.635)
jolt: mesh v29 local=(-4.970,1.013,0.635) world=(-4.970,1.013,0.635)
jolt: mesh v30 local=(-4.970,1.519,0.132) world=(-4.970,1.519,0.132)
jolt: mesh v31 local=(-4.970,1.519,0.635) world=(-4.970,1.519,0.635)
jolt: mesh v32 local=(-4.473,-1.519,0.132) world=(-4.473,-1.519,0.132)
jolt: mesh v33 local=(-4.473,-1.519,0.635) world=(-4.473,-1.519,0.635)
jolt: mesh v34 local=(-4.473,-1.013,0.635) world=(-4.473,-1.013,0.635)
jolt: mesh v35 local=(-4.473,-0.506,0.635) world=(-4.473,-0.506,0.635)
jolt: mesh v36 local=(-4.473,0.000,0.635) world=(-4.473,0.000,0.635)
jolt: mesh v37 local=(-4.473,0.506,0.635) world=(-4.473,0.506,0.635)
jolt: mesh v38 local=(-4.473,1.013,0.635) world=(-4.473,1.013,0.635)
jolt: mesh v39 local=(-4.473,1.519,0.132) world=(-4.473,1.519,0.132)
jolt: mesh v40 local=(-4.473,1.519,0.635) world=(-4.473,1.519,0.635)
jolt: mesh v41 local=(-3.976,-1.519,0.132) world=(-3.976,-1.519,0.132)
jolt: mesh v42 local=(-3.976,-1.519,0.635) world=(-3.976,-1.519,0.635)
jolt: mesh v43 local=(-3.976,-1.013,0.635) world=(-3.976,-1.013,0.635)
jolt: mesh v44 local=(-3.976,-0.506,0.635) world=(-3.976,-0.506,0.635)
jolt: mesh v45 local=(-3.976,0.000,0.635) world=(-3.976,0.000,0.635)
jolt: mesh v46 local=(-3.976,0.506,0.635) world=(-3.976,0.506,0.635)
jolt: mesh v47 local=(-3.976,1.013,0.635) world=(-3.976,1.013,0.635)
jolt: mesh v48 local=(-3.976,1.519,0.132) world=(-3.976,1.519,0.132)
jolt: mesh v49 local=(-3.976,1.519,0.635) world=(-3.976,1.519,0.635)
jolt: mesh v50 local=(-3.479,-1.519,0.132) world=(-3.479,-1.519,0.132)
jolt: mesh v51 local=(-3.479,-1.519,0.635) world=(-3.479,-1.519,0.635)
jolt: mesh v52 local=(-3.479,-1.013,0.635) world=(-3.479,-1.013,0.635)
jolt: mesh v53 local=(-3.479,-0.506,0.635) world=(-3.479,-0.506,0.635)
jolt: mesh v54 local=(-3.479,0.000,0.635) world=(-3.479,0.000,0.635)
jolt: mesh v55 local=(-3.479,0.506,0.635) world=(-3.479,0.506,0.635)
jolt: mesh v56 local=(-3.479,1.013,0.635) world=(-3.479,1.013,0.635)
jolt: mesh v57 local=(-3.479,1.519,0.132) world=(-3.479,1.519,0.132)
jolt: mesh v58 local=(-3.479,1.519,0.635) world=(-3.479,1.519,0.635)
jolt: mesh v59 local=(-2.982,-1.519,0.132) world=(-2.982,-1.519,0.132)
jolt: mesh v60 local=(-2.982,-1.519,0.635) world=(-2.982,-1.519,0.635)
jolt: mesh v61 local=(-2.982,-1.013,0.635) world=(-2.982,-1.013,0.635)
jolt: mesh v62 local=(-2.982,-0.506,0.635) world=(-2.982,-0.506,0.635)
jolt: mesh v63 local=(-2.982,0.000,0.635) world=(-2.982,0.000,0.635)
jolt: mesh v64 local=(-2.982,0.506,0.635) world=(-2.982,0.506,0.635)
jolt: mesh v65 local=(-2.982,1.013,0.635) world=(-2.982,1.013,0.635)
jolt: mesh v66 local=(-2.982,1.519,0.132) world=(-2.982,1.519,0.132)
jolt: mesh v67 local=(-2.982,1.519,0.635) world=(-2.982,1.519,0.635)
jolt: mesh v68 local=(-2.485,-1.519,0.132) world=(-2.485,-1.519,0.132)
jolt: mesh v69 local=(-2.485,-1.519,0.635) world=(-2.485,-1.519,0.635)
jolt: mesh v70 local=(-2.485,-1.013,0.635) world=(-2.485,-1.013,0.635)
jolt: mesh v71 local=(-2.485,-0.506,0.635) world=(-2.485,-0.506,0.635)
jolt: mesh v72 local=(-2.485,0.000,0.635) world=(-2.485,0.000,0.635)
jolt: mesh v73 local=(-2.485,0.506,0.635) world=(-2.485,0.506,0.635)
jolt: mesh v74 local=(-2.485,1.013,0.635) world=(-2.485,1.013,0.635)
jolt: mesh v75 local=(-2.485,1.519,0.132) world=(-2.485,1.519,0.132)
jolt: mesh v76 local=(-2.485,1.519,0.635) world=(-2.485,1.519,0.635)
jolt: mesh v77 local=(-1.988,-1.519,0.132) world=(-1.988,-1.519,0.132)
jolt: mesh v78 local=(-1.988,-1.519,0.635) world=(-1.988,-1.519,0.635)
jolt: mesh v79 local=(-1.988,-1.013,0.635) world=(-1.988,-1.013,0.635)
jolt: mesh v80 local=(-1.988,-0.506,0.635) world=(-1.988,-0.506,0.635)
jolt: mesh v81 local=(-1.988,0.000,0.635) world=(-1.988,0.000,0.635)
jolt: mesh v82 local=(-1.988,0.506,0.635) world=(-1.988,0.506,0.635)
jolt: mesh v83 local=(-1.988,1.013,0.635) world=(-1.988,1.013,0.635)
jolt: mesh v84 local=(-1.988,1.519,0.132) world=(-1.988,1.519,0.132)
jolt: mesh v85 local=(-1.988,1.519,0.635) world=(-1.988,1.519,0.635)
jolt: mesh v86 local=(-1.491,-1.519,0.132) world=(-1.491,-1.519,0.132)
jolt: mesh v87 local=(-1.491,-1.519,0.635) world=(-1.491,-1.519,0.635)
jolt: mesh v88 local=(-1.491,-1.013,0.635) world=(-1.491,-1.013,0.635)
jolt: mesh v89 local=(-1.491,-0.506,0.635) world=(-1.491,-0.506,0.635)
jolt: mesh v90 local=(-1.491,0.000,0.635) world=(-1.491,0.000,0.635)
jolt: mesh v91 local=(-1.491,0.506,0.635) world=(-1.491,0.506,0.635)
jolt: mesh v92 local=(-1.491,1.013,0.635) world=(-1.491,1.013,0.635)
jolt: mesh v93 local=(-1.491,1.519,0.132) world=(-1.491,1.519,0.132)
jolt: mesh v94 local=(-1.491,1.519,0.635) world=(-1.491,1.519,0.635)
jolt: mesh v95 local=(-0.994,-1.519,0.132) world=(-0.994,-1.519,0.132)
jolt: mesh v96 local=(-0.994,-1.519,0.635) world=(-0.994,-1.519,0.635)
jolt: mesh v97 local=(-0.994,-1.013,0.635) world=(-0.994,-1.013,0.635)
jolt: mesh v98 local=(-0.994,-0.506,0.635) world=(-0.994,-0.506,0.635)
jolt: mesh v99 local=(-0.994,0.000,0.635) world=(-0.994,0.000,0.635)
jolt: mesh v100 local=(-0.994,0.506,0.635) world=(-0.994,0.506,0.635)
jolt: mesh v101 local=(-0.994,1.013,0.635) world=(-0.994,1.013,0.635)
jolt: mesh v102 local=(-0.994,1.519,0.132) world=(-0.994,1.519,0.132)
jolt: mesh v103 local=(-0.994,1.519,0.635) world=(-0.994,1.519,0.635)
jolt: mesh v104 local=(-0.497,-1.519,0.132) world=(-0.497,-1.519,0.132)
jolt: mesh v105 local=(-0.497,-1.519,0.635) world=(-0.497,-1.519,0.635)
jolt: mesh v106 local=(-0.497,-1.013,0.635) world=(-0.497,-1.013,0.635)
jolt: mesh v107 local=(-0.497,-0.506,0.635) world=(-0.497,-0.506,0.635)
jolt: mesh v108 local=(-0.497,0.000,0.635) world=(-0.497,0.000,0.635)
jolt: mesh v109 local=(-0.497,0.506,0.635) world=(-0.497,0.506,0.635)
jolt: mesh v110 local=(-0.497,1.013,0.635) world=(-0.497,1.013,0.635)
jolt: mesh v111 local=(-0.497,1.519,0.132) world=(-0.497,1.519,0.132)
jolt: mesh v112 local=(-0.497,1.519,0.635) world=(-0.497,1.519,0.635)
jolt: mesh v113 local=(0.000,-1.519,0.132) world=(0.000,-1.519,0.132)
jolt: mesh v114 local=(0.000,-1.519,0.635) world=(0.000,-1.519,0.635)
jolt: mesh v115 local=(0.000,-1.013,0.635) world=(0.000,-1.013,0.635)
jolt: mesh v116 local=(0.000,-0.506,0.635) world=(0.000,-0.506,0.635)
jolt: mesh v117 local=(0.000,0.000,0.635) world=(0.000,0.000,0.635)
jolt: mesh v118 local=(0.000,0.506,0.635) world=(0.000,0.506,0.635)
jolt: mesh v119 local=(0.000,1.013,0.635) world=(0.000,1.013,0.635)
jolt: mesh v120 local=(0.000,1.519,0.132) world=(0.000,1.519,0.132)
jolt: mesh v121 local=(0.000,1.519,0.635) world=(0.000,1.519,0.635)
jolt: mesh v122 local=(0.497,-1.519,0.132) world=(0.497,-1.519,0.132)
jolt: mesh v123 local=(0.497,-1.519,0.635) world=(0.497,-1.519,0.635)
jolt: mesh v124 local=(0.497,-1.013,0.635) world=(0.497,-1.013,0.635)
jolt: mesh v125 local=(0.497,-0.506,0.635) world=(0.497,-0.506,0.635)
jolt: mesh v126 local=(0.497,0.000,0.635) world=(0.497,0.000,0.635)
jolt: mesh v127 local=(0.497,0.506,0.635) world=(0.497,0.506,0.635)
jolt: mesh v128 local=(0.497,1.013,0.635) world=(0.497,1.013,0.635)
jolt: mesh v129 local=(0.497,1.519,0.132) world=(0.497,1.519,0.132)
jolt: mesh v130 local=(0.497,1.519,0.635) world=(0.497,1.519,0.635)
jolt: mesh v131 local=(0.994,-1.519,0.132) world=(0.994,-1.519,0.132)
jolt: mesh v132 local=(0.994,-1.519,0.635) world=(0.994,-1.519,0.635)
jolt: mesh v133 local=(0.994,-1.013,0.635) world=(0.994,-1.013,0.635)
jolt: mesh v134 local=(0.994,-0.506,0.635) world=(0.994,-0.506,0.635)
jolt: mesh v135 local=(0.994,0.000,0.635) world=(0.994,0.000,0.635)
jolt: mesh v136 local=(0.994,0.506,0.635) world=(0.994,0.506,0.635)
jolt: mesh v137 local=(0.994,1.013,0.635) world=(0.994,1.013,0.635)
jolt: mesh v138 local=(0.994,1.519,0.132) world=(0.994,1.519,0.132)
jolt: mesh v139 local=(0.994,1.519,0.635) world=(0.994,1.519,0.635)
jolt: mesh v140 local=(1.491,-1.519,0.132) world=(1.491,-1.519,0.132)
jolt: mesh v141 local=(1.491,-1.519,0.635) world=(1.491,-1.519,0.635)
jolt: mesh v142 local=(1.491,-1.013,0.635) world=(1.491,-1.013,0.635)
jolt: mesh v143 local=(1.491,-0.506,0.635) world=(1.491,-0.506,0.635)
jolt: mesh v144 local=(1.491,0.000,0.635) world=(1.491,0.000,0.635)
jolt: mesh v145 local=(1.491,0.506,0.635) world=(1.491,0.506,0.635)
jolt: mesh v146 local=(1.491,1.013,0.635) world=(1.491,1.013,0.635)
jolt: mesh v147 local=(1.491,1.519,0.132) world=(1.491,1.519,0.132)
jolt: mesh v148 local=(1.491,1.519,0.635) world=(1.491,1.519,0.635)
jolt: mesh v149 local=(1.988,-1.519,0.132) world=(1.988,-1.519,0.132)
jolt: mesh v150 local=(1.988,-1.519,0.635) world=(1.988,-1.519,0.635)
jolt: mesh v151 local=(1.988,-1.013,0.635) world=(1.988,-1.013,0.635)
jolt: mesh v152 local=(1.988,-0.506,0.635) world=(1.988,-0.506,0.635)
jolt: mesh v153 local=(1.988,0.000,0.635) world=(1.988,0.000,0.635)
jolt: mesh v154 local=(1.988,0.506,0.635) world=(1.988,0.506,0.635)
jolt: mesh v155 local=(1.988,1.013,0.635) world=(1.988,1.013,0.635)
jolt: mesh v156 local=(1.988,1.519,0.132) world=(1.988,1.519,0.132)
jolt: mesh v157 local=(1.988,1.519,0.635) world=(1.988,1.519,0.635)
jolt: mesh v158 local=(2.485,-1.519,0.132) world=(2.485,-1.519,0.132)
jolt: mesh v159 local=(2.485,-1.519,0.635) world=(2.485,-1.519,0.635)
jolt: mesh v160 local=(2.485,-1.013,0.635) world=(2.485,-1.013,0.635)
jolt: mesh v161 local=(2.485,-0.506,0.635) world=(2.485,-0.506,0.635)
jolt: mesh v162 local=(2.485,0.000,0.635) world=(2.485,0.000,0.635)
jolt: mesh v163 local=(2.485,0.506,0.635) world=(2.485,0.506,0.635)
jolt: mesh v164 local=(2.485,1.013,0.635) world=(2.485,1.013,0.635)
jolt: mesh v165 local=(2.485,1.519,0.132) world=(2.485,1.519,0.132)
jolt: mesh v166 local=(2.485,1.519,0.635) world=(2.485,1.519,0.635)
jolt: mesh v167 local=(2.982,-1.519,0.132) world=(2.982,-1.519,0.132)
jolt: mesh v168 local=(2.982,-1.519,0.635) world=(2.982,-1.519,0.635)
jolt: mesh v169 local=(2.982,-1.013,0.635) world=(2.982,-1.013,0.635)
jolt: mesh v170 local=(2.982,-0.506,0.635) world=(2.982,-0.506,0.635)
jolt: mesh v171 local=(2.982,0.000,0.635) world=(2.982,0.000,0.635)
jolt: mesh v172 local=(2.982,0.506,0.635) world=(2.982,0.506,0.635)
jolt: mesh v173 local=(2.982,1.013,0.635) world=(2.982,1.013,0.635)
jolt: mesh v174 local=(2.982,1.519,0.132) world=(2.982,1.519,0.132)
jolt: mesh v175 local=(2.982,1.519,0.635) world=(2.982,1.519,0.635)
jolt: mesh v176 local=(3.479,-1.519,0.132) world=(3.479,-1.519,0.132)
jolt: mesh v177 local=(3.479,-1.519,0.635) world=(3.479,-1.519,0.635)
jolt: mesh v178 local=(3.479,-1.013,0.635) world=(3.479,-1.013,0.635)
jolt: mesh v179 local=(3.479,-0.506,0.635) world=(3.479,-0.506,0.635)
jolt: mesh v180 local=(3.479,0.000,0.635) world=(3.479,0.000,0.635)
jolt: mesh v181 local=(3.479,0.506,0.635) world=(3.479,0.506,0.635)
jolt: mesh v182 local=(3.479,1.013,0.635) world=(3.479,1.013,0.635)
jolt: mesh v183 local=(3.479,1.519,0.132) world=(3.479,1.519,0.132)
jolt: mesh v184 local=(3.479,1.519,0.635) world=(3.479,1.519,0.635)
jolt: mesh v185 local=(3.976,-1.519,0.132) world=(3.976,-1.519,0.132)
jolt: mesh v186 local=(3.976,-1.519,0.635) world=(3.976,-1.519,0.635)
jolt: mesh v187 local=(3.976,-1.013,0.635) world=(3.976,-1.013,0.635)
jolt: mesh v188 local=(3.976,-0.506,0.635) world=(3.976,-0.506,0.635)
jolt: mesh v189 local=(3.976,0.000,0.635) world=(3.976,0.000,0.635)
jolt: mesh v190 local=(3.976,0.506,0.635) world=(3.976,0.506,0.635)
jolt: mesh v191 local=(3.976,1.013,0.635) world=(3.976,1.013,0.635)
jolt: mesh v192 local=(3.976,1.519,0.132) world=(3.976,1.519,0.132)
jolt: mesh v193 local=(3.976,1.519,0.635) world=(3.976,1.519,0.635)
jolt: mesh v194 local=(4.473,-1.519,0.132) world=(4.473,-1.519,0.132)
jolt: mesh v195 local=(4.473,-1.519,0.635) world=(4.473,-1.519,0.635)
jolt: mesh v196 local=(4.473,-1.013,0.635) world=(4.473,-1.013,0.635)
jolt: mesh v197 local=(4.473,-0.506,0.635) world=(4.473,-0.506,0.635)
jolt: mesh v198 local=(4.473,0.000,0.635) world=(4.473,0.000,0.635)
jolt: mesh v199 local=(4.473,0.506,0.635) world=(4.473,0.506,0.635)
jolt: mesh v200 local=(4.473,1.013,0.635) world=(4.473,1.013,0.635)
jolt: mesh v201 local=(4.473,1.519,0.132) world=(4.473,1.519,0.132)
jolt: mesh v202 local=(4.473,1.519,0.635) world=(4.473,1.519,0.635)
jolt: mesh v203 local=(4.970,-1.519,0.132) world=(4.970,-1.519,0.132)
jolt: mesh v204 local=(4.970,-1.519,0.635) world=(4.970,-1.519,0.635)
jolt: mesh v205 local=(4.970,-1.013,0.635) world=(4.970,-1.013,0.635)
jolt: mesh v206 local=(4.970,-0.506,0.635) world=(4.970,-0.506,0.635)
jolt: mesh v207 local=(4.970,0.000,0.635) world=(4.970,0.000,0.635)
jolt: mesh v208 local=(4.970,0.506,0.635) world=(4.970,0.506,0.635)
jolt: mesh v209 local=(4.970,1.013,0.635) world=(4.970,1.013,0.635)
jolt: mesh v210 local=(4.970,1.519,0.132) world=(4.970,1.519,0.132)
jolt: mesh v211 local=(4.970,1.519,0.635) world=(4.970,1.519,0.635)
jolt: mesh v212 local=(5.467,-1.519,0.132) world=(5.467,-1.519,0.132)
jolt: mesh v213 local=(5.467,-1.519,0.635) world=(5.467,-1.519,0.635)
jolt: mesh v214 local=(5.467,-1.013,0.635) world=(5.467,-1.013,0.635)
jolt: mesh v215 local=(5.467,-0.506,0.635) world=(5.467,-0.506,0.635)
jolt: mesh v216 local=(5.467,0.000,0.635) world=(5.467,0.000,0.635)
jolt: mesh v217 local=(5.467,0.506,0.635) world=(5.467,0.506,0.635)
jolt: mesh v218 local=(5.467,1.013,0.635) world=(5.467,1.013,0.635)
jolt: mesh v219 local=(5.467,1.519,0.132) world=(5.467,1.519,0.132)
jolt: mesh v220 local=(5.467,1.519,0.635) world=(5.467,1.519,0.635)
jolt: mesh v221 local=(5.964,-1.519,0.132) world=(5.964,-1.519,0.132)
jolt: mesh v222 local=(5.964,-1.519,0.635) world=(5.964,-1.519,0.635)
jolt: mesh v223 local=(5.964,-1.013,0.132) world=(5.964,-1.013,0.132)
jolt: mesh v224 local=(5.964,-1.013,0.635) world=(5.964,-1.013,0.635)
jolt: mesh v225 local=(5.964,-0.506,0.132) world=(5.964,-0.506,0.132)
jolt: mesh v226 local=(5.964,-0.506,0.635) world=(5.964,-0.506,0.635)
jolt: mesh v227 local=(5.964,0.000,0.132) world=(5.964,0.000,0.132)
jolt: mesh v228 local=(5.964,0.000,0.635) world=(5.964,0.000,0.635)
jolt: mesh v229 local=(5.964,0.506,0.132) world=(5.964,0.506,0.132)
jolt: mesh v230 local=(5.964,0.506,0.635) world=(5.964,0.506,0.635)
jolt: mesh v231 local=(5.964,1.013,0.132) world=(5.964,1.013,0.132)
jolt: mesh v232 local=(5.964,1.013,0.635) world=(5.964,1.013,0.635)
jolt: mesh v233 local=(5.964,1.519,0.132) world=(5.964,1.519,0.132)
jolt: mesh v234 local=(5.964,1.519,0.635) world=(5.964,1.519,0.635)
jolt: body MESH_STATIC verts=235 faces=410 id=16777219
LMalloc of 244 not 8-byte aligned, rounding up
LMalloc of 44 not 8-byte aligned, rounding up
LMalloc of 44 not 8-byte aligned, rounding up
LMalloc of 44 not 8-byte aligned, rounding up
LMalloc of 876 not 8-byte aligned, rounding up
RenderActor3DAnimates constructed with no animations!
LMalloc of 44 not 8-byte aligned, rounding up
LMalloc of 44 not 8-byte aligned, rounding up
MATL closed without all data read (bytesLeft = 792)
LMalloc of 44 not 8-byte aligned, rounding up
jolt: mesh actor_pos=(2.500,0.000,0.635)
jolt: mesh v0 local=(-0.773,-0.173,0.000) world=(1.727,-0.173,0.635)
jolt: mesh v1 local=(-0.772,0.204,0.000) world=(1.728,0.204,0.635)
jolt: mesh v2 local=(-0.650,-0.154,0.341) world=(1.850,-0.154,0.976)
jolt: mesh v3 local=(-0.587,0.263,0.256) world=(1.913,0.263,0.891)
jolt: mesh v4 local=(-0.435,-0.099,0.550) world=(2.065,-0.099,1.185)
jolt: mesh v5 local=(-0.372,-0.568,0.000) world=(2.128,-0.568,0.635)
jolt: mesh v6 local=(-0.354,0.491,0.000) world=(2.146,0.491,0.635)
jolt: mesh v7 local=(-0.318,0.270,0.550) world=(2.182,0.270,1.185)
jolt: mesh v8 local=(-0.274,-0.476,0.291) world=(2.226,-0.476,0.926)
jolt: mesh v9 local=(-0.235,0.488,0.323) world=(2.265,0.488,0.958)
jolt: mesh v10 local=(-0.116,-0.369,0.550) world=(2.384,-0.369,1.185)
jolt: mesh v11 local=(0.040,-0.580,0.000) world=(2.540,-0.580,0.635)
jolt: mesh v12 local=(0.116,0.369,0.550) world=(2.616,0.369,1.185)
jolt: mesh v13 local=(0.231,0.532,0.000) world=(2.731,0.532,0.635)
jolt: mesh v14 local=(0.244,0.485,0.335) world=(2.744,0.485,0.970)
jolt: mesh v15 local=(0.277,-0.475,0.310) world=(2.777,-0.475,0.945)
jolt: mesh v16 local=(0.318,-0.270,0.550) world=(2.818,-0.270,1.185)
jolt: mesh v17 local=(0.435,0.099,0.550) world=(2.935,0.099,1.185)
jolt: mesh v18 local=(0.515,-0.417,0.000) world=(3.015,-0.417,0.635)
jolt: mesh v19 local=(0.599,0.246,0.272) world=(3.099,0.246,0.907)
jolt: mesh v20 local=(0.611,-0.229,0.357) world=(3.111,-0.229,0.992)
jolt: mesh v21 local=(0.662,0.322,0.000) world=(3.162,0.322,0.635)
jolt: mesh v22 local=(0.741,-0.030,0.000) world=(3.241,-0.030,0.635)
jolt: body MESH_STATIC verts=23 faces=42 id=16777220
LMalloc of 244 not 8-byte aligned, rounding up
LMalloc of 44 not 8-byte aligned, rounding up
LMalloc of 44 not 8-byte aligned, rounding up
LMalloc of 44 not 8-byte aligned, rounding up
LMalloc of 3396 not 8-byte aligned, rounding up
RenderActor3DAnimates constructed with no animations!
LMalloc of 44 not 8-byte aligned, rounding up
LMalloc of 44 not 8-byte aligned, rounding up
MATL closed without all data read (bytesLeft = 1056)
LMalloc of 44 not 8-byte aligned, rounding up
jolt: mesh actor_pos=(2.500,0.000,1.185)
jolt: mesh v0 local=(-0.500,0.000,0.720) world=(2.000,0.000,1.905)
jolt: mesh v1 local=(-0.485,0.000,0.760) world=(2.015,0.000,1.945)
jolt: mesh v2 local=(-0.433,-0.250,0.720) world=(2.067,-0.250,1.905)
jolt: mesh v3 local=(-0.433,0.250,0.720) world=(2.067,0.250,1.905)
jolt: mesh v4 local=(-0.420,-0.242,0.760) world=(2.080,-0.242,1.945)
jolt: mesh v5 local=(-0.420,0.242,0.760) world=(2.080,0.242,1.945)
jolt: mesh v6 local=(-0.400,0.000,0.000) world=(2.100,0.000,1.185)
jolt: mesh v7 local=(-0.360,0.000,0.060) world=(2.140,0.000,1.245)
jolt: mesh v8 local=(-0.346,-0.200,0.000) world=(2.154,-0.200,1.185)
jolt: mesh v9 local=(-0.346,0.200,0.000) world=(2.154,0.200,1.185)
jolt: mesh v10 local=(-0.312,-0.180,0.060) world=(2.188,-0.180,1.245)
jolt: mesh v11 local=(-0.312,0.180,0.060) world=(2.188,0.180,1.245)
jolt: mesh v12 local=(-0.285,-0.093,0.060) world=(2.215,-0.093,1.245)
jolt: mesh v13 local=(-0.285,0.093,0.060) world=(2.215,0.093,1.245)
jolt: mesh v14 local=(-0.270,0.000,0.660) world=(2.230,0.000,1.845)
jolt: mesh v15 local=(-0.257,-0.083,0.660) world=(2.243,-0.083,1.845)
jolt: mesh v16 local=(-0.257,0.083,0.660) world=(2.243,0.083,1.845)
jolt: mesh v17 local=(-0.250,-0.433,0.720) world=(2.250,-0.433,1.905)
jolt: mesh v18 local=(-0.250,0.433,0.720) world=(2.250,0.433,1.905)
jolt: mesh v19 local=(-0.242,-0.420,0.760) world=(2.258,-0.420,1.945)
jolt: mesh v20 local=(-0.242,0.420,0.760) world=(2.258,0.420,1.945)
jolt: mesh v21 local=(-0.234,-0.135,0.660) world=(2.266,-0.135,1.845)
jolt: mesh v22 local=(-0.234,0.135,0.660) world=(2.266,0.135,1.845)
jolt: mesh v23 local=(-0.200,-0.346,0.000) world=(2.300,-0.346,1.185)
jolt: mesh v24 local=(-0.200,0.346,0.000) world=(2.300,0.346,1.185)
jolt: mesh v25 local=(-0.180,-0.312,0.060) world=(2.320,-0.312,1.245)
jolt: mesh v26 local=(-0.180,0.312,0.060) world=(2.320,0.312,1.245)
jolt: mesh v27 local=(-0.176,-0.243,0.060) world=(2.324,-0.243,1.245)
jolt: mesh v28 local=(-0.176,0.243,0.060) world=(2.324,0.243,1.245)
jolt: mesh v29 local=(-0.159,-0.218,0.660) world=(2.341,-0.218,1.845)
jolt: mesh v30 local=(-0.159,0.218,0.660) world=(2.341,0.218,1.845)
jolt: mesh v31 local=(-0.135,-0.234,0.660) world=(2.365,-0.234,1.845)
jolt: mesh v32 local=(-0.135,0.234,0.660) world=(2.365,0.234,1.845)
jolt: mesh v33 local=(0.000,-0.500,0.720) world=(2.500,-0.500,1.905)
jolt: mesh v34 local=(0.000,-0.485,0.760) world=(2.500,-0.485,1.945)
jolt: mesh v35 local=(0.000,-0.400,0.000) world=(2.500,-0.400,1.185)
jolt: mesh v36 local=(0.000,-0.360,0.060) world=(2.500,-0.360,1.245)
jolt: mesh v37 local=(0.000,-0.300,0.060) world=(2.500,-0.300,1.245)
jolt: mesh v38 local=(0.000,-0.270,0.660) world=(2.500,-0.270,1.845)
jolt: mesh v39 local=(0.000,0.270,0.660) world=(2.500,0.270,1.845)
jolt: mesh v40 local=(0.000,0.300,0.060) world=(2.500,0.300,1.245)
jolt: mesh v41 local=(0.000,0.360,0.060) world=(2.500,0.360,1.245)
jolt: mesh v42 local=(0.000,0.400,0.000) world=(2.500,0.400,1.185)
jolt: mesh v43 local=(0.000,0.485,0.760) world=(2.500,0.485,1.945)
jolt: mesh v44 local=(0.000,0.500,0.720) world=(2.500,0.500,1.905)
jolt: mesh v45 local=(0.135,-0.234,0.660) world=(2.635,-0.234,1.845)
jolt: mesh v46 local=(0.135,0.234,0.660) world=(2.635,0.234,1.845)
jolt: mesh v47 local=(0.159,-0.218,0.660) world=(2.659,-0.218,1.845)
jolt: mesh v48 local=(0.159,0.218,0.660) world=(2.659,0.218,1.845)
jolt: mesh v49 local=(0.176,-0.243,0.060) world=(2.676,-0.243,1.245)
jolt: mesh v50 local=(0.176,0.243,0.060) world=(2.676,0.243,1.245)
jolt: mesh v51 local=(0.180,-0.312,0.060) world=(2.680,-0.312,1.245)
jolt: mesh v52 local=(0.180,0.312,0.060) world=(2.680,0.312,1.245)
jolt: mesh v53 local=(0.200,-0.346,0.000) world=(2.700,-0.346,1.185)
jolt: mesh v54 local=(0.200,0.346,0.000) world=(2.700,0.346,1.185)
jolt: mesh v55 local=(0.234,-0.135,0.660) world=(2.734,-0.135,1.845)
jolt: mesh v56 local=(0.234,0.135,0.660) world=(2.734,0.135,1.845)
jolt: mesh v57 local=(0.242,-0.420,0.760) world=(2.742,-0.420,1.945)
jolt: mesh v58 local=(0.242,0.420,0.760) world=(2.742,0.420,1.945)
jolt: mesh v59 local=(0.250,-0.433,0.720) world=(2.750,-0.433,1.905)
jolt: mesh v60 local=(0.250,0.433,0.720) world=(2.750,0.433,1.905)
jolt: mesh v61 local=(0.257,-0.083,0.660) world=(2.757,-0.083,1.845)
jolt: mesh v62 local=(0.257,0.083,0.660) world=(2.757,0.083,1.845)
jolt: mesh v63 local=(0.270,0.000,0.660) world=(2.770,0.000,1.845)
jolt: mesh v64 local=(0.285,-0.093,0.060) world=(2.785,-0.093,1.245)
jolt: mesh v65 local=(0.285,0.093,0.060) world=(2.785,0.093,1.245)
jolt: mesh v66 local=(0.312,-0.180,0.060) world=(2.812,-0.180,1.245)
jolt: mesh v67 local=(0.312,0.180,0.060) world=(2.812,0.180,1.245)
jolt: mesh v68 local=(0.346,-0.200,0.000) world=(2.846,-0.200,1.185)
jolt: mesh v69 local=(0.346,0.200,0.000) world=(2.846,0.200,1.185)
jolt: mesh v70 local=(0.360,0.000,0.060) world=(2.860,0.000,1.245)
jolt: mesh v71 local=(0.400,0.000,0.000) world=(2.900,0.000,1.185)
jolt: mesh v72 local=(0.420,-0.242,0.760) world=(2.920,-0.242,1.945)
jolt: mesh v73 local=(0.420,0.242,0.760) world=(2.920,0.242,1.945)
jolt: mesh v74 local=(0.433,-0.250,0.720) world=(2.933,-0.250,1.905)
jolt: mesh v75 local=(0.433,0.250,0.720) world=(2.933,0.250,1.905)
jolt: mesh v76 local=(0.485,0.000,0.760) world=(2.985,0.000,1.945)
jolt: mesh v77 local=(0.500,0.000,0.720) world=(3.000,0.000,1.905)
jolt: body MESH_STATIC verts=78 faces=168 id=16777221
LMalloc of 244 not 8-byte aligned, rounding up
LMalloc of 44 not 8-byte aligned, rounding up
LMalloc of 44 not 8-byte aligned, rounding up
LMalloc of 44 not 8-byte aligned, rounding up
LMalloc of 2556 not 8-byte aligned, rounding up
RenderActor3DAnimates constructed with no animations!
LMalloc of 244 not 8-byte aligned, rounding up
LMalloc of 44 not 8-byte aligned, rounding up
LMalloc of 44 not 8-byte aligned, rounding up
LMalloc of 44 not 8-byte aligned, rounding up
LMalloc of 3396 not 8-byte aligned, rounding up
RenderActor3DAnimates constructed with no animations!
LMalloc of 244 not 8-byte aligned, rounding up
LMalloc of 44 not 8-byte aligned, rounding up
LMalloc of 44 not 8-byte aligned, rounding up
LMalloc of 44 not 8-byte aligned, rounding up
LMalloc of 2556 not 8-byte aligned, rounding up
RenderActor3DAnimates constructed with no animations!
LMalloc of 244 not 8-byte aligned, rounding up
LMalloc of 44 not 8-byte aligned, rounding up
LMalloc of 44 not 8-byte aligned, rounding up
LMalloc of 44 not 8-byte aligned, rounding up
LMalloc of 2556 not 8-byte aligned, rounding up
RenderActor3DAnimates constructed with no animations!
LMalloc of 244 not 8-byte aligned, rounding up
LMalloc of 44 not 8-byte aligned, rounding up
LMalloc of 44 not 8-byte aligned, rounding up
LMalloc of 44 not 8-byte aligned, rounding up
LMalloc of 1716 not 8-byte aligned, rounding up
RenderActor3DAnimates constructed with no animations!
LMalloc of 244 not 8-byte aligned, rounding up
LMalloc of 44 not 8-byte aligned, rounding up
LMalloc of 44 not 8-byte aligned, rounding up
LMalloc of 44 not 8-byte aligned, rounding up
LMalloc of 2556 not 8-byte aligned, rounding up
RenderActor3DAnimates constructed with no animations!
LMalloc of 244 not 8-byte aligned, rounding up
LMalloc of 44 not 8-byte aligned, rounding up
LMalloc of 44 not 8-byte aligned, rounding up
LMalloc of 44 not 8-byte aligned, rounding up
LMalloc of 276 not 8-byte aligned, rounding up
RenderActor3DAnimates constructed with no animations!
LMalloc of 44 not 8-byte aligned, rounding up
LMalloc of 44 not 8-byte aligned, rounding up
MATL closed without all data read (bytesLeft = 528)
LMalloc of 44 not 8-byte aligned, rounding up
jolt: mesh actor_pos=(0.000,0.000,0.000)
jolt: mesh v0 local=(-6.296,-1.851,-9.000) world=(-6.296,-1.851,-9.000)
jolt: mesh v1 local=(-6.296,-1.851,-0.010) world=(-6.296,-1.851,-0.010)
jolt: mesh v2 local=(-6.296,1.851,-9.000) world=(-6.296,1.851,-9.000)
jolt: mesh v3 local=(-6.296,1.851,-0.010) world=(-6.296,1.851,-0.010)
jolt: mesh v4 local=(6.296,-1.851,-9.000) world=(6.296,-1.851,-9.000)
jolt: mesh v5 local=(6.296,-1.851,-0.010) world=(6.296,-1.851,-0.010)
jolt: mesh v6 local=(6.296,1.851,-9.000) world=(6.296,1.851,-9.000)
jolt: mesh v7 local=(6.296,1.851,-0.010) world=(6.296,1.851,-0.010)
jolt: body MESH_STATIC verts=8 faces=12 id=16777222
LMalloc of 244 not 8-byte aligned, rounding up
LMalloc of 44 not 8-byte aligned, rounding up
LMalloc of 44 not 8-byte aligned, rounding up
LMalloc of 44 not 8-byte aligned, rounding up
LMalloc of 76 not 8-byte aligned, rounding up
RenderActor3DAnimates constructed with no animations!
LMalloc of 44 not 8-byte aligned, rounding up
LMalloc of 44 not 8-byte aligned, rounding up
MATL closed without all data read (bytesLeft = 264)
LMalloc of 44 not 8-byte aligned, rounding up
jolt: mesh actor_pos=(0.000,0.000,0.000)
jolt: mesh v0 local=(-20.000,4.000,-9.000) world=(-20.000,4.000,-9.000)
jolt: mesh v1 local=(-20.000,4.000,16.000) world=(-20.000,4.000,16.000)
jolt: mesh v2 local=(20.000,4.000,-9.000) world=(20.000,4.000,-9.000)
jolt: mesh v3 local=(20.000,4.000,16.000) world=(20.000,4.000,16.000)
jolt: body MESH_STATIC verts=4 faces=2 id=16777223
zforth: INDEXOF_CAMSHOT = 1921 (expect 1921)
zforth: INDEXOF_CAMSHOT = 1921 (expect 1921)
jolt: OptimizeBroadPhase done (8 static bodies)
audio: MusicPlayer — soundfont not found: florestan-subset.sf2
audio: sfx[0] not found: wflevels/qbert_practice/sfx/qbert_hop.wav
audio: sfx[1] not found: wflevels/qbert_practice/sfx/qbert_land.wav
audio: sfx[2] not found: wflevels/qbert_practice/sfx/qbert_fall.wav
audio: sfx[3] not found: wflevels/qbert_practice/sfx/qbert_swear.wav
audio: sfx[4] not found: wflevels/qbert_practice/sfx/qbert_round_clear.wav
audio: sfx[5] not found: wflevels/qbert_practice/sfx/qbert_kill.wav
audio: sfx[6] not found: wflevels/qbert_practice/sfx/qbert_disc.wav
DMalloc of 36 not 8-byte aligned, rounding up
delta too large: 0.3262481689
timeofday:1790998217:164929
lasttimeofday: 1790998216:838668
deltatime:0:326261
delta: 0.3262481689
ball pos: (-1.600, 0.000, 2.400)
ball pos: (-1.600, 0.000, 2.400)
ball pos: (-1.600, 0.000, 2.400)
ball pos: (-1.600, 0.000, 2.400)
frame-window: start-ns=101374677984796 end-ns=101379680170590
frame-profile: update frames=140 mean=15.3726 p50=15.1390 p95=18.0720 max=20.8137 cpu-ms
frame-profile: actors frames=140 mean=2.0463 p50=1.9553 p95=2.7893 max=4.9763 cpu-ms
frame-profile: director frames=140 mean=13.2608 p50=13.0986 p95=15.2009 max=17.2951 cpu-ms
frame-profile: render frames=140 mean=8.2373 p50=7.9984 p95=8.8010 max=16.3082 cpu-ms
frame-profile: school frames=140 mean=9.9853 p50=9.8690 p95=11.5040 max=13.5341 cpu-ms
frame-profile: pose frames=140 mean=2.7195 p50=2.6861 p95=2.8263 max=4.7981 cpu-ms
frame-profile: animation frames=140 mean=0.1401 p50=0.1358 p95=0.1551 max=0.3103 cpu-ms
frame-profile: total frames=140 mean=23.6100 p50=23.2497 p95=26.2261 max=31.5633 cpu-ms
frame-count: level-objects frames=140 mean=61.000
frame-count: render-actors frames=140 mean=47.000
frame-count: draws frames=140 mean=46.000
frame-count: triangles frames=140 mean=3913.950
frame-count: actor-mailbox-writes frames=140 mean=225.000
frame-count: fish-deformations frames=140 mean=29.000
ball pos: (-1.600, 0.000, 2.400)
ball pos: (-1.600, 0.000, 2.400)
ball pos: (-1.600, 0.000, 2.400)
ball pos: (-1.600, 0.000, 2.400)
ball pos: (-1.600, 0.000, 2.400)
frame-window: start-ns=101379680170590 end-ns=101384681297467
frame-profile: update frames=155 mean=15.4995 p50=15.3412 p95=15.8023 max=22.2516 cpu-ms
frame-profile: actors frames=155 mean=2.0175 p50=1.9628 p95=2.1155 max=4.4778 cpu-ms
frame-profile: director frames=155 mean=13.4166 p50=13.3089 p95=13.7328 max=17.6717 cpu-ms
frame-profile: render frames=155 mean=8.2525 p50=7.9989 p95=9.2180 max=11.3125 cpu-ms
frame-profile: school frames=155 mean=10.1578 p50=10.0722 p95=10.3755 max=13.6245 cpu-ms
frame-profile: pose frames=155 mean=2.7048 p50=2.6939 p95=2.7801 max=2.9078 cpu-ms
frame-profile: animation frames=155 mean=0.1394 p50=0.1365 p95=0.1568 max=0.1897 cpu-ms
frame-profile: total frames=155 mean=23.7520 p50=23.3975 p95=25.0174 max=30.2336 cpu-ms
frame-count: level-objects frames=155 mean=61.000
frame-count: render-actors frames=155 mean=47.000
frame-count: draws frames=155 mean=46.000
frame-count: triangles frames=155 mean=3914.574
frame-count: actor-mailbox-writes frames=155 mean=225.000
frame-count: fish-deformations frames=155 mean=29.000
ball pos: (-1.600, 0.000, 2.400)
ball pos: (-1.600, 0.000, 2.400)
ball pos: (-1.600, 0.000, 2.400)
ball pos: (-1.600, 0.000, 2.400)
ball pos: (-1.600, 0.000, 2.400)
ball pos: (-1.600, 0.000, 2.400)
frame-window: start-ns=101384681297467 end-ns=101389706850886
frame-profile: update frames=180 mean=15.4913 p50=15.2719 p95=17.4394 max=21.9474 cpu-ms
frame-profile: actors frames=180 mean=2.0320 p50=1.9407 p95=2.1789 max=5.0915 cpu-ms
frame-profile: director frames=180 mean=13.3943 p50=13.2722 p95=13.9936 max=17.4819 cpu-ms
frame-profile: render frames=180 mean=8.4287 p50=8.0948 p95=11.2555 max=13.9475 cpu-ms
frame-profile: school frames=180 mean=10.1139 p50=10.0308 p95=10.5479 max=14.1461 cpu-ms
frame-profile: pose frames=180 mean=2.7251 p50=2.7003 p95=2.7836 max=4.9214 cpu-ms
frame-profile: animation frames=180 mean=0.1405 p50=0.1371 p95=0.1548 max=0.2233 cpu-ms
frame-profile: total frames=180 mean=23.9200 p50=23.4636 p95=27.0674 max=30.1351 cpu-ms
frame-count: level-objects frames=180 mean=61.000
frame-count: render-actors frames=180 mean=47.000
frame-count: draws frames=180 mean=46.000
frame-count: triangles frames=180 mean=3912.400
frame-count: actor-mailbox-writes frames=180 mean=225.000
frame-count: fish-deformations frames=180 mean=29.000
ball pos: (-1.600, 0.000, 2.400)
ball pos: (-1.600, 0.000, 2.400)
ball pos: (-1.600, 0.000, 2.400)
ball pos: (-1.600, 0.000, 2.400)
ball pos: (-1.600, 0.000, 2.400)
ball pos: (-1.600, 0.000, 2.400)
frame-window: start-ns=101389706850886 end-ns=101394721734014
frame-profile: update frames=178 mean=15.4871 p50=15.2206 p95=17.6535 max=21.2907 cpu-ms
frame-profile: actors frames=178 mean=2.0389 p50=1.9385 p95=2.2368 max=6.7219 cpu-ms
frame-profile: director frames=178 mean=13.3818 p50=13.2306 p95=14.7655 max=17.5237 cpu-ms
frame-profile: render frames=178 mean=8.4961 p50=8.1383 p95=11.1780 max=14.0316 cpu-ms
frame-profile: school frames=178 mean=10.0767 p50=9.9864 p95=10.6311 max=14.0170 cpu-ms
frame-profile: pose frames=178 mean=2.7514 p50=2.7051 p95=2.8016 max=5.1404 cpu-ms
frame-profile: animation frames=178 mean=0.1411 p50=0.1375 p95=0.1584 max=0.2679 cpu-ms
frame-profile: total frames=178 mean=23.9832 p50=23.4185 p95=27.3862 max=29.4025 cpu-ms
frame-count: level-objects frames=178 mean=61.000
frame-count: render-actors frames=178 mean=47.000
frame-count: draws frames=178 mean=46.000
frame-count: triangles frames=178 mean=3918.017
frame-count: actor-mailbox-writes frames=178 mean=225.000
frame-count: fish-deformations frames=178 mean=29.000
ball pos: (-1.600, 0.000, 2.400)
ball pos: (-1.600, 0.000, 2.400)
ball pos: (-1.600, 0.000, 2.400)
ball pos: (-1.600, 0.000, 2.400)
ball pos: (-1.600, 0.000, 2.400)
ball pos: (-1.600, 0.000, 2.400)
frame-window: start-ns=101394721734014 end-ns=101399739366724
frame-profile: update frames=177 mean=15.7282 p50=15.3520 p95=18.8500 max=25.4945 cpu-ms
frame-profile: actors frames=177 mean=2.0148 p50=1.9410 p95=2.3719 max=5.0534 cpu-ms
frame-profile: director frames=177 mean=13.6475 p50=13.3348 p95=16.0258 max=22.9903 cpu-ms
frame-profile: render frames=177 mean=8.5465 p50=8.1789 p95=11.0722 max=15.1580 cpu-ms
frame-profile: school frames=177 mean=10.2730 p50=10.0880 p95=12.0780 max=15.1719 cpu-ms
frame-profile: pose frames=177 mean=2.8168 p50=2.7040 p95=2.8009 max=6.9348 cpu-ms
frame-profile: animation frames=177 mean=0.1447 p50=0.1373 p95=0.1766 max=0.3215 cpu-ms
frame-profile: total frames=177 mean=24.2747 p50=23.5808 p95=27.7058 max=34.6774 cpu-ms
frame-count: level-objects frames=177 mean=61.000
frame-count: render-actors frames=177 mean=47.000
frame-count: draws frames=177 mean=46.000
frame-count: triangles frames=177 mean=3912.412
frame-count: actor-mailbox-writes frames=177 mean=225.000
frame-count: fish-deformations frames=177 mean=29.000
ball pos: (-1.600, 0.000, 2.400)
ball pos: (-1.600, 0.000, 2.400)
ball pos: (-1.600, 0.000, 2.400)
ball pos: (-1.600, 0.000, 2.400)
ball pos: (-1.600, 0.000, 2.400)
ball pos: (-1.600, 0.000, 2.400)
frame-window: start-ns=101399739366724 end-ns=101404764187935
frame-profile: update frames=178 mean=15.5387 p50=15.3462 p95=17.5109 max=21.2623 cpu-ms
frame-profile: actors frames=178 mean=2.0076 p50=1.9637 p95=2.1713 max=4.8932 cpu-ms
frame-profile: director frames=178 mean=13.4651 p50=13.3095 p95=14.6551 max=19.3354 cpu-ms
frame-profile: render frames=178 mean=8.5654 p50=8.3152 p95=11.0879 max=12.5099 cpu-ms
frame-profile: school frames=178 mean=10.1547 p50=10.0625 p95=10.8995 max=15.1315 cpu-ms
frame-profile: pose frames=178 mean=2.7563 p50=2.7065 p95=2.8306 max=5.1111 cpu-ms
frame-profile: animation frames=178 mean=0.1433 p50=0.1384 p95=0.1684 max=0.2558 cpu-ms
frame-profile: total frames=178 mean=24.1040 p50=23.6357 p95=27.1865 max=32.9989 cpu-ms
frame-count: level-objects frames=178 mean=61.000
frame-count: render-actors frames=178 mean=47.000
frame-count: draws frames=178 mean=46.000
frame-count: triangles frames=178 mean=3913.758
frame-count: actor-mailbox-writes frames=178 mean=225.000
frame-count: fish-deformations frames=178 mean=29.000
ball pos: (-1.600, 0.000, 2.400)
ball pos: (-1.600, 0.000, 2.400)
ball pos: (-1.600, 0.000, 2.400)
ball pos: (-1.600, 0.000, 2.400)
ball pos: (-1.600, 0.000, 2.400)
ball pos: (-1.600, 0.000, 2.400)
frame-window: start-ns=101404764187935 end-ns=101409786433437
frame-profile: update frames=182 mean=15.4456 p50=15.2665 p95=16.8798 max=19.9408 cpu-ms
frame-profile: actors frames=182 mean=1.9865 p50=1.9448 p95=2.1510 max=3.2455 cpu-ms
frame-profile: director frames=182 mean=13.3938 p50=13.2482 p95=14.7324 max=17.9032 cpu-ms
frame-profile: render frames=182 mean=8.2921 p50=8.1195 p95=8.8735 max=12.0408 cpu-ms
frame-profile: school frames=182 mean=10.0953 p50=10.0085 p95=10.4311 max=13.0848 cpu-ms
frame-profile: pose frames=182 mean=2.7524 p50=2.6995 p95=2.7945 max=4.8175 cpu-ms
frame-profile: animation frames=182 mean=0.1421 p50=0.1373 p95=0.1640 max=0.2210 cpu-ms
frame-profile: total frames=182 mean=23.7376 p50=23.4330 p95=26.5682 max=28.0141 cpu-ms
frame-count: level-objects frames=182 mean=61.000
frame-count: render-actors frames=182 mean=47.000
frame-count: draws frames=182 mean=46.000
frame-count: triangles frames=182 mean=3916.901
frame-count: actor-mailbox-writes frames=182 mean=225.000
frame-count: fish-deformations frames=182 mean=29.000
ball pos: (-1.600, 0.000, 2.400)
ball pos: (-1.600, 0.000, 2.400)
ball pos: (-1.600, 0.000, 2.400)
ball pos: (-1.600, 0.000, 2.400)
ball pos: (-1.600, 0.000, 2.400)
ball pos: (-1.600, 0.000, 2.400)
frame-window: start-ns=101409786433437 end-ns=101414793724148
frame-profile: update frames=181 mean=15.4273 p50=15.2700 p95=16.0450 max=19.9901 cpu-ms
frame-profile: actors frames=181 mean=1.9710 p50=1.9413 p95=2.0768 max=3.5557 cpu-ms
frame-profile: director frames=181 mean=13.3922 p50=13.2639 p95=13.9636 max=17.2991 cpu-ms
frame-profile: render frames=181 mean=8.4034 p50=8.1105 p95=11.5430 max=15.8967 cpu-ms
frame-profile: school frames=181 mean=10.0966 p50=10.0130 p95=10.3159 max=12.9826 cpu-ms
frame-profile: pose frames=181 mean=2.7569 p50=2.7012 p95=2.8364 max=4.9612 cpu-ms
frame-profile: animation frames=181 mean=0.1420 p50=0.1369 p95=0.1640 max=0.2654 cpu-ms
frame-profile: total frames=181 mean=23.8307 p50=23.4299 p95=27.1725 max=31.0720 cpu-ms
frame-count: level-objects frames=181 mean=61.000
frame-count: render-actors frames=181 mean=47.000
frame-count: draws frames=181 mean=46.000
frame-count: triangles frames=181 mean=3917.492
frame-count: actor-mailbox-writes frames=181 mean=225.000
frame-count: fish-deformations frames=181 mean=29.000
ball pos: (-1.600, 0.000, 2.400)
ball pos: (-1.600, 0.000, 2.400)
ball pos: (-1.600, 0.000, 2.400)
ball pos: (-1.600, 0.000, 2.400)
ball pos: (-1.600, 0.000, 2.400)
ball pos: (-1.600, 0.000, 2.400)
frame-window: start-ns=101414793724148 end-ns=101419798951859
frame-profile: update frames=181 mean=15.4202 p50=15.3125 p95=15.8075 max=20.7444 cpu-ms
frame-profile: actors frames=181 mean=1.9583 p50=1.9413 p95=2.1156 max=2.7410 cpu-ms
frame-profile: director frames=181 mean=13.3974 p50=13.2927 p95=13.6203 max=18.7351 cpu-ms
frame-profile: render frames=181 mean=8.3706 p50=8.1495 p95=9.5725 max=14.1008 cpu-ms
frame-profile: school frames=181 mean=10.1363 p50=10.0472 p95=10.3853 max=15.5182 cpu-ms
frame-profile: pose frames=181 mean=2.7213 p50=2.7048 p95=2.7989 max=3.4902 cpu-ms
frame-profile: animation frames=181 mean=0.1409 p50=0.1378 p95=0.1587 max=0.1854 cpu-ms
frame-profile: total frames=181 mean=23.7908 p50=23.4822 p95=26.5235 max=29.2613 cpu-ms
frame-count: level-objects frames=181 mean=61.000
frame-count: render-actors frames=181 mean=47.000
frame-count: draws frames=181 mean=46.000
frame-count: triangles frames=181 mean=3923.597
frame-count: actor-mailbox-writes frames=181 mean=225.000
frame-count: fish-deformations frames=181 mean=29.000
ball pos: (-1.600, 0.000, 2.400)
ball pos: (-1.600, 0.000, 2.400)
ball pos: (-1.600, 0.000, 2.400)
ball pos: (-1.600, 0.000, 2.400)
ball pos: (-1.600, 0.000, 2.400)
ball pos: (-1.600, 0.000, 2.400)
frame-window: start-ns=101419798951859 end-ns=101424812316695
frame-profile: update frames=181 mean=15.4989 p50=15.3099 p95=15.8460 max=26.5759 cpu-ms
frame-profile: actors frames=181 mean=2.0089 p50=1.9465 p95=2.1441 max=5.3445 cpu-ms
frame-profile: director frames=181 mean=13.4247 p50=13.3070 p95=13.6406 max=21.1033 cpu-ms
frame-profile: render frames=181 mean=8.2934 p50=8.1213 p95=8.9830 max=15.6215 cpu-ms
frame-profile: school frames=181 mean=10.1285 p50=10.0427 p95=10.3243 max=14.0142 cpu-ms
frame-profile: pose frames=181 mean=2.7446 p50=2.7060 p95=2.7984 max=5.6911 cpu-ms
frame-profile: animation frames=181 mean=0.1415 p50=0.1383 p95=0.1596 max=0.2684 cpu-ms
frame-profile: total frames=181 mean=23.7923 p50=23.4734 p95=26.4235 max=34.4736 cpu-ms
frame-count: level-objects frames=181 mean=61.000
frame-count: render-actors frames=181 mean=47.000
frame-count: draws frames=181 mean=46.000
frame-count: triangles frames=181 mean=3921.453
frame-count: actor-mailbox-writes frames=181 mean=225.000
frame-count: fish-deformations frames=181 mean=29.000
ball pos: (-1.600, 0.000, 2.400)
ball pos: (-1.600, 0.000, 2.400)
ball pos: (-1.600, 0.000, 2.400)
ball pos: (-1.600, 0.000, 2.400)
ball pos: (-1.600, 0.000, 2.400)
ball pos: (-1.600, 0.000, 2.400)
frame-window: start-ns=101424812316695 end-ns=101429817542155
frame-profile: update frames=177 mean=15.4829 p50=15.3334 p95=15.8520 max=21.6902 cpu-ms
frame-profile: actors frames=177 mean=1.9781 p50=1.9512 p95=2.1171 max=3.6164 cpu-ms
frame-profile: director frames=177 mean=13.4384 p50=13.3232 p95=13.7073 max=19.7633 cpu-ms
frame-profile: render frames=177 mean=8.4563 p50=8.2619 p95=9.6518 max=14.3704 cpu-ms
frame-profile: school frames=177 mean=10.1657 p50=10.0693 p95=10.3640 max=16.5180 cpu-ms
frame-profile: pose frames=177 mean=2.7263 p50=2.7105 p95=2.8099 max=3.4824 cpu-ms
frame-profile: animation frames=177 mean=0.1421 p50=0.1382 p95=0.1643 max=0.1858 cpu-ms
frame-profile: total frames=177 mean=23.9392 p50=23.5746 p95=25.9167 max=29.8157 cpu-ms
frame-count: level-objects frames=177 mean=61.000
frame-count: render-actors frames=177 mean=47.000
frame-count: draws frames=177 mean=46.000
frame-count: triangles frames=177 mean=3919.469
frame-count: actor-mailbox-writes frames=177 mean=225.000
frame-count: fish-deformations frames=177 mean=29.000
ball pos: (-0.252, 0.000, 2.400)
ball pos: (1.907, 0.000, 2.400)
ball pos: (4.610, 0.000, 2.400)
ball pos: (5.518, 0.000, 2.400)
ball pos: (5.543, 0.000, 2.400)
ball pos: (5.544, 0.000, 2.400)
frame-window: start-ns=101429817542155 end-ns=101434827362366
frame-profile: update frames=164 mean=16.0721 p50=15.6740 p95=19.5451 max=22.8655 cpu-ms
frame-profile: actors frames=164 mean=2.0512 p50=1.9803 p95=2.5797 max=4.1513 cpu-ms
frame-profile: director frames=164 mean=13.9535 p50=13.6235 p95=16.8191 max=20.8835 cpu-ms
frame-profile: render frames=164 mean=8.5823 p50=8.2991 p95=11.1329 max=14.4565 cpu-ms
frame-profile: school frames=164 mean=10.5908 p50=10.3377 p95=12.8532 max=17.0967 cpu-ms
frame-profile: pose frames=164 mean=2.7884 p50=2.7088 p95=2.9952 max=6.3069 cpu-ms
frame-profile: animation frames=164 mean=0.1455 p50=0.1393 p95=0.1657 max=0.3412 cpu-ms
frame-profile: total frames=164 mean=24.6544 p50=23.9684 p95=27.9186 max=31.6893 cpu-ms
frame-count: level-objects frames=164 mean=61.000
frame-count: render-actors frames=164 mean=47.000
frame-count: draws frames=164 mean=46.000
frame-count: triangles frames=164 mean=3908.720
frame-count: actor-mailbox-writes frames=164 mean=225.000
frame-count: fish-deformations frames=164 mean=29.000
ball pos: (5.544, 0.000, 2.400)
ball pos: (5.544, 0.000, 2.400)
ball pos: (5.544, 0.000, 2.400)
ball pos: (5.544, 0.000, 2.400)
ball pos: (5.544, 0.000, 2.400)
ball pos: (5.544, 0.000, 2.400)
frame-window: start-ns=101434827362366 end-ns=101439829168410
frame-profile: update frames=177 mean=15.4305 p50=15.2890 p95=15.9355 max=20.2620 cpu-ms
frame-profile: actors frames=177 mean=1.9952 p50=1.9595 p95=2.1715 max=3.0681 cpu-ms
frame-profile: director frames=177 mean=13.3700 p50=13.2744 p95=13.6649 max=18.1163 cpu-ms
frame-profile: render frames=177 mean=8.5517 p50=8.2626 p95=10.5305 max=14.4259 cpu-ms
frame-profile: school frames=177 mean=10.0804 p50=10.0382 p95=10.2832 max=12.7327 cpu-ms
frame-profile: pose frames=177 mean=2.7473 p50=2.7051 p95=2.8225 max=4.8016 cpu-ms
frame-profile: animation frames=177 mean=0.1433 p50=0.1385 p95=0.1780 max=0.2200 cpu-ms
frame-profile: total frames=177 mean=23.9823 p50=23.5166 p95=26.5831 max=29.6835 cpu-ms
frame-count: level-objects frames=177 mean=61.000
frame-count: render-actors frames=177 mean=47.000
frame-count: draws frames=177 mean=46.000
frame-count: triangles frames=177 mean=3927.842
frame-count: actor-mailbox-writes frames=177 mean=225.000
frame-count: fish-deformations frames=177 mean=29.000
ball pos: (5.544, 0.000, 2.400)
ball pos: (5.544, 0.000, 2.400)
ball pos: (5.544, 0.000, 2.400)
ball pos: (5.544, 0.000, 2.400)
ball pos: (5.544, 0.000, 2.400)
frame-window: start-ns=101439829168410 end-ns=101444848256371
frame-profile: update frames=174 mean=15.5554 p50=15.3592 p95=16.4269 max=21.5356 cpu-ms
frame-profile: actors frames=174 mean=2.0210 p50=1.9823 p95=2.2192 max=3.4725 cpu-ms
frame-profile: director frames=174 mean=13.4680 p50=13.3283 p95=13.6283 max=19.4293 cpu-ms
frame-profile: render frames=174 mean=8.5978 p50=8.4077 p95=10.3458 max=13.0063 cpu-ms
frame-profile: school frames=174 mean=10.1545 p50=10.0817 p95=10.2997 max=13.5900 cpu-ms
frame-profile: pose frames=174 mean=2.7624 p50=2.7098 p95=2.8197 max=6.3426 cpu-ms
frame-profile: animation frames=174 mean=0.1437 p50=0.1393 p95=0.1680 max=0.2853 cpu-ms
frame-profile: total frames=174 mean=24.1532 p50=23.7871 p95=27.5247 max=29.5763 cpu-ms
frame-count: level-objects frames=174 mean=61.000
frame-count: render-actors frames=174 mean=47.000
frame-count: draws frames=174 mean=46.000
frame-count: triangles frames=174 mean=3920.063
frame-count: actor-mailbox-writes frames=174 mean=225.000
frame-count: fish-deformations frames=174 mean=29.000
ball pos: (5.544, 0.000, 2.400)
ball pos: (5.544, 0.000, 2.400)
ball pos: (5.544, 0.000, 2.400)
ball pos: (5.544, 0.000, 2.400)
ball pos: (5.544, 0.000, 2.400)
ball pos: (5.544, 0.000, 2.400)
frame-window: start-ns=101444848256371 end-ns=101449858386165
frame-profile: update frames=178 mean=15.4154 p50=15.2780 p95=16.0128 max=21.8355 cpu-ms
frame-profile: actors frames=178 mean=1.9996 p50=1.9539 p95=2.1402 max=4.2389 cpu-ms
frame-profile: director frames=178 mean=13.3511 p50=13.2597 p95=13.6574 max=17.9678 cpu-ms
frame-profile: render frames=178 mean=8.5738 p50=8.2265 p95=11.0616 max=14.7811 cpu-ms
frame-profile: school frames=178 mean=10.0682 p50=10.0096 p95=10.2669 max=14.3301 cpu-ms
frame-profile: pose frames=178 mean=2.7351 p50=2.7046 p95=2.7791 max=5.3550 cpu-ms
frame-profile: animation frames=178 mean=0.1413 p50=0.1378 p95=0.1611 max=0.2419 cpu-ms
frame-profile: total frames=178 mean=23.9892 p50=23.5579 p95=27.6611 max=30.1622 cpu-ms
frame-count: level-objects frames=178 mean=61.000
frame-count: render-actors frames=178 mean=47.000
frame-count: draws frames=178 mean=46.000
frame-count: triangles frames=178 mean=3926.427
frame-count: actor-mailbox-writes frames=178 mean=225.000
frame-count: fish-deformations frames=178 mean=29.000
ball pos: (5.544, 0.000, 2.400)
ball pos: (5.544, 0.000, 2.400)
ball pos: (5.544, 0.000, 2.400)
ball pos: (5.544, 0.000, 2.400)
ball pos: (5.544, 0.000, 2.400)
ball pos: (5.544, 0.000, 2.400)
frame-window: start-ns=101449858386165 end-ns=101454879758959
frame-profile: update frames=182 mean=15.4290 p50=15.3100 p95=15.7227 max=21.2766 cpu-ms
frame-profile: actors frames=182 mean=1.9951 p50=1.9457 p95=2.0984 max=5.0948 cpu-ms
frame-profile: director frames=182 mean=13.3681 p50=13.2957 p95=13.5933 max=16.8632 cpu-ms
frame-profile: render frames=182 mean=8.2028 p50=8.1074 p95=8.7182 max=12.2671 cpu-ms
frame-profile: school frames=182 mean=10.1084 p50=10.0592 p95=10.3382 max=13.2322 cpu-ms
frame-profile: pose frames=182 mean=2.7120 p50=2.7024 p95=2.7770 max=3.1148 cpu-ms
frame-profile: animation frames=182 mean=0.1402 p50=0.1372 p95=0.1547 max=0.1892 cpu-ms
frame-profile: total frames=182 mean=23.6318 p50=23.4209 p95=25.6296 max=29.6813 cpu-ms
frame-count: level-objects frames=182 mean=61.000
frame-count: render-actors frames=182 mean=47.000
frame-count: draws frames=182 mean=46.000
frame-count: triangles frames=182 mean=3929.478
frame-count: actor-mailbox-writes frames=182 mean=225.000
frame-count: fish-deformations frames=182 mean=29.000
ball pos: (5.544, 0.000, 2.400)
ball pos: (5.544, 0.000, 2.400)
ball pos: (5.544, 0.000, 2.400)
ball pos: (5.182, -0.343, 2.400)
ball pos: (3.228, -0.445, 2.400)
ball pos: (0.471, -0.448, 2.400)
frame-window: start-ns=101454879758959 end-ns=101459894125211
frame-profile: update frames=167 mean=15.4935 p50=15.5133 p95=15.9090 max=16.1807 cpu-ms
frame-profile: actors frames=167 mean=1.9939 p50=1.9805 p95=2.1161 max=2.4528 cpu-ms
frame-profile: director frames=167 mean=13.4329 p50=13.4306 p95=13.8096 max=14.0431 cpu-ms
frame-profile: render frames=167 mean=8.3992 p50=8.2413 p95=9.5633 max=11.8405 cpu-ms
frame-profile: school frames=167 mean=10.1651 p50=10.1609 p95=10.5095 max=10.6640 cpu-ms
frame-profile: pose frames=167 mean=2.7160 p50=2.7037 p95=2.7849 max=2.9148 cpu-ms
frame-profile: animation frames=167 mean=0.1415 p50=0.1383 p95=0.1622 max=0.1983 cpu-ms
frame-profile: total frames=167 mean=23.8926 p50=23.7434 p95=24.9772 max=27.2402 cpu-ms
frame-count: level-objects frames=167 mean=61.000
frame-count: render-actors frames=167 mean=47.000
frame-count: draws frames=167 mean=46.000
frame-count: triangles frames=167 mean=3909.946
frame-count: actor-mailbox-writes frames=167 mean=225.000
frame-count: fish-deformations frames=167 mean=29.000
ball pos: (-2.045, -0.449, 2.400)
ball pos: (-4.199, -0.449, 2.400)
ball pos: (-5.502, -0.449, 2.400)
ball pos: (-5.543, -0.449, 2.400)
ball pos: (-5.544, -0.449, 2.400)
ball pos: (-5.544, -0.449, 2.400)
frame-window: start-ns=101459894125211 end-ns=101464921098172
frame-profile: update frames=176 mean=15.5272 p50=15.3742 p95=16.7006 max=20.8604 cpu-ms
frame-profile: actors frames=176 mean=2.0199 p50=1.9893 p95=2.2238 max=2.9268 cpu-ms
frame-profile: director frames=176 mean=13.4420 p50=13.3216 p95=14.3806 max=18.8102 cpu-ms
frame-profile: render frames=176 mean=8.5427 p50=8.3243 p95=10.5664 max=12.4006 cpu-ms
frame-profile: school frames=176 mean=10.1620 p50=10.0552 p95=11.0792 max=15.5108 cpu-ms
frame-profile: pose frames=176 mean=2.7226 p50=2.7119 p95=2.8258 max=3.0153 cpu-ms
frame-profile: animation frames=176 mean=0.1417 p50=0.1382 p95=0.1615 max=0.2180 cpu-ms
frame-profile: total frames=176 mean=24.0698 p50=23.6895 p95=26.5497 max=31.6165 cpu-ms
frame-count: level-objects frames=176 mean=61.000
frame-count: render-actors frames=176 mean=47.000
frame-count: draws frames=176 mean=46.000
frame-count: triangles frames=176 mean=3927.307
frame-count: actor-mailbox-writes frames=176 mean=225.000
frame-count: fish-deformations frames=176 mean=29.000
ball pos: (-5.544, -0.449, 2.400)
ball pos: (-5.544, -0.449, 2.400)
ball pos: (-5.544, -0.449, 2.400)
ball pos: (-5.544, -0.449, 2.400)
ball pos: (-5.544, -0.449, 2.400)
ball pos: (-5.544, -0.449, 2.400)
frame-window: start-ns=101464921098172 end-ns=101469949475216
frame-profile: update frames=177 mean=15.4825 p50=15.3687 p95=15.8915 max=19.9130 cpu-ms
frame-profile: actors frames=177 mean=2.0044 p50=1.9724 p95=2.1745 max=3.5506 cpu-ms
frame-profile: director frames=177 mean=13.4119 p50=13.3311 p95=13.8377 max=17.8750 cpu-ms
frame-profile: render frames=177 mean=8.4971 p50=8.3349 p95=9.5238 max=15.2730 cpu-ms
frame-profile: school frames=177 mean=10.1328 p50=10.0530 p95=10.4485 max=14.6522 cpu-ms
frame-profile: pose frames=177 mean=2.7293 p50=2.7088 p95=2.8120 max=3.3304 cpu-ms
frame-profile: animation frames=177 mean=0.1414 p50=0.1386 p95=0.1584 max=0.1776 cpu-ms
frame-profile: total frames=177 mean=23.9796 p50=23.6648 p95=25.7500 max=30.6979 cpu-ms
frame-count: level-objects frames=177 mean=61.000
frame-count: render-actors frames=177 mean=47.000
frame-count: draws frames=177 mean=46.000
frame-count: triangles frames=177 mean=3920.299
frame-count: actor-mailbox-writes frames=177 mean=225.000
frame-count: fish-deformations frames=177 mean=29.000
ball pos: (-5.512, -0.322, 2.400)
ball pos: (-3.890, -0.058, 2.400)
ball pos: (-1.872, -0.048, 2.400)
ball pos: (0.476, -0.047, 2.400)
ball pos: (3.032, -0.047, 2.400)
frame-window: start-ns=101469949475216 end-ns=101474963786135
frame-profile: update frames=166 mean=15.8144 p50=15.6227 p95=17.0934 max=22.0058 cpu-ms
frame-profile: actors frames=166 mean=2.0318 p50=2.0004 p95=2.2210 max=3.4534 cpu-ms
frame-profile: director frames=166 mean=13.7155 p50=13.5487 p95=14.2509 max=20.0284 cpu-ms
frame-profile: render frames=166 mean=8.5726 p50=8.3104 p95=10.1670 max=14.1522 cpu-ms
frame-profile: school frames=166 mean=10.4243 p50=10.2920 p95=10.6670 max=16.6504 cpu-ms
frame-profile: pose frames=166 mean=2.7244 p50=2.7074 p95=2.8067 max=3.5929 cpu-ms
frame-profile: animation frames=166 mean=0.1420 p50=0.1383 p95=0.1652 max=0.1872 cpu-ms
frame-profile: total frames=166 mean=24.3870 p50=23.8834 p95=27.3927 max=34.3017 cpu-ms
frame-count: level-objects frames=166 mean=61.000
frame-count: render-actors frames=166 mean=47.000
frame-count: draws frames=166 mean=46.000
frame-count: triangles frames=166 mean=3921.934
frame-count: actor-mailbox-writes frames=166 mean=225.000
frame-count: fish-deformations frames=166 mean=29.000
ball pos: (5.338, -0.047, 2.400)
ball pos: (5.539, -0.047, 2.400)
ball pos: (5.544, -0.047, 2.400)
ball pos: (5.544, -0.047, 2.400)
ball pos: (5.544, -0.047, 2.400)
ball pos: (5.544, -0.047, 2.400)
frame-window: start-ns=101474963786135 end-ns=101479974548554
frame-profile: update frames=175 mean=15.4937 p50=15.3096 p95=16.5695 max=18.8876 cpu-ms
frame-profile: actors frames=175 mean=2.0353 p50=1.9832 p95=2.2343 max=3.4704 cpu-ms
frame-profile: director frames=175 mean=13.3921 p50=13.2787 p95=14.0935 max=16.9042 cpu-ms
frame-profile: render frames=175 mean=8.5542 p50=8.3280 p95=10.0092 max=12.9173 cpu-ms
frame-profile: school frames=175 mean=10.1108 p50=10.0196 p95=10.6043 max=12.6607 cpu-ms
frame-profile: pose frames=175 mean=2.7263 p50=2.7059 p95=2.8122 max=3.7296 cpu-ms
frame-profile: animation frames=175 mean=0.1417 p50=0.1386 p95=0.1599 max=0.2203 cpu-ms
frame-profile: total frames=175 mean=24.0479 p50=23.6418 p95=26.6863 max=28.0393 cpu-ms
frame-count: level-objects frames=175 mean=61.000
frame-count: render-actors frames=175 mean=47.000
frame-count: draws frames=175 mean=46.000
frame-count: triangles frames=175 mean=3927.777
frame-count: actor-mailbox-writes frames=175 mean=225.000
frame-count: fish-deformations frames=175 mean=29.000
ball pos: (5.544, -0.047, 2.400)
ball pos: (5.544, -0.047, 2.400)
ball pos: (5.544, -0.047, 2.400)
ball pos: (5.544, -0.047, 2.400)
ball pos: (5.544, -0.047, 2.400)
ball pos: (5.544, -0.047, 2.400)
frame-window: start-ns=101479974548554 end-ns=101484986355348
frame-profile: update frames=176 mean=15.4771 p50=15.3615 p95=15.9985 max=19.6224 cpu-ms
frame-profile: actors frames=176 mean=2.0236 p50=1.9732 p95=2.1832 max=3.6759 cpu-ms
frame-profile: director frames=176 mean=13.3866 p50=13.3052 p95=13.6915 max=17.6667 cpu-ms
frame-profile: render frames=176 mean=8.6078 p50=8.4407 p95=9.9363 max=12.6432 cpu-ms
frame-profile: school frames=176 mean=10.0928 p50=10.0354 p95=10.2895 max=14.3357 cpu-ms
frame-profile: pose frames=176 mean=2.7419 p50=2.7124 p95=2.7949 max=4.6679 cpu-ms
frame-profile: animation frames=176 mean=0.1447 p50=0.1397 p95=0.1748 max=0.2382 cpu-ms
frame-profile: total frames=176 mean=24.0850 p50=23.7820 p95=26.5756 max=27.8628 cpu-ms
frame-count: level-objects frames=176 mean=61.000
frame-count: render-actors frames=176 mean=47.000
frame-count: draws frames=176 mean=46.000
frame-count: triangles frames=176 mean=3921.295
frame-count: actor-mailbox-writes frames=176 mean=225.000
frame-count: fish-deformations frames=176 mean=29.000
ball pos: (5.544, -0.047, 2.400)
ball pos: (5.544, -0.047, 2.400)
ball pos: (5.544, -0.047, 2.400)
