material: texture=""  bTranslucent=0  bitdepth=16  flags_in=0x2
material: texture=""  bTranslucent=0  bitdepth=16  flags_in=0x2
audio: miniaudio v0.11.25 ready
DEBUG = 1,
DO_ASSERTIONS = 1, NO_ASSERT_EXPR = 0, USE_INLINE_DEFS = 1, WF_BIG_ENDIAN = 0
argc = 9, argv: /home/will/WorldFoundry-wbniv/engine/wf_game -L/home/will/WorldFoundry-wbniv/wflevels/aquarium_lionfish-standalone.iff -rate20 -width=960 -height=540 --debug-port 17921 --debug-bind 127.0.0.1 
cbHalLmalloc = 64000000, cbHalScratchLmalloc = 180000
wf_game v0.4.1, Built:Jul 31 2026,10:21:50 by kts
-L/home/will/WorldFoundry-wbniv/wflevels/aquarium_lionfish-standalone.iff
-rate20
Fake clock delta = 0.05000000075
-width=960
-height=540
--debug-port
--debug-bind
argc = 9, commandIndex = 9
Level=-1
cerror:
cwarn:
cstats:
wf_game Ver 0.4.1, Built:Jul 31 2026,10:21:50 by kts
DBSTREAMS jolt: RegisterDefaultAllocator
jolt: Factory
jolt: RegisterTypes
jolt: RunSelftest
jolt: selftest ok (sphere fell to z=5.098)
jolt: backend init
jolt: backend ready (gravity -Z)
jolt: init complete
LMalloc of 412 not 8-byte aligned, rounding up
LMalloc of 7620 not 8-byte aligned, rounding up
LMalloc of 20 not 8-byte aligned, rounding up
LMalloc of 20 not 8-byte aligned, rounding up
Level::Level: leveldata= 0x7a6c90646b80, object count  = 42
ASS closed without all data read (bytesLeft = 4118)
ASS closed without all data read (bytesLeft = 150)
ASS closed without all data read (bytesLeft = 16)
ASS closed without all data read (bytesLeft = 16)
ASS closed without all data read (bytesLeft = 10908)
PixelMap::Load: this = 0x7a6c8f327b80
PixelMap::Load: this = 0x7a6c8f327bc0
LMalloc of 28 not 8-byte aligned, rounding up
LMalloc of 28 not 8-byte aligned, rounding up
LMalloc of 28 not 8-byte aligned, rounding up
LMalloc of 28 not 8-byte aligned, rounding up
LMalloc of 100 not 8-byte aligned, rounding up
[Actor] idx=2 class=23 commonOff=34208 NumberOfLocalMailboxes=0
[Actor] idx=3 class=13 commonOff=34208 NumberOfLocalMailboxes=0
this = 0x7a6c8f32b0c0,setting _memory to 0x7a6c8f32abc8
DMalloc of 52 not 8-byte aligned, rounding up
[Actor] idx=4 class=20 commonOff=34920 NumberOfLocalMailboxes=0
[Actor] idx=6 class=11 commonOff=34208 NumberOfLocalMailboxes=0
[Actor] idx=7 class=16 commonOff=34208 NumberOfLocalMailboxes=0
[Actor] idx=8 class=3 commonOff=34208 NumberOfLocalMailboxes=0
[Actor] idx=9 class=22 commonOff=35660 NumberOfLocalMailboxes=6
jolt: character 0 created at (0.00, -0.20, 2.30) ctr=(0.00,0.00,0.00)
[Actor] idx=10 class=7 commonOff=35968 NumberOfLocalMailboxes=0
[Actor] idx=11 class=7 commonOff=36168 NumberOfLocalMailboxes=0
[Actor] idx=12 class=7 commonOff=34208 NumberOfLocalMailboxes=0
[Actor] idx=13 class=7 commonOff=34208 NumberOfLocalMailboxes=0
[Actor] idx=14 class=7 commonOff=36212 NumberOfLocalMailboxes=0
[Actor] idx=15 class=7 commonOff=36256 NumberOfLocalMailboxes=0
[Actor] idx=16 class=7 commonOff=36300 NumberOfLocalMailboxes=0
[Actor] idx=17 class=7 commonOff=36344 NumberOfLocalMailboxes=0
[Actor] idx=18 class=7 commonOff=34208 NumberOfLocalMailboxes=0
[Actor] idx=19 class=7 commonOff=34208 NumberOfLocalMailboxes=0
[Actor] idx=20 class=7 commonOff=36388 NumberOfLocalMailboxes=0
[Actor] idx=21 class=7 commonOff=36432 NumberOfLocalMailboxes=0
[Actor] idx=22 class=7 commonOff=36476 NumberOfLocalMailboxes=0
[Actor] idx=23 class=7 commonOff=36476 NumberOfLocalMailboxes=0
[Actor] idx=24 class=7 commonOff=36476 NumberOfLocalMailboxes=0
[Actor] idx=25 class=5 commonOff=34208 NumberOfLocalMailboxes=0
jolt: body STATIC pos=(0.00,0.00,0.00) half=(6.10,1.65,0.12) id=8388608
[Actor] idx=26 class=5 commonOff=34208 NumberOfLocalMailboxes=0
jolt: body STATIC pos=(0.00,1.53,2.73) half=(5.97,0.12,2.10) id=8388609
[Actor] idx=27 class=5 commonOff=34208 NumberOfLocalMailboxes=0
jolt: body STATIC pos=(0.00,1.53,5.08) half=(6.10,0.12,0.25) id=8388610
[Actor] idx=28 class=5 commonOff=34208 NumberOfLocalMailboxes=0
jolt: body STATIC pos=(-6.09,0.00,2.67) half=(0.12,1.65,2.67) id=8388611
[Actor] idx=29 class=5 commonOff=34208 NumberOfLocalMailboxes=0
jolt: body STATIC pos=(5.97,0.00,2.67) half=(0.12,1.65,2.67) id=8388612
[Actor] idx=30 class=5 commonOff=34208 NumberOfLocalMailboxes=0
jolt: body STATIC pos=(0.00,-1.78,2.67) half=(6.10,0.12,2.67) id=8388613
[Actor] idx=31 class=7 commonOff=34208 NumberOfLocalMailboxes=0
[Actor] idx=32 class=5 commonOff=34208 NumberOfLocalMailboxes=0
jolt: body STATIC pos=(0.00,0.00,0.38) half=(5.97,1.52,0.25) id=8388614
[Actor] idx=33 class=5 commonOff=37096 NumberOfLocalMailboxes=0
jolt: body STATIC pos=(-4.20,0.80,0.96) half=(0.95,0.55,0.32) id=8388615
[Actor] idx=34 class=5 commonOff=37140 NumberOfLocalMailboxes=0
jolt: body STATIC pos=(-2.40,0.95,0.84) half=(0.70,0.40,0.21) id=8388616
[Actor] idx=35 class=5 commonOff=37184 NumberOfLocalMailboxes=0
jolt: body STATIC pos=(3.80,0.80,0.95) half=(0.90,0.48,0.31) id=8388617
[Actor] idx=36 class=5 commonOff=37228 NumberOfLocalMailboxes=0
jolt: body STATIC pos=(4.80,0.90,0.81) half=(0.50,0.40,0.17) id=8388618
[Actor] idx=37 class=5 commonOff=34208 NumberOfLocalMailboxes=0
jolt: body STATIC pos=(0.00,0.00,-1.26) half=(6.25,1.80,1.24) id=8388619
[Actor] idx=38 class=5 commonOff=34208 NumberOfLocalMailboxes=0
jolt: body STATIC pos=(0.00,2.97,7.50) half=(30.00,0.12,12.50) id=8388620
[Actor] idx=39 class=23 commonOff=34208 NumberOfLocalMailboxes=0
[Actor] idx=40 class=3 commonOff=34208 NumberOfLocalMailboxes=0
[Actor] idx=41 class=16 commonOff=34208 NumberOfLocalMailboxes=0
LMalloc of 20 not 8-byte aligned, rounding up
DMalloc of 82 not 8-byte aligned, rounding up
DMalloc of 404 not 8-byte aligned, rounding up
DMalloc of 404 not 8-byte aligned, rounding up
Walking from 0
0->0
0->0
LMalloc of 20 not 8-byte aligned, rounding up
LMalloc of 20 not 8-byte aligned, rounding up
ASS closed without all data read (bytesLeft = 4118)
ASS closed without all data read (bytesLeft = 1046)
ASS closed without all data read (bytesLeft = 64)
ASS closed without all data read (bytesLeft = 16)
ASS closed without all data read (bytesLeft = 10908)
ASS closed without all data read (bytesLeft = 1780)
ASS closed without all data read (bytesLeft = 2540)
ASS closed without all data read (bytesLeft = 2540)
ASS closed without all data read (bytesLeft = 2676)
ASS closed without all data read (bytesLeft = 2676)
ASS closed without all data read (bytesLeft = 3100)
ASS closed without all data read (bytesLeft = 588)
ASS closed without all data read (bytesLeft = 4692)
ASS closed without all data read (bytesLeft = 588)
ASS closed without all data read (bytesLeft = 588)
ASS closed without all data read (bytesLeft = 588)
ASS closed without all data read (bytesLeft = 588)
ASS closed without all data read (bytesLeft = 1260)
ASS closed without all data read (bytesLeft = 588)
ASS closed without all data read (bytesLeft = 1172)
ASS closed without all data read (bytesLeft = 1172)
ASS closed without all data read (bytesLeft = 1172)
ASS closed without all data read (bytesLeft = 1172)
ASS closed without all data read (bytesLeft = 588)
ASS closed without all data read (bytesLeft = 588)
PixelMap::Load: this = 0x7a6c8f327c00
PixelMap::Load: this = 0x7a6c8f327c40
LMalloc of 76 not 8-byte aligned, rounding up
LMalloc of 28 not 8-byte aligned, rounding up
LMalloc of 76 not 8-byte aligned, rounding up
LMalloc of 28 not 8-byte aligned, rounding up
LMalloc of 8916 not 8-byte aligned, rounding up
RenderActor3DAnimates constructed with no animations!
LMalloc of 8916 not 8-byte aligned, rounding up
RenderActor3DAnimates constructed with no animations!
LMalloc of 1156 not 8-byte aligned, rounding up
RenderActor3DAnimates constructed with no animations!
LMalloc of 1676 not 8-byte aligned, rounding up
RenderActor3DAnimates constructed with no animations!
LMalloc of 1676 not 8-byte aligned, rounding up
RenderActor3DAnimates constructed with no animations!
LMalloc of 1836 not 8-byte aligned, rounding up
RenderActor3DAnimates constructed with no animations!
LMalloc of 1836 not 8-byte aligned, rounding up
RenderActor3DAnimates constructed with no animations!
LMalloc of 8916 not 8-byte aligned, rounding up
RenderActor3DAnimates constructed with no animations!
LMalloc of 1156 not 8-byte aligned, rounding up
RenderActor3DAnimates constructed with no animations!
LMalloc of 1676 not 8-byte aligned, rounding up
RenderActor3DAnimates constructed with no animations!
LMalloc of 1676 not 8-byte aligned, rounding up
RenderActor3DAnimates constructed with no animations!
LMalloc of 1836 not 8-byte aligned, rounding up
RenderActor3DAnimates constructed with no animations!
LMalloc of 1836 not 8-byte aligned, rounding up
RenderActor3DAnimates constructed with no animations!
material: texture="goldfish_palette.tga"  bTranslucent=0  bitdepth=15  flags_in=0x6
LMalloc of 2236 not 8-byte aligned, rounding up
RenderActor3DAnimates constructed with no animations!
material: texture="goldfish_palette.tga"  bTranslucent=0  bitdepth=15  flags_in=0x6
LMalloc of 2236 not 8-byte aligned, rounding up
RenderActor3DAnimates constructed with no animations!
material: texture="goldfish_palette.tga"  bTranslucent=0  bitdepth=15  flags_in=0x6
LMalloc of 2236 not 8-byte aligned, rounding up
RenderActor3DAnimates constructed with no animations!
LMalloc of 276 not 8-byte aligned, rounding up
RenderActor3DAnimates constructed with no animations!
MATL closed without all data read (bytesLeft = 264)
jolt: mesh actor_pos=(0.000,0.000,0.000)
jolt: mesh v0 local=(-6.096,-1.651,0.000) world=(-6.096,-1.651,0.000)
jolt: mesh v1 local=(-6.096,-1.651,0.127) world=(-6.096,-1.651,0.127)
jolt: mesh v2 local=(-6.096,1.651,0.000) world=(-6.096,1.651,0.000)
jolt: mesh v3 local=(-6.096,1.651,0.127) world=(-6.096,1.651,0.127)
jolt: mesh v4 local=(6.096,-1.651,0.000) world=(6.096,-1.651,0.000)
jolt: mesh v5 local=(6.096,-1.651,0.127) world=(6.096,-1.651,0.127)
jolt: mesh v6 local=(6.096,1.651,0.000) world=(6.096,1.651,0.000)
jolt: mesh v7 local=(6.096,1.651,0.127) world=(6.096,1.651,0.127)
jolt: body MESH_STATIC verts=8 faces=12 id=16777216
LMalloc of 2436 not 8-byte aligned, rounding up
RenderActor3DAnimates constructed with no animations!
MATL closed without all data read (bytesLeft = 2640)
jolt: mesh actor_pos=(0.000,0.000,0.000)
jolt: mesh v0 local=(-5.969,1.524,0.635) world=(-5.969,1.524,0.635)
jolt: mesh v1 local=(-5.969,1.524,1.054) world=(-5.969,1.524,1.054)
jolt: mesh v2 local=(-5.969,1.524,1.473) world=(-5.969,1.524,1.473)
jolt: mesh v3 local=(-5.969,1.524,1.892) world=(-5.969,1.524,1.892)
jolt: mesh v4 local=(-5.969,1.524,2.311) world=(-5.969,1.524,2.311)
jolt: mesh v5 local=(-5.969,1.524,2.730) world=(-5.969,1.524,2.730)
jolt: mesh v6 local=(-5.969,1.524,3.150) world=(-5.969,1.524,3.150)
jolt: mesh v7 local=(-5.969,1.524,3.569) world=(-5.969,1.524,3.569)
jolt: mesh v8 local=(-5.969,1.524,3.988) world=(-5.969,1.524,3.988)
jolt: mesh v9 local=(-5.969,1.524,4.407) world=(-5.969,1.524,4.407)
jolt: mesh v10 local=(-5.969,1.524,4.826) world=(-5.969,1.524,4.826)
jolt: mesh v11 local=(-5.969,1.651,0.635) world=(-5.969,1.651,0.635)
jolt: mesh v12 local=(-5.969,1.651,1.054) world=(-5.969,1.651,1.054)
jolt: mesh v13 local=(-5.969,1.651,1.473) world=(-5.969,1.651,1.473)
jolt: mesh v14 local=(-5.969,1.651,1.892) world=(-5.969,1.651,1.892)
jolt: mesh v15 local=(-5.969,1.651,2.311) world=(-5.969,1.651,2.311)
jolt: mesh v16 local=(-5.969,1.651,2.730) world=(-5.969,1.651,2.730)
jolt: mesh v17 local=(-5.969,1.651,3.150) world=(-5.969,1.651,3.150)
jolt: mesh v18 local=(-5.969,1.651,3.569) world=(-5.969,1.651,3.569)
jolt: mesh v19 local=(-5.969,1.651,3.988) world=(-5.969,1.651,3.988)
jolt: mesh v20 local=(-5.969,1.651,4.407) world=(-5.969,1.651,4.407)
jolt: mesh v21 local=(-5.969,1.651,4.826) world=(-5.969,1.651,4.826)
jolt: mesh v22 local=(5.969,1.524,0.635) world=(5.969,1.524,0.635)
jolt: mesh v23 local=(5.969,1.524,1.054) world=(5.969,1.524,1.054)
jolt: mesh v24 local=(5.969,1.524,1.473) world=(5.969,1.524,1.473)
jolt: mesh v25 local=(5.969,1.524,1.892) world=(5.969,1.524,1.892)
jolt: mesh v26 local=(5.969,1.524,2.311) world=(5.969,1.524,2.311)
jolt: mesh v27 local=(5.969,1.524,2.730) world=(5.969,1.524,2.730)
jolt: mesh v28 local=(5.969,1.524,3.150) world=(5.969,1.524,3.150)
jolt: mesh v29 local=(5.969,1.524,3.569) world=(5.969,1.524,3.569)
jolt: mesh v30 local=(5.969,1.524,3.988) world=(5.969,1.524,3.988)
jolt: mesh v31 local=(5.969,1.524,4.407) world=(5.969,1.524,4.407)
jolt: mesh v32 local=(5.969,1.524,4.826) world=(5.969,1.524,4.826)
jolt: mesh v33 local=(5.969,1.651,0.635) world=(5.969,1.651,0.635)
jolt: mesh v34 local=(5.969,1.651,1.054) world=(5.969,1.651,1.054)
jolt: mesh v35 local=(5.969,1.651,1.473) world=(5.969,1.651,1.473)
jolt: mesh v36 local=(5.969,1.651,1.892) world=(5.969,1.651,1.892)
jolt: mesh v37 local=(5.969,1.651,2.311) world=(5.969,1.651,2.311)
jolt: mesh v38 local=(5.969,1.651,2.730) world=(5.969,1.651,2.730)
jolt: mesh v39 local=(5.969,1.651,3.150) world=(5.969,1.651,3.150)
jolt: mesh v40 local=(5.969,1.651,3.569) world=(5.969,1.651,3.569)
jolt: mesh v41 local=(5.969,1.651,3.988) world=(5.969,1.651,3.988)
jolt: mesh v42 local=(5.969,1.651,4.407) world=(5.969,1.651,4.407)
jolt: mesh v43 local=(5.969,1.651,4.826) world=(5.969,1.651,4.826)
jolt: body MESH_STATIC verts=44 faces=120 id=16777217
LMalloc of 276 not 8-byte aligned, rounding up
RenderActor3DAnimates constructed with no animations!
MATL closed without all data read (bytesLeft = 264)
jolt: mesh actor_pos=(0.000,0.000,0.000)
jolt: mesh v0 local=(-6.096,1.524,4.826) world=(-6.096,1.524,4.826)
jolt: mesh v1 local=(-6.096,1.524,5.334) world=(-6.096,1.524,5.334)
jolt: mesh v2 local=(-6.096,1.651,4.826) world=(-6.096,1.651,4.826)
jolt: mesh v3 local=(-6.096,1.651,5.334) world=(-6.096,1.651,5.334)
jolt: mesh v4 local=(6.096,1.524,4.826) world=(6.096,1.524,4.826)
jolt: mesh v5 local=(6.096,1.524,5.334) world=(6.096,1.524,5.334)
jolt: mesh v6 local=(6.096,1.651,4.826) world=(6.096,1.651,4.826)
jolt: mesh v7 local=(6.096,1.651,5.334) world=(6.096,1.651,5.334)
jolt: body MESH_STATIC verts=8 faces=12 id=16777218
LMalloc of 276 not 8-byte aligned, rounding up
RenderActor3DAnimates constructed with no animations!
MATL closed without all data read (bytesLeft = 264)
jolt: mesh actor_pos=(0.000,0.000,0.000)
jolt: mesh v0 local=(-6.096,-1.651,0.000) world=(-6.096,-1.651,0.000)
jolt: mesh v1 local=(-6.096,-1.651,5.334) world=(-6.096,-1.651,5.334)
jolt: mesh v2 local=(-6.096,1.651,0.000) world=(-6.096,1.651,0.000)
jolt: mesh v3 local=(-6.096,1.651,5.334) world=(-6.096,1.651,5.334)
jolt: mesh v4 local=(-5.969,-1.651,0.000) world=(-5.969,-1.651,0.000)
jolt: mesh v5 local=(-5.969,-1.651,5.334) world=(-5.969,-1.651,5.334)
jolt: mesh v6 local=(-5.969,1.651,0.000) world=(-5.969,1.651,0.000)
jolt: mesh v7 local=(-5.969,1.651,5.334) world=(-5.969,1.651,5.334)
jolt: body MESH_STATIC verts=8 faces=12 id=16777219
LMalloc of 276 not 8-byte aligned, rounding up
RenderActor3DAnimates constructed with no animations!
MATL closed without all data read (bytesLeft = 264)
jolt: mesh actor_pos=(0.000,0.000,0.000)
jolt: mesh v0 local=(5.969,-1.651,0.000) world=(5.969,-1.651,0.000)
jolt: mesh v1 local=(5.969,-1.651,5.334) world=(5.969,-1.651,5.334)
jolt: mesh v2 local=(5.969,1.651,0.000) world=(5.969,1.651,0.000)
jolt: mesh v3 local=(5.969,1.651,5.334) world=(5.969,1.651,5.334)
jolt: mesh v4 local=(6.096,-1.651,0.000) world=(6.096,-1.651,0.000)
jolt: mesh v5 local=(6.096,-1.651,5.334) world=(6.096,-1.651,5.334)
jolt: mesh v6 local=(6.096,1.651,0.000) world=(6.096,1.651,0.000)
jolt: mesh v7 local=(6.096,1.651,5.334) world=(6.096,1.651,5.334)
jolt: body MESH_STATIC verts=8 faces=12 id=16777220
LMalloc of 276 not 8-byte aligned, rounding up
RenderActor3DAnimates constructed with no animations!
MATL closed without all data read (bytesLeft = 264)
jolt: mesh actor_pos=(0.000,0.000,0.000)
jolt: mesh v0 local=(-6.096,-1.778,0.000) world=(-6.096,-1.778,0.000)
jolt: mesh v1 local=(-6.096,-1.778,5.334) world=(-6.096,-1.778,5.334)
jolt: mesh v2 local=(-6.096,-1.651,0.000) world=(-6.096,-1.651,0.000)
jolt: mesh v3 local=(-6.096,-1.651,5.334) world=(-6.096,-1.651,5.334)
jolt: mesh v4 local=(6.096,-1.778,0.000) world=(6.096,-1.778,0.000)
jolt: mesh v5 local=(6.096,-1.778,5.334) world=(6.096,-1.778,5.334)
jolt: mesh v6 local=(6.096,-1.651,0.000) world=(6.096,-1.651,0.000)
jolt: mesh v7 local=(6.096,-1.651,5.334) world=(6.096,-1.651,5.334)
jolt: body MESH_STATIC verts=8 faces=12 id=16777221
LMalloc of 996 not 8-byte aligned, rounding up
RenderActor3DAnimates constructed with no animations!
LMalloc of 276 not 8-byte aligned, rounding up
RenderActor3DAnimates constructed with no animations!
MATL closed without all data read (bytesLeft = 264)
jolt: mesh actor_pos=(0.000,0.000,0.000)
jolt: mesh v0 local=(-5.969,-1.524,0.127) world=(-5.969,-1.524,0.127)
jolt: mesh v1 local=(-5.969,-1.524,0.635) world=(-5.969,-1.524,0.635)
jolt: mesh v2 local=(-5.969,1.524,0.127) world=(-5.969,1.524,0.127)
jolt: mesh v3 local=(-5.969,1.524,0.635) world=(-5.969,1.524,0.635)
jolt: mesh v4 local=(5.969,-1.524,0.127) world=(5.969,-1.524,0.127)
jolt: mesh v5 local=(5.969,-1.524,0.635) world=(5.969,-1.524,0.635)
jolt: mesh v6 local=(5.969,1.524,0.127) world=(5.969,1.524,0.127)
jolt: mesh v7 local=(5.969,1.524,0.635) world=(5.969,1.524,0.635)
jolt: body MESH_STATIC verts=8 faces=12 id=16777222
LMalloc of 596 not 8-byte aligned, rounding up
RenderActor3DAnimates constructed with no animations!
MATL closed without all data read (bytesLeft = 528)
jolt: mesh actor_pos=(-4.200,0.800,0.635)
jolt: mesh v0 local=(-0.950,0.000,0.000) world=(-5.150,0.800,0.635)
jolt: mesh v1 local=(-0.672,-0.389,0.000) world=(-4.872,0.411,0.635)
jolt: mesh v2 local=(-0.672,0.389,0.000) world=(-4.872,1.189,0.635)
jolt: mesh v3 local=(-0.475,0.000,0.650) world=(-4.675,0.800,1.285)
jolt: mesh v4 local=(-0.336,-0.194,0.650) world=(-4.536,0.606,1.285)
jolt: mesh v5 local=(-0.336,0.194,0.650) world=(-4.536,0.994,1.285)
jolt: mesh v6 local=(0.000,-0.550,0.000) world=(-4.200,0.250,0.635)
jolt: mesh v7 local=(0.000,-0.275,0.650) world=(-4.200,0.525,1.285)
jolt: mesh v8 local=(0.000,0.275,0.650) world=(-4.200,1.075,1.285)
jolt: mesh v9 local=(0.000,0.550,0.000) world=(-4.200,1.350,0.635)
jolt: mesh v10 local=(0.336,-0.194,0.650) world=(-3.864,0.606,1.285)
jolt: mesh v11 local=(0.336,0.194,0.650) world=(-3.864,0.994,1.285)
jolt: mesh v12 local=(0.475,0.000,0.650) world=(-3.725,0.800,1.285)
jolt: mesh v13 local=(0.672,-0.389,0.000) world=(-3.528,0.411,0.635)
jolt: mesh v14 local=(0.672,0.389,0.000) world=(-3.528,1.189,0.635)
jolt: mesh v15 local=(0.950,0.000,0.000) world=(-3.250,0.800,0.635)
jolt: body MESH_STATIC verts=16 faces=28 id=16777223
LMalloc of 596 not 8-byte aligned, rounding up
RenderActor3DAnimates constructed with no animations!
MATL closed without all data read (bytesLeft = 528)
jolt: mesh actor_pos=(-2.400,0.950,0.635)
jolt: mesh v0 local=(-0.700,0.000,0.000) world=(-3.100,0.950,0.635)
jolt: mesh v1 local=(-0.495,-0.283,0.000) world=(-2.895,0.667,0.635)
jolt: mesh v2 local=(-0.495,0.283,0.000) world=(-2.895,1.233,0.635)
jolt: mesh v3 local=(-0.350,0.000,0.420) world=(-2.750,0.950,1.055)
jolt: mesh v4 local=(-0.247,-0.141,0.420) world=(-2.647,0.809,1.055)
jolt: mesh v5 local=(-0.247,0.141,0.420) world=(-2.647,1.091,1.055)
jolt: mesh v6 local=(0.000,-0.400,0.000) world=(-2.400,0.550,0.635)
jolt: mesh v7 local=(0.000,-0.200,0.420) world=(-2.400,0.750,1.055)
jolt: mesh v8 local=(0.000,0.200,0.420) world=(-2.400,1.150,1.055)
jolt: mesh v9 local=(0.000,0.400,0.000) world=(-2.400,1.350,0.635)
jolt: mesh v10 local=(0.247,-0.141,0.420) world=(-2.153,0.809,1.055)
jolt: mesh v11 local=(0.247,0.141,0.420) world=(-2.153,1.091,1.055)
jolt: mesh v12 local=(0.350,0.000,0.420) world=(-2.050,0.950,1.055)
jolt: mesh v13 local=(0.495,-0.283,0.000) world=(-1.905,0.667,0.635)
jolt: mesh v14 local=(0.495,0.283,0.000) world=(-1.905,1.233,0.635)
jolt: mesh v15 local=(0.700,0.000,0.000) world=(-1.700,0.950,0.635)
jolt: body MESH_STATIC verts=16 faces=28 id=16777224
LMalloc of 596 not 8-byte aligned, rounding up
RenderActor3DAnimates constructed with no animations!
MATL closed without all data read (bytesLeft = 528)
jolt: mesh actor_pos=(3.800,0.800,0.635)
jolt: mesh v0 local=(-0.900,0.000,0.000) world=(2.900,0.800,0.635)
jolt: mesh v1 local=(-0.636,-0.339,0.000) world=(3.164,0.461,0.635)
jolt: mesh v2 local=(-0.636,0.339,0.000) world=(3.164,1.139,0.635)
jolt: mesh v3 local=(-0.450,0.000,0.630) world=(3.350,0.800,1.265)
jolt: mesh v4 local=(-0.318,-0.170,0.630) world=(3.482,0.630,1.265)
jolt: mesh v5 local=(-0.318,0.170,0.630) world=(3.482,0.970,1.265)
jolt: mesh v6 local=(0.000,-0.480,0.000) world=(3.800,0.320,0.635)
jolt: mesh v7 local=(0.000,-0.240,0.630) world=(3.800,0.560,1.265)
jolt: mesh v8 local=(0.000,0.240,0.630) world=(3.800,1.040,1.265)
jolt: mesh v9 local=(0.000,0.480,0.000) world=(3.800,1.280,0.635)
jolt: mesh v10 local=(0.318,-0.170,0.630) world=(4.118,0.630,1.265)
jolt: mesh v11 local=(0.318,0.170,0.630) world=(4.118,0.970,1.265)
jolt: mesh v12 local=(0.450,0.000,0.630) world=(4.250,0.800,1.265)
jolt: mesh v13 local=(0.636,-0.339,0.000) world=(4.436,0.461,0.635)
jolt: mesh v14 local=(0.636,0.339,0.000) world=(4.436,1.139,0.635)
jolt: mesh v15 local=(0.900,0.000,0.000) world=(4.700,0.800,0.635)
jolt: body MESH_STATIC verts=16 faces=28 id=16777225
LMalloc of 596 not 8-byte aligned, rounding up
RenderActor3DAnimates constructed with no animations!
MATL closed without all data read (bytesLeft = 528)
jolt: mesh actor_pos=(4.800,0.900,0.635)
jolt: mesh v0 local=(-0.500,0.000,0.000) world=(4.300,0.900,0.635)
jolt: mesh v1 local=(-0.354,-0.283,0.000) world=(4.446,0.617,0.635)
jolt: mesh v2 local=(-0.354,0.283,0.000) world=(4.446,1.183,0.635)
jolt: mesh v3 local=(-0.250,0.000,0.350) world=(4.550,0.900,0.985)
jolt: mesh v4 local=(-0.177,-0.141,0.350) world=(4.623,0.759,0.985)
jolt: mesh v5 local=(-0.177,0.141,0.350) world=(4.623,1.041,0.985)
jolt: mesh v6 local=(0.000,-0.400,0.000) world=(4.800,0.500,0.635)
jolt: mesh v7 local=(0.000,-0.200,0.350) world=(4.800,0.700,0.985)
jolt: mesh v8 local=(0.000,0.200,0.350) world=(4.800,1.100,0.985)
jolt: mesh v9 local=(0.000,0.400,0.000) world=(4.800,1.300,0.635)
jolt: mesh v10 local=(0.177,-0.141,0.350) world=(4.977,0.759,0.985)
jolt: mesh v11 local=(0.177,0.141,0.350) world=(4.977,1.041,0.985)
jolt: mesh v12 local=(0.250,0.000,0.350) world=(5.050,0.900,0.985)
jolt: mesh v13 local=(0.354,-0.283,0.000) world=(5.154,0.617,0.635)
jolt: mesh v14 local=(0.354,0.283,0.000) world=(5.154,1.183,0.635)
jolt: mesh v15 local=(0.500,0.000,0.000) world=(5.300,0.900,0.635)
jolt: body MESH_STATIC verts=16 faces=28 id=16777226
LMalloc of 276 not 8-byte aligned, rounding up
RenderActor3DAnimates constructed with no animations!
MATL closed without all data read (bytesLeft = 264)
jolt: mesh actor_pos=(0.000,0.000,0.000)
jolt: mesh v0 local=(-6.246,-1.801,-2.500) world=(-6.246,-1.801,-2.500)
jolt: mesh v1 local=(-6.246,-1.801,-0.025) world=(-6.246,-1.801,-0.025)
jolt: mesh v2 local=(-6.246,1.801,-2.500) world=(-6.246,1.801,-2.500)
jolt: mesh v3 local=(-6.246,1.801,-0.025) world=(-6.246,1.801,-0.025)
jolt: mesh v4 local=(6.246,-1.801,-2.500) world=(6.246,-1.801,-2.500)
jolt: mesh v5 local=(6.246,-1.801,-0.025) world=(6.246,-1.801,-0.025)
jolt: mesh v6 local=(6.246,1.801,-2.500) world=(6.246,1.801,-2.500)
jolt: mesh v7 local=(6.246,1.801,-0.025) world=(6.246,1.801,-0.025)
jolt: body MESH_STATIC verts=8 faces=12 id=16777227
LMalloc of 276 not 8-byte aligned, rounding up
RenderActor3DAnimates constructed with no animations!
MATL closed without all data read (bytesLeft = 264)
jolt: mesh actor_pos=(0.000,0.000,0.000)
jolt: mesh v0 local=(-30.000,3.000,-5.000) world=(-30.000,3.000,-5.000)
jolt: mesh v1 local=(-30.000,3.000,20.000) world=(-30.000,3.000,20.000)
jolt: mesh v2 local=(-30.000,3.100,-5.000) world=(-30.000,3.100,-5.000)
jolt: mesh v3 local=(-30.000,3.100,20.000) world=(-30.000,3.100,20.000)
jolt: mesh v4 local=(30.000,3.000,-5.000) world=(30.000,3.000,-5.000)
jolt: mesh v5 local=(30.000,3.000,20.000) world=(30.000,3.000,20.000)
jolt: mesh v6 local=(30.000,3.100,-5.000) world=(30.000,3.100,-5.000)
jolt: mesh v7 local=(30.000,3.100,20.000) world=(30.000,3.100,20.000)
jolt: body MESH_STATIC verts=8 faces=12 id=16777228
zforth: INDEXOF_CAMSHOT = 1921 (expect 1921)
zforth: INDEXOF_CAMSHOT = 1921 (expect 1921)
jolt: OptimizeBroadPhase done (13 static bodies)
audio: MusicPlayer — soundfont not found: florestan-subset.sf2
audio: sfx[0] not found: wflevels/qbert_practice/sfx/qbert_hop.wav
audio: sfx[1] not found: wflevels/qbert_practice/sfx/qbert_land.wav
audio: sfx[2] not found: wflevels/qbert_practice/sfx/qbert_fall.wav
audio: sfx[3] not found: wflevels/qbert_practice/sfx/qbert_swear.wav
audio: sfx[4] not found: wflevels/qbert_practice/sfx/qbert_round_clear.wav
audio: sfx[5] not found: wflevels/qbert_practice/sfx/qbert_kill.wav
audio: sfx[6] not found: wflevels/qbert_practice/sfx/qbert_disc.wav
rest_api: listening on http://127.0.0.1:8765
[debug] listening on :17921
[debug] client connected fd=18 from 127.0.0.1
delta too large: 0.4397277832
timeofday:1790995548:455410
lasttimeofday: 1790995548:15670
deltatime:0:439740
delta: 0.4397277832
delta too large: 0.4394989014
timeofday:1790995548:958524
lasttimeofday: 1790995548:519016
deltatime:0:439508
delta: 0.4394989014
delta too large: 0.4254760742
timeofday:1790995549:384013
lasttimeofday: 1790995548:958524
deltatime:0:425489
delta: 0.4254760742
delta too large: 0.4231109619
timeofday:1790995549:930428
lasttimeofday: 1790995549:507311
deltatime:0:423117
delta: 0.4231109619
delta too large: 0.4297485352
timeofday:1790995550:441570
lasttimeofday: 1790995550:11811
deltatime:0:429759
delta: 0.4297485352
delta too large: 0.433013916
timeofday:1790995550:946627
lasttimeofday: 1790995550:513612
deltatime:0:433015
delta: 0.433013916
delta too large: 0.4259338379
timeofday:1790995551:422137
lasttimeofday: 1790995550:996193
deltatime:0:425944
delta: 0.4259338379
delta too large: 0.4538726807
timeofday:1790995551:949497
lasttimeofday: 1790995551:495613
deltatime:0:453884
delta: 0.4538726807
delta too large: 0.4574584961
timeofday:1790995552:488563
lasttimeofday: 1790995552:31095
deltatime:0:457468
delta: 0.4574584961
delta too large: 0.4532318115
timeofday:1790995553:24587
lasttimeofday: 1790995552:571348
deltatime:0:453239
delta: 0.4532318115
delta too large: 0.4248504639
timeofday:1790995553:537411
lasttimeofday: 1790995553:112558
deltatime:0:424853
delta: 0.4248504639
delta too large: 0.4477996826
timeofday:1790995554:64643
lasttimeofday: 1790995553:616841
deltatime:0:447802
delta: 0.4477996826
delta too large: 0.4656524658
timeofday:1790995554:601959
lasttimeofday: 1790995554:136296
deltatime:0:465663
delta: 0.4656524658
delta too large: 0.4503479004
timeofday:1790995555:52317
lasttimeofday: 1790995554:601959
deltatime:0:450358
delta: 0.4503479004
ball pos: (0.723, -0.200, 2.300)
delta too large: 0.4678497314
timeofday:1790995555:627873
lasttimeofday: 1790995555:160020
deltatime:0:467853
delta: 0.4678497314
delta too large: 0.4242553711
timeofday:1790995556:124541
lasttimeofday: 1790995555:700277
deltatime:0:424264
delta: 0.4242553711
delta too large: 0.4336090088
timeofday:1790995556:636402
lasttimeofday: 1790995556:202787
deltatime:0:433615
delta: 0.4336090088
delta too large: 0.4631195068
timeofday:1790995557:182559
lasttimeofday: 1790995556:719436
deltatime:0:463123
delta: 0.4631195068
delta too large: 0.450088501
timeofday:1790995557:690715
lasttimeofday: 1790995557:240619
deltatime:0:450096
delta: 0.450088501
delta too large: 0.4420013428
timeofday:1790995558:202670
lasttimeofday: 1790995557:760658
deltatime:0:442012
delta: 0.4420013428
delta too large: 0.4354095459
timeofday:1790995558:714631
lasttimeofday: 1790995558:279219
deltatime:0:435412
delta: 0.4354095459
delta too large: 0.4407348633
timeofday:1790995559:236963
lasttimeofday: 1790995558:796217
deltatime:0:440746
delta: 0.4407348633
delta too large: 0.4240112305
timeofday:1790995559:720199
lasttimeofday: 1790995559:296178
deltatime:0:424021
delta: 0.4240112305
delta too large: 0.4352722168
timeofday:1790995560:221210
lasttimeofday: 1790995559:785930
deltatime:0:435280
delta: 0.4352722168
delta too large: 0.4246063232
timeofday:1790995560:728003
lasttimeofday: 1790995560:303391
deltatime:0:424612
delta: 0.4246063232
delta too large: 0.4269714355
timeofday:1790995561:217177
lasttimeofday: 1790995560:790191
deltatime:0:426986
delta: 0.4269714355
delta too large: 0.4859771729
timeofday:1790995561:780883
lasttimeofday: 1790995561:294892
deltatime:0:485991
delta: 0.4859771729
delta too large: 0.4365997314
timeofday:1790995562:285792
lasttimeofday: 1790995561:849190
deltatime:0:436602
delta: 0.4365997314
delta too large: 0.4444122314
timeofday:1790995562:811330
lasttimeofday: 1790995562:366904
deltatime:0:444426
delta: 0.4444122314
delta too large: 0.4222869873
timeofday:1790995563:233622
lasttimeofday: 1790995562:811330
deltatime:0:422292
delta: 0.4222869873
ball pos: (0.615, 0.012, 2.300)
delta too large: 0.4243927002
timeofday:1790995563:781141
lasttimeofday: 1790995563:356737
deltatime:0:424404
delta: 0.4243927002
delta too large: 0.4238128662
timeofday:1790995564:285050
lasttimeofday: 1790995563:861225
deltatime:0:423825
delta: 0.4238128662
delta too large: 0.4214324951
timeofday:1790995564:782848
lasttimeofday: 1790995564:361412
deltatime:0:421436
delta: 0.4214324951
delta too large: 0.4483642578
timeofday:1790995565:312641
lasttimeofday: 1790995564:864275
deltatime:0:448366
delta: 0.4483642578
delta too large: 0.4676055908
timeofday:1790995565:852455
lasttimeofday: 1790995565:384848
deltatime:0:467607
delta: 0.4676055908
delta too large: 0.4528198242
timeofday:1790995566:376007
lasttimeofday: 1790995565:923172
deltatime:0:452835
delta: 0.4528198242
delta too large: 0.4430999756
timeofday:1790995566:898515
lasttimeofday: 1790995566:455415
deltatime:0:443100
delta: 0.4430999756
delta too large: 0.4379119873
timeofday:1790995567:396577
lasttimeofday: 1790995566:958651
deltatime:0:437926
delta: 0.4379119873
delta too large: 0.4315643311
timeofday:1790995567:911255
lasttimeofday: 1790995567:479686
deltatime:0:431569
delta: 0.4315643311
delta too large: 0.4298706055
timeofday:1790995568:413268
lasttimeofday: 1790995567:983385
deltatime:0:429883
delta: 0.4298706055
delta too large: 0.4218139648
timeofday:1790995568:835091
lasttimeofday: 1790995568:413268
deltatime:0:421823
delta: 0.4218139648
delta too large: 0.444519043
timeofday:1790995569:412080
lasttimeofday: 1790995568:967551
deltatime:0:444529
delta: 0.444519043
delta too large: 0.4443206787
timeofday:1790995569:930722
lasttimeofday: 1790995569:486401
deltatime:0:444321
delta: 0.4443206787
delta too large: 0.439743042
timeofday:1790995570:430555
lasttimeofday: 1790995569:990804
deltatime:0:439751
delta: 0.439743042
delta too large: 0.4326782227
timeofday:1790995570:940886
lasttimeofday: 1790995570:508206
deltatime:0:432680
delta: 0.4326782227
delta too large: 0.4355010986
timeofday:1790995571:446803
lasttimeofday: 1790995571:11299
deltatime:0:435504
delta: 0.4355010986
ball pos: (-0.255, 0.012, 2.677)
delta too large: 0.4230499268
timeofday:1790995571:938825
lasttimeofday: 1790995571:515775
deltatime:0:423050
delta: 0.4230499268
delta too large: 0.4250488281
timeofday:1790995572:445910
lasttimeofday: 1790995572:20847
deltatime:0:425063
delta: 0.4250488281
delta too large: 0.4502410889
timeofday:1790995572:954536
lasttimeofday: 1790995572:504281
deltatime:0:450255
delta: 0.4502410889
delta too large: 0.4225158691
timeofday:1790995573:446587
lasttimeofday: 1790995573:24064
deltatime:0:422523
delta: 0.4225158691
delta too large: 0.4349212646
timeofday:1790995573:946320
lasttimeofday: 1790995573:511387
deltatime:0:434933
delta: 0.4349212646
delta too large: 0.4305114746
timeofday:1790995574:384629
lasttimeofday: 1790995573:954117
deltatime:0:430512
delta: 0.4305114746
delta too large: 0.4708099365
timeofday:1790995574:970812
lasttimeofday: 1790995574:499997
deltatime:0:470815
delta: 0.4708099365
delta too large: 0.4604644775
timeofday:1790995575:512625
lasttimeofday: 1790995575:52150
deltatime:0:460475
delta: 0.4604644775
delta too large: 0.4292297363
timeofday:1790995576:19295
lasttimeofday: 1790995575:590059
deltatime:0:429236
delta: 0.4292297363
delta too large: 0.4252166748
timeofday:1790995576:532300
lasttimeofday: 1790995576:107071
deltatime:0:425229
delta: 0.4252166748
delta too large: 0.453414917
timeofday:1790995577:61823
lasttimeofday: 1790995576:608405
deltatime:0:453418
delta: 0.453414917
delta too large: 0.4219512939
timeofday:1790995577:483779
lasttimeofday: 1790995577:61823
deltatime:0:421956
delta: 0.4219512939
delta too large: 0.4384460449
timeofday:1790995578:53255
lasttimeofday: 1790995577:614798
deltatime:0:438457
delta: 0.4384460449
delta too large: 0.4634094238
timeofday:1790995578:595403
lasttimeofday: 1790995578:131979
deltatime:0:463424
delta: 0.4634094238
delta too large: 0.4444122314
timeofday:1790995579:125318
lasttimeofday: 1790995578:680904
deltatime:0:444414
delta: 0.4444122314
delta too large: 0.4348907471
timeofday:1790995579:618229
lasttimeofday: 1790995579:183328
deltatime:0:434901
delta: 0.4348907471
delta too large: 0.4337005615
timeofday:1790995580:124724
lasttimeofday: 1790995579:691019
deltatime:0:433705
delta: 0.4337005615
ball pos: (-0.603, 0.012, 2.677)
delta too large: 0.4194793701
timeofday:1790995580:627536
lasttimeofday: 1790995580:208048
deltatime:0:419488
delta: 0.4194793701
delta too large: 0.4319000244
timeofday:1790995581:123081
lasttimeofday: 1790995580:691169
deltatime:0:431912
delta: 0.4319000244
delta too large: 0.4192962646
timeofday:1790995581:613375
lasttimeofday: 1790995581:194073
deltatime:0:419302
delta: 0.4192962646
delta too large: 0.4983062744
timeofday:1790995582:183582
lasttimeofday: 1790995581:685268
deltatime:0:498314
delta: 0.4983062744
delta too large: 0.460067749
timeofday:1790995582:712125
lasttimeofday: 1790995582:252047
deltatime:0:460078
delta: 0.460067749
delta too large: 0.4330291748
timeofday:1790995583:145166
lasttimeofday: 1790995582:712125
deltatime:0:433041
delta: 0.4330291748
GF 1 0 1 1 2 0.80000001192093 0 3.6500000953674 3.6804177761078 0.12015909701586 2.5164210796356 0.081815913319588 
delta too large: 0.4286193848
timeofday:1790995583:701065
lasttimeofday: 1790995583:272438
deltatime:0:428627
delta: 0.4286193848
delta too large: 0.4597167969
timeofday:1790995584:234917
lasttimeofday: 1790995583:775192
deltatime:0:459725
delta: 0.4597167969
delta too large: 0.4307250977
timeofday:1790995584:673494
lasttimeofday: 1790995584:242755
deltatime:0:430739
delta: 0.4307250977
delta too large: 0.4411315918
timeofday:1790995585:200967
lasttimeofday: 1790995584:759831
deltatime:0:441136
delta: 0.4411315918
delta too large: 0.4290771484
timeofday:1790995585:708604
lasttimeofday: 1790995585:279516
deltatime:0:429088
delta: 0.4290771484
delta too large: 0.4668731689
timeofday:1790995586:266771
lasttimeofday: 1790995585:799883
deltatime:0:466888
delta: 0.4668731689
delta too large: 0.4849090576
timeofday:1790995586:801966
lasttimeofday: 1790995586:317054
deltatime:0:484912
delta: 0.4849090576
delta too large: 0.4365386963
timeofday:1790995587:305356
lasttimeofday: 1790995586:868805
deltatime:0:436551
delta: 0.4365386963
delta too large: 0.4373016357
timeofday:1790995587:809463
lasttimeofday: 1790995587:372155
deltatime:0:437308
delta: 0.4373016357
delta too large: 0.4438171387
timeofday:1790995588:320546
lasttimeofday: 1790995587:876715
deltatime:0:443831
delta: 0.4438171387
delta too large: 0.4380645752
timeofday:1790995588:831458
lasttimeofday: 1790995588:393392
deltatime:0:438066
delta: 0.4380645752
ball pos: (-0.606, 0.012, 2.677)
delta too large: 0.4396820068
timeofday:1790995589:337128
lasttimeofday: 1790995588:897434
deltatime:0:439694
delta: 0.4396820068
delta too large: 0.4396514893
timeofday:1790995589:856946
lasttimeofday: 1790995589:417282
deltatime:0:439664
delta: 0.4396514893
delta too large: 0.4402313232
timeofday:1790995590:378275
lasttimeofday: 1790995589:938034
deltatime:0:440241
delta: 0.4402313232
delta too large: 0.4595336914
timeofday:1790995590:914444
lasttimeofday: 1790995590:454902
deltatime:0:459542
delta: 0.4595336914
delta too large: 0.4311218262
timeofday:1790995591:421999
lasttimeofday: 1790995590:990875
deltatime:0:431124
delta: 0.4311218262
delta too large: 0.4337158203
timeofday:1790995591:929292
lasttimeofday: 1790995591:495564
deltatime:0:433728
delta: 0.4337158203
delta too large: 0.4497070312
timeofday:1790995592:465082
lasttimeofday: 1790995592:15360
deltatime:0:449722
delta: 0.4497070312
delta too large: 0.5001220703
timeofday:1790995593:49507
lasttimeofday: 1790995592:549383
deltatime:0:500124
delta: 0.5001220703
delta too large: 0.4804077148
timeofday:1790995593:584973
lasttimeofday: 1790995593:104558
deltatime:0:480415
delta: 0.4804077148
delta too large: 0.4641571045
timeofday:1790995594:123718
lasttimeofday: 1790995593:659558
deltatime:0:464160
delta: 0.4641571045
delta too large: 0.470199585
timeofday:1790995594:646924
lasttimeofday: 1790995594:176710
deltatime:0:470214
delta: 0.470199585
delta too large: 0.4520721436
timeofday:1790995595:178556
lasttimeofday: 1790995594:726478
deltatime:0:452078
delta: 0.4520721436
delta too large: 0.431930542
timeofday:1790995595:610497
lasttimeofday: 1790995595:178556
deltatime:0:431941
delta: 0.431930542
[debug] client disconnected fd=18
